--------- beginning of main
04-12 18:20:56.020  6019  6106 D Detox.RNMarker: NATIVE_MODULE_SETUP_END (UIManager)
04-12 18:20:56.034  6019  6106 D Detox.RNMarker: NATIVE_MODULE_SETUP_START (SoundManager)
04-12 18:20:56.035  6019  6106 D Detox.RNMarker: CREATE_MODULE_START (SoundManager)
04-12 18:20:56.035  6019  6106 D Detox.RNMarker: CREATE_MODULE_END (SoundManager)
04-12 18:20:56.035  6019  6106 D Detox.RNMarker: NATIVE_MODULE_SETUP_END (SoundManager)
04-12 18:20:56.041  6019  6106 D Detox.RNMarker: NATIVE_MODULE_SETUP_START (ImageLoader)
04-12 18:20:56.041  6019  6106 D Detox.RNMarker: CREATE_MODULE_START (ImageLoader)
04-12 18:20:56.041  6019  6106 D Detox.RNMarker: CREATE_MODULE_END (ImageLoader)
04-12 18:20:56.041  6019  6106 D Detox.RNMarker: NATIVE_MODULE_SETUP_END (ImageLoader)
04-12 18:20:56.042  6019  6106 D Detox.RNMarker: NATIVE_MODULE_SETUP_START (IntentAndroid)
04-12 18:20:56.043  6019  6106 D Detox.RNMarker: CREATE_MODULE_START (IntentAndroid)
04-12 18:20:56.043  6019  6106 D Detox.RNMarker: CREATE_MODULE_END (IntentAndroid)
04-12 18:20:56.044  6019  6106 D Detox.RNMarker: NATIVE_MODULE_SETUP_END (IntentAndroid)
04-12 18:20:56.044  6019  6106 D Detox.RNMarker: NATIVE_MODULE_SETUP_START (LinkingManager)
04-12 18:20:56.045  6019  6106 D Detox.RNMarker: NATIVE_MODULE_SETUP_START (DeviceEventManager)
04-12 18:20:56.046  6019  6106 D Detox.RNMarker: CREATE_MODULE_START (DeviceEventManager)
04-12 18:20:56.046  6019  6106 D Detox.RNMarker: CREATE_MODULE_END (DeviceEventManager)
04-12 18:20:56.046  6019  6106 D Detox.RNMarker: NATIVE_MODULE_SETUP_END (DeviceEventManager)
04-12 18:20:56.050  6019  6106 D Detox.RNMarker: NATIVE_MODULE_SETUP_START (NativeUnimoduleProxy)
04-12 18:20:56.059  6019  6106 I ExpoModulesCore: ✅ JSI interop was installed
04-12 18:20:56.061  6019  6106 I ExpoModulesCore: ✅ Constants were exported
04-12 18:20:56.061  6019  6106 D Detox.RNMarker: NATIVE_MODULE_SETUP_END (NativeUnimoduleProxy)
04-12 18:20:56.066  6019  6106 D Detox.RNMarker: NATIVE_MODULE_SETUP_START (ExpoUpdates)
04-12 18:20:56.066  6019  6106 D Detox.RNMarker: NATIVE_MODULE_SETUP_START (EXDevLauncher)
04-12 18:20:56.067  6019  6106 D Detox.RNMarker: NATIVE_MODULE_SETUP_START (ExpoUpdates)
04-12 18:20:56.067  6019  6106 D Detox.RNMarker: NATIVE_MODULE_SETUP_START (ExpoGo)
04-12 18:20:56.068  6019  6106 D Detox.RNMarker: NATIVE_MODULE_SETUP_START (ExpoGo)
04-12 18:20:56.078  6019  6106 D Detox.RNMarker: NATIVE_MODULE_SETUP_START (EXDevLauncher)
04-12 18:20:56.083  6019  6144 D TrafficStats: tagSocket(136) with statsTag=0xffffffff, statsUid=-1
04-12 18:20:56.111  6019  6106 D Detox.RNMarker: NATIVE_MODULE_SETUP_START (NativeAnimatedModule)
04-12 18:20:56.112  6019  6106 D Detox.RNMarker: CREATE_MODULE_START (NativeAnimatedModule)
04-12 18:20:56.112  6019  6106 D Detox.RNMarker: CREATE_MODULE_END (NativeAnimatedModule)
04-12 18:20:56.113  6019  6106 D Detox.RNMarker: NATIVE_MODULE_SETUP_END (NativeAnimatedModule)
04-12 18:20:56.124  6019  6106 D Detox.RNMarker: NATIVE_MODULE_SETUP_START (RNCSafeAreaContext)
04-12 18:20:56.124  6019  6106 D Detox.RNMarker: CREATE_MODULE_START (RNCSafeAreaContext)
04-12 18:20:56.124  6019  6106 D Detox.RNMarker: CREATE_MODULE_END (RNCSafeAreaContext)
04-12 18:20:56.125  6019  6106 D Detox.RNMarker: NATIVE_MODULE_SETUP_END (RNCSafeAreaContext)
04-12 18:20:56.128  6019  6106 D Detox.RNMarker: NATIVE_MODULE_SETUP_START (RNSModule)
04-12 18:20:56.128  6019  6106 D Detox.RNMarker: CREATE_MODULE_START (RNSModule)
04-12 18:20:56.130  6019  6106 D Detox.RNMarker: CREATE_MODULE_END (RNSModule)
04-12 18:20:56.131  6019  6106 D Detox.RNMarker: NATIVE_MODULE_SETUP_START (RNEdgeToEdge)
04-12 18:20:56.140  6019  6106 D Detox.RNMarker: NATIVE_MODULE_SETUP_START (RNVectorIconsManager)
04-12 18:20:56.140  6019  6106 D Detox.RNMarker: NATIVE_MODULE_SETUP_START (RNVectorIconsModule)
04-12 18:20:56.140  6019  6106 D Detox.RNMarker: NATIVE_MODULE_SETUP_START (RNVectorIconsManager)
04-12 18:20:56.140  6019  6106 D Detox.RNMarker: NATIVE_MODULE_SETUP_START (RNVectorIconsModule)
04-12 18:20:56.217  6019  6106 D Detox.RNMarker: NATIVE_MODULE_SETUP_START (PlatformLocalStorage)
04-12 18:20:56.217  6019  6106 D Detox.RNMarker: NATIVE_MODULE_SETUP_START (RNC_AsyncSQLiteDBStorage)
04-12 18:20:56.217  6019  6106 D Detox.RNMarker: NATIVE_MODULE_SETUP_START (RNCAsyncStorage)
04-12 18:20:56.217  6019  6106 D Detox.RNMarker: CREATE_MODULE_START (RNCAsyncStorage)
04-12 18:20:56.218  6019  6106 V AsyncStorageExpoMigration: No scoped database found
04-12 18:20:56.218  6019  6106 D Detox.RNMarker: CREATE_MODULE_END (RNCAsyncStorage)
04-12 18:20:56.218  6019  6106 D Detox.RNMarker: NATIVE_MODULE_SETUP_END (RNCAsyncStorage)
04-12 18:20:56.220  6019  6106 D Detox.RNMarker: NATIVE_MODULE_SETUP_START (RNCWebViewModule)
04-12 18:20:56.220  6019  6106 D Detox.RNMarker: CREATE_MODULE_START (RNCWebViewModule)
04-12 18:20:56.221  6019  6106 D Detox.RNMarker: CREATE_MODULE_END (RNCWebViewModule)
04-12 18:20:56.221  6019  6106 D Detox.RNMarker: NATIVE_MODULE_SETUP_END (RNCWebViewModule)
04-12 18:20:56.238  6019  6106 D Detox.RNMarker: RUN_JS_BUNDLE_END (/.virtual-metro-entry.bundle?platform=android&dev=true&lazy=true&minify=false&app=com.panviravindra.comparez&modulesOnly=false&runModule=true&excludeSource=true&sourcePaths=url-server)
04-12 18:20:56.241  6019  6106 I ReactNativeJS: Running "main" with {"rootTag":11}
04-12 18:20:56.247  6019  6145 D TrafficStats: tagSocket(126) with statsTag=0xffffffff, statsUid=-1
04-12 18:20:56.366  6019  6106 W ReactNativeJS: The app is running using the Legacy Architecture. The Legacy Architecture is deprecated and will be removed in a future version of React Native. Please consider migrating to the New Architecture. For more information, please see https://reactnative.dev/blog/2024/10/23/the-new-architecture-is-here
04-12 18:20:56.417  6019  6107 D CompatibilityChangeReporter: Compat change id reported: 289878283; UID 10197; state: ENABLED
04-12 18:20:56.429  6019  6019 D Detox.RNMarker: CONTENT_APPEARED (main)
04-12 18:20:56.471  6019  6076 D EGL_emulation: app_time_stats: avg=820.25ms min=69.09ms max=1571.41ms count=2
04-12 18:20:56.476  6019  6019 I Detox   : Wait is over: App is now idle!
04-12 18:20:56.477  6019  6063 I DetoxWSClient: Sending out action 'ready' (ID #-1000)
04-12 18:20:56.477  6019  6063 I DetoxDispatcher: Done with action 'isReady'
04-12 18:20:56.494  6019  6146 D TrafficStats: tagSocket(142) with statsTag=0xffffffff, statsUid=-1
04-12 18:20:56.522  6019  6106 D Detox.RNMarker: NATIVE_MODULE_SETUP_START (FileReaderModule)
04-12 18:20:56.523  6019  6106 D Detox.RNMarker: CREATE_MODULE_START (FileReaderModule)
04-12 18:20:56.525  6019  6106 D Detox.RNMarker: CREATE_MODULE_END (FileReaderModule)
04-12 18:20:56.526  6019  6106 D Detox.RNMarker: NATIVE_MODULE_SETUP_END (FileReaderModule)
04-12 18:20:56.542  6019  6067 D DetoxWSClient: Received action 'reactNativeReload' (ID #-1000, params={})
04-12 18:20:56.542  6019  6063 I DetoxDispatcher: Handling action 'reactNativeReload' (ID #-1000)...
04-12 18:20:56.543  6019  6063 I DetoxRNExt: Reloading React Native
04-12 18:20:56.546  6019  6019 D Detox.RNMarker: DOWNLOAD_START (null)
04-12 18:20:56.565  6019  6076 E OpenGLRenderer: Unable to match the desired swap behavior.
04-12 18:20:56.578  6019  6019 I IdlingResourceRegistry: Ignoring message from unregistered resource: androidx.test.espresso.base.LooperIdlingResourceInterrogationHandler@d08a4c3
04-12 18:20:56.579  6019  6019 I IdlingResourceRegistry: Ignoring message from unregistered resource: androidx.test.espresso.base.LooperIdlingResourceInterrogationHandler@d08a4c3
04-12 18:20:56.594  6019  6019 I IdlingResourceRegistry: Ignoring message from unregistered resource: androidx.test.espresso.base.LooperIdlingResourceInterrogationHandler@d08a4c3
04-12 18:20:56.619  6019  6019 I IdlingResourceRegistry: Ignoring message from unregistered resource: androidx.test.espresso.base.LooperIdlingResourceInterrogationHandler@d08a4c3
04-12 18:20:56.635  6019  6019 I IdlingResourceRegistry: Ignoring message from unregistered resource: androidx.test.espresso.base.LooperIdlingResourceInterrogationHandler@d08a4c3
04-12 18:20:56.652  6019  6019 I IdlingResourceRegistry: Ignoring message from unregistered resource: androidx.test.espresso.base.LooperIdlingResourceInterrogationHandler@d08a4c3
04-12 18:20:56.668  6019  6147 W vindra.comparez: Verification of void com.facebook.common.references.CloseableReference.<clinit>() took 185.629ms (118.52 bytecodes/s) (1896B approximate peak alloc)
04-12 18:20:56.673  6019  6019 I IdlingResourceRegistry: Ignoring message from unregistered resource: androidx.test.espresso.base.LooperIdlingResourceInterrogationHandler@d08a4c3
04-12 18:20:56.680  6019  6025 I vindra.comparez: NativeAlloc concurrent copying GC freed 259236(20MB) AllocSpace objects, 6(248KB) LOS objects, 49% free, 10MB/20MB, paused 15us,13us total 360.522ms
04-12 18:20:56.688  6019  6019 I IdlingResourceRegistry: Ignoring message from unregistered resource: androidx.test.espresso.base.LooperIdlingResourceInterrogationHandler@d08a4c3
04-12 18:20:56.702  6019  6019 I IdlingResourceRegistry: Ignoring message from unregistered resource: androidx.test.espresso.base.LooperIdlingResourceInterrogationHandler@d08a4c3
04-12 18:20:56.719  6019  6019 I IdlingResourceRegistry: Ignoring message from unregistered resource: androidx.test.espresso.base.LooperIdlingResourceInterrogationHandler@d08a4c3
04-12 18:20:56.735  6019  6019 I IdlingResourceRegistry: Ignoring message from unregistered resource: androidx.test.espresso.base.LooperIdlingResourceInterrogationHandler@d08a4c3
04-12 18:20:56.752  6019  6019 I IdlingResourceRegistry: Ignoring message from unregistered resource: androidx.test.espresso.base.LooperIdlingResourceInterrogationHandler@d08a4c3
04-12 18:20:56.764  6019  6158 D TrafficStats: tagSocket(5) with statsTag=0xffffffff, statsUid=-1
04-12 18:20:56.768  6019  6019 I IdlingResourceRegistry: Ignoring message from unregistered resource: androidx.test.espresso.base.LooperIdlingResourceInterrogationHandler@d08a4c3
04-12 18:20:56.785  6019  6019 I IdlingResourceRegistry: Ignoring message from unregistered resource: androidx.test.espresso.base.LooperIdlingResourceInterrogationHandler@d08a4c3
04-12 18:20:56.803  6019  6019 I IdlingResourceRegistry: Ignoring message from unregistered resource: androidx.test.espresso.base.LooperIdlingResourceInterrogationHandler@d08a4c3
04-12 18:20:56.839  6019  6019 I IdlingResourceRegistry: Ignoring message from unregistered resource: androidx.test.espresso.base.LooperIdlingResourceInterrogationHandler@d08a4c3
04-12 18:20:56.855  6019  6019 I IdlingResourceRegistry: Ignoring message from unregistered resource: androidx.test.espresso.base.LooperIdlingResourceInterrogationHandler@d08a4c3
04-12 18:20:56.871  6019  6019 I IdlingResourceRegistry: Ignoring message from unregistered resource: androidx.test.espresso.base.LooperIdlingResourceInterrogationHandler@d08a4c3
04-12 18:20:56.878  6019  6106 D Detox.RNMarker: NATIVE_MODULE_SETUP_START (I18nManager)
04-12 18:20:56.879  6019  6106 D Detox.RNMarker: CREATE_MODULE_START (I18nManager)
04-12 18:20:56.879  6019  6106 D Detox.RNMarker: CREATE_MODULE_END (I18nManager)
04-12 18:20:56.880  6019  6106 D Detox.RNMarker: NATIVE_MODULE_SETUP_END (I18nManager)
04-12 18:20:56.888  6019  6019 I IdlingResourceRegistry: Ignoring message from unregistered resource: androidx.test.espresso.base.LooperIdlingResourceInterrogationHandler@d08a4c3
04-12 18:20:56.926  6019  6106 D Detox.RNMarker: NATIVE_MODULE_SETUP_START (StatusBarManager)
04-12 18:20:56.931  6019  6106 D Detox.RNMarker: CREATE_MODULE_START (StatusBarManager)
04-12 18:20:56.932  6019  6106 D Detox.RNMarker: CREATE_MODULE_END (StatusBarManager)
04-12 18:20:56.933  6019  6106 D Detox.RNMarker: NATIVE_MODULE_SETUP_END (StatusBarManager)
04-12 18:20:56.942  6019  6106 D Detox.RNMarker: NATIVE_MODULE_SETUP_START (RNEdgeToEdge)
04-12 18:20:56.965  6019  6106 D Detox.RNMarker: NATIVE_MODULE_SETUP_START (AccessibilityInfo)
04-12 18:20:56.967  6019  6106 D Detox.RNMarker: CREATE_MODULE_START (AccessibilityInfo)
04-12 18:20:56.971  6019  6106 D Detox.RNMarker: CREATE_MODULE_END (AccessibilityInfo)
04-12 18:20:56.972  6019  6106 D Detox.RNMarker: NATIVE_MODULE_SETUP_END (AccessibilityInfo)
04-12 18:20:56.974  6019  6106 D Detox.RNMarker: NATIVE_MODULE_SETUP_START (AccessibilityManager)
04-12 18:20:56.976  6019  6152 D Detox.RNMarker: DOWNLOAD_END ({"url":"http:\/\/10.0.2.2:8081\/.expo\/.virtual-metro-entry.bundle?platform=android&dev=true&lazy=true&minify=false&app=com.panviravindra.comparez&modulesOnly=false&runModule=true&excludeSource=true&sourcePaths=url-server","filesChangedCount":0})
04-12 18:20:56.977  6019  6106 D Detox.RNMarker: NATIVE_MODULE_SETUP_START (KeyboardObserver)
04-12 18:20:56.990  6019  6019 W WindowOnBackDispatcher: sendCancelIfRunning: isInProgress=falsecallback=android.view.ViewRootImpl$$ExternalSyntheticLambda17@9ad5d27
04-12 18:20:56.991  6019  6019 D Detox.RNMarker: REACT_BRIDGE_LOADING_START (null)
04-12 18:20:56.992  6019  6019 D Detox.RNMarker: DESTROY_CATALYST_INSTANCE_START (null)
04-12 18:20:56.992  6019  6019 W unknown:ReactNative: Packager connection already open, nooping.
04-12 18:20:56.993  6019  6019 I IdlingResourceRegistry: Ignoring message from unregistered resource: androidx.test.espresso.base.LooperIdlingResourceInterrogationHandler@b400cf5
04-12 18:20:56.995  6019  6107 I ExpoModulesCore: ✅ ModuleRegistry was destroyed
04-12 18:20:56.995  6019  6107 I ExpoModulesCore: ✅ AppContext was destroyed
04-12 18:20:56.995  6019  6107 I ExpoModulesCore: ✅ KotlinInteropModuleRegistry was destroyed
04-12 18:20:56.998  6019  6106 W unknown:ViewManagerPropertyUpdater: Could not find generated setter for class com.facebook.react.views.textinput.ReactTextInputManager
04-12 18:20:56.998  6019  6165 D Detox.RNMarker: CREATE_REACT_CONTEXT_START (HermesExecutorDebug)
04-12 18:20:56.998  6019  6165 D Detox.RNMarker: PROCESS_PACKAGES_START (null)
04-12 18:20:56.999  6019  6165 D Detox.RNMarker: CREATE_MODULE_START (FrescoModule)
04-12 18:20:56.999  6019  6165 D Detox.RNMarker: CREATE_MODULE_END (FrescoModule)
04-12 18:20:57.005  6019  6019 I IdlingResourceRegistry: Ignoring message from unregistered resource: androidx.test.espresso.base.LooperIdlingResourceInterrogationHandler@b400cf5
04-12 18:20:57.009  6019  6165 I ExpoModulesCore: ✅ AppContext was initialized
04-12 18:20:57.009  6019  6165 D Detox.RNMarker: PROCESS_PACKAGES_END (null)
04-12 18:20:57.010  6019  6165 D Detox.RNMarker: CREATE_CATALYST_INSTANCE_START (null)
04-12 18:20:57.012  6019  6106 W unknown:ViewManagerPropertyUpdater: Could not find generated setter for class com.facebook.react.views.textinput.ReactTextInputShadowNode
04-12 18:20:57.021  6019  6019 I IdlingResourceRegistry: Ignoring message from unregistered resource: androidx.test.espresso.base.LooperIdlingResourceInterrogationHandler@b400cf5
04-12 18:20:57.021  6019  6019 I IdlingResourceRegistry: Ignoring message from unregistered resource: androidx.test.espresso.base.LooperIdlingResourceInterrogationHandler@b400cf5
04-12 18:20:57.021  6019  6019 I IdlingResourceRegistry: Ignoring message from unregistered resource: androidx.test.espresso.base.LooperIdlingResourceInterrogationHandler@b400cf5
04-12 18:20:57.021  6019  6019 I IdlingResourceRegistry: Ignoring message from unregistered resource: androidx.test.espresso.base.LooperIdlingResourceInterrogationHandler@b400cf5
04-12 18:20:57.021  6019  6019 I IdlingResourceRegistry: Ignoring message from unregistered resource: androidx.test.espresso.base.LooperIdlingResourceInterrogationHandler@b400cf5
04-12 18:20:57.022  6019  6019 I IdlingResourceRegistry: Ignoring message from unregistered resource: androidx.test.espresso.base.LooperIdlingResourceInterrogationHandler@b400cf5
04-12 18:20:57.022  6019  6019 I IdlingResourceRegistry: Ignoring message from unregistered resource: androidx.test.espresso.base.LooperIdlingResourceInterrogationHandler@b400cf5
04-12 18:20:57.022  6019  6019 I IdlingResourceRegistry: Ignoring message from unregistered resource: androidx.test.espresso.base.LooperIdlingResourceInterrogationHandler@b400cf5
04-12 18:20:57.022  6019  6019 I IdlingResourceRegistry: Ignoring message from unregistered resource: androidx.test.espresso.base.LooperIdlingResourceInterrogationHandler@b400cf5
04-12 18:20:57.022  6019  6019 I IdlingResourceRegistry: Ignoring message from unregistered resource: androidx.test.espresso.base.LooperIdlingResourceInterrogationHandler@b400cf5
04-12 18:20:57.022  6019  6019 I IdlingResourceRegistry: Ignoring message from unregistered resource: androidx.test.espresso.base.LooperIdlingResourceInterrogationHandler@b400cf5
04-12 18:20:57.022  6019  6019 I IdlingResourceRegistry: Ignoring message from unregistered resource: androidx.test.espresso.base.LooperIdlingResourceInterrogationHandler@b400cf5
04-12 18:20:57.022  6019  6019 I IdlingResourceRegistry: Ignoring message from unregistered resource: androidx.test.espresso.base.LooperIdlingResourceInterrogationHandler@b400cf5
04-12 18:20:57.022  6019  6019 I IdlingResourceRegistry: Ignoring message from unregistered resource: androidx.test.espresso.base.LooperIdlingResourceInterrogationHandler@b400cf5
04-12 18:20:57.022  6019  6019 I IdlingResourceRegistry: Ignoring message from unregistered resource: androidx.test.espresso.base.LooperIdlingResourceInterrogationHandler@b400cf5
04-12 18:20:57.022  6019  6019 I IdlingResourceRegistry: Ignoring message from unregistered resource: androidx.test.espresso.base.LooperIdlingResourceInterrogationHandler@b400cf5
04-12 18:20:57.022  6019  6019 I IdlingResourceRegistry: Ignoring message from unregistered resource: androidx.test.espresso.base.LooperIdlingResourceInterrogationHandler@b400cf5
04-12 18:20:57.022  6019  6019 I IdlingResourceRegistry: Ignoring message from unregistered resource: androidx.test.espresso.base.LooperIdlingResourceInterrogationHandler@b400cf5
04-12 18:20:57.022  6019  6168 D Detox.RNMarker: CREATE_REACT_CONTEXT_END (null)
04-12 18:20:57.022  6019  6165 D Detox.RNMarker: CREATE_CATALYST_INSTANCE_END (null)
04-12 18:20:57.023  6019  6165 D Detox.RNMarker: PRE_RUN_JS_BUNDLE_START (null)
04-12 18:20:57.023  6019  6169 D Detox.RNMarker: CREATE_MODULE_START (UIManager)
04-12 18:20:57.024  6019  6169 W unknown:ViewManagerPropertyUpdater: Could not find generated setter for class com.facebook.react.views.debuggingoverlay.DebuggingOverlayManager
04-12 18:20:57.024  6019  6169 W unknown:ViewManagerPropertyUpdater: Could not find generated setter for class com.facebook.react.uimanager.LayoutShadowNode
04-12 18:20:57.024  6019  6169 W unknown:ViewManagerPropertyUpdater: Could not find generated setter for class com.facebook.react.views.drawer.ReactDrawerLayoutManager
04-12 18:20:57.025  6019  6168 D Detox.RNMarker: RUN_JS_BUNDLE_START (/.virtual-metro-entry.bundle?platform=android&dev=true&lazy=true&minify=false&app=com.panviravindra.comparez&modulesOnly=false&runModule=true&excludeSource=true&sourcePaths=url-server)
04-12 18:20:57.027  6019  6169 W unknown:ViewManagerPropertyUpdater: Could not find generated setter for class com.facebook.react.views.scroll.ReactHorizontalScrollViewManager
04-12 18:20:57.029  6019  6169 W unknown:ViewManagerPropertyUpdater: Could not find generated setter for class com.facebook.react.views.scroll.ReactHorizontalScrollContainerViewManager
04-12 18:20:57.038  6019  6019 W unknown:ReactNative: Packager connection already open, nooping.
04-12 18:20:57.039  6019  6169 W unknown:ViewManagerPropertyUpdater: Could not find generated setter for class com.facebook.react.views.progressbar.ReactProgressBarViewManager
04-12 18:20:57.039  6019  6169 W unknown:ViewManagerPropertyUpdater: Could not find generated setter for class com.facebook.react.views.progressbar.ProgressBarShadowNode
04-12 18:20:57.040  6019  6169 W unknown:ViewManagerPropertyUpdater: Could not find generated setter for class com.facebook.react.views.scroll.ReactScrollViewManager
04-12 18:20:57.041  6019  6169 W unknown:ViewManagerPropertyUpdater: Could not find generated setter for class com.facebook.react.views.switchview.ReactSwitchManager
04-12 18:20:57.041  6019  6169 W unknown:ViewManagerPropertyUpdater: Could not find generated setter for class com.facebook.react.views.switchview.ReactSwitchShadowNode
04-12 18:20:57.042  6019  6169 W unknown:ViewManagerPropertyUpdater: Could not find generated setter for class com.facebook.react.views.safeareaview.ReactSafeAreaViewManager
04-12 18:20:57.047  6019  6169 W unknown:ViewManagerPropertyUpdater: Could not find generated setter for class com.facebook.react.views.safeareaview.ReactSafeAreaViewShadowNode
04-12 18:20:57.047  6019  6169 W unknown:ViewManagerPropertyUpdater: Could not find generated setter for class com.facebook.react.views.swiperefresh.SwipeRefreshLayoutManager
04-12 18:20:57.048  6019  6169 W unknown:ViewManagerPropertyUpdater: Could not find generated setter for class com.facebook.react.views.text.frescosupport.FrescoBasedReactTextInlineImageViewManager
04-12 18:20:57.048  6019  6169 W unknown:ViewManagerPropertyUpdater: Could not find generated setter for class com.facebook.react.views.text.frescosupport.FrescoBasedReactTextInlineImageShadowNode
04-12 18:20:57.050  6019  6169 W unknown:ViewManagerPropertyUpdater: Could not find generated setter for class com.facebook.react.views.image.ReactImageManager
04-12 18:20:57.050  6019  6169 W unknown:ViewManagerPropertyUpdater: Could not find generated setter for class com.facebook.react.views.modal.ReactModalHostManager
04-12 18:20:57.051  6019  6169 W unknown:ViewManagerPropertyUpdater: Could not find generated setter for class com.facebook.react.views.text.ReactRawTextManager
04-12 18:20:57.054  6019  6019 I IdlingResourceRegistry: Ignoring message from unregistered resource: androidx.test.espresso.base.LooperIdlingResourceInterrogationHandler@b400cf5
04-12 18:20:57.054  6019  6019 I IdlingResourceRegistry: Ignoring message from unregistered resource: androidx.test.espresso.base.LooperIdlingResourceInterrogationHandler@b400cf5
04-12 18:20:57.054  6019  6019 I IdlingResourceRegistry: Ignoring message from unregistered resource: androidx.test.espresso.base.LooperIdlingResourceInterrogationHandler@b400cf5
04-12 18:20:57.054  6019  6019 I IdlingResourceRegistry: Ignoring message from unregistered resource: androidx.test.espresso.base.LooperIdlingResourceInterrogationHandler@b400cf5
04-12 18:20:57.054  6019  6019 I IdlingResourceRegistry: Ignoring message from unregistered resource: androidx.test.espresso.base.LooperIdlingResourceInterrogationHandler@b400cf5
04-12 18:20:57.054  6019  6169 W unknown:ViewManagerPropertyUpdater: Could not find generated setter for class com.facebook.react.views.text.ReactRawTextShadowNode
04-12 18:20:57.055  6019  6169 W unknown:ViewManagerPropertyUpdater: Could not find generated setter for class com.facebook.react.views.text.ReactTextViewManager
04-12 18:20:57.064  6019  6169 W unknown:ViewManagerPropertyUpdater: Could not find generated setter for class com.facebook.react.views.text.ReactTextShadowNode
04-12 18:20:57.064  6019  6169 W unknown:ViewManagerPropertyUpdater: Could not find generated setter for class com.facebook.react.views.view.ReactViewManager
04-12 18:20:57.064  6019  6169 W unknown:ViewManagerPropertyUpdater: Could not find generated setter for class com.facebook.react.views.text.ReactVirtualTextViewManager
04-12 18:20:57.065  6019  6169 W unknown:ViewManagerPropertyUpdater: Could not find generated setter for class com.facebook.react.views.text.ReactVirtualTextShadowNode
04-12 18:20:57.065  6019  6169 W unknown:ViewManagerPropertyUpdater: Could not find generated setter for class com.facebook.react.views.unimplementedview.ReactUnimplementedViewManager
04-12 18:20:57.066  6019  6169 W unknown:ViewManagerPropertyUpdater: Could not find generated setter for class expo.modules.kotlin.views.GroupViewManagerWrapper
04-12 18:20:57.071  6019  6019 I IdlingResourceRegistry: Ignoring message from unregistered resource: androidx.test.espresso.base.LooperIdlingResourceInterrogationHandler@b400cf5
04-12 18:20:57.071  6019  6019 I IdlingResourceRegistry: Ignoring message from unregistered resource: androidx.test.espresso.base.LooperIdlingResourceInterrogationHandler@b400cf5
04-12 18:20:57.071  6019  6019 I IdlingResourceRegistry: Ignoring message from unregistered resource: androidx.test.espresso.base.LooperIdlingResourceInterrogationHandler@b400cf5
04-12 18:20:57.071  6019  6019 I IdlingResourceRegistry: Ignoring message from unregistered resource: androidx.test.espresso.base.LooperIdlingResourceInterrogationHandler@b400cf5
04-12 18:20:57.071  6019  6019 I IdlingResourceRegistry: Ignoring message from unregistered resource: androidx.test.espresso.base.LooperIdlingResourceInterrogationHandler@b400cf5
04-12 18:20:57.071  6019  6019 I IdlingResourceRegistry: Ignoring message from unregistered resource: androidx.test.espresso.base.LooperIdlingResourceInterrogationHandler@b400cf5
04-12 18:20:57.071  6019  6019 I IdlingResourceRegistry: Ignoring message from unregistered resource: androidx.test.espresso.base.LooperIdlingResourceInterrogationHandler@b400cf5
04-12 18:20:57.071  6019  6019 I IdlingResourceRegistry: Ignoring message from unregistered resource: androidx.test.espresso.base.LooperIdlingResourceInterrogationHandler@b400cf5
04-12 18:20:57.071  6019  6019 I IdlingResourceRegistry: Ignoring message from unregistered resource: androidx.test.espresso.base.LooperIdlingResourceInterrogationHandler@b400cf5
04-12 18:20:57.071  6019  6019 I IdlingResourceRegistry: Ignoring message from unregistered resource: androidx.test.espresso.base.LooperIdlingResourceInterrogationHandler@b400cf5
04-12 18:20:57.071  6019  6019 I IdlingResourceRegistry: Ignoring message from unregistered resource: androidx.test.espresso.base.LooperIdlingResourceInterrogationHandler@b400cf5
04-12 18:20:57.071  6019  6019 I IdlingResourceRegistry: Ignoring message from unregistered resource: androidx.test.espresso.base.LooperIdlingResourceInterrogationHandler@b400cf5
04-12 18:20:57.072  6019  6169 W unknown:ViewManagerPropertyUpdater: Could not find generated setter for class expo.modules.kotlin.views.SimpleViewManagerWrapper
04-12 18:20:57.075  6019  6169 W unknown:ViewManagerPropertyUpdater: Could not find generated setter for class com.th3rdwave.safeareacontext.SafeAreaProviderManager
04-12 18:20:57.076  6019  6169 W unknown:ViewManagerPropertyUpdater: Could not find generated setter for class com.th3rdwave.safeareacontext.SafeAreaViewManager
04-12 18:20:57.078  6019  6169 W unknown:ViewManagerPropertyUpdater: Could not find generated setter for class com.th3rdwave.safeareacontext.SafeAreaViewShadowNode
04-12 18:20:57.079  6019  6169 W unknown:ViewManagerPropertyUpdater: Could not find generated setter for class com.swmansion.rnscreens.ScreenContainerViewManager
04-12 18:20:57.081  6019  6169 W unknown:ViewManagerPropertyUpdater: Could not find generated setter for class com.swmansion.rnscreens.ScreenViewManager
04-12 18:20:57.082  6019  6169 W unknown:ViewManagerPropertyUpdater: Could not find generated setter for class com.swmansion.rnscreens.ModalScreenViewManager
04-12 18:20:57.084  6019  6169 W unknown:ViewManagerPropertyUpdater: Could not find generated setter for class com.swmansion.rnscreens.ScreenStackViewManager
04-12 18:20:57.085  6019  6169 W unknown:ViewManagerPropertyUpdater: Could not find generated setter for class com.swmansion.rnscreens.ScreenStackHeaderConfigViewManager
04-12 18:20:57.087  6019  6019 I IdlingResourceRegistry: Ignoring message from unregistered resource: androidx.test.espresso.base.LooperIdlingResourceInterrogationHandler@b400cf5
04-12 18:20:57.087  6019  6019 I IdlingResourceRegistry: Ignoring message from unregistered resource: androidx.test.espresso.base.LooperIdlingResourceInterrogationHandler@b400cf5
04-12 18:20:57.087  6019  6019 I IdlingResourceRegistry: Ignoring message from unregistered resource: androidx.test.espresso.base.LooperIdlingResourceInterrogationHandler@b400cf5
04-12 18:20:57.087  6019  6106 W unknown:ViewManagerPropertyUpdater: Could not find generated setter for class com.swmansion.rnscreens.ScreenContentWrapperManager
04-12 18:20:57.090  6019  6169 W unknown:ViewManagerPropertyUpdater: Could not find generated setter for class com.swmansion.rnscreens.ScreenStackHeaderSubviewManager
04-12 18:20:57.096  6019  6169 W unknown:ViewManagerPropertyUpdater: Could not find generated setter for class com.swmansion.rnscreens.SearchBarManager
04-12 18:20:57.101  6019  6169 W unknown:ViewManagerPropertyUpdater: Could not find generated setter for class com.swmansion.rnscreens.ScreenFooterManager
04-12 18:20:57.104  6019  6169 W unknown:ViewManagerPropertyUpdater: Could not find generated setter for class com.swmansion.rnscreens.gamma.tabs.TabsHostViewManager
04-12 18:20:57.105  6019  6169 W unknown:ViewManagerPropertyUpdater: Could not find generated setter for class com.swmansion.rnscreens.gamma.tabs.TabScreenViewManager
04-12 18:20:57.108  6019  6169 W unknown:ViewManagerPropertyUpdater: Could not find generated setter for class com.reactnativecommunity.webview.RNCWebViewManager
04-12 18:20:57.111  6019  6169 D Detox.RNMarker: CREATE_MODULE_END (UIManager)
04-12 18:20:57.112  6019  6169 E unknown:NativeViewHierarchyManager: Trying to add a root view with an explicit id (11) already set. React Native uses the id field to track react tags and will overwrite this field. If that is fine, explicitly overwrite the id field to View.NO_ID before calling addRootView.
04-12 18:20:57.113  6019  6169 D Detox.RNMarker: REACT_BRIDGE_LOADING_END (null)
04-12 18:20:57.121  6019  6019 I IdlingResourceRegistry: Ignoring message from unregistered resource: androidx.test.espresso.base.LooperIdlingResourceInterrogationHandler@b400cf5
04-12 18:20:57.121  6019  6019 I IdlingResourceRegistry: Ignoring message from unregistered resource: androidx.test.espresso.base.LooperIdlingResourceInterrogationHandler@b400cf5
04-12 18:20:57.121  6019  6019 I IdlingResourceRegistry: Ignoring message from unregistered resource: androidx.test.espresso.base.LooperIdlingResourceInterrogationHandler@b400cf5
04-12 18:20:57.121  6019  6019 I IdlingResourceRegistry: Ignoring message from unregistered resource: androidx.test.espresso.base.LooperIdlingResourceInterrogationHandler@b400cf5
04-12 18:20:57.121  6019  6019 I IdlingResourceRegistry: Ignoring message from unregistered resource: androidx.test.espresso.base.LooperIdlingResourceInterrogationHandler@b400cf5
04-12 18:20:57.121  6019  6019 I IdlingResourceRegistry: Ignoring message from unregistered resource: androidx.test.espresso.base.LooperIdlingResourceInterrogationHandler@b400cf5
04-12 18:20:57.121  6019  6019 I IdlingResourceRegistry: Ignoring message from unregistered resource: androidx.test.espresso.base.LooperIdlingResourceInterrogationHandler@b400cf5
04-12 18:20:57.121  6019  6019 I IdlingResourceRegistry: Ignoring message from unregistered resource: androidx.test.espresso.base.LooperIdlingResourceInterrogationHandler@b400cf5
04-12 18:20:57.121  6019  6019 I IdlingResourceRegistry: Ignoring message from unregistered resource: androidx.test.espresso.base.LooperIdlingResourceInterrogationHandler@b400cf5
04-12 18:20:57.121  6019  6019 I IdlingResourceRegistry: Ignoring message from unregistered resource: androidx.test.espresso.base.LooperIdlingResourceInterrogationHandler@b400cf5
04-12 18:20:57.121  6019  6019 I IdlingResourceRegistry: Ignoring message from unregistered resource: androidx.test.espresso.base.LooperIdlingResourceInterrogationHandler@b400cf5
04-12 18:20:57.121  6019  6019 I IdlingResourceRegistry: Ignoring message from unregistered resource: androidx.test.espresso.base.LooperIdlingResourceInterrogationHandler@b400cf5
04-12 18:20:57.122  6019  6019 I IdlingResourceRegistry: Ignoring message from unregistered resource: androidx.test.espresso.base.LooperIdlingResourceInterrogationHandler@b400cf5
04-12 18:20:57.122  6019  6019 I DetoxRNLoading: Got new RN-context directly through listener
04-12 18:20:57.122  6019  6019 I IdlingResourceRegistry: Ignoring message from unregistered resource: androidx.test.espresso.base.LooperIdlingResourceInterrogationHandler@b400cf5
04-12 18:20:57.122  6019  6063 I DetoxRNIdleRes: Setting up Espresso Idling Resources for React Native
04-12 18:20:57.123  6019  6019 I Detox   : PATCHED FACTORY: Disabling all idling resources for RN 0.81 compatibility
04-12 18:20:57.123  6019  6063 I DetoxWSClient: Sending out action 'ready' (ID #-1000)
04-12 18:20:57.123  6019  6063 I DetoxDispatcher: Done with action 'reactNativeReload'
04-12 18:20:57.127  6019  6019 I IdlingResourceRegistry: Ignoring message from unregistered resource: androidx.test.espresso.base.LooperIdlingResourceInterrogationHandler@b400cf5
04-12 18:20:57.127  6019  6019 I IdlingResourceRegistry: Ignoring message from unregistered resource: androidx.test.espresso.base.LooperIdlingResourceInterrogationHandler@b400cf5
04-12 18:20:57.128  6019  6067 D DetoxWSClient: Received action 'invoke' (ID #1, params={"target":{"type":"Class","value":"com.wix.detox.espresso.DetoxAssertion"},"method":"assertMatcher","args":[{"type":"Invocation","value":{"target":{"type":"Class","value":"androidx.test.espresso.Espresso"},"method":"onView","args":[{"type":"Invocation","value":{"target":{"type":"Class","value":"com.wix.detox.espresso.DetoxMatcher"},"method":"matcherForTestId","args":["homeSearchCta",{"type":"boolean","value":false}]}}]}},{"type":"Invocation","value":{"target":{"type":"Class","value":"com.wix.detox.espresso.DetoxMatcher"},"method":"matcherForSufficientlyVisible","args":[{"type":"Integer","value":75}]}}]})
04-12 18:20:57.129  6019  6063 I DetoxDispatcher: Handling action 'invoke' (ID #1)...
04-12 18:20:57.130  6019  6063 D Detox   : class com.wix.detox.espresso.DetoxMatcher, matcherForTestId, [homeSearchCta, false]
04-12 18:20:57.131  6019  6063 D Detox   : class androidx.test.espresso.Espresso, onView, [(view.getTag() is "homeSearchCta" and view has effective visibility <VISIBLE>)]
04-12 18:20:57.131  6019  6063 D CompatibilityChangeReporter: Compat change id reported: 247079863; UID 10197; state: ENABLED
04-12 18:20:57.132  6019  6063 D Detox   : class com.wix.detox.espresso.DetoxMatcher, matcherForSufficientlyVisible, [75]
04-12 18:20:57.135  6019  6063 D Detox   : class com.wix.detox.espresso.DetoxAssertion, assertMatcher, [androidx.test.espresso.ViewInteraction@fd18371, (view has effective visibility <VISIBLE> and view.getGlobalVisibleRect() covers at least <75> percent of the view's area)]
04-12 18:20:57.151  6019  6019 I IdlingResourceRegistry: Ignoring message from unregistered resource: androidx.test.espresso.base.LooperIdlingResourceInterrogationHandler@b400cf5
04-12 18:20:57.151  6019  6019 I IdlingResourceRegistry: Ignoring message from unregistered resource: androidx.test.espresso.base.LooperIdlingResourceInterrogationHandler@b400cf5
04-12 18:20:57.164  6019  6106 F vindra.comparez: java_vm_ext.cc:591] JNI DETECTED ERROR IN APPLICATION: field operation on NULL object: 0x0
04-12 18:20:57.164  6019  6106 F vindra.comparez: java_vm_ext.cc:591]     in call to GetObjectField
04-12 18:20:57.164  6019  6106 F vindra.comparez: java_vm_ext.cc:591]     from void com.facebook.jni.NativeRunnable.run()
04-12 18:20:57.694  6019  6019 I Choreographer: Skipped 31 frames!  The application may be doing too much work on its main thread.
04-12 18:20:57.841  6019  6168 D Detox.RNMarker: NATIVE_MODULE_SETUP_START (NativePerformanceCxx)
04-12 18:20:57.843  6019  6168 D Detox.RNMarker: NATIVE_MODULE_SETUP_START (PlatformConstants)
04-12 18:20:57.844  6019  6168 D Detox.RNMarker: CREATE_MODULE_START (PlatformConstants)
04-12 18:20:57.844  6019  6168 D Detox.RNMarker: CREATE_MODULE_END (PlatformConstants)
04-12 18:20:57.845  6019  6168 D Detox.RNMarker: NATIVE_MODULE_SETUP_END (PlatformConstants)
04-12 18:20:57.848  6019  6168 D Detox.RNMarker: NATIVE_MODULE_SETUP_START (DevSettings)
04-12 18:20:57.848  6019  6168 D Detox.RNMarker: CREATE_MODULE_START (DevSettings)
04-12 18:20:57.848  6019  6168 D Detox.RNMarker: CREATE_MODULE_END (DevSettings)
04-12 18:20:57.848  6019  6168 D Detox.RNMarker: NATIVE_MODULE_SETUP_END (DevSettings)
04-12 18:20:57.848  6019  6168 D Detox.RNMarker: NATIVE_MODULE_SETUP_START (LogBox)
04-12 18:20:57.849  6019  6168 D Detox.RNMarker: CREATE_MODULE_START (LogBox)
04-12 18:20:57.849  6019  6168 D Detox.RNMarker: CREATE_MODULE_END (LogBox)
04-12 18:20:57.849  6019  6168 D Detox.RNMarker: NATIVE_MODULE_SETUP_END (LogBox)
04-12 18:20:57.849  6019  6168 D Detox.RNMarker: NATIVE_MODULE_SETUP_START (SourceCode)
04-12 18:20:57.855  6019  6168 D Detox.RNMarker: CREATE_MODULE_START (SourceCode)
04-12 18:20:57.855  6019  6168 D Detox.RNMarker: CREATE_MODULE_END (SourceCode)
04-12 18:20:57.855  6019  6168 D Detox.RNMarker: NATIVE_MODULE_SETUP_END (SourceCode)
04-12 18:20:57.870  6019  6168 D Detox.RNMarker: NATIVE_MODULE_SETUP_START (Timing)
04-12 18:20:57.871  6019  6168 D Detox.RNMarker: CREATE_MODULE_START (Timing)
04-12 18:20:57.871  6019  6168 D Detox.RNMarker: CREATE_MODULE_END (Timing)
04-12 18:20:57.875  6019  6168 D Detox.RNMarker: NATIVE_MODULE_SETUP_END (Timing)
04-12 18:20:57.879  6019  6168 D Detox.RNMarker: NATIVE_MODULE_SETUP_START (ReactDevToolsSettingsManager)
04-12 18:20:57.879  6019  6168 D Detox.RNMarker: CREATE_MODULE_START (ReactDevToolsSettingsManager)
04-12 18:20:57.879  6019  6168 D Detox.RNMarker: CREATE_MODULE_END (ReactDevToolsSettingsManager)
04-12 18:20:57.879  6019  6168 D Detox.RNMarker: NATIVE_MODULE_SETUP_END (ReactDevToolsSettingsManager)
04-12 18:20:57.880  6019  6168 D Detox.RNMarker: NATIVE_MODULE_SETUP_START (ReactDevToolsRuntimeSettingsModule)
04-12 18:20:57.880  6019  6168 D Detox.RNMarker: CREATE_MODULE_START (ReactDevToolsRuntimeSettingsModule)
04-12 18:20:57.880  6019  6168 D Detox.RNMarker: CREATE_MODULE_END (ReactDevToolsRuntimeSettingsModule)
04-12 18:20:57.880  6019  6168 D Detox.RNMarker: NATIVE_MODULE_SETUP_END (ReactDevToolsRuntimeSettingsModule)
04-12 18:20:57.883  6019  6168 D Detox.RNMarker: NATIVE_MODULE_SETUP_START (NativeReactNativeFeatureFlagsCxx)
04-12 18:20:57.892  6019  6168 D Detox.RNMarker: NATIVE_MODULE_SETUP_START (AppState)
04-12 18:20:57.892  6019  6168 D Detox.RNMarker: CREATE_MODULE_START (AppState)
04-12 18:20:57.892  6019  6168 D Detox.RNMarker: CREATE_MODULE_END (AppState)
04-12 18:20:57.893  6019  6168 D Detox.RNMarker: NATIVE_MODULE_SETUP_END (AppState)
04-12 18:20:57.896  6019  6168 D Detox.RNMarker: NATIVE_MODULE_SETUP_START (BlobModule)
04-12 18:20:57.896  6019  6168 D Detox.RNMarker: CREATE_MODULE_START (BlobModule)
04-12 18:20:57.896  6019  6168 D Detox.RNMarker: CREATE_MODULE_END (BlobModule)
04-12 18:20:57.896  6019  6168 D Detox.RNMarker: NATIVE_MODULE_SETUP_END (BlobModule)
04-12 18:20:57.897  6019  6168 D Detox.RNMarker: NATIVE_MODULE_SETUP_START (WebSocketModule)
04-12 18:20:57.897  6019  6168 D Detox.RNMarker: CREATE_MODULE_START (WebSocketModule)
04-12 18:20:57.897  6019  6168 D Detox.RNMarker: CREATE_MODULE_END (WebSocketModule)
04-12 18:20:57.897  6019  6168 D Detox.RNMarker: NATIVE_MODULE_SETUP_END (WebSocketModule)
04-12 18:20:57.902  6019  6168 D Detox.RNMarker: NATIVE_MODULE_SETUP_START (RedBox)
04-12 18:20:57.907  6019  6171 D TrafficStats: tagSocket(143) with statsTag=0xffffffff, statsUid=-1
04-12 18:20:57.911  6019  6168 D Detox.RNMarker: NATIVE_MODULE_SETUP_START (Networking)
04-12 18:20:57.911  6019  6168 D Detox.RNMarker: CREATE_MODULE_START (Networking)
04-12 18:20:57.911  6019  6168 D Detox.RNMarker: CREATE_MODULE_END (Networking)
04-12 18:20:57.911  6019  6168 D Detox.RNMarker: NATIVE_MODULE_SETUP_END (Networking)
04-12 18:20:57.912  6019  6168 D Detox.RNMarker: NATIVE_MODULE_SETUP_START (DevLoadingView)
04-12 18:20:57.912  6019  6168 D Detox.RNMarker: CREATE_MODULE_START (DevLoadingView)
04-12 18:20:57.912  6019  6168 D Detox.RNMarker: CREATE_MODULE_END (DevLoadingView)
04-12 18:20:57.912  6019  6168 D Detox.RNMarker: NATIVE_MODULE_SETUP_END (DevLoadingView)
04-12 18:20:57.913  6019  6168 D Detox.RNMarker: NATIVE_MODULE_SETUP_START (HeadlessJsTaskSupport)
04-12 18:20:57.914  6019  6168 D Detox.RNMarker: CREATE_MODULE_START (HeadlessJsTaskSupport)
04-12 18:20:57.914  6019  6168 D Detox.RNMarker: CREATE_MODULE_END (HeadlessJsTaskSupport)
04-12 18:20:57.914  6019  6168 D Detox.RNMarker: NATIVE_MODULE_SETUP_END (HeadlessJsTaskSupport)
04-12 18:20:57.916  6019  6168 D Detox.RNMarker: NATIVE_MODULE_SETUP_START (DeviceInfo)
04-12 18:20:57.917  6019  6168 D Detox.RNMarker: CREATE_MODULE_START (DeviceInfo)
04-12 18:20:57.917  6019  6168 D Detox.RNMarker: CREATE_MODULE_END (DeviceInfo)
04-12 18:20:57.918  6019  6168 D Detox.RNMarker: NATIVE_MODULE_SETUP_END (DeviceInfo)
04-12 18:20:57.924  6019  6168 D Detox.RNMarker: NATIVE_MODULE_SETUP_START (UIManager)
04-12 18:20:57.942  6019  6106 F vindra.comparez: runtime.cc:691] Runtime aborting...
04-12 18:20:57.942  6019  6106 F vindra.comparez: runtime.cc:691] Dumping all threads without mutator lock held
04-12 18:20:57.942  6019  6106 F vindra.comparez: runtime.cc:691] All threads:
04-12 18:20:57.942  6019  6106 F vindra.comparez: runtime.cc:691] DALVIK THREADS (62):
04-12 18:20:57.942  6019  6106 F vindra.comparez: runtime.cc:691] "main" prio=10 tid=1 Native
04-12 18:20:57.942  6019  6106 F vindra.comparez: runtime.cc:691]   | group="" sCount=1 ucsCount=0 flags=1 obj=0x71ed11c8 self=0xb400006eb461a2c0
04-12 18:20:57.942  6019  6106 F vindra.comparez: runtime.cc:691]   | sysTid=6019 nice=-10 cgrp=top-app sched=0/0 handle=0x700e8414f8
04-12 18:20:57.942  6019  6106 F vindra.comparez: runtime.cc:691]   | state=S schedstat=( 642195167 1379576247 1774 ) utm=51 stm=12 core=0 HZ=100
04-12 18:20:57.942  6019  6106 F vindra.comparez: runtime.cc:691]   | stack=0x7fe3daf000-0x7fe3db1000 stackSize=8188KB
04-12 18:20:57.942  6019  6106 F vindra.comparez: runtime.cc:691]   | held mutexes=
04-12 18:20:57.942  6019  6106 F vindra.comparez: runtime.cc:691]   native: #00 pc 00062e1c  /apex/com.android.runtime/lib64/bionic/libc.so (syscall+28) (BuildId: a87908b48b368e6282bcc9f34bcfc28c)
04-12 18:20:57.942  6019  6106 F vindra.comparez: runtime.cc:691]   native: #01 pc 0022cfac  /apex/com.android.art/lib64/libart.so (art::ConditionVariable::WaitHoldingLocks+140) (BuildId: b10f5696fea1b32039b162aef3850ed3)
04-12 18:20:57.942  6019  6106 F vindra.comparez: runtime.cc:691]   native: #02 pc 0040e260  /apex/com.android.art/lib64/libart.so (art::::CheckJNI::CallMethodV +3040) (BuildId: b10f5696fea1b32039b162aef3850ed3)
04-12 18:20:57.942  6019  6106 F vindra.comparez: runtime.cc:691]   native: #03 pc 0040d658  /apex/com.android.art/lib64/libart.so (art::::CheckJNI::CallObjectMethodV +72) (BuildId: b10f5696fea1b32039b162aef3850ed3)
04-12 18:20:57.942  6019  6106 F vindra.comparez: runtime.cc:691]   native: #04 pc 000e1878  /system/lib64/libandroid_runtime.so (_JNIEnv::CallObjectMethod+120) (BuildId: c741d6d101847b558f8cdb0633f23335)
04-12 18:20:57.942  6019  6106 F vindra.comparez: runtime.cc:691]   native: #05 pc 0014aab8  /system/lib64/libandroid_runtime.so (android::NativeDisplayEventReceiver::dispatchVsync+64) (BuildId: c741d6d101847b558f8cdb0633f23335)
04-12 18:20:57.942  6019  6106 F vindra.comparez: runtime.cc:691]   native: #06 pc 00114f78  /system/lib64/libgui.so (android::DisplayEventDispatcher::handleEvent+460) (BuildId: 67cb3d0bd5575f4f3fc95aac325f4723)
04-12 18:20:57.942  6019  6106 F vindra.comparez: runtime.cc:691]   native: #07 pc 000102a4  /system/lib64/libutils.so (android::Looper::pollOnce+408) (BuildId: 4ad4af87e8ab16b872cdbdaf84188131)
04-12 18:20:57.942  6019  6106 F vindra.comparez: runtime.cc:691]   native: #08 pc 00183604  /system/lib64/libandroid_runtime.so (android::android_os_MessageQueue_nativePollOnce+44) (BuildId: c741d6d101847b558f8cdb0633f23335)
04-12 18:20:57.942  6019  6106 F vindra.comparez: runtime.cc:691]   native: #09 pc 00377030  /apex/com.android.art/lib64/libart.so (art_quick_generic_jni_trampoline+144) (BuildId: b10f5696fea1b32039b162aef3850ed3)
04-12 18:20:57.942  6019  6106 F vindra.comparez: runtime.cc:691]   native: #10 pc 003605a4  /apex/com.android.art/lib64/libart.so (art_quick_invoke_stub+612) (BuildId: b10f5696fea1b32039b162aef3850ed3)
04-12 18:20:57.942  6019  6106 F vindra.comparez: runtime.cc:691]   native: #11 pc 004906b4  /apex/com.android.art/lib64/libart.so (bool art::interpreter::DoCall<false>+1248) (BuildId: b10f5696fea1b32039b162aef3850ed3)
04-12 18:20:57.942  6019  6106 F vindra.comparez: runtime.cc:691]   native: #12 pc 0050a5d4  /apex/com.android.art/lib64/libart.so (void art::interpreter::ExecuteSwitchImplCpp<false>+2380) (BuildId: b10f5696fea1b32039b162aef3850ed3)
04-12 18:20:57.942  6019  6106 F vindra.comparez: runtime.cc:691]   native: #13 pc 003797d8  /apex/com.android.art/lib64/libart.so (ExecuteSwitchImplAsm+8) (BuildId: b10f5696fea1b32039b162aef3850ed3)
04-12 18:20:57.942  6019  6106 F vindra.comparez: runtime.cc:691]   native: #14 pc 001fce24  /system/framework/framework.jar (android.os.MessageQueue.next)
04-12 18:20:57.942  6019  6106 F vindra.comparez: runtime.cc:691]   native: #15 pc 0037cde0  /apex/com.android.art/lib64/libart.so (art::interpreter::Execute +356) (BuildId: b10f5696fea1b32039b162aef3850ed3)
04-12 18:20:57.942  6019  6106 F vindra.comparez: runtime.cc:691]   native: #16 pc 0037c560  /apex/com.android.art/lib64/libart.so (artQuickToInterpreterBridge+672) (BuildId: b10f5696fea1b32039b162aef3850ed3)
04-12 18:20:57.942  6019  6106 F vindra.comparez: runtime.cc:691]   native: #17 pc 00377168  /apex/com.android.art/lib64/libart.so (art_quick_to_interpreter_bridge+88) (BuildId: b10f5696fea1b32039b162aef3850ed3)
04-12 18:20:57.942  6019  6106 F vindra.comparez: runtime.cc:691]   native: #18 pc 003605a4  /apex/com.android.art/lib64/libart.so (art_quick_invoke_stub+612) (BuildId: b10f5696fea1b32039b162aef3850ed3)
04-12 18:20:57.942  6019  6106 F vindra.comparez: runtime.cc:691]   native: #19 pc 0026bad0  /apex/com.android.art/lib64/libart.so (_jobject* art::InvokeMethod<8>+5336) (BuildId: b10f5696fea1b32039b162aef3850ed3)
04-12 18:20:57.942  6019  6106 F vindra.comparez: runtime.cc:691]   native: #20 pc 0026a5e8  /apex/com.android.art/lib64/libart.so (art::Method_invoke +32) (BuildId: b10f5696fea1b32039b162aef3850ed3)
04-12 18:20:57.951  6019  6106 F vindra.comparez: runtime.cc:691]   native: #21 pc 00377030  /apex/com.android.art/lib64/libart.so (art_quick_generic_jni_trampoline+144) (BuildId: b10f5696fea1b32039b162aef3850ed3)
04-12 18:20:57.951  6019  6106 F vindra.comparez: runtime.cc:691]   native: #22 pc 003605a4  /apex/com.android.art/lib64/libart.so (art_quick_invoke_stub+612) (BuildId: b10f5696fea1b32039b162aef3850ed3)
04-12 18:20:57.951  6019  6106 F vindra.comparez: runtime.cc:691]   native: #23 pc 004906b4  /apex/com.android.art/lib64/libart.so (bool art::interpreter::DoCall<false>+1248) (BuildId: b10f5696fea1b32039b162aef3850ed3)
04-12 18:20:57.951  6019  6106 F vindra.comparez: runtime.cc:691]   native: #24 pc 00509f94  /apex/com.android.art/lib64/libart.so (void art::interpreter::ExecuteSwitchImplCpp<false>+780) (BuildId: b10f5696fea1b32039b162aef3850ed3)
04-12 18:20:57.951  6019  6106 F vindra.comparez: runtime.cc:691]   native: #25 pc 003797d8  /apex/com.android.art/lib64/libart.so (ExecuteSwitchImplAsm+8) (BuildId: b10f5696fea1b32039b162aef3850ed3)
04-12 18:20:57.951  6019  6106 F vindra.comparez: runtime.cc:691]   native: #26 pc 000e5de4  <anonymous:6cdd676000> (androidx.test.espresso.base.Interrogator.getNextMessage)
04-12 18:20:57.951  6019  6106 F vindra.comparez: runtime.cc:691]   native: #27 pc 0037cde0  /apex/com.android.art/lib64/libart.so (art::interpreter::Execute +356) (BuildId: b10f5696fea1b32039b162aef3850ed3)
04-12 18:20:57.951  6019  6106 F vindra.comparez: runtime.cc:691]   native: #28 pc 0049120c  /apex/com.android.art/lib64/libart.so (bool art::interpreter::DoCall<false>+4152) (BuildId: b10f5696fea1b32039b162aef3850ed3)
04-12 18:20:57.951  6019  6106 F vindra.comparez: runtime.cc:691]   native: #29 pc 0050a2f8  /apex/com.android.art/lib64/libart.so (void art::interpreter::ExecuteSwitchImplCpp<false>+1648) (BuildId: b10f5696fea1b32039b162aef3850ed3)
04-12 18:20:57.951  6019  6106 F vindra.comparez: runtime.cc:691]   native: #30 pc 003797d8  /apex/com.android.art/lib64/libart.so (ExecuteSwitchImplAsm+8) (BuildId: b10f5696fea1b32039b162aef3850ed3)
04-12 18:20:57.951  6019  6106 F vindra.comparez: runtime.cc:691]   native: #31 pc 000e5f8c  <anonymous:6cdd676000> (androidx.test.espresso.base.Interrogator.loopAndInterrogate)
04-12 18:20:57.951  6019  6106 F vindra.comparez: runtime.cc:691]   native: #32 pc 0037cde0  /apex/com.android.art/lib64/libart.so (art::interpreter::Execute +356) (BuildId: b10f5696fea1b32039b162aef3850ed3)
04-12 18:20:57.951  6019  6106 F vindra.comparez: runtime.cc:691]   native: #33 pc 0049120c  /apex/com.android.art/lib64/libart.so (bool art::interpreter::DoCall<false>+4152) (BuildId: b10f5696fea1b32039b162aef3850ed3)
04-12 18:20:57.951  6019  6106 F vindra.comparez: runtime.cc:691]   native: #34 pc 0050a2f8  /apex/com.android.art/lib64/libart.so (void art::interpreter::ExecuteSwitchImplCpp<false>+1648) (BuildId: b10f5696fea1b32039b162aef3850ed3)
04-12 18:20:57.951  6019  6106 F vindra.comparez: runtime.cc:691]   native: #35 pc 003797d8  /apex/com.android.art/lib64/libart.so (ExecuteSwitchImplAsm+8) (BuildId: b10f5696fea1b32039b162aef3850ed3)
04-12 18:20:57.951  6019  6106 F vindra.comparez: runtime.cc:691]   native: #36 pc 000e8ce0  <anonymous:6cdd676000> (androidx.test.espresso.base.UiControllerImpl.loopUntil)
