04-12 21:44:42.415 18846 18920 D Detox.RNMarker: CREATE_MODULE_START (Networking)
04-12 21:44:42.416 18846 18920 D Detox.RNMarker: CREATE_MODULE_END (Networking)
04-12 21:44:42.416 18846 18920 D Detox.RNMarker: NATIVE_MODULE_SETUP_END (Networking)
04-12 21:44:42.417 18846 18920 D Detox.RNMarker: NATIVE_MODULE_SETUP_START (DevLoadingView)
04-12 21:44:42.417 18846 18920 D Detox.RNMarker: CREATE_MODULE_START (DevLoadingView)
04-12 21:44:42.417 18846 18920 D Detox.RNMarker: CREATE_MODULE_END (DevLoadingView)
04-12 21:44:42.417 18846 18920 D Detox.RNMarker: NATIVE_MODULE_SETUP_END (DevLoadingView)
04-12 21:44:42.419 18846 18920 D Detox.RNMarker: NATIVE_MODULE_SETUP_START (HeadlessJsTaskSupport)
04-12 21:44:42.419 18846 18920 D Detox.RNMarker: CREATE_MODULE_START (HeadlessJsTaskSupport)
04-12 21:44:42.419 18846 18920 D Detox.RNMarker: CREATE_MODULE_END (HeadlessJsTaskSupport)
04-12 21:44:42.419 18846 18920 D Detox.RNMarker: NATIVE_MODULE_SETUP_END (HeadlessJsTaskSupport)
04-12 21:44:42.421 18846 18920 D Detox.RNMarker: NATIVE_MODULE_SETUP_START (DeviceInfo)
04-12 21:44:42.421 18846 18920 D Detox.RNMarker: CREATE_MODULE_START (DeviceInfo)
04-12 21:44:42.421 18846 18921 W vindra.comparez: Accessing hidden method Landroid/os/Trace;->traceBegin(JLjava/lang/String;)V (unsupported, reflection, allowed)
04-12 21:44:42.421 18846 18921 W vindra.comparez: Accessing hidden method Landroid/os/Trace;->traceEnd(J)V (unsupported, reflection, allowed)
04-12 21:44:42.422 18846 18921 W vindra.comparez: Accessing hidden method Landroid/os/Trace;->asyncTraceBegin(JLjava/lang/String;I)V (unsupported, reflection, allowed)
04-12 21:44:42.422 18846 18921 W vindra.comparez: Accessing hidden method Landroid/os/Trace;->asyncTraceEnd(JLjava/lang/String;I)V (unsupported, reflection, allowed)
04-12 21:44:42.422 18846 18921 I cr_WVCFactoryProvider: Loaded version=113.0.5672.136 minSdkVersion=29 isBundle=false multiprocess=true packageId=2
04-12 21:44:42.423 18846 18920 D Detox.RNMarker: CREATE_MODULE_END (DeviceInfo)
04-12 21:44:42.423 18846 18920 D Detox.RNMarker: NATIVE_MODULE_SETUP_END (DeviceInfo)
04-12 21:44:42.427 18846 18920 D Detox.RNMarker: NATIVE_MODULE_SETUP_START (UIManager)
04-12 21:44:42.440 18846 18921 I cr_LibraryLoader: Successfully loaded native library
04-12 21:44:42.440 18846 18921 I cr_CachingUmaRecorder: Flushed 8 samples from 8 histograms.
04-12 21:44:42.441 18846 18933 I cr_VariationsUtils: Failed reading seed file "/data/user/0/com.panviravindra.comparez/app_webview/variations_seed_new"
04-12 21:44:42.441 18846 18933 I cr_VariationsUtils: Failed reading seed file "/data/user/0/com.panviravindra.comparez/app_webview/variations_seed"
04-12 21:44:42.451 18846 18936 D TrafficStats: tagSocket(137) with statsTag=0xffffffff, statsUid=-1
04-12 21:44:42.474 18846 18920 D Detox.RNMarker: NATIVE_MODULE_SETUP_END (UIManager)
04-12 21:44:42.483 18846 18920 D Detox.RNMarker: NATIVE_MODULE_SETUP_START (SoundManager)
04-12 21:44:42.483 18846 18920 D Detox.RNMarker: CREATE_MODULE_START (SoundManager)
04-12 21:44:42.483 18846 18920 D Detox.RNMarker: CREATE_MODULE_END (SoundManager)
04-12 21:44:42.483 18846 18920 D Detox.RNMarker: NATIVE_MODULE_SETUP_END (SoundManager)
04-12 21:44:42.489 18846 18920 D Detox.RNMarker: NATIVE_MODULE_SETUP_START (ImageLoader)
04-12 21:44:42.489 18846 18920 D Detox.RNMarker: CREATE_MODULE_START (ImageLoader)
04-12 21:44:42.489 18846 18920 D Detox.RNMarker: CREATE_MODULE_END (ImageLoader)
04-12 21:44:42.490 18846 18920 D Detox.RNMarker: NATIVE_MODULE_SETUP_END (ImageLoader)
04-12 21:44:42.490 18846 18920 D Detox.RNMarker: NATIVE_MODULE_SETUP_START (IntentAndroid)
04-12 21:44:42.490 18846 18920 D Detox.RNMarker: CREATE_MODULE_START (IntentAndroid)
04-12 21:44:42.491 18846 18920 D Detox.RNMarker: CREATE_MODULE_END (IntentAndroid)
04-12 21:44:42.491 18846 18920 D Detox.RNMarker: NATIVE_MODULE_SETUP_END (IntentAndroid)
04-12 21:44:42.491 18846 18920 D Detox.RNMarker: NATIVE_MODULE_SETUP_START (LinkingManager)
04-12 21:44:42.492 18846 18920 D Detox.RNMarker: NATIVE_MODULE_SETUP_START (DeviceEventManager)
04-12 21:44:42.492 18846 18920 D Detox.RNMarker: CREATE_MODULE_START (DeviceEventManager)
04-12 21:44:42.492 18846 18920 D Detox.RNMarker: CREATE_MODULE_END (DeviceEventManager)
04-12 21:44:42.492 18846 18920 D Detox.RNMarker: NATIVE_MODULE_SETUP_END (DeviceEventManager)
04-12 21:44:42.496 18846 18920 D Detox.RNMarker: NATIVE_MODULE_SETUP_START (NativeUnimoduleProxy)
04-12 21:44:42.501 18846 18920 I ExpoModulesCore: ✅ JSI interop was installed
04-12 21:44:42.502 18846 18920 I ExpoModulesCore: ✅ Constants were exported
04-12 21:44:42.503 18846 18920 D Detox.RNMarker: NATIVE_MODULE_SETUP_END (NativeUnimoduleProxy)
04-12 21:44:42.507 18846 18920 D Detox.RNMarker: NATIVE_MODULE_SETUP_START (ExpoUpdates)
04-12 21:44:42.507 18846 18920 D Detox.RNMarker: NATIVE_MODULE_SETUP_START (EXDevLauncher)
04-12 21:44:42.508 18846 18920 D Detox.RNMarker: NATIVE_MODULE_SETUP_START (ExpoUpdates)
04-12 21:44:42.508 18846 18920 D Detox.RNMarker: NATIVE_MODULE_SETUP_START (ExpoGo)
04-12 21:44:42.509 18846 18920 D Detox.RNMarker: NATIVE_MODULE_SETUP_START (ExpoGo)
04-12 21:44:42.519 18846 18920 D Detox.RNMarker: NATIVE_MODULE_SETUP_START (EXDevLauncher)
04-12 21:44:42.527 18846 18937 D TrafficStats: tagSocket(137) with statsTag=0xffffffff, statsUid=-1
04-12 21:44:42.551 18846 18920 D Detox.RNMarker: NATIVE_MODULE_SETUP_START (NativeAnimatedModule)
04-12 21:44:42.551 18846 18920 D Detox.RNMarker: CREATE_MODULE_START (NativeAnimatedModule)
04-12 21:44:42.552 18846 18920 D Detox.RNMarker: CREATE_MODULE_END (NativeAnimatedModule)
04-12 21:44:42.553 18846 18920 D Detox.RNMarker: NATIVE_MODULE_SETUP_END (NativeAnimatedModule)
04-12 21:44:42.563 18846 18920 D Detox.RNMarker: NATIVE_MODULE_SETUP_START (RNCSafeAreaContext)
04-12 21:44:42.563 18846 18920 D Detox.RNMarker: CREATE_MODULE_START (RNCSafeAreaContext)
04-12 21:44:42.563 18846 18920 D Detox.RNMarker: CREATE_MODULE_END (RNCSafeAreaContext)
04-12 21:44:42.563 18846 18920 D Detox.RNMarker: NATIVE_MODULE_SETUP_END (RNCSafeAreaContext)
04-12 21:44:42.567 18846 18920 D Detox.RNMarker: NATIVE_MODULE_SETUP_START (RNSModule)
04-12 21:44:42.567 18846 18920 D Detox.RNMarker: CREATE_MODULE_START (RNSModule)
04-12 21:44:42.569 18846 18920 D Detox.RNMarker: CREATE_MODULE_END (RNSModule)
04-12 21:44:42.570 18846 18920 D Detox.RNMarker: NATIVE_MODULE_SETUP_START (RNEdgeToEdge)
04-12 21:44:42.579 18846 18920 D Detox.RNMarker: NATIVE_MODULE_SETUP_START (RNVectorIconsManager)
04-12 21:44:42.579 18846 18920 D Detox.RNMarker: NATIVE_MODULE_SETUP_START (RNVectorIconsModule)
04-12 21:44:42.579 18846 18920 D Detox.RNMarker: NATIVE_MODULE_SETUP_START (RNVectorIconsManager)
04-12 21:44:42.579 18846 18920 D Detox.RNMarker: NATIVE_MODULE_SETUP_START (RNVectorIconsModule)
04-12 21:44:42.657 18846 18920 D Detox.RNMarker: NATIVE_MODULE_SETUP_START (PlatformLocalStorage)
04-12 21:44:42.657 18846 18920 D Detox.RNMarker: NATIVE_MODULE_SETUP_START (RNC_AsyncSQLiteDBStorage)
04-12 21:44:42.657 18846 18920 D Detox.RNMarker: NATIVE_MODULE_SETUP_START (RNCAsyncStorage)
04-12 21:44:42.657 18846 18920 D Detox.RNMarker: CREATE_MODULE_START (RNCAsyncStorage)
04-12 21:44:42.657 18846 18920 V AsyncStorageExpoMigration: No scoped database found
04-12 21:44:42.657 18846 18920 D Detox.RNMarker: CREATE_MODULE_END (RNCAsyncStorage)
04-12 21:44:42.658 18846 18920 D Detox.RNMarker: NATIVE_MODULE_SETUP_END (RNCAsyncStorage)
04-12 21:44:42.660 18846 18920 D Detox.RNMarker: NATIVE_MODULE_SETUP_START (RNCWebViewModule)
04-12 21:44:42.660 18846 18920 D Detox.RNMarker: CREATE_MODULE_START (RNCWebViewModule)
04-12 21:44:42.660 18846 18920 D Detox.RNMarker: CREATE_MODULE_END (RNCWebViewModule)
04-12 21:44:42.660 18846 18920 D Detox.RNMarker: NATIVE_MODULE_SETUP_END (RNCWebViewModule)
04-12 21:44:42.677 18846 18920 D Detox.RNMarker: RUN_JS_BUNDLE_END (/.virtual-metro-entry.bundle?platform=android&dev=true&lazy=true&minify=false&app=com.panviravindra.comparez&modulesOnly=false&runModule=true&excludeSource=true&sourcePaths=url-server)
04-12 21:44:42.680 18846 18920 I ReactNativeJS: Running "main" with {"rootTag":11}
04-12 21:44:42.695 18846 18938 D TrafficStats: tagSocket(123) with statsTag=0xffffffff, statsUid=-1
04-12 21:44:42.790 18846 18920 W ReactNativeJS: The app is running using the Legacy Architecture. The Legacy Architecture is deprecated and will be removed in a future version of React Native. Please consider migrating to the New Architecture. For more information, please see https://reactnative.dev/blog/2024/10/23/the-new-architecture-is-here
04-12 21:44:42.826 18846 18921 D CompatibilityChangeReporter: Compat change id reported: 289878283; UID 10215; state: ENABLED
04-12 21:44:42.835 18846 18846 D Detox.RNMarker: CONTENT_APPEARED (main)
04-12 21:44:42.852 18846 18846 W UiControllerImpl: Waiting for: DYNAMIC_TASKS_HAVE_IDLED for 100 iterations.
04-12 21:44:42.862 18846 18940 D TrafficStats: tagSocket(141) with statsTag=0xffffffff, statsUid=-1
04-12 21:44:42.862 18846 18846 I Detox   : Wait is over: App is now idle!
04-12 21:44:42.862 18846 18878 I DetoxWSClient: Sending out action 'ready' (ID #-1000)
04-12 21:44:42.863 18846 18878 I DetoxDispatcher: Done with action 'isReady'
04-12 21:44:42.865 18846 18882 D DetoxWSClient: Received action 'invoke' (ID #1, params={"target":{"type":"Class","value":"com.wix.detox.espresso.DetoxAssertion"},"method":"waitForAssertMatcher","args":[{"type":"Invocation","value":{"target":{"type":"Class","value":"androidx.test.espresso.Espresso"},"method":"onView","args":[{"type":"Invocation","value":{"target":{"type":"Class","value":"com.wix.detox.espresso.DetoxMatcher"},"method":"matcherForTestId","args":["loginEmail",{"type":"boolean","value":false}]}}]}},{"type":"Invocation","value":{"target":{"type":"Class","value":"com.wix.detox.espresso.DetoxMatcher"},"method":"matcherForSufficientlyVisible","args":[{"type":"Integer","value":25}]}},{"type":"Double","value":3}]})
04-12 21:44:42.866 18846 18878 I DetoxDispatcher: Handling action 'invoke' (ID #1)...
04-12 21:44:42.867 18846 18878 D Detox   : class com.wix.detox.espresso.DetoxMatcher, matcherForTestId, [loginEmail, false]
04-12 21:44:42.873 18846 18878 D Detox   : class androidx.test.espresso.Espresso, onView, [(view.getTag() is "loginEmail" and view has effective visibility <VISIBLE>)]
04-12 21:44:42.874 18846 18878 D CompatibilityChangeReporter: Compat change id reported: 247079863; UID 10215; state: ENABLED
04-12 21:44:42.874 18846 18878 D Detox   : class com.wix.detox.espresso.DetoxMatcher, matcherForSufficientlyVisible, [25]
04-12 21:44:42.876 18846 18878 D Detox   : class com.wix.detox.espresso.DetoxAssertion, waitForAssertMatcher, [androidx.test.espresso.ViewInteraction@bbffa86, (view has effective visibility <VISIBLE> and view.getGlobalVisibleRect() covers at least <25> percent of the view's area), 3.0]
04-12 21:44:42.887 18846 18846 I ViewInteraction: Checking 'MatchesViewAssertion(Detox){viewMatcher=(view has effective visibility <VISIBLE> and view.getGlobalVisibleRect() covers at least <25> percent of the view's area)}' assertion on view (view.getTag() is "loginEmail" and view has effective visibility <VISIBLE>)
04-12 21:44:42.898 18846 18920 D Detox.RNMarker: NATIVE_MODULE_SETUP_START (FileReaderModule)
04-12 21:44:42.899 18846 18920 D Detox.RNMarker: CREATE_MODULE_START (FileReaderModule)
04-12 21:44:42.899 18846 18920 D Detox.RNMarker: CREATE_MODULE_END (FileReaderModule)
04-12 21:44:42.899 18846 18920 D Detox.RNMarker: NATIVE_MODULE_SETUP_END (FileReaderModule)
04-12 21:44:42.918 18846 18846 I ViewInteraction: Checking 'MatchesViewAssertion(Detox){viewMatcher=(view has effective visibility <VISIBLE> and view.getGlobalVisibleRect() covers at least <25> percent of the view's area)}' assertion on view (view.getTag() is "loginEmail" and view has effective visibility <VISIBLE>)
04-12 21:44:42.947 18846 18846 I ViewInteraction: Checking 'MatchesViewAssertion(Detox){viewMatcher=(view has effective visibility <VISIBLE> and view.getGlobalVisibleRect() covers at least <25> percent of the view's area)}' assertion on view (view.getTag() is "loginEmail" and view has effective visibility <VISIBLE>)
04-12 21:44:42.978 18846 18846 I ViewInteraction: Checking 'MatchesViewAssertion(Detox){viewMatcher=(view has effective visibility <VISIBLE> and view.getGlobalVisibleRect() covers at least <25> percent of the view's area)}' assertion on view (view.getTag() is "loginEmail" and view has effective visibility <VISIBLE>)
04-12 21:44:43.006 18846 18846 I ViewInteraction: Checking 'MatchesViewAssertion(Detox){viewMatcher=(view has effective visibility <VISIBLE> and view.getGlobalVisibleRect() covers at least <25> percent of the view's area)}' assertion on view (view.getTag() is "loginEmail" and view has effective visibility <VISIBLE>)
04-12 21:44:43.017 18846 18942 D TrafficStats: tagSocket(143) with statsTag=0xffffffff, statsUid=-1
04-12 21:44:43.034 18846 18846 I ViewInteraction: Checking 'MatchesViewAssertion(Detox){viewMatcher=(view has effective visibility <VISIBLE> and view.getGlobalVisibleRect() covers at least <25> percent of the view's area)}' assertion on view (view.getTag() is "loginEmail" and view has effective visibility <VISIBLE>)
04-12 21:44:43.052 18846 18890 D EGL_emulation: app_time_stats: avg=245.37ms min=1.47ms max=969.84ms count=5
04-12 21:44:43.063 18846 18920 D Detox.RNMarker: NATIVE_MODULE_SETUP_START (I18nManager)
04-12 21:44:43.063 18846 18920 D Detox.RNMarker: CREATE_MODULE_START (I18nManager)
04-12 21:44:43.064 18846 18920 D Detox.RNMarker: CREATE_MODULE_END (I18nManager)
04-12 21:44:43.064 18846 18920 D Detox.RNMarker: NATIVE_MODULE_SETUP_END (I18nManager)
04-12 21:44:43.083 18846 18920 D Detox.RNMarker: NATIVE_MODULE_SETUP_START (StatusBarManager)
04-12 21:44:43.083 18846 18920 D Detox.RNMarker: CREATE_MODULE_START (StatusBarManager)
04-12 21:44:43.083 18846 18920 D Detox.RNMarker: CREATE_MODULE_END (StatusBarManager)
04-12 21:44:43.084 18846 18920 D Detox.RNMarker: NATIVE_MODULE_SETUP_END (StatusBarManager)
04-12 21:44:43.091 18846 18920 D Detox.RNMarker: NATIVE_MODULE_SETUP_START (RNEdgeToEdge)
04-12 21:44:43.099 18846 18920 D Detox.RNMarker: NATIVE_MODULE_SETUP_START (AccessibilityInfo)
04-12 21:44:43.099 18846 18920 D Detox.RNMarker: CREATE_MODULE_START (AccessibilityInfo)
04-12 21:44:43.100 18846 18920 D Detox.RNMarker: CREATE_MODULE_END (AccessibilityInfo)
04-12 21:44:43.101 18846 18920 D Detox.RNMarker: NATIVE_MODULE_SETUP_END (AccessibilityInfo)
04-12 21:44:43.101 18846 18920 D Detox.RNMarker: NATIVE_MODULE_SETUP_START (AccessibilityManager)
04-12 21:44:43.106 18846 18920 D Detox.RNMarker: NATIVE_MODULE_SETUP_START (KeyboardObserver)
04-12 21:44:43.144 18846 18921 W unknown:ReactNative: Attempt to set local data for view with unknown tag: -1
04-12 21:44:43.144 18846 18921 W unknown:ReactNative: Attempt to set local data for view with unknown tag: -1
04-12 21:44:43.147 18846 18921 W unknown:ReactNative: Attempt to set local data for view with unknown tag: -1
04-12 21:44:43.151 18846 18921 W unknown:ViewManagerPropertyUpdater: Could not find generated setter for class com.swmansion.rnscreens.ScreenStackHeaderConfigShadowNode
04-12 21:44:43.161 18846 18921 W unknown:ReactNative: Attempt to set local data for view with unknown tag: -1
04-12 21:44:43.161 18846 18921 W unknown:ReactNative: Attempt to set local data for view with unknown tag: -1
04-12 21:44:43.161 18846 18921 W unknown:ReactNative: Attempt to set local data for view with unknown tag: -1
04-12 21:44:43.173 18846 18921 W unknown:ViewManagerPropertyUpdater: Could not find generated setter for class com.swmansion.rnscreens.ScreensShadowNode
04-12 21:44:43.178 18846 18919 D TrafficStats: tagSocket(126) with statsTag=0xffffffff, statsUid=-1
04-12 21:44:43.205 18846 18921 W unknown:ReactNative: StatusBarModule: Ignored status bar change, current activity is edge-to-edge.
04-12 21:44:43.206 18846 18921 W unknown:ReactNative: StatusBarModule: Ignored status bar change, current activity is edge-to-edge.
04-12 21:44:43.273 18846 18846 D AutofillManager: notifyViewEnteredForFillDialog:1073741824
04-12 21:44:43.273 18846 18846 D AutofillManager: notifyViewEnteredForFillDialog:1073741825
04-12 21:44:43.274 18846 18846 D AutofillManager: Triggering pre-emptive request for fill dialog.
04-12 21:44:43.282 18846 18846 D CompatibilityChangeReporter: Compat change id reported: 163400105; UID 10215; state: ENABLED
04-12 21:44:43.283 18846 18846 I AssistStructure: Flattened final assist data: 3132 bytes, containing 1 windows, 18 views
04-12 21:44:43.301 18846 18920 D Detox.RNMarker: NATIVE_MODULE_SETUP_START (RNEdgeToEdge)
04-12 21:44:43.355 18846 18846 I ViewInteraction: Checking 'MatchesViewAssertion(Detox){viewMatcher=(view has effective visibility <VISIBLE> and view.getGlobalVisibleRect() covers at least <25> percent of the view's area)}' assertion on view (view.getTag() is "loginEmail" and view has effective visibility <VISIBLE>)
04-12 21:44:43.358 18846 18878 I DetoxWSClient: Sending out action 'invokeResult' (ID #1)
04-12 21:44:43.359 18846 18878 I DetoxDispatcher: Done with action 'invoke'
04-12 21:44:43.361 18846 18882 D DetoxWSClient: Received action 'invoke' (ID #2, params={"target":{"type":"Class","value":"com.wix.detox.espresso.EspressoDetox"},"method":"perform","args":[{"type":"Invocation","value":{"target":{"type":"Class","value":"com.wix.detox.espresso.DetoxMatcher"},"method":"matcherForTestId","args":["loginEmail",{"type":"boolean","value":false}]}},{"type":"Invocation","value":{"target":{"type":"Class","value":"com.wix.detox.espresso.DetoxViewActions"},"method":"typeText","args":["test@example.com"]}}]})
04-12 21:44:43.361 18846 18878 I DetoxDispatcher: Handling action 'invoke' (ID #2)...
04-12 21:44:43.362 18846 18878 D Detox   : class com.wix.detox.espresso.DetoxMatcher, matcherForTestId, [loginEmail, false]
04-12 21:44:43.362 18846 18878 D Detox   : class com.wix.detox.espresso.DetoxViewActions, typeText, [test@example.com]
04-12 21:44:43.362 18846 18878 W vindra.comparez: Accessing hidden method Landroid/view/ViewConfiguration;->getDoubleTapMinTime()I (unsupported, reflection, allowed)
04-12 21:44:43.363 18846 18878 D Detox   : class com.wix.detox.espresso.EspressoDetox, perform, [(view.getTag() is "loginEmail" and view has effective visibility <VISIBLE>), com.wix.detox.espresso.action.DetoxTypeTextAction@49be100]
04-12 21:44:43.364 18846 18846 I ViewInteraction: Performing 'Click to focus & type text (test@example.com)' action on view (view.getTag() is "loginEmail" and view has effective visibility <VISIBLE>)
04-12 21:44:43.406 18846 18846 I ImeTracker: com.panviravindra.comparez:60c509d2: onRequestShow at ORIGIN_CLIENT_SHOW_SOFT_INPUT reason SHOW_SOFT_INPUT
04-12 21:44:43.406 18846 18846 D InputMethodManager: showSoftInput() view=com.facebook.react.views.textinput.ReactEditText{7012e62 VFED..CL. .F.P..ID 116,28-772,126 #59 aid=1073741824} flags=0 reason=SHOW_SOFT_INPUT
04-12 21:44:43.436 18846 18846 D InsetsController: show(ime(), fromIme=true)
04-12 21:44:43.456 18846 18846 I ImeTracker: com.panviravindra.comparez:3cfea014: onRequestShow at ORIGIN_CLIENT_SHOW_SOFT_INPUT reason SHOW_SOFT_INPUT
04-12 21:44:43.456 18846 18846 D InputMethodManager: showSoftInput() view=com.facebook.react.views.textinput.ReactEditText{7012e62 VFED..CL. .F.P.... 116,28-772,126 #59 aid=1073741824} flags=0 reason=SHOW_SOFT_INPUT
04-12 21:44:43.466 18846 18846 D InsetsController: show(ime(), fromIme=true)
04-12 21:44:43.466 18846 18846 I ImeTracker: com.panviravindra.comparez:3cfea014: onCancelled at PHASE_CLIENT_APPLY_ANIMATION
04-12 21:44:43.471 18846 18949 D InteractionJankMonitor: Build configuration failed!
04-12 21:44:43.471 18846 18949 D InteractionJankMonitor: java.lang.IllegalArgumentException: Must pass in a valid surface control if only instrument surface; 
04-12 21:44:43.471 18846 18949 D InteractionJankMonitor: 	at com.android.internal.jank.InteractionJankMonitor$Configuration.validate(InteractionJankMonitor.java:1259)
04-12 21:44:43.471 18846 18949 D InteractionJankMonitor: 	at com.android.internal.jank.InteractionJankMonitor$Configuration.<init>(InteractionJankMonitor.java:1217)
04-12 21:44:43.471 18846 18949 D InteractionJankMonitor: 	at com.android.internal.jank.InteractionJankMonitor$Configuration.<init>(Unknown Source:0)
04-12 21:44:43.471 18846 18949 D InteractionJankMonitor: 	at com.android.internal.jank.InteractionJankMonitor$Configuration$Builder.build(InteractionJankMonitor.java:1197)
04-12 21:44:43.471 18846 18949 D InteractionJankMonitor: 	at com.android.internal.jank.InteractionJankMonitor.begin(InteractionJankMonitor.java:611)
04-12 21:44:43.471 18846 18949 D InteractionJankMonitor: 	at android.view.inputmethod.ImeTracker$ImeJankTracker.onRequestAnimation(ImeTracker.java:717)
04-12 21:44:43.471 18846 18949 D InteractionJankMonitor: 	at android.view.InsetsController$InternalAnimationControlListener$2.onAnimationStart(InsetsController.java:448)
04-12 21:44:43.471 18846 18949 D InteractionJankMonitor: 	at android.animation.Animator$AnimatorListener.onAnimationStart(Animator.java:695)
04-12 21:44:43.471 18846 18949 D InteractionJankMonitor: 	at android.animation.Animator$AnimatorCaller$$ExternalSyntheticLambda0.call(Unknown Source:4)
04-12 21:44:43.471 18846 18949 D InteractionJankMonitor: 	at android.animation.Animator.callOnList(Animator.java:669)
04-12 21:44:43.471 18846 18949 D InteractionJankMonitor: 	at android.animation.Animator.notifyListeners(Animator.java:608)
04-12 21:44:43.471 18846 18949 D InteractionJankMonitor: 	at android.animation.Animator.notifyStartListeners(Animator.java:625)
04-12 21:44:43.471 18846 18949 D InteractionJankMonitor: 	at android.animation.ValueAnimator.startAnimation(ValueAnimator.java:1334)
04-12 21:44:43.471 18846 18949 D InteractionJankMonitor: 	at android.animation.ValueAnimator.start(ValueAnimator.java:1149)
04-12 21:44:43.471 18846 18949 D InteractionJankMonitor: 	at android.animation.ValueAnimator.start(ValueAnimator.java:1173)
04-12 21:44:43.471 18846 18949 D InteractionJankMonitor: 	at android.view.InsetsController$InternalAnimationControlListener.onReady(InsetsController.java:470)
04-12 21:44:43.471 18846 18949 D InteractionJankMonitor: 	at android.view.InsetsAnimationThreadControlRunner.lambda$new$0(InsetsAnimationThreadControlRunner.java:129)
04-12 21:44:43.471 18846 18949 D InteractionJankMonitor: 	at android.view.InsetsAnimationThreadControlRunner.$r8$lambda$3zGKYd3XPzPnvMO2hiF8a88M6T0(Unknown Source:0)
04-12 21:44:43.471 18846 18949 D InteractionJankMonitor: 	at android.view.InsetsAnimationThreadControlRunner$$ExternalSyntheticLambda2.run(Unknown Source:6)
04-12 21:44:43.471 18846 18949 D InteractionJankMonitor: 	at android.os.Handler.handleCallback(Handler.java:958)
04-12 21:44:43.471 18846 18949 D InteractionJankMonitor: 	at android.os.Handler.dispatchMessage(Handler.java:99)
04-12 21:44:43.471 18846 18949 D InteractionJankMonitor: 	at android.os.Looper.loopOnce(Looper.java:205)
04-12 21:44:43.471 18846 18949 D InteractionJankMonitor: 	at android.os.Looper.loop(Looper.java:294)
04-12 21:44:43.471 18846 18949 D InteractionJankMonitor: 	at android.os.HandlerThread.run(HandlerThread.java:67)
04-12 21:44:43.473 18846 18846 I ImeTracker: com.panviravindra.comparez:60c509d2: onShown
04-12 21:44:43.846 18846 18846 D UiControllerImpl: Injecting string: "test@example.com"
04-12 21:44:43.898 18846 18921 W unknown:ReactNative: StatusBarModule: Ignored status bar change, current activity is edge-to-edge.
04-12 21:44:43.927 18846 18921 W unknown:ReactNative: StatusBarModule: Ignored status bar change, current activity is edge-to-edge.
04-12 21:44:43.950 18846 18921 W unknown:ReactNative: StatusBarModule: Ignored status bar change, current activity is edge-to-edge.
04-12 21:44:43.983 18846 18921 W unknown:ReactNative: StatusBarModule: Ignored status bar change, current activity is edge-to-edge.
04-12 21:44:44.029 18846 18921 W unknown:ReactNative: StatusBarModule: Ignored status bar change, current activity is edge-to-edge.
04-12 21:44:44.055 18846 18890 D EGL_emulation: app_time_stats: avg=30.45ms min=1.22ms max=383.19ms count=31
04-12 21:44:44.064 18846 18921 W unknown:ReactNative: StatusBarModule: Ignored status bar change, current activity is edge-to-edge.
04-12 21:44:44.079 18846 18921 W unknown:ReactNative: StatusBarModule: Ignored status bar change, current activity is edge-to-edge.
04-12 21:44:44.096 18846 18921 W unknown:ReactNative: StatusBarModule: Ignored status bar change, current activity is edge-to-edge.
04-12 21:44:44.112 18846 18921 W unknown:ReactNative: StatusBarModule: Ignored status bar change, current activity is edge-to-edge.
04-12 21:44:44.131 18846 18921 W unknown:ReactNative: StatusBarModule: Ignored status bar change, current activity is edge-to-edge.
04-12 21:44:44.148 18846 18921 W unknown:ReactNative: StatusBarModule: Ignored status bar change, current activity is edge-to-edge.
04-12 21:44:44.175 18846 18921 W unknown:ReactNative: StatusBarModule: Ignored status bar change, current activity is edge-to-edge.
04-12 21:44:44.194 18846 18921 W unknown:ReactNative: StatusBarModule: Ignored status bar change, current activity is edge-to-edge.
04-12 21:44:44.210 18846 18921 W unknown:ReactNative: StatusBarModule: Ignored status bar change, current activity is edge-to-edge.
04-12 21:44:44.226 18846 18921 W unknown:ReactNative: StatusBarModule: Ignored status bar change, current activity is edge-to-edge.
04-12 21:44:44.242 18846 18921 W unknown:ReactNative: StatusBarModule: Ignored status bar change, current activity is edge-to-edge.
04-12 21:44:44.245 18846 18878 I DetoxWSClient: Sending out action 'invokeResult' (ID #2)
04-12 21:44:44.245 18846 18878 I DetoxDispatcher: Done with action 'invoke'
04-12 21:44:44.248 18846 18882 D DetoxWSClient: Received action 'invoke' (ID #3, params={"target":{"type":"Class","value":"com.wix.detox.espresso.EspressoDetox"},"method":"perform","args":[{"type":"Invocation","value":{"target":{"type":"Class","value":"com.wix.detox.espresso.DetoxMatcher"},"method":"matcherForTestId","args":["loginPassword",{"type":"boolean","value":false}]}},{"type":"Invocation","value":{"target":{"type":"Class","value":"com.wix.detox.espresso.DetoxViewActions"},"method":"typeText","args":["password123\n"]}}]})
04-12 21:44:44.248 18846 18878 I DetoxDispatcher: Handling action 'invoke' (ID #3)...
04-12 21:44:44.248 18846 18878 D Detox   : class com.wix.detox.espresso.DetoxMatcher, matcherForTestId, [loginPassword, false]
04-12 21:44:44.249 18846 18878 D Detox   : class com.wix.detox.espresso.DetoxViewActions, typeText, [password123
04-12 21:44:44.249 18846 18878 D Detox   : ]
04-12 21:44:44.249 18846 18878 D Detox   : class com.wix.detox.espresso.EspressoDetox, perform, [(view.getTag() is "loginPassword" and view has effective visibility <VISIBLE>), com.wix.detox.espresso.action.DetoxTypeTextAction@6f6856b]
04-12 21:44:44.250 18846 18846 I ViewInteraction: Performing 'Click to focus & type text (password123
04-12 21:44:44.250 18846 18846 I ViewInteraction: )' action on view (view.getTag() is "loginPassword" and view has effective visibility <VISIBLE>)
04-12 21:44:44.301 18846 18846 I ImeTracker: com.panviravindra.comparez:df2d43d6: onRequestShow at ORIGIN_CLIENT_SHOW_SOFT_INPUT reason SHOW_SOFT_INPUT
04-12 21:44:44.302 18846 18846 D InputMethodManager: showSoftInput() view=com.facebook.react.views.textinput.ReactEditText{ec3eb29 VFED..CL. .F.P..ID 116,28-700,126 #61 aid=1073741825} flags=0 reason=SHOW_SOFT_INPUT
04-12 21:44:44.304 18846 18846 W WindowOnBackDispatcher: sendCancelIfRunning: isInProgress=falsecallback=ImeCallback=ImeOnBackInvokedCallback@12596647 Callback=android.window.IOnBackInvokedCallback$Stub$Proxy@d397974
04-12 21:44:44.325 18846 18846 D InsetsController: show(ime(), fromIme=true)
04-12 21:44:44.325 18846 18846 I ImeTracker: com.panviravindra.comparez:744951af: onCancelled at PHASE_CLIENT_APPLY_ANIMATION
04-12 21:44:44.325 18846 18846 D InsetsController: show(ime(), fromIme=true)
04-12 21:44:44.325 18846 18846 I ImeTracker: com.panviravindra.comparez:df2d43d6: onCancelled at PHASE_CLIENT_APPLY_ANIMATION
04-12 21:44:44.336 18846 18846 I ImeTracker: com.panviravindra.comparez:f5ce144a: onRequestShow at ORIGIN_CLIENT_SHOW_SOFT_INPUT reason SHOW_SOFT_INPUT
04-12 21:44:44.336 18846 18846 D InputMethodManager: showSoftInput() view=com.facebook.react.views.textinput.ReactEditText{ec3eb29 VFED..CL. .F.P.... 116,28-700,126 #61 aid=1073741825} flags=0 reason=SHOW_SOFT_INPUT
04-12 21:44:44.337 18846 18846 D InsetsController: show(ime(), fromIme=true)
04-12 21:44:44.338 18846 18846 I ImeTracker: com.panviravindra.comparez:f5ce144a: onCancelled at PHASE_CLIENT_APPLY_ANIMATION
04-12 21:44:44.702 18846 18846 D UiControllerImpl: Injecting string: "password123
04-12 21:44:44.702 18846 18846 D UiControllerImpl: "
04-12 21:44:44.740 18846 18921 W unknown:ReactNative: StatusBarModule: Ignored status bar change, current activity is edge-to-edge.
04-12 21:44:44.759 18846 18921 W unknown:ReactNative: StatusBarModule: Ignored status bar change, current activity is edge-to-edge.
04-12 21:44:44.793 18846 18921 W unknown:ReactNative: StatusBarModule: Ignored status bar change, current activity is edge-to-edge.
04-12 21:44:44.810 18846 18921 W unknown:ReactNative: StatusBarModule: Ignored status bar change, current activity is edge-to-edge.
04-12 21:44:44.829 18846 18921 W unknown:ReactNative: StatusBarModule: Ignored status bar change, current activity is edge-to-edge.
04-12 21:44:44.846 18846 18921 W unknown:ReactNative: StatusBarModule: Ignored status bar change, current activity is edge-to-edge.
04-12 21:44:44.864 18846 18921 W unknown:ReactNative: StatusBarModule: Ignored status bar change, current activity is edge-to-edge.
04-12 21:44:44.881 18846 18921 W unknown:ReactNative: StatusBarModule: Ignored status bar change, current activity is edge-to-edge.
04-12 21:44:44.898 18846 18921 W unknown:ReactNative: StatusBarModule: Ignored status bar change, current activity is edge-to-edge.
04-12 21:44:44.928 18846 18921 W unknown:ReactNative: StatusBarModule: Ignored status bar change, current activity is edge-to-edge.
04-12 21:44:44.947 18846 18921 W unknown:ReactNative: StatusBarModule: Ignored status bar change, current activity is edge-to-edge.
04-12 21:44:44.951 18846 18846 I ImeTracker: com.panviravindra.comparez:3f9cb088: onRequestHide at ORIGIN_CLIENT_HIDE_SOFT_INPUT reason HIDE_SOFT_INPUT
04-12 21:44:44.971 18846 18846 W WindowOnBackDispatcher: sendCancelIfRunning: isInProgress=falsecallback=ImeCallback=ImeOnBackInvokedCallback@12596647 Callback=android.window.IOnBackInvokedCallback$Stub$Proxy@d441606
04-12 21:44:44.981 18846 18846 D InsetsController: show(ime(), fromIme=true)
04-12 21:44:44.981 18846 18846 I ImeTracker: com.panviravindra.comparez:99699850: onCancelled at PHASE_CLIENT_APPLY_ANIMATION
04-12 21:44:44.990 18846 18846 I ImeTracker: com.panviravindra.comparez:7f72f425: onRequestHide at ORIGIN_CLIENT_HIDE_SOFT_INPUT reason HIDE_SOFT_INPUT_BY_INSETS_API
04-12 21:44:44.991 18846 18846 I ImeTracker: com.panviravindra.comparez:3f9cb088: onHidden
04-12 21:44:44.991 18846 18846 W WindowOnBackDispatcher: sendCancelIfRunning: isInProgress=falsecallback=ImeCallback=ImeOnBackInvokedCallback@12596647 Callback=android.window.IOnBackInvokedCallback$Stub$Proxy@563c319
04-12 21:44:45.007 18846 18846 I ImeTracker: com.panviravindra.comparez:77d7622c: onRequestHide at ORIGIN_CLIENT_HIDE_SOFT_INPUT reason HIDE_SOFT_INPUT
04-12 21:44:45.008 18846 18878 I DetoxWSClient: Sending out action 'invokeResult' (ID #3)
04-12 21:44:45.008 18846 18878 I DetoxDispatcher: Done with action 'invoke'
04-12 21:44:45.010 18846 18882 D DetoxWSClient: Received action 'invoke' (ID #4, params={"target":{"type":"Class","value":"com.wix.detox.espresso.EspressoDetox"},"method":"perform","args":[{"type":"Invocation","value":{"target":{"type":"Class","value":"com.wix.detox.espresso.DetoxMatcher"},"method":"matcherForTestId","args":["loginBtn",{"type":"boolean","value":false}]}},{"type":"Invocation","value":{"target":{"type":"Class","value":"com.wix.detox.espresso.DetoxViewActions"},"method":"click","args":[]}}]})
04-12 21:44:45.011 18846 18878 I DetoxDispatcher: Handling action 'invoke' (ID #4)...
04-12 21:44:45.011 18846 18878 D Detox   : class com.wix.detox.espresso.DetoxMatcher, matcherForTestId, [loginBtn, false]
04-12 21:44:45.011 18846 18878 D Detox   : class com.wix.detox.espresso.DetoxViewActions, click, []
04-12 21:44:45.011 18846 18878 D Detox   : class com.wix.detox.espresso.EspressoDetox, perform, [(view.getTag() is "loginBtn" and view has effective visibility <VISIBLE>), com.wix.detox.espresso.action.RNClickAction@6477d5]
04-12 21:44:45.012 18846 18846 I ViewInteraction: Performing 'com.wix.detox.espresso.action.detoxsingletap@b081bea click' action on view (view.getTag() is "loginBtn" and view has effective visibility <VISIBLE>)
04-12 21:44:45.072 18846 18940 D TrafficStats: tagSocket(140) with statsTag=0xffffffff, statsUid=-1
04-12 21:44:45.074 18846 18921 W unknown:ReactNative: StatusBarModule: Ignored status bar change, current activity is edge-to-edge.
04-12 21:44:45.085 18846 18846 I ImeTracker: com.panviravindra.comparez:5dc84c98: onRequestHide at ORIGIN_CLIENT_HIDE_SOFT_INPUT reason HIDE_SOFT_INPUT
04-12 21:44:45.091 18846 18890 D EGL_emulation: app_time_stats: avg=34.53ms min=10.51ms max=423.65ms count=30
04-12 21:44:45.091 18846 18846 I ImeTracker: com.panviravindra.comparez:f2640e7c: onRequestHide at ORIGIN_CLIENT_HIDE_SOFT_INPUT reason HIDE_SOFT_INPUT
04-12 21:44:45.422 18846 18878 I DetoxWSClient: Sending out action 'invokeResult' (ID #4)
04-12 21:44:45.423 18846 18878 I DetoxDispatcher: Done with action 'invoke'
04-12 21:44:45.428 18846 18882 D DetoxWSClient: Received action 'invoke' (ID #5, params={"target":{"type":"Class","value":"com.wix.detox.espresso.DetoxAssertion"},"method":"waitForAssertMatcher","args":[{"type":"Invocation","value":{"target":{"type":"Class","value":"androidx.test.espresso.Espresso"},"method":"onView","args":[{"type":"Invocation","value":{"target":{"type":"Class","value":"com.wix.detox.espresso.DetoxMatcher"},"method":"matcherForTestId","args":["homeSearchCta",{"type":"boolean","value":false}]}}]}},{"type":"Invocation","value":{"target":{"type":"Class","value":"com.wix.detox.espresso.DetoxMatcher"},"method":"matcherForSufficientlyVisible","args":[{"type":"Integer","value":25}]}},{"type":"Double","value":5}]})
04-12 21:44:45.429 18846 18878 I DetoxDispatcher: Handling action 'invoke' (ID #5)...
04-12 21:44:45.430 18846 18878 D Detox   : class com.wix.detox.espresso.DetoxMatcher, matcherForTestId, [homeSearchCta, false]
04-12 21:44:45.431 18846 18878 D Detox   : class androidx.test.espresso.Espresso, onView, [(view.getTag() is "homeSearchCta" and view has effective visibility <VISIBLE>)]
04-12 21:44:45.432 18846 18878 D Detox   : class com.wix.detox.espresso.DetoxMatcher, matcherForSufficientlyVisible, [25]
04-12 21:44:45.432 18846 18878 D Detox   : class com.wix.detox.espresso.DetoxAssertion, waitForAssertMatcher, [androidx.test.espresso.ViewInteraction@fa37e8f, (view has effective visibility <VISIBLE> and view.getGlobalVisibleRect() covers at least <25> percent of the view's area), 5.0]
04-12 21:44:45.445 18846 18846 I ViewInteraction: Checking 'MatchesViewAssertion(Detox){viewMatcher=(view has effective visibility <VISIBLE> and view.getGlobalVisibleRect() covers at least <25> percent of the view's area)}' assertion on view (view.getTag() is "homeSearchCta" and view has effective visibility <VISIBLE>)
04-12 21:44:45.475 18846 18846 I ViewInteraction: Checking 'MatchesViewAssertion(Detox){viewMatcher=(view has effective visibility <VISIBLE> and view.getGlobalVisibleRect() covers at least <25> percent of the view's area)}' assertion on view (view.getTag() is "homeSearchCta" and view has effective visibility <VISIBLE>)
04-12 21:44:45.505 18846 18846 I ViewInteraction: Checking 'MatchesViewAssertion(Detox){viewMatcher=(view has effective visibility <VISIBLE> and view.getGlobalVisibleRect() covers at least <25> percent of the view's area)}' assertion on view (view.getTag() is "homeSearchCta" and view has effective visibility <VISIBLE>)
04-12 21:44:45.534 18846 18846 I ViewInteraction: Checking 'MatchesViewAssertion(Detox){viewMatcher=(view has effective visibility <VISIBLE> and view.getGlobalVisibleRect() covers at least <25> percent of the view's area)}' assertion on view (view.getTag() is "homeSearchCta" and view has effective visibility <VISIBLE>)
04-12 21:44:45.563 18846 18846 I ViewInteraction: Checking 'MatchesViewAssertion(Detox){viewMatcher=(view has effective visibility <VISIBLE> and view.getGlobalVisibleRect() covers at least <25> percent of the view's area)}' assertion on view (view.getTag() is "homeSearchCta" and view has effective visibility <VISIBLE>)
04-12 21:44:45.593 18846 18846 I ViewInteraction: Checking 'MatchesViewAssertion(Detox){viewMatcher=(view has effective visibility <VISIBLE> and view.getGlobalVisibleRect() covers at least <25> percent of the view's area)}' assertion on view (view.getTag() is "homeSearchCta" and view has effective visibility <VISIBLE>)
04-12 21:44:45.623 18846 18846 I ViewInteraction: Checking 'MatchesViewAssertion(Detox){viewMatcher=(view has effective visibility <VISIBLE> and view.getGlobalVisibleRect() covers at least <25> percent of the view's area)}' assertion on view (view.getTag() is "homeSearchCta" and view has effective visibility <VISIBLE>)
04-12 21:44:45.653 18846 18846 I ViewInteraction: Checking 'MatchesViewAssertion(Detox){viewMatcher=(view has effective visibility <VISIBLE> and view.getGlobalVisibleRect() covers at least <25> percent of the view's area)}' assertion on view (view.getTag() is "homeSearchCta" and view has effective visibility <VISIBLE>)
04-12 21:44:45.690 18846 18846 I ViewInteraction: Checking 'MatchesViewAssertion(Detox){viewMatcher=(view has effective visibility <VISIBLE> and view.getGlobalVisibleRect() covers at least <25> percent of the view's area)}' assertion on view (view.getTag() is "homeSearchCta" and view has effective visibility <VISIBLE>)
04-12 21:44:45.719 18846 18846 I ViewInteraction: Checking 'MatchesViewAssertion(Detox){viewMatcher=(view has effective visibility <VISIBLE> and view.getGlobalVisibleRect() covers at least <25> percent of the view's area)}' assertion on view (view.getTag() is "homeSearchCta" and view has effective visibility <VISIBLE>)
04-12 21:44:45.749 18846 18846 I ViewInteraction: Checking 'MatchesViewAssertion(Detox){viewMatcher=(view has effective visibility <VISIBLE> and view.getGlobalVisibleRect() covers at least <25> percent of the view's area)}' assertion on view (view.getTag() is "homeSearchCta" and view has effective visibility <VISIBLE>)
04-12 21:44:45.777 18846 18846 I ViewInteraction: Checking 'MatchesViewAssertion(Detox){viewMatcher=(view has effective visibility <VISIBLE> and view.getGlobalVisibleRect() covers at least <25> percent of the view's area)}' assertion on view (view.getTag() is "homeSearchCta" and view has effective visibility <VISIBLE>)
04-12 21:44:45.807 18846 18846 I ViewInteraction: Checking 'MatchesViewAssertion(Detox){viewMatcher=(view has effective visibility <VISIBLE> and view.getGlobalVisibleRect() covers at least <25> percent of the view's area)}' assertion on view (view.getTag() is "homeSearchCta" and view has effective visibility <VISIBLE>)
04-12 21:44:45.836 18846 18846 I ViewInteraction: Checking 'MatchesViewAssertion(Detox){viewMatcher=(view has effective visibility <VISIBLE> and view.getGlobalVisibleRect() covers at least <25> percent of the view's area)}' assertion on view (view.getTag() is "homeSearchCta" and view has effective visibility <VISIBLE>)
04-12 21:44:45.864 18846 18846 I ViewInteraction: Checking 'MatchesViewAssertion(Detox){viewMatcher=(view has effective visibility <VISIBLE> and view.getGlobalVisibleRect() covers at least <25> percent of the view's area)}' assertion on view (view.getTag() is "homeSearchCta" and view has effective visibility <VISIBLE>)
04-12 21:44:45.894 18846 18846 I ViewInteraction: Checking 'MatchesViewAssertion(Detox){viewMatcher=(view has effective visibility <VISIBLE> and view.getGlobalVisibleRect() covers at least <25> percent of the view's area)}' assertion on view (view.getTag() is "homeSearchCta" and view has effective visibility <VISIBLE>)
04-12 21:44:45.924 18846 18846 I ViewInteraction: Checking 'MatchesViewAssertion(Detox){viewMatcher=(view has effective visibility <VISIBLE> and view.getGlobalVisibleRect() covers at least <25> percent of the view's area)}' assertion on view (view.getTag() is "homeSearchCta" and view has effective visibility <VISIBLE>)
04-12 21:44:45.952 18846 18846 I ViewInteraction: Checking 'MatchesViewAssertion(Detox){viewMatcher=(view has effective visibility <VISIBLE> and view.getGlobalVisibleRect() covers at least <25> percent of the view's area)}' assertion on view (view.getTag() is "homeSearchCta" and view has effective visibility <VISIBLE>)
04-12 21:44:45.978 18846 18920 D Detox.RNMarker: NATIVE_MODULE_SETUP_START (DialogManagerAndroid)
04-12 21:44:45.978 18846 18920 D Detox.RNMarker: CREATE_MODULE_START (DialogManagerAndroid)
04-12 21:44:45.979 18846 18920 D Detox.RNMarker: CREATE_MODULE_END (DialogManagerAndroid)
04-12 21:44:45.979 18846 18920 D Detox.RNMarker: NATIVE_MODULE_SETUP_END (DialogManagerAndroid)
04-12 21:44:45.981 18846 18920 D Detox.RNMarker: NATIVE_MODULE_SETUP_START (RNEdgeToEdge)
04-12 21:44:45.984 18846 18846 W WindowOnBackDispatcher: OnBackInvokedCallback is not enabled for the application.
04-12 21:44:45.984 18846 18846 W WindowOnBackDispatcher: Set 'android:enableOnBackInvokedCallback="true"' in the application manifest.
04-12 21:44:45.994 18846 18846 D CompatibilityChangeReporter: Compat change id reported: 171228096; UID 10215; state: ENABLED
04-12 21:44:46.012 18846 18890 E OpenGLRenderer: Unable to match the desired swap behavior.
04-12 21:44:46.051 18846 18921 W unknown:ReactNative: StatusBarModule: Ignored status bar change, current activity is edge-to-edge.
04-12 21:44:46.065 18846 18921 W unknown:ReactNative: Attempt to set local data for view with unknown tag: -1
04-12 21:44:46.065 18846 18921 W unknown:ReactNative: Attempt to set local data for view with unknown tag: -1
04-12 21:44:46.065 18846 18921 W unknown:ReactNative: Attempt to set local data for view with unknown tag: -1
04-12 21:44:46.065 18846 18921 W unknown:ReactNative: Attempt to set local data for view with unknown tag: -1
04-12 21:44:46.065 18846 18921 W unknown:ReactNative: Attempt to set local data for view with unknown tag: -1
04-12 21:44:46.065 18846 18921 W unknown:ReactNative: Attempt to set local data for view with unknown tag: -1
04-12 21:44:46.088 18846 18920 D Detox.RNMarker: NATIVE_MODULE_SETUP_START (RNEdgeToEdge)
04-12 21:44:46.094 18846 18890 D EGL_emulation: app_time_stats: avg=501.64ms min=12.79ms max=990.49ms count=2
04-12 21:44:46.145 18846 18846 I ViewInteraction: Checking 'MatchesViewAssertion(Detox){viewMatcher=(view has effective visibility <VISIBLE> and view.getGlobalVisibleRect() covers at least <25> percent of the view's area)}' assertion on view (view.getTag() is "homeSearchCta" and view has effective visibility <VISIBLE>)
04-12 21:44:46.175 18846 18846 I ViewInteraction: Checking 'MatchesViewAssertion(Detox){viewMatcher=(view has effective visibility <VISIBLE> and view.getGlobalVisibleRect() covers at least <25> percent of the view's area)}' assertion on view (view.getTag() is "homeSearchCta" and view has effective visibility <VISIBLE>)
04-12 21:44:46.203 18846 18846 I ViewInteraction: Checking 'MatchesViewAssertion(Detox){viewMatcher=(view has effective visibility <VISIBLE> and view.getGlobalVisibleRect() covers at least <25> percent of the view's area)}' assertion on view (view.getTag() is "homeSearchCta" and view has effective visibility <VISIBLE>)
04-12 21:44:46.232 18846 18846 I ViewInteraction: Checking 'MatchesViewAssertion(Detox){viewMatcher=(view has effective visibility <VISIBLE> and view.getGlobalVisibleRect() covers at least <25> percent of the view's area)}' assertion on view (view.getTag() is "homeSearchCta" and view has effective visibility <VISIBLE>)
04-12 21:44:46.260 18846 18846 I ViewInteraction: Checking 'MatchesViewAssertion(Detox){viewMatcher=(view has effective visibility <VISIBLE> and view.getGlobalVisibleRect() covers at least <25> percent of the view's area)}' assertion on view (view.getTag() is "homeSearchCta" and view has effective visibility <VISIBLE>)
04-12 21:44:46.290 18846 18846 I ViewInteraction: Checking 'MatchesViewAssertion(Detox){viewMatcher=(view has effective visibility <VISIBLE> and view.getGlobalVisibleRect() covers at least <25> percent of the view's area)}' assertion on view (view.getTag() is "homeSearchCta" and view has effective visibility <VISIBLE>)
04-12 21:44:46.325 18846 18846 I ViewInteraction: Checking 'MatchesViewAssertion(Detox){viewMatcher=(view has effective visibility <VISIBLE> and view.getGlobalVisibleRect() covers at least <25> percent of the view's area)}' assertion on view (view.getTag() is "homeSearchCta" and view has effective visibility <VISIBLE>)
04-12 21:44:46.362 18846 18846 I ViewInteraction: Checking 'MatchesViewAssertion(Detox){viewMatcher=(view has effective visibility <VISIBLE> and view.getGlobalVisibleRect() covers at least <25> percent of the view's area)}' assertion on view (view.getTag() is "homeSearchCta" and view has effective visibility <VISIBLE>)
04-12 21:44:46.398 18846 18846 I ViewInteraction: Checking 'MatchesViewAssertion(Detox){viewMatcher=(view has effective visibility <VISIBLE> and view.getGlobalVisibleRect() covers at least <25> percent of the view's area)}' assertion on view (view.getTag() is "homeSearchCta" and view has effective visibility <VISIBLE>)
04-12 21:44:46.426 18846 18846 I ViewInteraction: Checking 'MatchesViewAssertion(Detox){viewMatcher=(view has effective visibility <VISIBLE> and view.getGlobalVisibleRect() covers at least <25> percent of the view's area)}' assertion on view (view.getTag() is "homeSearchCta" and view has effective visibility <VISIBLE>)
04-12 21:44:46.456 18846 18846 I ViewInteraction: Checking 'MatchesViewAssertion(Detox){viewMatcher=(view has effective visibility <VISIBLE> and view.getGlobalVisibleRect() covers at least <25> percent of the view's area)}' assertion on view (view.getTag() is "homeSearchCta" and view has effective visibility <VISIBLE>)
04-12 21:44:46.487 18846 18846 I ViewInteraction: Checking 'MatchesViewAssertion(Detox){viewMatcher=(view has effective visibility <VISIBLE> and view.getGlobalVisibleRect() covers at least <25> percent of the view's area)}' assertion on view (view.getTag() is "homeSearchCta" and view has effective visibility <VISIBLE>)
04-12 21:44:46.519 18846 18846 I ViewInteraction: Checking 'MatchesViewAssertion(Detox){viewMatcher=(view has effective visibility <VISIBLE> and view.getGlobalVisibleRect() covers at least <25> percent of the view's area)}' assertion on view (view.getTag() is "homeSearchCta" and view has effective visibility <VISIBLE>)
04-12 21:44:46.548 18846 18846 I ViewInteraction: Checking 'MatchesViewAssertion(Detox){viewMatcher=(view has effective visibility <VISIBLE> and view.getGlobalVisibleRect() covers at least <25> percent of the view's area)}' assertion on view (view.getTag() is "homeSearchCta" and view has effective visibility <VISIBLE>)
04-12 21:44:46.577 18846 18846 I ViewInteraction: Checking 'MatchesViewAssertion(Detox){viewMatcher=(view has effective visibility <VISIBLE> and view.getGlobalVisibleRect() covers at least <25> percent of the view's area)}' assertion on view (view.getTag() is "homeSearchCta" and view has effective visibility <VISIBLE>)
04-12 21:44:46.606 18846 18846 I ViewInteraction: Checking 'MatchesViewAssertion(Detox){viewMatcher=(view has effective visibility <VISIBLE> and view.getGlobalVisibleRect() covers at least <25> percent of the view's area)}' assertion on view (view.getTag() is "homeSearchCta" and view has effective visibility <VISIBLE>)
04-12 21:44:46.636 18846 18846 I ViewInteraction: Checking 'MatchesViewAssertion(Detox){viewMatcher=(view has effective visibility <VISIBLE> and view.getGlobalVisibleRect() covers at least <25> percent of the view's area)}' assertion on view (view.getTag() is "homeSearchCta" and view has effective visibility <VISIBLE>)
04-12 21:44:46.666 18846 18846 I ViewInteraction: Checking 'MatchesViewAssertion(Detox){viewMatcher=(view has effective visibility <VISIBLE> and view.getGlobalVisibleRect() covers at least <25> percent of the view's area)}' assertion on view (view.getTag() is "homeSearchCta" and view has effective visibility <VISIBLE>)
04-12 21:44:46.697 18846 18846 I ViewInteraction: Checking 'MatchesViewAssertion(Detox){viewMatcher=(view has effective visibility <VISIBLE> and view.getGlobalVisibleRect() covers at least <25> percent of the view's area)}' assertion on view (view.getTag() is "homeSearchCta" and view has effective visibility <VISIBLE>)
04-12 21:44:46.727 18846 18846 I ViewInteraction: Checking 'MatchesViewAssertion(Detox){viewMatcher=(view has effective visibility <VISIBLE> and view.getGlobalVisibleRect() covers at least <25> percent of the view's area)}' assertion on view (view.getTag() is "homeSearchCta" and view has effective visibility <VISIBLE>)
04-12 21:44:46.757 18846 18846 I ViewInteraction: Checking 'MatchesViewAssertion(Detox){viewMatcher=(view has effective visibility <VISIBLE> and view.getGlobalVisibleRect() covers at least <25> percent of the view's area)}' assertion on view (view.getTag() is "homeSearchCta" and view has effective visibility <VISIBLE>)
