04-12 21:35:27.747 16962 17037 W vindra.comparez: Accessing hidden field Landroid/os/MessageQueue;->mMessages:Landroid/os/Message; (unsupported, reflection, allowed)
04-12 21:35:27.747 16962 17037 W vindra.comparez: Accessing hidden method Landroid/os/Message;->recycleUnchecked()V (unsupported, reflection, allowed)
04-12 21:35:27.751 16962 17036 D Detox.RNMarker: NATIVE_MODULE_SETUP_START (NativePerformanceCxx)
04-12 21:35:27.754 16962 17036 D Detox.RNMarker: NATIVE_MODULE_SETUP_START (PlatformConstants)
04-12 21:35:27.754 16962 17036 D Detox.RNMarker: CREATE_MODULE_START (PlatformConstants)
04-12 21:35:27.755 16962 17036 D Detox.RNMarker: CREATE_MODULE_END (PlatformConstants)
04-12 21:35:27.757 16962 17036 D Detox.RNMarker: NATIVE_MODULE_SETUP_END (PlatformConstants)
04-12 21:35:27.759 16962 17036 D Detox.RNMarker: NATIVE_MODULE_SETUP_START (DevSettings)
04-12 21:35:27.760 16962 17036 D Detox.RNMarker: CREATE_MODULE_START (DevSettings)
04-12 21:35:27.760 16962 17036 D Detox.RNMarker: CREATE_MODULE_END (DevSettings)
04-12 21:35:27.760 16962 17036 D Detox.RNMarker: NATIVE_MODULE_SETUP_END (DevSettings)
04-12 21:35:27.760 16962 17036 D Detox.RNMarker: NATIVE_MODULE_SETUP_START (LogBox)
04-12 21:35:27.760 16962 17036 D Detox.RNMarker: CREATE_MODULE_START (LogBox)
04-12 21:35:27.760 16962 17036 D Detox.RNMarker: CREATE_MODULE_END (LogBox)
04-12 21:35:27.761 16962 17036 D Detox.RNMarker: NATIVE_MODULE_SETUP_END (LogBox)
04-12 21:35:27.761 16962 17036 D Detox.RNMarker: NATIVE_MODULE_SETUP_START (SourceCode)
04-12 21:35:27.761 16962 17036 D Detox.RNMarker: CREATE_MODULE_START (SourceCode)
04-12 21:35:27.761 16962 17036 D Detox.RNMarker: CREATE_MODULE_END (SourceCode)
04-12 21:35:27.762 16962 17036 D Detox.RNMarker: NATIVE_MODULE_SETUP_END (SourceCode)
04-12 21:35:27.775 16962 17036 D Detox.RNMarker: NATIVE_MODULE_SETUP_START (Timing)
04-12 21:35:27.775 16962 17036 D Detox.RNMarker: CREATE_MODULE_START (Timing)
04-12 21:35:27.776 16962 17036 D Detox.RNMarker: CREATE_MODULE_END (Timing)
04-12 21:35:27.776 16962 17036 D Detox.RNMarker: NATIVE_MODULE_SETUP_END (Timing)
04-12 21:35:27.780 16962 17036 D Detox.RNMarker: NATIVE_MODULE_SETUP_START (ReactDevToolsSettingsManager)
04-12 21:35:27.780 16962 17036 D Detox.RNMarker: CREATE_MODULE_START (ReactDevToolsSettingsManager)
04-12 21:35:27.780 16962 17036 D Detox.RNMarker: CREATE_MODULE_END (ReactDevToolsSettingsManager)
04-12 21:35:27.780 16962 17036 D Detox.RNMarker: NATIVE_MODULE_SETUP_END (ReactDevToolsSettingsManager)
04-12 21:35:27.781 16962 17036 D Detox.RNMarker: NATIVE_MODULE_SETUP_START (ReactDevToolsRuntimeSettingsModule)
04-12 21:35:27.781 16962 17036 D Detox.RNMarker: CREATE_MODULE_START (ReactDevToolsRuntimeSettingsModule)
04-12 21:35:27.781 16962 17036 D Detox.RNMarker: CREATE_MODULE_END (ReactDevToolsRuntimeSettingsModule)
04-12 21:35:27.781 16962 17036 D Detox.RNMarker: NATIVE_MODULE_SETUP_END (ReactDevToolsRuntimeSettingsModule)
04-12 21:35:27.784 16962 17036 D Detox.RNMarker: NATIVE_MODULE_SETUP_START (NativeReactNativeFeatureFlagsCxx)
04-12 21:35:27.787 16962 17036 D Detox.RNMarker: NATIVE_MODULE_SETUP_START (AppState)
04-12 21:35:27.788 16962 17036 D Detox.RNMarker: CREATE_MODULE_START (AppState)
04-12 21:35:27.788 16962 17036 D Detox.RNMarker: CREATE_MODULE_END (AppState)
04-12 21:35:27.788 16962 17036 D Detox.RNMarker: NATIVE_MODULE_SETUP_END (AppState)
04-12 21:35:27.791 16962 17036 D Detox.RNMarker: NATIVE_MODULE_SETUP_START (BlobModule)
04-12 21:35:27.791 16962 17036 D Detox.RNMarker: CREATE_MODULE_START (BlobModule)
04-12 21:35:27.792 16962 17036 D Detox.RNMarker: CREATE_MODULE_END (BlobModule)
04-12 21:35:27.792 16962 17036 D Detox.RNMarker: NATIVE_MODULE_SETUP_END (BlobModule)
04-12 21:35:27.793 16962 17036 D Detox.RNMarker: NATIVE_MODULE_SETUP_START (WebSocketModule)
04-12 21:35:27.793 16962 17036 D Detox.RNMarker: CREATE_MODULE_START (WebSocketModule)
04-12 21:35:27.793 16962 17036 D Detox.RNMarker: CREATE_MODULE_END (WebSocketModule)
04-12 21:35:27.793 16962 17036 D Detox.RNMarker: NATIVE_MODULE_SETUP_END (WebSocketModule)
04-12 21:35:27.797 16962 17037 I WebViewFactory: Loading com.google.android.webview version 113.0.5672.136 (code 567263634)
04-12 21:35:27.799 16962 17037 W ziparchive: Unable to open '/data/app/~~rGDTFsEgVNAQR7v9a9DBnw==/com.google.android.trichromelibrary_567263634-3Q4C4Nt6E9KMMziAv9ANGg==/TrichromeLibrary.dm': No such file or directory
04-12 21:35:27.799 16962 17037 W ziparchive: Unable to open '/data/app/~~rGDTFsEgVNAQR7v9a9DBnw==/com.google.android.trichromelibrary_567263634-3Q4C4Nt6E9KMMziAv9ANGg==/TrichromeLibrary.dm': No such file or directory
04-12 21:35:27.799 16962 17037 W vindra.comparez: Entry not found
04-12 21:35:27.803 16962 17037 D nativeloader: Configuring clns-9 for other apk /data/app/~~rGDTFsEgVNAQR7v9a9DBnw==/com.google.android.trichromelibrary_567263634-3Q4C4Nt6E9KMMziAv9ANGg==/TrichromeLibrary.apk. target_sdk_version=34, uses_libraries=ALL, library_path=/data/app/~~Yw2cewKRy1ALIz8qfFlwsw==/com.google.android.webview-CDaciHExabTqd-t8TQiv4Q==/lib/arm64:/data/app/~~Yw2cewKRy1ALIz8qfFlwsw==/com.google.android.webview-CDaciHExabTqd-t8TQiv4Q==/WebViewGoogle.apk!/lib/arm64-v8a:/data/app/~~rGDTFsEgVNAQR7v9a9DBnw==/com.google.android.trichromelibrary_567263634-3Q4C4Nt6E9KMMziAv9ANGg==/TrichromeLibrary.apk!/lib/arm64-v8a, permitted_path=/data:/mnt/expand
04-12 21:35:27.809 16962 17036 D Detox.RNMarker: NATIVE_MODULE_SETUP_START (RedBox)
04-12 21:35:27.818 16962 17037 D nativeloader: Configuring clns-10 for other apk /data/app/~~Yw2cewKRy1ALIz8qfFlwsw==/com.google.android.webview-CDaciHExabTqd-t8TQiv4Q==/WebViewGoogle.apk. target_sdk_version=34, uses_libraries=, library_path=/data/app/~~Yw2cewKRy1ALIz8qfFlwsw==/com.google.android.webview-CDaciHExabTqd-t8TQiv4Q==/lib/arm64:/data/app/~~Yw2cewKRy1ALIz8qfFlwsw==/com.google.android.webview-CDaciHExabTqd-t8TQiv4Q==/WebViewGoogle.apk!/lib/arm64-v8a:/data/app/~~rGDTFsEgVNAQR7v9a9DBnw==/com.google.android.trichromelibrary_567263634-3Q4C4Nt6E9KMMziAv9ANGg==/TrichromeLibrary.apk!/lib/arm64-v8a, permitted_path=/data:/mnt/expand
04-12 21:35:27.833 16962 17037 W vindra.comparez: Accessing hidden method Landroid/os/Trace;->isTagEnabled(J)Z (unsupported, reflection, allowed)
04-12 21:35:27.850 16962 17036 D Detox.RNMarker: NATIVE_MODULE_SETUP_START (Networking)
04-12 21:35:27.850 16962 17036 D Detox.RNMarker: CREATE_MODULE_START (Networking)
04-12 21:35:27.852 16962 17036 D Detox.RNMarker: CREATE_MODULE_END (Networking)
04-12 21:35:27.852 16962 17036 D Detox.RNMarker: NATIVE_MODULE_SETUP_END (Networking)
04-12 21:35:27.853 16962 17036 D Detox.RNMarker: NATIVE_MODULE_SETUP_START (DevLoadingView)
04-12 21:35:27.853 16962 17036 D Detox.RNMarker: CREATE_MODULE_START (DevLoadingView)
04-12 21:35:27.853 16962 17036 D Detox.RNMarker: CREATE_MODULE_END (DevLoadingView)
04-12 21:35:27.853 16962 17036 D Detox.RNMarker: NATIVE_MODULE_SETUP_END (DevLoadingView)
04-12 21:35:27.854 16962 17036 D Detox.RNMarker: NATIVE_MODULE_SETUP_START (HeadlessJsTaskSupport)
04-12 21:35:27.854 16962 17036 D Detox.RNMarker: CREATE_MODULE_START (HeadlessJsTaskSupport)
04-12 21:35:27.855 16962 17036 D Detox.RNMarker: CREATE_MODULE_END (HeadlessJsTaskSupport)
04-12 21:35:27.855 16962 17036 D Detox.RNMarker: NATIVE_MODULE_SETUP_END (HeadlessJsTaskSupport)
04-12 21:35:27.857 16962 17036 D Detox.RNMarker: NATIVE_MODULE_SETUP_START (DeviceInfo)
04-12 21:35:27.863 16962 17036 D Detox.RNMarker: CREATE_MODULE_START (DeviceInfo)
04-12 21:35:27.863 16962 17037 W vindra.comparez: Accessing hidden method Landroid/os/Trace;->traceBegin(JLjava/lang/String;)V (unsupported, reflection, allowed)
04-12 21:35:27.863 16962 17037 W vindra.comparez: Accessing hidden method Landroid/os/Trace;->traceEnd(J)V (unsupported, reflection, allowed)
04-12 21:35:27.863 16962 17037 W vindra.comparez: Accessing hidden method Landroid/os/Trace;->asyncTraceBegin(JLjava/lang/String;I)V (unsupported, reflection, allowed)
04-12 21:35:27.863 16962 17037 W vindra.comparez: Accessing hidden method Landroid/os/Trace;->asyncTraceEnd(JLjava/lang/String;I)V (unsupported, reflection, allowed)
04-12 21:35:27.864 16962 17037 I cr_WVCFactoryProvider: Loaded version=113.0.5672.136 minSdkVersion=29 isBundle=false multiprocess=true packageId=2
04-12 21:35:27.864 16962 17036 D Detox.RNMarker: CREATE_MODULE_END (DeviceInfo)
04-12 21:35:27.865 16962 17036 D Detox.RNMarker: NATIVE_MODULE_SETUP_END (DeviceInfo)
04-12 21:35:27.871 16962 17036 D Detox.RNMarker: NATIVE_MODULE_SETUP_START (UIManager)
04-12 21:35:27.897 16962 17037 I cr_LibraryLoader: Successfully loaded native library
04-12 21:35:27.907 16962 17037 I cr_CachingUmaRecorder: Flushed 8 samples from 8 histograms.
04-12 21:35:27.913 16962 17049 I cr_VariationsUtils: Failed reading seed file "/data/user/0/com.panviravindra.comparez/app_webview/variations_seed_new"
04-12 21:35:27.913 16962 17049 I cr_VariationsUtils: Failed reading seed file "/data/user/0/com.panviravindra.comparez/app_webview/variations_seed"
04-12 21:35:27.928 16962 17052 D TrafficStats: tagSocket(137) with statsTag=0xffffffff, statsUid=-1
04-12 21:35:27.976 16962 17036 D Detox.RNMarker: NATIVE_MODULE_SETUP_END (UIManager)
04-12 21:35:27.984 16962 17036 D Detox.RNMarker: NATIVE_MODULE_SETUP_START (SoundManager)
04-12 21:35:27.984 16962 17036 D Detox.RNMarker: CREATE_MODULE_START (SoundManager)
04-12 21:35:27.984 16962 17036 D Detox.RNMarker: CREATE_MODULE_END (SoundManager)
04-12 21:35:27.985 16962 17036 D Detox.RNMarker: NATIVE_MODULE_SETUP_END (SoundManager)
04-12 21:35:27.990 16962 17036 D Detox.RNMarker: NATIVE_MODULE_SETUP_START (ImageLoader)
04-12 21:35:27.990 16962 17036 D Detox.RNMarker: CREATE_MODULE_START (ImageLoader)
04-12 21:35:27.990 16962 17036 D Detox.RNMarker: CREATE_MODULE_END (ImageLoader)
04-12 21:35:27.991 16962 17036 D Detox.RNMarker: NATIVE_MODULE_SETUP_END (ImageLoader)
04-12 21:35:27.991 16962 17036 D Detox.RNMarker: NATIVE_MODULE_SETUP_START (IntentAndroid)
04-12 21:35:27.991 16962 17036 D Detox.RNMarker: CREATE_MODULE_START (IntentAndroid)
04-12 21:35:27.992 16962 17036 D Detox.RNMarker: CREATE_MODULE_END (IntentAndroid)
04-12 21:35:27.992 16962 17036 D Detox.RNMarker: NATIVE_MODULE_SETUP_END (IntentAndroid)
04-12 21:35:27.992 16962 17036 D Detox.RNMarker: NATIVE_MODULE_SETUP_START (LinkingManager)
04-12 21:35:27.993 16962 17036 D Detox.RNMarker: NATIVE_MODULE_SETUP_START (DeviceEventManager)
04-12 21:35:27.993 16962 17036 D Detox.RNMarker: CREATE_MODULE_START (DeviceEventManager)
04-12 21:35:27.993 16962 17036 D Detox.RNMarker: CREATE_MODULE_END (DeviceEventManager)
04-12 21:35:27.993 16962 17036 D Detox.RNMarker: NATIVE_MODULE_SETUP_END (DeviceEventManager)
04-12 21:35:27.997 16962 17036 D Detox.RNMarker: NATIVE_MODULE_SETUP_START (NativeUnimoduleProxy)
04-12 21:35:28.001 16962 17036 I ExpoModulesCore: ✅ JSI interop was installed
04-12 21:35:28.003 16962 17036 I ExpoModulesCore: ✅ Constants were exported
04-12 21:35:28.003 16962 17036 D Detox.RNMarker: NATIVE_MODULE_SETUP_END (NativeUnimoduleProxy)
04-12 21:35:28.007 16962 17036 D Detox.RNMarker: NATIVE_MODULE_SETUP_START (ExpoUpdates)
04-12 21:35:28.007 16962 17036 D Detox.RNMarker: NATIVE_MODULE_SETUP_START (EXDevLauncher)
04-12 21:35:28.008 16962 17036 D Detox.RNMarker: NATIVE_MODULE_SETUP_START (ExpoUpdates)
04-12 21:35:28.009 16962 17036 D Detox.RNMarker: NATIVE_MODULE_SETUP_START (ExpoGo)
04-12 21:35:28.009 16962 17036 D Detox.RNMarker: NATIVE_MODULE_SETUP_START (ExpoGo)
04-12 21:35:28.019 16962 17036 D Detox.RNMarker: NATIVE_MODULE_SETUP_START (EXDevLauncher)
04-12 21:35:28.024 16962 17053 D TrafficStats: tagSocket(137) with statsTag=0xffffffff, statsUid=-1
04-12 21:35:28.052 16962 17036 D Detox.RNMarker: NATIVE_MODULE_SETUP_START (NativeAnimatedModule)
04-12 21:35:28.052 16962 17036 D Detox.RNMarker: CREATE_MODULE_START (NativeAnimatedModule)
04-12 21:35:28.052 16962 17036 D Detox.RNMarker: CREATE_MODULE_END (NativeAnimatedModule)
04-12 21:35:28.053 16962 17036 D Detox.RNMarker: NATIVE_MODULE_SETUP_END (NativeAnimatedModule)
04-12 21:35:28.063 16962 17036 D Detox.RNMarker: NATIVE_MODULE_SETUP_START (RNCSafeAreaContext)
04-12 21:35:28.063 16962 17036 D Detox.RNMarker: CREATE_MODULE_START (RNCSafeAreaContext)
04-12 21:35:28.063 16962 17036 D Detox.RNMarker: CREATE_MODULE_END (RNCSafeAreaContext)
04-12 21:35:28.064 16962 17036 D Detox.RNMarker: NATIVE_MODULE_SETUP_END (RNCSafeAreaContext)
04-12 21:35:28.067 16962 17036 D Detox.RNMarker: NATIVE_MODULE_SETUP_START (RNSModule)
04-12 21:35:28.067 16962 17036 D Detox.RNMarker: CREATE_MODULE_START (RNSModule)
04-12 21:35:28.069 16962 17036 D Detox.RNMarker: CREATE_MODULE_END (RNSModule)
04-12 21:35:28.071 16962 17036 D Detox.RNMarker: NATIVE_MODULE_SETUP_START (RNEdgeToEdge)
04-12 21:35:28.080 16962 17036 D Detox.RNMarker: NATIVE_MODULE_SETUP_START (RNVectorIconsManager)
04-12 21:35:28.080 16962 17036 D Detox.RNMarker: NATIVE_MODULE_SETUP_START (RNVectorIconsModule)
04-12 21:35:28.080 16962 17036 D Detox.RNMarker: NATIVE_MODULE_SETUP_START (RNVectorIconsManager)
04-12 21:35:28.080 16962 17036 D Detox.RNMarker: NATIVE_MODULE_SETUP_START (RNVectorIconsModule)
04-12 21:35:28.166 16962 17036 D Detox.RNMarker: NATIVE_MODULE_SETUP_START (PlatformLocalStorage)
04-12 21:35:28.166 16962 17036 D Detox.RNMarker: NATIVE_MODULE_SETUP_START (RNC_AsyncSQLiteDBStorage)
04-12 21:35:28.166 16962 17036 D Detox.RNMarker: NATIVE_MODULE_SETUP_START (RNCAsyncStorage)
04-12 21:35:28.166 16962 17036 D Detox.RNMarker: CREATE_MODULE_START (RNCAsyncStorage)
04-12 21:35:28.167 16962 17036 V AsyncStorageExpoMigration: No scoped database found
04-12 21:35:28.167 16962 17036 D Detox.RNMarker: CREATE_MODULE_END (RNCAsyncStorage)
04-12 21:35:28.167 16962 17036 D Detox.RNMarker: NATIVE_MODULE_SETUP_END (RNCAsyncStorage)
04-12 21:35:28.170 16962 17036 D Detox.RNMarker: NATIVE_MODULE_SETUP_START (RNCWebViewModule)
04-12 21:35:28.170 16962 17036 D Detox.RNMarker: CREATE_MODULE_START (RNCWebViewModule)
04-12 21:35:28.170 16962 17036 D Detox.RNMarker: CREATE_MODULE_END (RNCWebViewModule)
04-12 21:35:28.170 16962 17036 D Detox.RNMarker: NATIVE_MODULE_SETUP_END (RNCWebViewModule)
04-12 21:35:28.187 16962 17036 D Detox.RNMarker: RUN_JS_BUNDLE_END (/.virtual-metro-entry.bundle?platform=android&dev=true&lazy=true&minify=false&app=com.panviravindra.comparez&modulesOnly=false&runModule=true&excludeSource=true&sourcePaths=url-server)
04-12 21:35:28.190 16962 17036 I ReactNativeJS: Running "main" with {"rootTag":11}
04-12 21:35:28.199 16962 17054 D TrafficStats: tagSocket(126) with statsTag=0xffffffff, statsUid=-1
04-12 21:35:28.290 16962 17036 W ReactNativeJS: The app is running using the Legacy Architecture. The Legacy Architecture is deprecated and will be removed in a future version of React Native. Please consider migrating to the New Architecture. For more information, please see https://reactnative.dev/blog/2024/10/23/the-new-architecture-is-here
04-12 21:35:28.318 16962 17037 D CompatibilityChangeReporter: Compat change id reported: 289878283; UID 10209; state: ENABLED
04-12 21:35:28.337 16962 16962 D Detox.RNMarker: CONTENT_APPEARED (main)
04-12 21:35:28.358 16962 17055 D TrafficStats: tagSocket(141) with statsTag=0xffffffff, statsUid=-1
04-12 21:35:28.359 16962 16962 I Detox   : Wait is over: App is now idle!
04-12 21:35:28.359 16962 16994 I DetoxWSClient: Sending out action 'ready' (ID #-1000)
04-12 21:35:28.359 16962 16994 I DetoxDispatcher: Done with action 'isReady'
04-12 21:35:28.362 16962 16998 D DetoxWSClient: Received action 'invoke' (ID #7, params={"target":{"type":"Class","value":"com.wix.detox.espresso.DetoxAssertion"},"method":"waitForAssertMatcher","args":[{"type":"Invocation","value":{"target":{"type":"Class","value":"androidx.test.espresso.Espresso"},"method":"onView","args":[{"type":"Invocation","value":{"target":{"type":"Class","value":"com.wix.detox.espresso.DetoxMatcher"},"method":"matcherForTestId","args":["loginEmail",{"type":"boolean","value":false}]}}]}},{"type":"Invocation","value":{"target":{"type":"Class","value":"com.wix.detox.espresso.DetoxMatcher"},"method":"matcherForSufficientlyVisible","args":[{"type":"Integer","value":75}]}},{"type":"Double","value":3}]})
04-12 21:35:28.363 16962 16994 I DetoxDispatcher: Handling action 'invoke' (ID #7)...
04-12 21:35:28.364 16962 16994 D Detox   : class com.wix.detox.espresso.DetoxMatcher, matcherForTestId, [loginEmail, false]
04-12 21:35:28.365 16962 16994 D Detox   : class androidx.test.espresso.Espresso, onView, [(view.getTag() is "loginEmail" and view has effective visibility <VISIBLE>)]
04-12 21:35:28.366 16962 16994 D CompatibilityChangeReporter: Compat change id reported: 247079863; UID 10209; state: ENABLED
04-12 21:35:28.366 16962 16994 D Detox   : class com.wix.detox.espresso.DetoxMatcher, matcherForSufficientlyVisible, [75]
04-12 21:35:28.366 16962 16994 D Detox   : class com.wix.detox.espresso.DetoxAssertion, waitForAssertMatcher, [androidx.test.espresso.ViewInteraction@8b6af47, (view has effective visibility <VISIBLE> and view.getGlobalVisibleRect() covers at least <75> percent of the view's area), 3.0]
04-12 21:35:28.382 16962 16962 I ViewInteraction: Checking 'MatchesViewAssertion(Detox){viewMatcher=(view has effective visibility <VISIBLE> and view.getGlobalVisibleRect() covers at least <75> percent of the view's area)}' assertion on view (view.getTag() is "loginEmail" and view has effective visibility <VISIBLE>)
04-12 21:35:28.396 16962 17036 D Detox.RNMarker: NATIVE_MODULE_SETUP_START (FileReaderModule)
04-12 21:35:28.396 16962 17036 D Detox.RNMarker: CREATE_MODULE_START (FileReaderModule)
04-12 21:35:28.396 16962 17036 D Detox.RNMarker: CREATE_MODULE_END (FileReaderModule)
04-12 21:35:28.396 16962 17036 D Detox.RNMarker: NATIVE_MODULE_SETUP_END (FileReaderModule)
04-12 21:35:28.418 16962 16962 I ViewInteraction: Checking 'MatchesViewAssertion(Detox){viewMatcher=(view has effective visibility <VISIBLE> and view.getGlobalVisibleRect() covers at least <75> percent of the view's area)}' assertion on view (view.getTag() is "loginEmail" and view has effective visibility <VISIBLE>)
04-12 21:35:28.446 16962 16962 I ViewInteraction: Checking 'MatchesViewAssertion(Detox){viewMatcher=(view has effective visibility <VISIBLE> and view.getGlobalVisibleRect() covers at least <75> percent of the view's area)}' assertion on view (view.getTag() is "loginEmail" and view has effective visibility <VISIBLE>)
04-12 21:35:28.479 16962 16962 I ViewInteraction: Checking 'MatchesViewAssertion(Detox){viewMatcher=(view has effective visibility <VISIBLE> and view.getGlobalVisibleRect() covers at least <75> percent of the view's area)}' assertion on view (view.getTag() is "loginEmail" and view has effective visibility <VISIBLE>)
04-12 21:35:28.492 16962 16969 I vindra.comparez: NativeAlloc concurrent copying GC freed 282061(21MB) AllocSpace objects, 7(140KB) LOS objects, 49% free, 10MB/20MB, paused 62us,7us total 109.559ms
04-12 21:35:28.507 16962 16962 I ViewInteraction: Checking 'MatchesViewAssertion(Detox){viewMatcher=(view has effective visibility <VISIBLE> and view.getGlobalVisibleRect() covers at least <75> percent of the view's area)}' assertion on view (view.getTag() is "loginEmail" and view has effective visibility <VISIBLE>)
04-12 21:35:28.538 16962 16962 I ViewInteraction: Checking 'MatchesViewAssertion(Detox){viewMatcher=(view has effective visibility <VISIBLE> and view.getGlobalVisibleRect() covers at least <75> percent of the view's area)}' assertion on view (view.getTag() is "loginEmail" and view has effective visibility <VISIBLE>)
04-12 21:35:28.552 16962 17005 D EGL_emulation: app_time_stats: avg=239.88ms min=1.16ms max=948.73ms count=5
04-12 21:35:28.553 16962 17036 D Detox.RNMarker: NATIVE_MODULE_SETUP_START (I18nManager)
04-12 21:35:28.553 16962 17036 D Detox.RNMarker: CREATE_MODULE_START (I18nManager)
04-12 21:35:28.554 16962 17036 D Detox.RNMarker: CREATE_MODULE_END (I18nManager)
04-12 21:35:28.554 16962 17036 D Detox.RNMarker: NATIVE_MODULE_SETUP_END (I18nManager)
04-12 21:35:28.566 16962 17036 D Detox.RNMarker: NATIVE_MODULE_SETUP_START (StatusBarManager)
04-12 21:35:28.566 16962 17036 D Detox.RNMarker: CREATE_MODULE_START (StatusBarManager)
04-12 21:35:28.566 16962 17036 D Detox.RNMarker: CREATE_MODULE_END (StatusBarManager)
04-12 21:35:28.567 16962 17036 D Detox.RNMarker: NATIVE_MODULE_SETUP_END (StatusBarManager)
04-12 21:35:28.578 16962 17036 D Detox.RNMarker: NATIVE_MODULE_SETUP_START (RNEdgeToEdge)
04-12 21:35:28.588 16962 17036 D Detox.RNMarker: NATIVE_MODULE_SETUP_START (AccessibilityInfo)
04-12 21:35:28.588 16962 17036 D Detox.RNMarker: CREATE_MODULE_START (AccessibilityInfo)
04-12 21:35:28.589 16962 17036 D Detox.RNMarker: CREATE_MODULE_END (AccessibilityInfo)
04-12 21:35:28.590 16962 17036 D Detox.RNMarker: NATIVE_MODULE_SETUP_END (AccessibilityInfo)
04-12 21:35:28.590 16962 17036 D Detox.RNMarker: NATIVE_MODULE_SETUP_START (AccessibilityManager)
04-12 21:35:28.591 16962 17036 D Detox.RNMarker: NATIVE_MODULE_SETUP_START (KeyboardObserver)
04-12 21:35:28.628 16962 17037 W unknown:ReactNative: Attempt to set local data for view with unknown tag: -1
04-12 21:35:28.630 16962 17037 W unknown:ReactNative: Attempt to set local data for view with unknown tag: -1
04-12 21:35:28.630 16962 17037 W unknown:ReactNative: Attempt to set local data for view with unknown tag: -1
04-12 21:35:28.643 16962 17037 W unknown:ReactNative: Attempt to set local data for view with unknown tag: -1
04-12 21:35:28.643 16962 17037 W unknown:ReactNative: Attempt to set local data for view with unknown tag: -1
04-12 21:35:28.643 16962 17037 W unknown:ReactNative: Attempt to set local data for view with unknown tag: -1
04-12 21:35:28.650 16962 17037 W unknown:ViewManagerPropertyUpdater: Could not find generated setter for class com.swmansion.rnscreens.ScreenStackHeaderConfigShadowNode
04-12 21:35:28.651 16962 17037 W unknown:ViewManagerPropertyUpdater: Could not find generated setter for class com.swmansion.rnscreens.ScreensShadowNode
04-12 21:35:28.664 16962 17034 D TrafficStats: tagSocket(139) with statsTag=0xffffffff, statsUid=-1
04-12 21:35:28.696 16962 17037 W unknown:ReactNative: StatusBarModule: Ignored status bar change, current activity is edge-to-edge.
04-12 21:35:28.696 16962 17037 W unknown:ReactNative: StatusBarModule: Ignored status bar change, current activity is edge-to-edge.
04-12 21:35:28.745 16962 16962 D AutofillManager: notifyViewEnteredForFillDialog:1073741824
04-12 21:35:28.746 16962 16962 D AutofillManager: notifyViewEnteredForFillDialog:1073741825
04-12 21:35:28.746 16962 16962 D AutofillManager: Triggering pre-emptive request for fill dialog.
04-12 21:35:28.777 16962 16962 D CompatibilityChangeReporter: Compat change id reported: 163400105; UID 10209; state: ENABLED
04-12 21:35:28.779 16962 16962 I AssistStructure: Flattened final assist data: 3132 bytes, containing 1 windows, 18 views
04-12 21:35:28.817 16962 17036 D Detox.RNMarker: NATIVE_MODULE_SETUP_START (RNEdgeToEdge)
04-12 21:35:28.855 16962 16962 I ViewInteraction: Checking 'MatchesViewAssertion(Detox){viewMatcher=(view has effective visibility <VISIBLE> and view.getGlobalVisibleRect() covers at least <75> percent of the view's area)}' assertion on view (view.getTag() is "loginEmail" and view has effective visibility <VISIBLE>)
04-12 21:35:28.858 16962 16994 I DetoxWSClient: Sending out action 'invokeResult' (ID #7)
04-12 21:35:28.858 16962 16994 I DetoxDispatcher: Done with action 'invoke'
04-12 21:35:28.861 16962 16998 D DetoxWSClient: Received action 'invoke' (ID #8, params={"target":{"type":"Class","value":"com.wix.detox.espresso.EspressoDetox"},"method":"perform","args":[{"type":"Invocation","value":{"target":{"type":"Class","value":"com.wix.detox.espresso.DetoxMatcher"},"method":"matcherForTestId","args":["loginEmail",{"type":"boolean","value":false}]}},{"type":"Invocation","value":{"target":{"type":"Class","value":"com.wix.detox.espresso.DetoxViewActions"},"method":"typeText","args":["test@example.com"]}}]})
04-12 21:35:28.861 16962 16994 I DetoxDispatcher: Handling action 'invoke' (ID #8)...
04-12 21:35:28.861 16962 16994 D Detox   : class com.wix.detox.espresso.DetoxMatcher, matcherForTestId, [loginEmail, false]
04-12 21:35:28.861 16962 16994 D Detox   : class com.wix.detox.espresso.DetoxViewActions, typeText, [test@example.com]
04-12 21:35:28.862 16962 16994 W vindra.comparez: Accessing hidden method Landroid/view/ViewConfiguration;->getDoubleTapMinTime()I (unsupported, reflection, allowed)
04-12 21:35:28.862 16962 16994 D Detox   : class com.wix.detox.espresso.EspressoDetox, perform, [(view.getTag() is "loginEmail" and view has effective visibility <VISIBLE>), com.wix.detox.espresso.action.DetoxTypeTextAction@49be100]
04-12 21:35:28.864 16962 16962 I ViewInteraction: Performing 'Click to focus & type text (test@example.com)' action on view (view.getTag() is "loginEmail" and view has effective visibility <VISIBLE>)
04-12 21:35:28.908 16962 16962 I ImeTracker: com.panviravindra.comparez:2324e08e: onRequestShow at ORIGIN_CLIENT_SHOW_SOFT_INPUT reason SHOW_SOFT_INPUT
04-12 21:35:28.908 16962 16962 D InputMethodManager: showSoftInput() view=com.facebook.react.views.textinput.ReactEditText{7d0f099 VFED..CL. .F.P..ID 116,28-772,126 #59 aid=1073741824} flags=0 reason=SHOW_SOFT_INPUT
04-12 21:35:28.933 16962 16962 D InsetsController: show(ime(), fromIme=true)
04-12 21:35:28.956 16962 17062 D InteractionJankMonitor: Build configuration failed!
04-12 21:35:28.956 16962 17062 D InteractionJankMonitor: java.lang.IllegalArgumentException: Must pass in a valid surface control if only instrument surface; 
04-12 21:35:28.956 16962 17062 D InteractionJankMonitor: 	at com.android.internal.jank.InteractionJankMonitor$Configuration.validate(InteractionJankMonitor.java:1259)
04-12 21:35:28.956 16962 17062 D InteractionJankMonitor: 	at com.android.internal.jank.InteractionJankMonitor$Configuration.<init>(InteractionJankMonitor.java:1217)
04-12 21:35:28.956 16962 17062 D InteractionJankMonitor: 	at com.android.internal.jank.InteractionJankMonitor$Configuration.<init>(Unknown Source:0)
04-12 21:35:28.956 16962 17062 D InteractionJankMonitor: 	at com.android.internal.jank.InteractionJankMonitor$Configuration$Builder.build(InteractionJankMonitor.java:1197)
04-12 21:35:28.956 16962 17062 D InteractionJankMonitor: 	at com.android.internal.jank.InteractionJankMonitor.begin(InteractionJankMonitor.java:611)
04-12 21:35:28.956 16962 17062 D InteractionJankMonitor: 	at android.view.inputmethod.ImeTracker$ImeJankTracker.onRequestAnimation(ImeTracker.java:717)
04-12 21:35:28.956 16962 17062 D InteractionJankMonitor: 	at android.view.InsetsController$InternalAnimationControlListener$2.onAnimationStart(InsetsController.java:448)
04-12 21:35:28.956 16962 17062 D InteractionJankMonitor: 	at android.animation.Animator$AnimatorListener.onAnimationStart(Animator.java:695)
04-12 21:35:28.956 16962 17062 D InteractionJankMonitor: 	at android.animation.Animator$AnimatorCaller$$ExternalSyntheticLambda0.call(Unknown Source:4)
04-12 21:35:28.956 16962 17062 D InteractionJankMonitor: 	at android.animation.Animator.callOnList(Animator.java:669)
04-12 21:35:28.956 16962 17062 D InteractionJankMonitor: 	at android.animation.Animator.notifyListeners(Animator.java:608)
04-12 21:35:28.956 16962 17062 D InteractionJankMonitor: 	at android.animation.Animator.notifyStartListeners(Animator.java:625)
04-12 21:35:28.956 16962 17062 D InteractionJankMonitor: 	at android.animation.ValueAnimator.startAnimation(ValueAnimator.java:1334)
04-12 21:35:28.956 16962 17062 D InteractionJankMonitor: 	at android.animation.ValueAnimator.start(ValueAnimator.java:1149)
04-12 21:35:28.956 16962 17062 D InteractionJankMonitor: 	at android.animation.ValueAnimator.start(ValueAnimator.java:1173)
04-12 21:35:28.956 16962 17062 D InteractionJankMonitor: 	at android.view.InsetsController$InternalAnimationControlListener.onReady(InsetsController.java:470)
04-12 21:35:28.956 16962 17062 D InteractionJankMonitor: 	at android.view.InsetsAnimationThreadControlRunner.lambda$new$0(InsetsAnimationThreadControlRunner.java:129)
04-12 21:35:28.956 16962 17062 D InteractionJankMonitor: 	at android.view.InsetsAnimationThreadControlRunner.$r8$lambda$3zGKYd3XPzPnvMO2hiF8a88M6T0(Unknown Source:0)
04-12 21:35:28.956 16962 17062 D InteractionJankMonitor: 	at android.view.InsetsAnimationThreadControlRunner$$ExternalSyntheticLambda2.run(Unknown Source:6)
04-12 21:35:28.956 16962 17062 D InteractionJankMonitor: 	at android.os.Handler.handleCallback(Handler.java:958)
04-12 21:35:28.956 16962 17062 D InteractionJankMonitor: 	at android.os.Handler.dispatchMessage(Handler.java:99)
04-12 21:35:28.956 16962 17062 D InteractionJankMonitor: 	at android.os.Looper.loopOnce(Looper.java:205)
04-12 21:35:28.956 16962 17062 D InteractionJankMonitor: 	at android.os.Looper.loop(Looper.java:294)
04-12 21:35:28.956 16962 17062 D InteractionJankMonitor: 	at android.os.HandlerThread.run(HandlerThread.java:67)
04-12 21:35:28.958 16962 16962 I ImeTracker: com.panviravindra.comparez:2324e08e: onShown
04-12 21:35:28.970 16962 16962 I ImeTracker: com.panviravindra.comparez:6cf27a0b: onRequestShow at ORIGIN_CLIENT_SHOW_SOFT_INPUT reason SHOW_SOFT_INPUT
04-12 21:35:28.971 16962 16962 D InputMethodManager: showSoftInput() view=com.facebook.react.views.textinput.ReactEditText{7d0f099 VFED..CL. .F.P.... 116,28-772,126 #59 aid=1073741824} flags=0 reason=SHOW_SOFT_INPUT
04-12 21:35:28.974 16962 16962 D InsetsController: show(ime(), fromIme=true)
04-12 21:35:28.974 16962 16962 I ImeTracker: com.panviravindra.comparez:6cf27a0b: onCancelled at PHASE_CLIENT_APPLY_ANIMATION
04-12 21:35:29.347 16962 16962 D UiControllerImpl: Injecting string: "test@example.com"
04-12 21:35:29.406 16962 17037 W unknown:ReactNative: StatusBarModule: Ignored status bar change, current activity is edge-to-edge.
04-12 21:35:29.429 16962 17037 W unknown:ReactNative: StatusBarModule: Ignored status bar change, current activity is edge-to-edge.
04-12 21:35:29.461 16962 17037 W unknown:ReactNative: StatusBarModule: Ignored status bar change, current activity is edge-to-edge.
04-12 21:35:29.484 16962 17037 W unknown:ReactNative: StatusBarModule: Ignored status bar change, current activity is edge-to-edge.
04-12 21:35:29.528 16962 17037 W unknown:ReactNative: StatusBarModule: Ignored status bar change, current activity is edge-to-edge.
04-12 21:35:29.555 16962 17005 D EGL_emulation: app_time_stats: avg=33.34ms min=1.00ms max=400.90ms count=28
04-12 21:35:29.562 16962 17037 W unknown:ReactNative: StatusBarModule: Ignored status bar change, current activity is edge-to-edge.
04-12 21:35:29.580 16962 17037 W unknown:ReactNative: StatusBarModule: Ignored status bar change, current activity is edge-to-edge.
04-12 21:35:29.596 16962 17037 W unknown:ReactNative: StatusBarModule: Ignored status bar change, current activity is edge-to-edge.
04-12 21:35:29.613 16962 17037 W unknown:ReactNative: StatusBarModule: Ignored status bar change, current activity is edge-to-edge.
04-12 21:35:29.630 16962 17037 W unknown:ReactNative: StatusBarModule: Ignored status bar change, current activity is edge-to-edge.
04-12 21:35:29.647 16962 17037 W unknown:ReactNative: StatusBarModule: Ignored status bar change, current activity is edge-to-edge.
04-12 21:35:29.665 16962 17037 W unknown:ReactNative: StatusBarModule: Ignored status bar change, current activity is edge-to-edge.
04-12 21:35:29.694 16962 17037 W unknown:ReactNative: StatusBarModule: Ignored status bar change, current activity is edge-to-edge.
04-12 21:35:29.713 16962 17037 W unknown:ReactNative: StatusBarModule: Ignored status bar change, current activity is edge-to-edge.
04-12 21:35:29.730 16962 17037 W unknown:ReactNative: StatusBarModule: Ignored status bar change, current activity is edge-to-edge.
04-12 21:35:29.746 16962 17037 W unknown:ReactNative: StatusBarModule: Ignored status bar change, current activity is edge-to-edge.
04-12 21:35:29.749 16962 16994 I DetoxWSClient: Sending out action 'invokeResult' (ID #8)
04-12 21:35:29.749 16962 16994 I DetoxDispatcher: Done with action 'invoke'
04-12 21:35:29.754 16962 16998 D DetoxWSClient: Received action 'invoke' (ID #9, params={"target":{"type":"Class","value":"com.wix.detox.espresso.EspressoDetox"},"method":"perform","args":[{"type":"Invocation","value":{"target":{"type":"Class","value":"com.wix.detox.espresso.DetoxMatcher"},"method":"matcherForTestId","args":["loginPassword",{"type":"boolean","value":false}]}},{"type":"Invocation","value":{"target":{"type":"Class","value":"com.wix.detox.espresso.DetoxViewActions"},"method":"typeText","args":["password123\n"]}}]})
04-12 21:35:29.760 16962 16994 I DetoxDispatcher: Handling action 'invoke' (ID #9)...
04-12 21:35:29.760 16962 16994 D Detox   : class com.wix.detox.espresso.DetoxMatcher, matcherForTestId, [loginPassword, false]
04-12 21:35:29.760 16962 16994 D Detox   : class com.wix.detox.espresso.DetoxViewActions, typeText, [password123
04-12 21:35:29.760 16962 16994 D Detox   : ]
04-12 21:35:29.760 16962 16994 D Detox   : class com.wix.detox.espresso.EspressoDetox, perform, [(view.getTag() is "loginPassword" and view has effective visibility <VISIBLE>), com.wix.detox.espresso.action.DetoxTypeTextAction@2c4aadc]
04-12 21:35:29.764 16962 16962 I ViewInteraction: Performing 'Click to focus & type text (password123
04-12 21:35:29.764 16962 16962 I ViewInteraction: )' action on view (view.getTag() is "loginPassword" and view has effective visibility <VISIBLE>)
04-12 21:35:29.806 16962 16962 I ImeTracker: com.panviravindra.comparez:f2cf1f18: onRequestShow at ORIGIN_CLIENT_SHOW_SOFT_INPUT reason SHOW_SOFT_INPUT
04-12 21:35:29.806 16962 16962 D InputMethodManager: showSoftInput() view=com.facebook.react.views.textinput.ReactEditText{923a00c VFED..CL. .F.P..ID 116,28-700,126 #61 aid=1073741825} flags=0 reason=SHOW_SOFT_INPUT
04-12 21:35:29.808 16962 16962 W WindowOnBackDispatcher: sendCancelIfRunning: isInProgress=falsecallback=ImeCallback=ImeOnBackInvokedCallback@12596647 Callback=android.window.IOnBackInvokedCallback$Stub$Proxy@f5f98c8
04-12 21:35:29.827 16962 16962 D InsetsController: show(ime(), fromIme=true)
04-12 21:35:29.827 16962 16962 I ImeTracker: com.panviravindra.comparez:3c51996f: onCancelled at PHASE_CLIENT_APPLY_ANIMATION
04-12 21:35:29.827 16962 16962 D InsetsController: show(ime(), fromIme=true)
04-12 21:35:29.827 16962 16962 I ImeTracker: com.panviravindra.comparez:f2cf1f18: onCancelled at PHASE_CLIENT_APPLY_ANIMATION
04-12 21:35:29.838 16962 16962 I ImeTracker: com.panviravindra.comparez:13c11a88: onRequestShow at ORIGIN_CLIENT_SHOW_SOFT_INPUT reason SHOW_SOFT_INPUT
04-12 21:35:29.838 16962 16962 D InputMethodManager: showSoftInput() view=com.facebook.react.views.textinput.ReactEditText{923a00c VFED..CL. .F.P.... 116,28-700,126 #61 aid=1073741825} flags=0 reason=SHOW_SOFT_INPUT
04-12 21:35:29.840 16962 16962 D InsetsController: show(ime(), fromIme=true)
04-12 21:35:29.840 16962 16962 I ImeTracker: com.panviravindra.comparez:13c11a88: onCancelled at PHASE_CLIENT_APPLY_ANIMATION
04-12 21:35:30.201 16962 16962 D UiControllerImpl: Injecting string: "password123
04-12 21:35:30.201 16962 16962 D UiControllerImpl: "
04-12 21:35:30.232 16962 17037 W unknown:ReactNative: StatusBarModule: Ignored status bar change, current activity is edge-to-edge.
04-12 21:35:30.276 16962 17037 W unknown:ReactNative: StatusBarModule: Ignored status bar change, current activity is edge-to-edge.
04-12 21:35:30.295 16962 17037 W unknown:ReactNative: StatusBarModule: Ignored status bar change, current activity is edge-to-edge.
04-12 21:35:30.312 16962 17037 W unknown:ReactNative: StatusBarModule: Ignored status bar change, current activity is edge-to-edge.
04-12 21:35:30.329 16962 17037 W unknown:ReactNative: StatusBarModule: Ignored status bar change, current activity is edge-to-edge.
04-12 21:35:30.346 16962 17037 W unknown:ReactNative: StatusBarModule: Ignored status bar change, current activity is edge-to-edge.
04-12 21:35:30.363 16962 17037 W unknown:ReactNative: StatusBarModule: Ignored status bar change, current activity is edge-to-edge.
04-12 21:35:30.379 16962 17037 W unknown:ReactNative: StatusBarModule: Ignored status bar change, current activity is edge-to-edge.
04-12 21:35:30.395 16962 17037 W unknown:ReactNative: StatusBarModule: Ignored status bar change, current activity is edge-to-edge.
04-12 21:35:30.411 16962 17037 W unknown:ReactNative: StatusBarModule: Ignored status bar change, current activity is edge-to-edge.
04-12 21:35:30.429 16962 17037 W unknown:ReactNative: StatusBarModule: Ignored status bar change, current activity is edge-to-edge.
04-12 21:35:30.433 16962 16962 I ImeTracker: com.panviravindra.comparez:2c8a586a: onRequestHide at ORIGIN_CLIENT_HIDE_SOFT_INPUT reason HIDE_SOFT_INPUT
04-12 21:35:30.451 16962 16962 W WindowOnBackDispatcher: sendCancelIfRunning: isInProgress=falsecallback=ImeCallback=ImeOnBackInvokedCallback@12596647 Callback=android.window.IOnBackInvokedCallback$Stub$Proxy@1cd4f2e
04-12 21:35:30.462 16962 16962 D InsetsController: show(ime(), fromIme=true)
04-12 21:35:30.462 16962 16962 I ImeTracker: com.panviravindra.comparez:1afa729a: onCancelled at PHASE_CLIENT_APPLY_ANIMATION
04-12 21:35:30.472 16962 16962 W WindowOnBackDispatcher: sendCancelIfRunning: isInProgress=falsecallback=ImeCallback=ImeOnBackInvokedCallback@12596647 Callback=android.window.IOnBackInvokedCallback$Stub$Proxy@d441606
04-12 21:35:30.472 16962 16962 I ImeTracker: com.panviravindra.comparez:7d9833aa: onRequestHide at ORIGIN_CLIENT_HIDE_SOFT_INPUT reason HIDE_SOFT_INPUT_BY_INSETS_API
04-12 21:35:30.472 16962 16962 I ImeTracker: com.panviravindra.comparez:2c8a586a: onHidden
04-12 21:35:30.488 16962 16962 I ImeTracker: com.panviravindra.comparez:21fc04b2: onRequestHide at ORIGIN_CLIENT_HIDE_SOFT_INPUT reason HIDE_SOFT_INPUT
04-12 21:35:30.488 16962 16994 I DetoxWSClient: Sending out action 'invokeResult' (ID #9)
04-12 21:35:30.489 16962 16994 I DetoxDispatcher: Done with action 'invoke'
04-12 21:35:30.491 16962 16998 D DetoxWSClient: Received action 'invoke' (ID #10, params={"target":{"type":"Class","value":"com.wix.detox.espresso.EspressoDetox"},"method":"perform","args":[{"type":"Invocation","value":{"target":{"type":"Class","value":"com.wix.detox.espresso.DetoxMatcher"},"method":"matcherForTestId","args":["loginBtn",{"type":"boolean","value":false}]}},{"type":"Invocation","value":{"target":{"type":"Class","value":"com.wix.detox.espresso.DetoxViewActions"},"method":"click","args":[]}}]})
04-12 21:35:30.491 16962 16994 I DetoxDispatcher: Handling action 'invoke' (ID #10)...
04-12 21:35:30.491 16962 16994 D Detox   : class com.wix.detox.espresso.DetoxMatcher, matcherForTestId, [loginBtn, false]
04-12 21:35:30.492 16962 16994 D Detox   : class com.wix.detox.espresso.DetoxViewActions, click, []
04-12 21:35:30.492 16962 16994 D Detox   : class com.wix.detox.espresso.EspressoDetox, perform, [(view.getTag() is "loginBtn" and view has effective visibility <VISIBLE>), com.wix.detox.espresso.action.RNClickAction@6fb8c92]
04-12 21:35:30.493 16962 16962 I ViewInteraction: Performing 'com.wix.detox.espresso.action.detoxsingletap@8db8663 click' action on view (view.getTag() is "loginBtn" and view has effective visibility <VISIBLE>)
04-12 21:35:30.554 16962 17055 D TrafficStats: tagSocket(140) with statsTag=0xffffffff, statsUid=-1
04-12 21:35:30.556 16962 17037 W unknown:ReactNative: StatusBarModule: Ignored status bar change, current activity is edge-to-edge.
04-12 21:35:30.570 16962 16962 I ImeTracker: com.panviravindra.comparez:5ec98930: onRequestHide at ORIGIN_CLIENT_HIDE_SOFT_INPUT reason HIDE_SOFT_INPUT
04-12 21:35:30.576 16962 17005 D EGL_emulation: app_time_stats: avg=35.20ms min=12.49ms max=415.19ms count=29
04-12 21:35:30.576 16962 16962 I ImeTracker: com.panviravindra.comparez:84809790: onRequestHide at ORIGIN_CLIENT_HIDE_SOFT_INPUT reason HIDE_SOFT_INPUT
04-12 21:35:30.901 16962 16994 I DetoxWSClient: Sending out action 'invokeResult' (ID #10)
04-12 21:35:30.902 16962 16994 I DetoxDispatcher: Done with action 'invoke'
04-12 21:35:30.911 16962 16998 D DetoxWSClient: Received action 'invoke' (ID #11, params={"target":{"type":"Class","value":"com.wix.detox.espresso.DetoxAssertion"},"method":"waitForAssertMatcher","args":[{"type":"Invocation","value":{"target":{"type":"Class","value":"androidx.test.espresso.Espresso"},"method":"onView","args":[{"type":"Invocation","value":{"target":{"type":"Class","value":"com.wix.detox.espresso.DetoxMatcher"},"method":"matcherForTestId","args":["homeSearchCta",{"type":"boolean","value":false}]}}]}},{"type":"Invocation","value":{"target":{"type":"Class","value":"com.wix.detox.espresso.DetoxMatcher"},"method":"matcherForSufficientlyVisible","args":[{"type":"Integer","value":75}]}},{"type":"Double","value":5}]})
04-12 21:35:30.912 16962 16994 I DetoxDispatcher: Handling action 'invoke' (ID #11)...
04-12 21:35:30.913 16962 16994 D Detox   : class com.wix.detox.espresso.DetoxMatcher, matcherForTestId, [homeSearchCta, false]
04-12 21:35:30.913 16962 16994 D Detox   : class androidx.test.espresso.Espresso, onView, [(view.getTag() is "homeSearchCta" and view has effective visibility <VISIBLE>)]
04-12 21:35:30.915 16962 16994 D Detox   : class com.wix.detox.espresso.DetoxMatcher, matcherForSufficientlyVisible, [75]
04-12 21:35:30.915 16962 16994 D Detox   : class com.wix.detox.espresso.DetoxAssertion, waitForAssertMatcher, [androidx.test.espresso.ViewInteraction@155a984, (view has effective visibility <VISIBLE> and view.getGlobalVisibleRect() covers at least <75> percent of the view's area), 5.0]
04-12 21:35:30.929 16962 16962 I ViewInteraction: Checking 'MatchesViewAssertion(Detox){viewMatcher=(view has effective visibility <VISIBLE> and view.getGlobalVisibleRect() covers at least <75> percent of the view's area)}' assertion on view (view.getTag() is "homeSearchCta" and view has effective visibility <VISIBLE>)
04-12 21:35:30.939 16962 17036 D Detox.RNMarker: NATIVE_MODULE_SETUP_START (DialogManagerAndroid)
04-12 21:35:30.939 16962 17036 D Detox.RNMarker: CREATE_MODULE_START (DialogManagerAndroid)
04-12 21:35:30.941 16962 17036 D Detox.RNMarker: CREATE_MODULE_END (DialogManagerAndroid)
04-12 21:35:30.941 16962 17036 D Detox.RNMarker: NATIVE_MODULE_SETUP_END (DialogManagerAndroid)
04-12 21:35:30.944 16962 16962 W WindowOnBackDispatcher: OnBackInvokedCallback is not enabled for the application.
04-12 21:35:30.944 16962 16962 W WindowOnBackDispatcher: Set 'android:enableOnBackInvokedCallback="true"' in the application manifest.
04-12 21:35:30.954 16962 16962 D CompatibilityChangeReporter: Compat change id reported: 171228096; UID 10209; state: ENABLED
04-12 21:35:30.974 16962 17005 E OpenGLRenderer: Unable to match the desired swap behavior.
04-12 21:35:31.001 16962 17036 D Detox.RNMarker: NATIVE_MODULE_SETUP_START (RNEdgeToEdge)
04-12 21:35:31.047 16962 17037 W unknown:ReactNative: Attempt to set local data for view with unknown tag: -1
04-12 21:35:31.048 16962 17037 W unknown:ReactNative: Attempt to set local data for view with unknown tag: -1
04-12 21:35:31.048 16962 17037 W unknown:ReactNative: Attempt to set local data for view with unknown tag: -1
04-12 21:35:31.048 16962 17037 W unknown:ReactNative: Attempt to set local data for view with unknown tag: -1
04-12 21:35:31.048 16962 17037 W unknown:ReactNative: Attempt to set local data for view with unknown tag: -1
04-12 21:35:31.048 16962 17037 W unknown:ReactNative: Attempt to set local data for view with unknown tag: -1
04-12 21:35:31.050 16962 17037 W unknown:ReactNative: StatusBarModule: Ignored status bar change, current activity is edge-to-edge.
04-12 21:35:31.066 16962 16962 I ViewInteraction: Checking 'MatchesViewAssertion(Detox){viewMatcher=(view has effective visibility <VISIBLE> and view.getGlobalVisibleRect() covers at least <75> percent of the view's area)}' assertion on view (view.getTag() is "homeSearchCta" and view has effective visibility <VISIBLE>)
04-12 21:35:31.087 16962 17036 D Detox.RNMarker: NATIVE_MODULE_SETUP_START (RNEdgeToEdge)
04-12 21:35:31.145 16962 16962 I ViewInteraction: Checking 'MatchesViewAssertion(Detox){viewMatcher=(view has effective visibility <VISIBLE> and view.getGlobalVisibleRect() covers at least <75> percent of the view's area)}' assertion on view (view.getTag() is "homeSearchCta" and view has effective visibility <VISIBLE>)
04-12 21:35:31.175 16962 16962 I ViewInteraction: Checking 'MatchesViewAssertion(Detox){viewMatcher=(view has effective visibility <VISIBLE> and view.getGlobalVisibleRect() covers at least <75> percent of the view's area)}' assertion on view (view.getTag() is "homeSearchCta" and view has effective visibility <VISIBLE>)
04-12 21:35:31.203 16962 16962 I ViewInteraction: Checking 'MatchesViewAssertion(Detox){viewMatcher=(view has effective visibility <VISIBLE> and view.getGlobalVisibleRect() covers at least <75> percent of the view's area)}' assertion on view (view.getTag() is "homeSearchCta" and view has effective visibility <VISIBLE>)
04-12 21:35:31.232 16962 16962 I ViewInteraction: Checking 'MatchesViewAssertion(Detox){viewMatcher=(view has effective visibility <VISIBLE> and view.getGlobalVisibleRect() covers at least <75> percent of the view's area)}' assertion on view (view.getTag() is "homeSearchCta" and view has effective visibility <VISIBLE>)
04-12 21:35:31.261 16962 16962 I ViewInteraction: Checking 'MatchesViewAssertion(Detox){viewMatcher=(view has effective visibility <VISIBLE> and view.getGlobalVisibleRect() covers at least <75> percent of the view's area)}' assertion on view (view.getTag() is "homeSearchCta" and view has effective visibility <VISIBLE>)
04-12 21:35:31.291 16962 16962 I ViewInteraction: Checking 'MatchesViewAssertion(Detox){viewMatcher=(view has effective visibility <VISIBLE> and view.getGlobalVisibleRect() covers at least <75> percent of the view's area)}' assertion on view (view.getTag() is "homeSearchCta" and view has effective visibility <VISIBLE>)
04-12 21:35:31.320 16962 16962 I ViewInteraction: Checking 'MatchesViewAssertion(Detox){viewMatcher=(view has effective visibility <VISIBLE> and view.getGlobalVisibleRect() covers at least <75> percent of the view's area)}' assertion on view (view.getTag() is "homeSearchCta" and view has effective visibility <VISIBLE>)
04-12 21:35:31.351 16962 16962 I ViewInteraction: Checking 'MatchesViewAssertion(Detox){viewMatcher=(view has effective visibility <VISIBLE> and view.getGlobalVisibleRect() covers at least <75> percent of the view's area)}' assertion on view (view.getTag() is "homeSearchCta" and view has effective visibility <VISIBLE>)
04-12 21:35:31.383 16962 16962 I ViewInteraction: Checking 'MatchesViewAssertion(Detox){viewMatcher=(view has effective visibility <VISIBLE> and view.getGlobalVisibleRect() covers at least <75> percent of the view's area)}' assertion on view (view.getTag() is "homeSearchCta" and view has effective visibility <VISIBLE>)
04-12 21:35:31.414 16962 16962 I ViewInteraction: Checking 'MatchesViewAssertion(Detox){viewMatcher=(view has effective visibility <VISIBLE> and view.getGlobalVisibleRect() covers at least <75> percent of the view's area)}' assertion on view (view.getTag() is "homeSearchCta" and view has effective visibility <VISIBLE>)
04-12 21:35:31.444 16962 16962 I ViewInteraction: Checking 'MatchesViewAssertion(Detox){viewMatcher=(view has effective visibility <VISIBLE> and view.getGlobalVisibleRect() covers at least <75> percent of the view's area)}' assertion on view (view.getTag() is "homeSearchCta" and view has effective visibility <VISIBLE>)
04-12 21:35:31.473 16962 16962 I ViewInteraction: Checking 'MatchesViewAssertion(Detox){viewMatcher=(view has effective visibility <VISIBLE> and view.getGlobalVisibleRect() covers at least <75> percent of the view's area)}' assertion on view (view.getTag() is "homeSearchCta" and view has effective visibility <VISIBLE>)
04-12 21:35:31.502 16962 16962 I ViewInteraction: Checking 'MatchesViewAssertion(Detox){viewMatcher=(view has effective visibility <VISIBLE> and view.getGlobalVisibleRect() covers at least <75> percent of the view's area)}' assertion on view (view.getTag() is "homeSearchCta" and view has effective visibility <VISIBLE>)
04-12 21:35:31.533 16962 16962 I ViewInteraction: Checking 'MatchesViewAssertion(Detox){viewMatcher=(view has effective visibility <VISIBLE> and view.getGlobalVisibleRect() covers at least <75> percent of the view's area)}' assertion on view (view.getTag() is "homeSearchCta" and view has effective visibility <VISIBLE>)
04-12 21:35:31.563 16962 16962 I ViewInteraction: Checking 'MatchesViewAssertion(Detox){viewMatcher=(view has effective visibility <VISIBLE> and view.getGlobalVisibleRect() covers at least <75> percent of the view's area)}' assertion on view (view.getTag() is "homeSearchCta" and view has effective visibility <VISIBLE>)
04-12 21:35:31.592 16962 16962 I ViewInteraction: Checking 'MatchesViewAssertion(Detox){viewMatcher=(view has effective visibility <VISIBLE> and view.getGlobalVisibleRect() covers at least <75> percent of the view's area)}' assertion on view (view.getTag() is "homeSearchCta" and view has effective visibility <VISIBLE>)
04-12 21:35:31.621 16962 16962 I ViewInteraction: Checking 'MatchesViewAssertion(Detox){viewMatcher=(view has effective visibility <VISIBLE> and view.getGlobalVisibleRect() covers at least <75> percent of the view's area)}' assertion on view (view.getTag() is "homeSearchCta" and view has effective visibility <VISIBLE>)
04-12 21:35:31.650 16962 16962 I ViewInteraction: Checking 'MatchesViewAssertion(Detox){viewMatcher=(view has effective visibility <VISIBLE> and view.getGlobalVisibleRect() covers at least <75> percent of the view's area)}' assertion on view (view.getTag() is "homeSearchCta" and view has effective visibility <VISIBLE>)
