--------- beginning of main
04-14 01:05:59.290  8059  8059 D nativeloader: Configuring clns-9 for other apk /system/framework/android.test.runner.jar:/system/framework/android.test.mock.jar:/system/framework/android.test.base.jar:/data/app/~~xkmNXVAkM7j4hKOM62JTXQ==/com.panviravindra.comparez.test-Q5Y3_zVO2ojCNGs5hqVQVA==/base.apk:/data/app/~~hu03SsNQoRArDPApDmCyaQ==/com.panviravindra.comparez-AwpNfrbmoVXBrCa6Pk4CFA==/base.apk. target_sdk_version=36, uses_libraries=, library_path=/data/app/~~xkmNXVAkM7j4hKOM62JTXQ==/com.panviravindra.comparez.test-Q5Y3_zVO2ojCNGs5hqVQVA==/lib/x86_64:/data/app/~~hu03SsNQoRArDPApDmCyaQ==/com.panviravindra.comparez-AwpNfrbmoVXBrCa6Pk4CFA==/lib/x86_64:/data/app/~~xkmNXVAkM7j4hKOM62JTXQ==/com.panviravindra.comparez.test-Q5Y3_zVO2ojCNGs5hqVQVA==/base.apk!/lib/x86_64:/data/app/~~hu03SsNQoRArDPApDmCyaQ==/com.panviravindra.comparez-AwpNfrbmoVXBrCa6Pk4CFA==/base.apk!/lib/x86_64, permitted_path=/data:/mnt/expand:/data/user/0/com.panviravindra.comparez
04-14 01:05:59.296  8059  8059 I vindra.comparez: AssetManager2(0x78d8d667ecb8) locale list changing from [] to [en-US]
04-14 01:05:59.303  8059  8059 V GraphicsEnvironment: Currently set values for:
04-14 01:05:59.303  8059  8059 V GraphicsEnvironment:   angle_gl_driver_selection_pkgs=[]
04-14 01:05:59.303  8059  8059 V GraphicsEnvironment:   angle_gl_driver_selection_values=[]
04-14 01:05:59.303  8059  8059 V GraphicsEnvironment: com.panviravindra.comparez is not listed in per-application setting
04-14 01:05:59.304  8059  8059 V GraphicsEnvironment: ANGLE allowlist from config: com.dreamgames.royalmatch com.dts.freefiremax com.dxx.firenow com.gramgames.mergedragons com.ludo.king com.mojang.minecraftpe com.my.defense com.nintendo.zaka com.os.airforce com.playrix.fishdomdd.gplay io.teslatech.callbreak jp.konami.prospia net.peakgames.toonblast
04-14 01:05:59.304  8059  8059 V GraphicsEnvironment: com.panviravindra.comparez is not listed in ANGLE allowlist or settings, returning default
04-14 01:05:59.304  8059  8059 V GraphicsEnvironment: Neither updatable production driver nor prerelease driver is supported.
04-14 01:05:59.307  8059  8059 D ApplicationLoaders: Returning zygote-cached class loader: /system/framework/android.test.base.jar
04-14 01:05:59.309  8059  8059 D nativeloader: Configuring clns-10 for other apk /system/framework/android.test.mock.jar. target_sdk_version=36, uses_libraries=ALL, library_path=/data/app/~~xkmNXVAkM7j4hKOM62JTXQ==/com.panviravindra.comparez.test-Q5Y3_zVO2ojCNGs5hqVQVA==/lib/x86_64:/data/app/~~hu03SsNQoRArDPApDmCyaQ==/com.panviravindra.comparez-AwpNfrbmoVXBrCa6Pk4CFA==/lib/x86_64, permitted_path=/data:/mnt/expand
04-14 01:05:59.310  8059  8059 D ApplicationLoaders: Returning zygote-cached class loader: /system/framework/android.test.base.jar
04-14 01:05:59.312  8059  8059 D nativeloader: Configuring clns-11 for other apk /system/framework/android.test.runner.jar. target_sdk_version=36, uses_libraries=ALL, library_path=/data/app/~~xkmNXVAkM7j4hKOM62JTXQ==/com.panviravindra.comparez.test-Q5Y3_zVO2ojCNGs5hqVQVA==/lib/x86_64:/data/app/~~hu03SsNQoRArDPApDmCyaQ==/com.panviravindra.comparez-AwpNfrbmoVXBrCa6Pk4CFA==/lib/x86_64, permitted_path=/data:/mnt/expand
04-14 01:05:59.314  8059  8059 W vindra.comparez: ClassLoaderContext shared library size mismatch. Expected=2, found=3 (PCL[]{PCL[/system/framework/android.test.base.jar*2789897741]#PCL[/system/framework/android.test.mock.jar*3361312393]} | PCL[]{PCL[/system/framework/android.test.base.jar*2789897741]#PCL[/system/framework/android.test.mock.jar*3361312393]#PCL[/system/framework/android.test.runner.jar*895143020]{PCL[/system/framework/android.test.base.jar*2789897741]#PCL[/system/framework/android.test.mock.jar*3361312393]}};PCL[/system/framework/android.test.runner.jar*895143020:/system/framework/android.test.mock.jar*3361312393:/system/framework/android.test.base.jar*2789897741:/data/app/~~xkmNXVAkM7j4hKOM62JTXQ==/com.panviravindra.comparez.test-Q5Y3_zVO2ojCNGs5hqVQVA==/base.apk*411959157:/data/app/~~hu03SsNQoRArDPApDmCyaQ==/com.panviravindra.comparez-AwpNfrbmoVXBrCa6Pk4CFA==/base.apk*2906283556])
04-14 01:05:59.315  8059  8059 W vindra.comparez: ClassLoaderContext classpath size mismatch. expected=0, found=1 (PCL[] | PCL[/system/framework/android.test.runner.jar*895143020]{PCL[/system/framework/android.test.base.jar*2789897741]#PCL[/system/framework/android.test.mock.jar*3361312393]#PCL[/system/framework/android.test.runner.jar*895143020]{PCL[/system/framework/android.test.base.jar*2789897741]#PCL[/system/framework/android.test.mock.jar*3361312393]}};PCL[/system/framework/android.test.runner.jar*895143020:/system/framework/android.test.mock.jar*3361312393:/system/framework/android.test.base.jar*2789897741:/data/app/~~xkmNXVAkM7j4hKOM62JTXQ==/com.panviravindra.comparez.test-Q5Y3_zVO2ojCNGs5hqVQVA==/base.apk*411959157:/data/app/~~hu03SsNQoRArDPApDmCyaQ==/com.panviravindra.comparez-AwpNfrbmoVXBrCa6Pk4CFA==/base.apk*2906283556])
04-14 01:05:59.318  8059  8059 W vindra.comparez: ClassLoaderContext classpath size mismatch. expected=0, found=2 (PCL[] | PCL[/system/framework/android.test.runner.jar*895143020:/system/framework/android.test.mock.jar*3361312393]{PCL[/system/framework/android.test.base.jar*2789897741]#PCL[/system/framework/android.test.mock.jar*3361312393]#PCL[/system/framework/android.test.runner.jar*895143020]{PCL[/system/framework/android.test.base.jar*2789897741]#PCL[/system/framework/android.test.mock.jar*3361312393]}};PCL[/system/framework/android.test.runner.jar*895143020:/system/framework/android.test.mock.jar*3361312393:/system/framework/android.test.base.jar*2789897741:/data/app/~~xkmNXVAkM7j4hKOM62JTXQ==/com.panviravindra.comparez.test-Q5Y3_zVO2ojCNGs5hqVQVA==/base.apk*411959157:/data/app/~~hu03SsNQoRArDPApDmCyaQ==/com.panviravindra.comparez-AwpNfrbmoVXBrCa6Pk4CFA==/base.apk*2906283556])
04-14 01:05:59.787  8059  8059 I vindra.comparez: AssetManager2(0x78d8d6683498) locale list changing from [] to [en-US]
04-14 01:05:59.808  8059  8059 I AndroidJUnitRunner: newApplication com.panviravindra.comparez.MainApplication
04-14 01:05:59.927  8059  8059 I AndroidJUnitRunner: onCreate Bundle[mParcelledData.dataSize=240]
04-14 01:05:59.928  8059  8059 D AndroidJUnitRunner: Use the raw file system for managing file I/O.
04-14 01:06:00.052  8059  8059 V TestEventClient: No service name argument was given (testDiscoveryService, testRunEventService or orchestratorService)
04-14 01:06:00.053  8059  8086 D AndroidJUnitRunner: onStart is called.
04-14 01:06:00.063  8059  8059 W SoLoader: Initializing SoLoader: 0
04-14 01:06:00.064  8059  8059 W SoLoader: Recording new base apk path: /data/app/~~hu03SsNQoRArDPApDmCyaQ==/com.panviravindra.comparez-AwpNfrbmoVXBrCa6Pk4CFA==/base.apk
04-14 01:06:00.064  8059  8059 W SoLoader: Previously recorded 0 base apk paths.
04-14 01:06:00.066  8059  8059 I SoLoader: Preparing SO source: DirectorySoSource[root = /vendor/lib64 flags = 2]
04-14 01:06:00.066  8059  8059 I SoLoader: Preparing SO source: DirectorySoSource[root = /system/lib64 flags = 2]
04-14 01:06:00.066  8059  8059 I SoLoader: Preparing SO source: DirectApkSoSource[root = [/data/app/~~hu03SsNQoRArDPApDmCyaQ==/com.panviravindra.comparez-AwpNfrbmoVXBrCa6Pk4CFA==/base.apk!/lib/x86_64]]
04-14 01:06:00.137  8059  8059 I SoLoader: Preparing SO source: ApplicationSoSource[DirectorySoSource[root = /data/app/~~hu03SsNQoRArDPApDmCyaQ==/com.panviravindra.comparez-AwpNfrbmoVXBrCa6Pk4CFA==/lib/x86_64 flags = 0]]
04-14 01:06:00.137  8059  8059 I SoLoader: init finish: 4 SO sources prepared
04-14 01:06:00.137  8059  8059 W SoLoader: SoLoader initialized: 8
04-14 01:06:00.148  8059  8086 I InstrConnection: Could not send broadcast or register receiver (isolatedProcess?)
04-14 01:06:00.154  8059  8086 D TestRequestBuilder: Using class path scanning to discover tests
04-14 01:06:00.155  8059  8086 I TestRequestBuilder: Scanning classpath to find tests in paths [/data/app/~~xkmNXVAkM7j4hKOM62JTXQ==/com.panviravindra.comparez.test-Q5Y3_zVO2ojCNGs5hqVQVA==/base.apk]
04-14 01:06:00.156  8059  8086 W vindra.comparez: Opening an oat file without a class loader. Are you using the deprecated DexFile APIs?
04-14 01:06:00.692  8059  8086 I TestRunner: run started: 1 tests
04-14 01:06:00.693  8059  8086 I TestRunner: started: runDetoxTests(com.panviravindra.comparez.DetoxTest)
04-14 01:06:00.698  8059  8086 I Detox   : Detox server connection details: url=ws://localhost:33773, sessionId=be9204c0-a6f4-5120-cf4f-526b09272c1c
04-14 01:06:00.707  8059  8086 I Tracing : Tracer added: class androidx.test.platform.tracing.AndroidXTracer
04-14 01:06:00.720  8059  8086 I vindra.comparez: hiddenapi: Accessing hidden field Ljava/lang/reflect/Field;->accessFlags:I (runtime_flags=0, domain=core-platform, api=unsupported) from Lorg/joor/Reflect; (domain=app) using reflection: allowed
04-14 01:06:00.723  8059  8086 I Detox   : Connecting to server...
04-14 01:06:00.724  8059  8086 I DetoxWSClient: At connectToServer
04-14 01:06:00.828  8059  8093 D DetoxWSClient: At onOpen
04-14 01:06:00.828  8059  8093 I DetoxWSClient: Sending out action 'login' (ID #0)
04-14 01:06:00.829  8059  8093 I Detox   : Connected to server!
04-14 01:06:00.834  8059  8093 D DetoxWSClient: Received action 'loginSuccess' (ID #0, params={"testerConnected":true,"appConnected":true})
04-14 01:06:00.835  8059  8089 I DetoxDispatcher: Handling action 'loginSuccess' (ID #0)...
04-14 01:06:00.836  8059  8086 I Detox   : Launching the tested activity!
04-14 01:06:00.836  8059  8089 I DetoxDispatcher: Done with action 'loginSuccess'
04-14 01:06:00.898  8059  8093 D DetoxWSClient: Received action 'isReady' (ID #-1000, params={})
04-14 01:06:00.901  8059  8089 I DetoxDispatcher: Handling action 'isReady' (ID #-1000)...
--------- beginning of system
04-14 01:06:01.117  8059  8100 I DisplayManager: Choreographer implicitly registered for the refresh rate.
04-14 01:06:01.161  8059  8059 I vindra.comparez: AssetManager2(0x78d8d66888f8) locale list changing from [] to [en-US]
04-14 01:06:01.304  8059  8100 I EGL_emulation: Opening libGLESv1_CM_emulation.so
04-14 01:06:01.304  8059  8100 I EGL_emulation: Opening libGLESv2_emulation.so
04-14 01:06:01.320  8059  8100 W HWUI    : Failed to initialize 101010-2 format, error = EGL_SUCCESS
04-14 01:06:01.341  8059  8059 D AppCompatDelegate: Checking for metadata for AppLocalesMetadataHolderService : Service not found
04-14 01:06:01.342  8059  8059 I vindra.comparez: AssetManager2(0x78d8d668b198) locale list changing from [] to [en-US]
04-14 01:06:01.349  8059  8059 E ashmem  : Pinning is deprecated since Android Q. Please use trim or other methods.
04-14 01:06:01.354  8059  8059 D LifecycleMonitor: Lifecycle status change: com.panviravindra.comparez.MainActivity@dce3ec2 in: PRE_ON_CREATE
04-14 01:06:01.577  8059  8059 D nativeloader: Load /data/app/~~hu03SsNQoRArDPApDmCyaQ==/com.panviravindra.comparez-AwpNfrbmoVXBrCa6Pk4CFA==/base.apk!/lib/x86_64/libc++_shared.so using class loader ns clns-9 (caller=/data/app/~~hu03SsNQoRArDPApDmCyaQ==/com.panviravindra.comparez-AwpNfrbmoVXBrCa6Pk4CFA==/base.apk): ok
04-14 01:06:01.617  8059  8059 D nativeloader: Load /data/app/~~hu03SsNQoRArDPApDmCyaQ==/com.panviravindra.comparez-AwpNfrbmoVXBrCa6Pk4CFA==/base.apk!/lib/x86_64/libjsi.so using class loader ns clns-9 (caller=/data/app/~~hu03SsNQoRArDPApDmCyaQ==/com.panviravindra.comparez-AwpNfrbmoVXBrCa6Pk4CFA==/base.apk): ok
04-14 01:06:01.640  8059  8059 D nativeloader: Load /data/app/~~hu03SsNQoRArDPApDmCyaQ==/com.panviravindra.comparez-AwpNfrbmoVXBrCa6Pk4CFA==/base.apk!/lib/x86_64/libfbjni.so using class loader ns clns-9 (caller=/data/app/~~hu03SsNQoRArDPApDmCyaQ==/com.panviravindra.comparez-AwpNfrbmoVXBrCa6Pk4CFA==/base.apk): ok
04-14 01:06:01.664  8059  8059 D nativeloader: Load /data/app/~~hu03SsNQoRArDPApDmCyaQ==/com.panviravindra.comparez-AwpNfrbmoVXBrCa6Pk4CFA==/base.apk!/lib/x86_64/libreactnative.so using class loader ns clns-9 (caller=/data/app/~~hu03SsNQoRArDPApDmCyaQ==/com.panviravindra.comparez-AwpNfrbmoVXBrCa6Pk4CFA==/base.apk): ok
04-14 01:06:01.665  8059  8059 D jni_lib_merge: Entering merged library JNI_OnLoad.
04-14 01:06:01.666  8059  8059 D jni_lib_merge: Preparing 12 pre-merged libs (including stub)
04-14 01:06:01.666  8059  8059 D jni_lib_merge: Preparing to register libfabricjni_so.  onload_func: 0x78d6979bd550
04-14 01:06:01.666  8059  8059 D jni_lib_merge: Preparing to register libreact_devsupportjni_so.  onload_func: 0x78d697baac30
04-14 01:06:01.666  8059  8059 D jni_lib_merge: Preparing to register libreact_featureflagsjni_so.  onload_func: 0x78d697bb8780
04-14 01:06:01.666  8059  8059 D jni_lib_merge: Preparing to register libreact_newarchdefaults_so.  onload_func: 0x78d697c1d1f0
04-14 01:06:01.666  8059  8059 D jni_lib_merge: Preparing to register libreactnativeblob_so.  onload_func: 0x78d697e05400
04-14 01:06:01.666  8059  8059 D jni_lib_merge: Preparing to register libreactnativejni_so.  onload_func: 0x78d697e4fcb0
04-14 01:06:01.666  8059  8059 D jni_lib_merge: Preparing to register libreactnativejni_common_so.  onload_func: 0x78d697e5fab0
04-14 01:06:01.666  8059  8059 D jni_lib_merge: Preparing to register librninstance_so.  onload_func: 0x78d697ea5920
04-14 01:06:01.666  8059  8059 D jni_lib_merge: Preparing to register libturbomodulejsijni_so.  onload_func: 0x78d697fc46a0
04-14 01:06:01.666  8059  8059 D jni_lib_merge: Preparing to register libuimanagerjni_so.  onload_func: 0x78d697fdc920
04-14 01:06:01.666  8059  8059 D jni_lib_merge: Preparing to register libyoga_so.  onload_func: 0x78d697feb8b0
04-14 01:06:01.666  8059  8059 D jni_lib_merge: About to register 11 actual methods.
04-14 01:06:01.690  8059  8059 D Detox.RNMarker: BUILD_REACT_INSTANCE_MANAGER_START (null)
04-14 01:06:01.709  8059  8059 D Detox.RNMarker: BUILD_REACT_INSTANCE_MANAGER_END (null)
04-14 01:06:01.710  8059  8059 W SoLoader: SoLoader already initialized
04-14 01:06:01.727  8059  8059 D nativeloader: Load /data/app/~~hu03SsNQoRArDPApDmCyaQ==/com.panviravindra.comparez-AwpNfrbmoVXBrCa6Pk4CFA==/base.apk!/lib/x86_64/libhermes.so using class loader ns clns-9 (caller=/data/app/~~hu03SsNQoRArDPApDmCyaQ==/com.panviravindra.comparez-AwpNfrbmoVXBrCa6Pk4CFA==/base.apk): ok
04-14 01:06:01.762  8059  8059 D nativeloader: Load /data/app/~~hu03SsNQoRArDPApDmCyaQ==/com.panviravindra.comparez-AwpNfrbmoVXBrCa6Pk4CFA==/base.apk!/lib/x86_64/libhermestooling.so using class loader ns clns-9 (caller=/data/app/~~hu03SsNQoRArDPApDmCyaQ==/com.panviravindra.comparez-AwpNfrbmoVXBrCa6Pk4CFA==/base.apk): ok
04-14 01:06:01.762  8059  8059 D jni_lib_merge: Entering merged library JNI_OnLoad.
04-14 01:06:01.762  8059  8059 D jni_lib_merge: Preparing 4 pre-merged libs (including stub)
04-14 01:06:01.762  8059  8059 D jni_lib_merge: Preparing to register libhermes_executor_so.  onload_func: 0x78d692a68ce0
04-14 01:06:01.762  8059  8059 D jni_lib_merge: Preparing to register libhermesinstancejni_so.  onload_func: 0x78d692a9b700
04-14 01:06:01.762  8059  8059 D jni_lib_merge: Preparing to register libjsijniprofiler_so.  onload_func: 0x78d692a9d470
04-14 01:06:01.762  8059  8059 D jni_lib_merge: About to register 3 actual methods.
04-14 01:06:01.764  8059  8059 W SoLoader: SoLoader already initialized
04-14 01:06:01.815  8059  8059 D CompatChangeReporter: Compat change id reported: 377864165; UID 10234; state: ENABLED
04-14 01:06:01.818  8059  8122 W unknown:ReactNative: The packager does not seem to be running as we got an IOException requesting its status: unexpected end of stream on http://10.0.2.2:8081/...
04-14 01:06:01.819  8059  8059 D DesktopModeFlags: Toggle override initialized to: OVERRIDE_UNSET
04-14 01:06:01.847  8059  8059 I vindra.comparez: hiddenapi: Accessing hidden method Landroid/view/ViewGroup;->makeOptionalFitsSystemWindows()V (runtime_flags=0, domain=platform, api=unsupported) from Landroidx/appcompat/widget/ViewUtils; (domain=app) using reflection: allowed
04-14 01:06:01.857  8059  8059 D LifecycleMonitor: Lifecycle status change: com.panviravindra.comparez.MainActivity@dce3ec2 in: CREATED
04-14 01:06:01.860  8059  8059 D LifecycleMonitor: Lifecycle status change: com.panviravindra.comparez.MainActivity@dce3ec2 in: STARTED
04-14 01:06:01.861  8059  8059 W WindowOnBackDispatcher: OnBackInvokedCallback is not enabled for the application.
04-14 01:06:01.861  8059  8059 W WindowOnBackDispatcher: Set 'android:enableOnBackInvokedCallback="true"' in the application manifest.
04-14 01:06:01.873  8059  8059 D LifecycleMonitor: Lifecycle status change: com.panviravindra.comparez.MainActivity@dce3ec2 in: RESUMED
04-14 01:06:01.877  8059  8123 W unknown:ReconnectingWebSocket: Couldn't connect to "ws://10.0.2.2:8081/message?device=sdk_gphone64_x86_64%20-%2016%20-%20API%2036&app=com.panviravindra.comparez&clientid=BridgeDevSupportManager", will silently retry
04-14 01:06:01.892  8059  8059 W HWUI    : Unknown dataspace 0
04-14 01:06:01.935  8059  8059 D Detox.RNMarker: REACT_BRIDGE_LOADING_START (null)
04-14 01:06:01.939  8059  8129 D Detox.RNMarker: CREATE_REACT_CONTEXT_START (HermesExecutorDebug)
04-14 01:06:01.942  8059  8059 W unknown:ReactNative: Packager connection already open, nooping.
04-14 01:06:02.106  8059  8129 D Detox.RNMarker: PROCESS_PACKAGES_START (null)
04-14 01:06:02.124  8059  8129 D Detox.RNMarker: CREATE_MODULE_START (FrescoModule)
04-14 01:06:02.157  8059  8129 D Detox.RNMarker: CREATE_MODULE_END (FrescoModule)
04-14 01:06:02.514  8059  8059 D InsetsController: hide(ime(), fromIme=false)
04-14 01:06:02.516  8059  8059 I ImeTracker: com.panviravindra.comparez:6fd42c72: onCancelled at PHASE_CLIENT_ALREADY_HIDDEN
04-14 01:06:03.140  8059  8129 I ExpoModulesCore: ✅ AppContext was initialized
04-14 01:06:03.141  8059  8129 D Detox.RNMarker: PROCESS_PACKAGES_END (null)
04-14 01:06:03.148  8059  8129 D Detox.RNMarker: CREATE_CATALYST_INSTANCE_START (null)
04-14 01:06:03.236  8059  8129 D Detox.RNMarker: CREATE_CATALYST_INSTANCE_END (null)
04-14 01:06:03.246  8059  8129 D Detox.RNMarker: PRE_RUN_JS_BUNDLE_START (null)
04-14 01:06:03.260  8059  8129 E unknown:ReactNative: Exception in native call
04-14 01:06:03.260  8059  8129 E unknown:ReactNative: java.lang.RuntimeException: Unable to load script.
04-14 01:06:03.260  8059  8129 E unknown:ReactNative: 
04-14 01:06:03.260  8059  8129 E unknown:ReactNative: Make sure you're running Metro or that your bundle 'index.android.bundle' is packaged correctly for release.
04-14 01:06:03.260  8059  8129 E unknown:ReactNative: 
04-14 01:06:03.260  8059  8129 E unknown:ReactNative: The device must either be USB connected (with bundler set to "localhost:8081") or be on the same Wi-Fi network as your computer (with bundler set to your computer IP) to connect to Metro.
04-14 01:06:03.260  8059  8129 E unknown:ReactNative: 
04-14 01:06:03.260  8059  8129 E unknown:ReactNative: If you're using USB on a physical device, make sure you also run this command:
04-14 01:06:03.260  8059  8129 E unknown:ReactNative:   adb reverse tcp:8081 tcp:8081
04-14 01:06:03.260  8059  8129 E unknown:ReactNative: 	at com.facebook.react.bridge.CatalystInstanceImpl.jniLoadScriptFromAssets(Native Method)
04-14 01:06:03.260  8059  8129 E unknown:ReactNative: 	at com.facebook.react.bridge.CatalystInstanceImpl.loadScriptFromAssets(CatalystInstanceImpl.java:245)
04-14 01:06:03.260  8059  8129 E unknown:ReactNative: 	at com.facebook.react.bridge.JSBundleLoader$Companion$createAssetLoader$1.loadScript(JSBundleLoader.kt:33)
04-14 01:06:03.260  8059  8129 E unknown:ReactNative: 	at com.facebook.react.bridge.CatalystInstanceImpl.runJSBundle(CatalystInstanceImpl.java:274)
04-14 01:06:03.260  8059  8129 E unknown:ReactNative: 	at com.facebook.react.ReactInstanceManager.createReactContext(ReactInstanceManager.java:1525)
04-14 01:06:03.260  8059  8129 E unknown:ReactNative: 	at com.facebook.react.ReactInstanceManager.lambda$runCreateReactContextOnNewThread$2(ReactInstanceManager.java:1222)
04-14 01:06:03.260  8059  8129 E unknown:ReactNative: 	at com.facebook.react.ReactInstanceManager.$r8$lambda$PrBhihCbbAFk4ZReAALGanVLCyc(Unknown Source:0)
04-14 01:06:03.260  8059  8129 E unknown:ReactNative: 	at com.facebook.react.ReactInstanceManager$$ExternalSyntheticLambda1.run(D8$$SyntheticClass:0)
04-14 01:06:03.260  8059  8129 E unknown:ReactNative: 	at java.lang.Thread.run(Thread.java:1119)
04-14 01:06:03.269  8059  8156 D Detox.RNMarker: CREATE_REACT_CONTEXT_END (null)
04-14 01:06:03.361  8059  8059 W HWUI    : Image decoding logging dropped!
04-14 01:06:04.019  8059  8063 I vindra.comparez: Compiler allocated 5042KB to compile void android.view.ViewRootImpl.performTraversals()
04-14 01:06:04.645  8059  8059 I Choreographer: Skipped 61 frames!  The application may be doing too much work on its main thread.
04-14 01:06:04.695  8059  8069 I HWUI    : Davey! duration=1101ms; Flags=1, FrameTimelineVsyncId=19504, IntendedVsync=4064470301493, Vsync=4064520301491, InputEventId=0, HandleInputStart=4064527828429, AnimationStart=4064527829780, PerformTraversalsStart=4064527831075, DrawStart=4064774878752, FrameDeadline=4064486968159, FrameStartTime=4064527818321, FrameInterval=16666666, WorkloadTarget=16666666, SyncQueued=4064811124132, SyncStart=4064812519507, IssueDrawCommandsStart=4064812715039, SwapBuffers=4065361142469, FrameCompleted=4065573221181, DequeueBufferDuration=6190, QueueBufferDuration=6047095, GpuCompleted=4065572626143, SwapBuffersCompleted=4065573221181, DisplayPresentTime=-70583797501576345, CommandSubmissionCompleted=4065361142469, 
04-14 01:06:05.138  8059  8137 I HWUI    : Davey! duration=1466ms; Flags=0, FrameTimelineVsyncId=19526, IntendedVsync=4064553634823, Vsync=4065570301449, InputEventId=0, HandleInputStart=4065576939386, AnimationStart=4065576941120, PerformTraversalsStart=4065577440515, DrawStart=4065577526192, FrameDeadline=4065603634781, FrameStartTime=4065576282885, FrameInterval=16666666, WorkloadTarget=16666666, SyncQueued=4065578163742, SyncStart=4065578234871, IssueDrawCommandsStart=4065578283754, SwapBuffers=4065677228209, FrameCompleted=4066020472627, DequeueBufferDuration=6036, QueueBufferDuration=24597904, GpuCompleted=4066020389828, SwapBuffersCompleted=4066020472627, DisplayPresentTime=-69631783640468825, CommandSubmissionCompleted=4065677228209, 
04-14 01:06:05.191  8059  8059 I ReactNativeJNI: Error occurred, shutting down websocket connection: WebSocket exception unexpected end of stream on http://10.0.2.2:8081/...
04-14 01:06:05.206  8059  8059 D InsetsController: hide(ime(), fromIme=false)
04-14 01:06:05.206  8059  8059 I ImeTracker: com.panviravindra.comparez:85f400cb: onCancelled at PHASE_CLIENT_ALREADY_HIDDEN
04-14 01:06:06.129  8059  8182 D ProfileInstaller: Installing profile for com.panviravindra.comparez
04-14 01:06:06.732  8059  8059 I ReactNativeJNI: Error occurred, shutting down websocket connection: WebSocket exception unexpected end of stream on http://10.0.2.2:8081/...
04-14 01:06:08.737  8059  8059 I ReactNativeJNI: Error occurred, shutting down websocket connection: WebSocket exception unexpected end of stream on http://10.0.2.2:8081/...
04-14 01:06:10.745  8059  8059 I ReactNativeJNI: Error occurred, shutting down websocket connection: WebSocket exception unexpected end of stream on http://10.0.2.2:8081/...
04-14 01:06:10.843  8059  8093 D DetoxWSClient: Received action 'currentStatus' (ID #3, params={})
04-14 01:06:10.844  8059  8090 I DetoxDispatcher: Handling action 'currentStatus' (ID #3)...
04-14 01:06:10.927  8059  8064 I vindra.comparez: Background concurrent mark compact GC freed 13MB AllocSpace bytes, 17(1112KB) LOS objects, 49% free, 5600KB/10MB, paused 309us,5.697ms total 66.782ms
04-14 01:06:12.745  8059  8059 I ReactNativeJNI: Error occurred, shutting down websocket connection: WebSocket exception unexpected end of stream on http://10.0.2.2:8081/...
04-14 01:06:14.748  8059  8059 I ReactNativeJNI: Error occurred, shutting down websocket connection: WebSocket exception unexpected end of stream on http://10.0.2.2:8081/...
04-14 01:06:16.749  8059  8059 I ReactNativeJNI: Error occurred, shutting down websocket connection: WebSocket exception unexpected end of stream on http://10.0.2.2:8081/...
04-14 01:06:18.767  8059  8059 I ReactNativeJNI: Error occurred, shutting down websocket connection: WebSocket exception unexpected end of stream on http://10.0.2.2:8081/...
04-14 01:06:20.760  8059  8059 I ReactNativeJNI: Error occurred, shutting down websocket connection: WebSocket exception unexpected end of stream on http://10.0.2.2:8081/...
04-14 01:06:22.765  8059  8059 I ReactNativeJNI: Error occurred, shutting down websocket connection: WebSocket exception unexpected end of stream on http://10.0.2.2:8081/...
04-14 01:06:24.773  8059  8059 I ReactNativeJNI: Error occurred, shutting down websocket connection: WebSocket exception unexpected end of stream on http://10.0.2.2:8081/...
04-14 01:06:26.768  8059  8059 I ReactNativeJNI: Error occurred, shutting down websocket connection: WebSocket exception unexpected end of stream on http://10.0.2.2:8081/...
04-14 01:06:28.771  8059  8059 I ReactNativeJNI: Error occurred, shutting down websocket connection: WebSocket exception unexpected end of stream on http://10.0.2.2:8081/...
04-14 01:06:30.772  8059  8059 I ReactNativeJNI: Error occurred, shutting down websocket connection: WebSocket exception unexpected end of stream on http://10.0.2.2:8081/...
04-14 01:06:32.790  8059  8059 I ReactNativeJNI: Error occurred, shutting down websocket connection: WebSocket exception unexpected end of stream on http://10.0.2.2:8081/...
04-14 01:06:34.778  8059  8059 I ReactNativeJNI: Error occurred, shutting down websocket connection: WebSocket exception unexpected end of stream on http://10.0.2.2:8081/...
04-14 01:06:36.780  8059  8059 I ReactNativeJNI: Error occurred, shutting down websocket connection: WebSocket exception unexpected end of stream on http://10.0.2.2:8081/...
04-14 01:06:38.790  8059  8059 I ReactNativeJNI: Error occurred, shutting down websocket connection: WebSocket exception unexpected end of stream on http://10.0.2.2:8081/...
04-14 01:06:40.786  8059  8059 I ReactNativeJNI: Error occurred, shutting down websocket connection: WebSocket exception unexpected end of stream on http://10.0.2.2:8081/...
04-14 01:06:42.795  8059  8059 I ReactNativeJNI: Error occurred, shutting down websocket connection: WebSocket exception unexpected end of stream on http://10.0.2.2:8081/...
04-14 01:06:44.795  8059  8059 I ReactNativeJNI: Error occurred, shutting down websocket connection: WebSocket exception unexpected end of stream on http://10.0.2.2:8081/...
04-14 01:06:46.801  8059  8059 I ReactNativeJNI: Error occurred, shutting down websocket connection: WebSocket exception unexpected end of stream on http://10.0.2.2:8081/...
04-14 01:06:48.799  8059  8059 I ReactNativeJNI: Error occurred, shutting down websocket connection: WebSocket exception unexpected end of stream on http://10.0.2.2:8081/...
04-14 01:06:50.803  8059  8059 I ReactNativeJNI: Error occurred, shutting down websocket connection: WebSocket exception unexpected end of stream on http://10.0.2.2:8081/...
04-14 01:06:52.818  8059  8059 I ReactNativeJNI: Error occurred, shutting down websocket connection: WebSocket exception unexpected end of stream on http://10.0.2.2:8081/...
04-14 01:06:54.814  8059  8059 I ReactNativeJNI: Error occurred, shutting down websocket connection: WebSocket exception unexpected end of stream on http://10.0.2.2:8081/...
04-14 01:06:56.811  8059  8059 I ReactNativeJNI: Error occurred, shutting down websocket connection: WebSocket exception unexpected end of stream on http://10.0.2.2:8081/...
04-14 01:06:58.814  8059  8059 I ReactNativeJNI: Error occurred, shutting down websocket connection: WebSocket exception unexpected end of stream on http://10.0.2.2:8081/...
04-14 01:07:00.819  8059  8059 I ReactNativeJNI: Error occurred, shutting down websocket connection: WebSocket exception unexpected end of stream on http://10.0.2.2:8081/...
04-14 01:07:02.823  8059  8059 I ReactNativeJNI: Error occurred, shutting down websocket connection: WebSocket exception unexpected end of stream on http://10.0.2.2:8081/...
04-14 01:07:04.833  8059  8059 I ReactNativeJNI: Error occurred, shutting down websocket connection: WebSocket exception unexpected end of stream on http://10.0.2.2:8081/...
04-14 01:07:06.831  8059  8059 I ReactNativeJNI: Error occurred, shutting down websocket connection: WebSocket exception unexpected end of stream on http://10.0.2.2:8081/...
04-14 01:07:08.828  8059  8059 I ReactNativeJNI: Error occurred, shutting down websocket connection: WebSocket exception unexpected end of stream on http://10.0.2.2:8081/...
04-14 01:07:10.832  8059  8059 I ReactNativeJNI: Error occurred, shutting down websocket connection: WebSocket exception unexpected end of stream on http://10.0.2.2:8081/...
04-14 01:07:12.834  8059  8059 I ReactNativeJNI: Error occurred, shutting down websocket connection: WebSocket exception unexpected end of stream on http://10.0.2.2:8081/...
04-14 01:07:14.837  8059  8059 I ReactNativeJNI: Error occurred, shutting down websocket connection: WebSocket exception unexpected end of stream on http://10.0.2.2:8081/...
04-14 01:07:16.838  8059  8059 I ReactNativeJNI: Error occurred, shutting down websocket connection: WebSocket exception unexpected end of stream on http://10.0.2.2:8081/...
04-14 01:07:18.840  8059  8059 I ReactNativeJNI: Error occurred, shutting down websocket connection: WebSocket exception unexpected end of stream on http://10.0.2.2:8081/...
04-14 01:07:20.854  8059  8059 I ReactNativeJNI: Error occurred, shutting down websocket connection: WebSocket exception unexpected end of stream on http://10.0.2.2:8081/...
04-14 01:07:22.854  8059  8059 I ReactNativeJNI: Error occurred, shutting down websocket connection: WebSocket exception unexpected end of stream on http://10.0.2.2:8081/...
04-14 01:07:24.850  8059  8059 I ReactNativeJNI: Error occurred, shutting down websocket connection: WebSocket exception unexpected end of stream on http://10.0.2.2:8081/...
04-14 01:07:26.865  8059  8059 I ReactNativeJNI: Error occurred, shutting down websocket connection: WebSocket exception unexpected end of stream on http://10.0.2.2:8081/...
04-14 01:07:28.864  8059  8059 I ReactNativeJNI: Error occurred, shutting down websocket connection: WebSocket exception unexpected end of stream on http://10.0.2.2:8081/...
04-14 01:07:30.865  8059  8059 I ReactNativeJNI: Error occurred, shutting down websocket connection: WebSocket exception unexpected end of stream on http://10.0.2.2:8081/...
04-14 01:07:32.874  8059  8059 I ReactNativeJNI: Error occurred, shutting down websocket connection: WebSocket exception unexpected end of stream on http://10.0.2.2:8081/...
04-14 01:07:34.871  8059  8059 I ReactNativeJNI: Error occurred, shutting down websocket connection: WebSocket exception unexpected end of stream on http://10.0.2.2:8081/...
04-14 01:07:36.870  8059  8059 I ReactNativeJNI: Error occurred, shutting down websocket connection: WebSocket exception unexpected end of stream on http://10.0.2.2:8081/...
04-14 01:07:38.872  8059  8059 I ReactNativeJNI: Error occurred, shutting down websocket connection: WebSocket exception unexpected end of stream on http://10.0.2.2:8081/...
04-14 01:07:40.877  8059  8059 I ReactNativeJNI: Error occurred, shutting down websocket connection: WebSocket exception unexpected end of stream on http://10.0.2.2:8081/...
04-14 01:07:42.876  8059  8059 I ReactNativeJNI: Error occurred, shutting down websocket connection: WebSocket exception unexpected end of stream on http://10.0.2.2:8081/...
04-14 01:07:44.881  8059  8059 I ReactNativeJNI: Error occurred, shutting down websocket connection: WebSocket exception unexpected end of stream on http://10.0.2.2:8081/...
04-14 01:07:46.887  8059  8059 I ReactNativeJNI: Error occurred, shutting down websocket connection: WebSocket exception unexpected end of stream on http://10.0.2.2:8081/...
04-14 01:07:48.918  8059  8059 I ReactNativeJNI: Error occurred, shutting down websocket connection: WebSocket exception unexpected end of stream on http://10.0.2.2:8081/...
04-14 01:07:50.894  8059  8059 I ReactNativeJNI: Error occurred, shutting down websocket connection: WebSocket exception unexpected end of stream on http://10.0.2.2:8081/...
04-14 01:07:52.896  8059  8059 I ReactNativeJNI: Error occurred, shutting down websocket connection: WebSocket exception unexpected end of stream on http://10.0.2.2:8081/...
04-14 01:07:54.903  8059  8059 I ReactNativeJNI: Error occurred, shutting down websocket connection: WebSocket exception unexpected end of stream on http://10.0.2.2:8081/...
04-14 01:07:56.920  8059  8059 I ReactNativeJNI: Error occurred, shutting down websocket connection: WebSocket exception unexpected end of stream on http://10.0.2.2:8081/...
04-14 01:07:58.908  8059  8059 I ReactNativeJNI: Error occurred, shutting down websocket connection: WebSocket exception unexpected end of stream on http://10.0.2.2:8081/...
04-14 01:08:00.916  8059  8059 I ReactNativeJNI: Error occurred, shutting down websocket connection: WebSocket exception unexpected end of stream on http://10.0.2.2:8081/...
04-14 01:08:02.662  8059  8089 W vindra.comparez: Long monitor contention with owner Instr: androidx.test.runner.AndroidJUnitRunner (8086) at void com.wix.detox.DetoxMain.launchActivityOnCue(android.content.Context, com.wix.detox.ActivityLaunchHelper)(DetoxMain.kt:53) waiters=0 in void com.wix.detox.DetoxMain$setupActionHandlers$SynchronizedActionHandler.handle(java.lang.String, long) for 121.761s
04-14 01:08:02.674  8059  8059 I vindra.comparez: hiddenapi: Accessing hidden field Landroid/app/Activity;->mResultCode:I (runtime_flags=0, domain=platform, api=unsupported) from Landroidx/test/rule/ActivityTestRule; (domain=app) using reflection: allowed
04-14 01:08:02.674  8059  8059 I vindra.comparez: hiddenapi: Accessing hidden field Landroid/app/Activity;->mResultData:Landroid/content/Intent; (runtime_flags=0, domain=platform, api=unsupported) from Landroidx/test/rule/ActivityTestRule; (domain=app) using reflection: allowed
04-14 01:08:02.687  8059  8059 W WindowOnBackDispatcher: sendCancelIfRunning: isInProgress=false callback=android.view.ViewRootImpl$$ExternalSyntheticLambda13@fc09904
04-14 01:08:02.704  8059  8059 D LifecycleMonitor: Lifecycle status change: com.panviravindra.comparez.MainActivity@dce3ec2 in: PAUSED
04-14 01:08:02.762  8059  8059 I Detox   : Wait is over: App is now idle!
04-14 01:08:02.766  8059  8086 E TestRunner: failed: runDetoxTests(com.panviravindra.comparez.DetoxTest)
04-14 01:08:02.768  8059  8086 E TestRunner: ----- begin exception -----
04-14 01:08:02.768  8059  8086 E TestRunner: com.wix.detox.common.DetoxErrors$DetoxRuntimeException: Waited for the new RN-context for too long! (120 seconds)
04-14 01:08:02.768  8059  8086 E TestRunner: If you think that's not long enough, consider applying a custom Detox runtime-config in DetoxTest.runTests().
04-14 01:08:02.768  8059  8086 E TestRunner: 	at com.wix.detox.reactnative.ReactNativeLoadingMonitor.awaitNewRNContext(ReactNativeLoadingMonitor.kt:54)
04-14 01:08:02.768  8059  8086 E TestRunner: 	at com.wix.detox.reactnative.ReactNativeLoadingMonitor.getNewContext(ReactNativeLoadingMonitor.kt:26)
04-14 01:08:02.768  8059  8086 E TestRunner: 	at com.wix.detox.reactnative.ReactNativeExtension.awaitNewReactNativeContext(ReactNativeExtension.kt:127)
04-14 01:08:02.768  8059  8086 E TestRunner: 	at com.wix.detox.reactnative.ReactNativeExtension.waitForRNBootstrap(ReactNativeExtension.kt:37)
04-14 01:08:02.768  8059  8086 E TestRunner: 	at com.wix.detox.DetoxMain.launchActivity(DetoxMain.kt:133)
04-14 01:08:02.768  8059  8086 E TestRunner: 	at com.wix.detox.DetoxMain.launchActivityOnCue(DetoxMain.kt:55)
04-14 01:08:02.768  8059  8086 E TestRunner: 	at com.wix.detox.DetoxMain.run(DetoxMain.kt:35)
04-14 01:08:02.768  8059  8086 E TestRunner: 	at com.wix.detox.Detox.runTests(Detox.java:127)
04-14 01:08:02.768  8059  8086 E TestRunner: 	at com.wix.detox.Detox.runTests(Detox.java:94)
04-14 01:08:02.768  8059  8086 E TestRunner: 	at com.panviravindra.comparez.DetoxTest.runDetoxTests(DetoxTest.java:27)
04-14 01:08:02.768  8059  8086 E TestRunner: 	at java.lang.reflect.Method.invoke(Native Method)
04-14 01:08:02.768  8059  8086 E TestRunner: 	at org.junit.runners.model.FrameworkMethod$1.runReflectiveCall(FrameworkMethod.java:59)
04-14 01:08:02.768  8059  8086 E TestRunner: 	at org.junit.internal.runners.model.ReflectiveCallable.run(ReflectiveCallable.java:12)
04-14 01:08:02.768  8059  8086 E TestRunner: 	at org.junit.runners.model.FrameworkMethod.invokeExplosively(FrameworkMethod.java:56)
04-14 01:08:02.768  8059  8086 E TestRunner: 	at org.junit.internal.runners.statements.InvokeMethod.evaluate(InvokeMethod.java:17)
04-14 01:08:02.768  8059  8086 E TestRunner: 	at androidx.test.rule.ActivityTestRule$ActivityStatement.evaluate(ActivityTestRule.java:522)
04-14 01:08:02.768  8059  8086 E TestRunner: 	at org.junit.runners.ParentRunner$3.evaluate(ParentRunner.java:306)
04-14 01:08:02.768  8059  8086 E TestRunner: 	at org.junit.runners.BlockJUnit4ClassRunner$1.evaluate(BlockJUnit4ClassRunner.java:100)
04-14 01:08:02.768  8059  8086 E TestRunner: 	at org.junit.runners.ParentRunner.runLeaf(ParentRunner.java:366)
04-14 01:08:02.768  8059  8086 E TestRunner: 	at org.junit.runners.BlockJUnit4ClassRunner.runChild(BlockJUnit4ClassRunner.java:103)
04-14 01:08:02.768  8059  8086 E TestRunner: 	at org.junit.runners.BlockJUnit4ClassRunner.runChild(BlockJUnit4ClassRunner.java:63)
04-14 01:08:02.768  8059  8086 E TestRunner: 	at org.junit.runners.ParentRunner$4.run(ParentRunner.java:331)
04-14 01:08:02.768  8059  8086 E TestRunner: 	at org.junit.runners.ParentRunner$1.schedule(ParentRunner.java:79)
04-14 01:08:02.768  8059  8086 E TestRunner: 	at org.junit.runners.ParentRunner.runChildren(ParentRunner.java:329)
04-14 01:08:02.768  8059  8086 E TestRunner: 	at org.junit.runners.ParentRunner.access$100(ParentRunner.java:66)
04-14 01:08:02.768  8059  8086 E TestRunner: 	at org.junit.runners.ParentRunner$2.evaluate(ParentRunner.java:293)
04-14 01:08:02.768  8059  8086 E TestRunner: 	at org.junit.runners.ParentRunner$3.evaluate(ParentRunner.java:306)
04-14 01:08:02.768  8059  8086 E TestRunner: 	at org.junit.runners.ParentRunner.run(ParentRunner.java:413)
04-14 01:08:02.768  8059  8086 E TestRunner: 	at androidx.test.ext.junit.runners.AndroidJUnit4.run(AndroidJUnit4.java:162)
04-14 01:08:02.768  8059  8086 E TestRunner: 	at org.junit.runners.Suite.runChild(Suite.java:128)
04-14 01:08:02.768  8059  8086 E TestRunner: 	at org.junit.runners.Suite.runChild(Suite.java:27)
04-14 01:08:02.768  8059  8086 E TestRunner: 	at org.junit.runners.ParentRunner$4.run(ParentRunner.java:331)
04-14 01:08:02.768  8059  8086 E TestRunner: 	at org.junit.runners.ParentRunner$1.schedule(ParentRunner.java:79)
04-14 01:08:02.768  8059  8086 E TestRunner: 	at org.junit.runners.ParentRunner.runChildren(ParentRunner.java:329)
04-14 01:08:02.768  8059  8086 E TestRunner: 	at org.junit.runners.ParentRunner.access$100(ParentRunner.java:66)
04-14 01:08:02.768  8059  8086 E TestRunner: 	at org.junit.runners.ParentRunner$2.evaluate(ParentRunner.java:293)
04-14 01:08:02.768  8059  8086 E TestRunner: 	at org.junit.runners.ParentRunner$3.evaluate(ParentRunner.java:306)
04-14 01:08:02.768  8059  8086 E TestRunner: 	at org.junit.runners.ParentRunner.run(ParentRunner.java:413)
04-14 01:08:02.768  8059  8086 E TestRunner: 	at org.junit.runner.JUnitCore.run(JUnitCore.java:137)
04-14 01:08:02.768  8059  8086 E TestRunner: 	at org.junit.runner.JUnitCore.run(JUnitCore.java:115)
04-14 01:08:02.768  8059  8086 E TestRunner: 	at androidx.test.internal.runner.TestExecutor.execute(TestExecutor.java:68)
04-14 01:08:02.768  8059  8086 E TestRunner: 	at androidx.test.internal.runner.TestExecutor.execute(TestExecutor.java:59)
04-14 01:08:02.768  8059  8086 E TestRunner: 	at androidx.test.runner.AndroidJUnitRunner.onStart(AndroidJUnitRunner.java:467)
04-14 01:08:02.768  8059  8086 E TestRunner: 	at android.app.Instrumentation$InstrumentationThread.run(Instrumentation.java:2597)
04-14 01:08:02.770  8059  8086 E TestRunner: ----- end exception -----
04-14 01:08:02.775  8059  8089 I DetoxWSClient: Sending out action 'ready' (ID #-1000)
04-14 01:08:02.800  8059  8086 I TestRunner: finished: runDetoxTests(com.panviravindra.comparez.DetoxTest)
04-14 01:08:02.831  8059  8090 W vindra.comparez: Long monitor contention with owner Instr: androidx.test.runner.AndroidJUnitRunner (8086) at void com.wix.detox.DetoxMain.launchActivityOnCue(android.content.Context, com.wix.detox.ActivityLaunchHelper)(DetoxMain.kt:53) waiters=1 in void com.wix.detox.DetoxMain$setupActionHandlers$SynchronizedActionHandler.handle(java.lang.String, long) for 111.987s
04-14 01:08:02.844  8059  8089 I DetoxDispatcher: D