--------- beginning of main
04-12 19:12:12.053  9663  9663 W ziparchive: Unable to open '/data/app/~~jFf0PL4tICkL3kRQ8bCwyw==/com.panviravindra.comparez-SIMfUVP8vrS-GyXY-3yYjg==/base.dm': No such file or directory
04-12 19:12:12.054  9663  9663 W ziparchive: Unable to open '/data/app/~~jFf0PL4tICkL3kRQ8bCwyw==/com.panviravindra.comparez-SIMfUVP8vrS-GyXY-3yYjg==/base.dm': No such file or directory
04-12 19:12:12.657  9663  9663 I AndroidJUnitRunner: newApplication com.panviravindra.comparez.MainApplication
04-12 19:12:12.944  9663  9663 I AndroidJUnitRunner: onCreate Bundle[mParcelledData.dataSize=240]
04-12 19:12:12.946  9663  9663 D AndroidJUnitRunner: Use the raw file system for managing file I/O.
04-12 19:12:12.958  9663  9663 V TestEventClient: No service name argument was given (testDiscoveryService, testRunEventService or orchestratorService)
04-12 19:12:12.963  9663  9696 D AndroidJUnitRunner: onStart is called.
04-12 19:12:12.965  9663  9663 W SoLoader: Initializing SoLoader: 0
04-12 19:12:12.967  9663  9663 W SoLoader: Recording new base apk path: /data/app/~~jFf0PL4tICkL3kRQ8bCwyw==/com.panviravindra.comparez-SIMfUVP8vrS-GyXY-3yYjg==/base.apk
04-12 19:12:12.967  9663  9663 W SoLoader: Previously recorded 0 base apk paths.
04-12 19:12:12.970  9663  9663 I SoLoader: Preparing SO source: DirectorySoSource[root = /vendor/lib64 flags = 2]
04-12 19:12:12.972  9663  9663 I SoLoader: Preparing SO source: DirectorySoSource[root = /system/lib64 flags = 2]
04-12 19:12:12.972  9663  9663 I SoLoader: Preparing SO source: DirectApkSoSource[root = [/data/app/~~jFf0PL4tICkL3kRQ8bCwyw==/com.panviravindra.comparez-SIMfUVP8vrS-GyXY-3yYjg==/base.apk!/lib/arm64-v8a]]
04-12 19:12:13.079  9663  9663 I SoLoader: Preparing SO source: ApplicationSoSource[DirectorySoSource[root = /data/app/~~jFf0PL4tICkL3kRQ8bCwyw==/com.panviravindra.comparez-SIMfUVP8vrS-GyXY-3yYjg==/lib/arm64 flags = 0]]
04-12 19:12:13.079  9663  9663 I SoLoader: init finish: 4 SO sources prepared
04-12 19:12:13.080  9663  9663 W SoLoader: SoLoader initialized: 8
04-12 19:12:13.091  9663  9696 I InstrConnection: Could not send broadcast or register receiver (isolatedProcess?)
04-12 19:12:13.096  9663  9696 D TestRequestBuilder: Using class path scanning to discover tests
04-12 19:12:13.097  9663  9696 I TestRequestBuilder: Scanning classpath to find tests in paths [/data/app/~~0zF509mf1bIOxpgP-dMF3Q==/com.panviravindra.comparez.test-QkOdw0cnZUeW_zur7xsT4w==/base.apk]
04-12 19:12:13.100  9663  9696 W vindra.comparez: Opening an oat file without a class loader. Are you using the deprecated DexFile APIs?
04-12 19:12:14.874  9663  9696 I TestRunner: run started: 1 tests
04-12 19:12:14.876  9663  9696 I TestRunner: started: runDetoxTests(com.panviravindra.comparez.DetoxTest)
04-12 19:12:14.893  9663  9696 I Detox   : Detox server connection details: url=ws://localhost:63824, sessionId=3764c1cc-1521-7bed-5349-1453b57f1d44
04-12 19:12:14.902  9663  9696 W FileTestStorage: Output properties is not supported.
04-12 19:12:14.904  9663  9696 I Tracing : Tracer added: class androidx.test.platform.tracing.AndroidXTracer
04-12 19:12:14.914  9663  9696 D EventInjectionStrategy: Creating injection strategy with input manager.
04-12 19:12:14.915  9663  9696 W vindra.comparez: Accessing hidden method Landroid/hardware/input/InputManager;->getInstance()Landroid/hardware/input/InputManager; (unsupported, reflection, allowed)
04-12 19:12:14.916  9663  9696 W vindra.comparez: Accessing hidden method Landroid/hardware/input/InputManager;->injectInputEvent(Landroid/view/InputEvent;I)Z (unsupported, reflection, allowed)
04-12 19:12:14.916  9663  9696 W vindra.comparez: Accessing hidden field Landroid/hardware/input/InputManager;->INJECT_INPUT_EVENT_MODE_WAIT_FOR_FINISH:I (unsupported, reflection, allowed)
04-12 19:12:14.933  9663  9696 W vindra.comparez: Accessing hidden field Ljava/lang/reflect/Field;->accessFlags:I (unsupported, reflection, allowed)
04-12 19:12:14.938  9663  9696 I Detox   : Connecting to server...
04-12 19:12:14.938  9663  9696 I DetoxWSClient: At connectToServer
04-12 19:12:15.024  9663  9704 D TrafficStats: tagSocket(85) with statsTag=0xffffffff, statsUid=-1
04-12 19:12:15.045  9663  9704 D DetoxWSClient: At onOpen
04-12 19:12:15.045  9663  9704 I DetoxWSClient: Sending out action 'login' (ID #0)
04-12 19:12:15.048  9663  9704 I Detox   : Connected to server!
04-12 19:12:15.056  9663  9704 D DetoxWSClient: Received action 'loginSuccess' (ID #0, params={"testerConnected":true,"appConnected":true})
04-12 19:12:15.057  9663  9700 I DetoxDispatcher: Handling action 'loginSuccess' (ID #0)...
04-12 19:12:15.058  9663  9696 I Detox   : Launching the tested activity!
04-12 19:12:15.061  9663  9700 I DetoxDispatcher: Done with action 'loginSuccess'
04-12 19:12:15.113  9663  9704 D DetoxWSClient: Received action 'isReady' (ID #-1000, params={})
04-12 19:12:15.131  9663  9700 I DetoxDispatcher: Handling action 'isReady' (ID #-1000)...
04-12 19:12:15.294  9663  9713 D libEGL  : loaded /vendor/lib64/egl/libEGL_emulation.so
04-12 19:12:15.299  9663  9713 D libEGL  : loaded /vendor/lib64/egl/libGLESv1_CM_emulation.so
04-12 19:12:15.428  9663  9713 D libEGL  : loaded /vendor/lib64/egl/libGLESv2_emulation.so
04-12 19:12:15.459  9663  9663 D AppCompatDelegate: Checking for metadata for AppLocalesMetadataHolderService : Service not found
04-12 19:12:15.480  9663  9663 D LifecycleMonitor: Lifecycle status change: com.panviravindra.comparez.MainActivity@ae286b3 in: PRE_ON_CREATE
04-12 19:12:15.611  9663  9663 D jni_lib_merge: Entering merged library JNI_OnLoad.
04-12 19:12:15.612  9663  9663 D jni_lib_merge: Preparing 12 pre-merged libs (including stub)
04-12 19:12:15.612  9663  9663 D jni_lib_merge: Preparing to register libfabricjni_so.  onload_func: 0x6cc365dce0
04-12 19:12:15.612  9663  9663 D jni_lib_merge: Preparing to register libreact_devsupportjni_so.  onload_func: 0x6cc3857fc8
04-12 19:12:15.613  9663  9663 D jni_lib_merge: Preparing to register libreact_featureflagsjni_so.  onload_func: 0x6cc3866518
04-12 19:12:15.613  9663  9663 D jni_lib_merge: Preparing to register libreact_newarchdefaults_so.  onload_func: 0x6cc38ce6a8
04-12 19:12:15.613  9663  9663 D jni_lib_merge: Preparing to register libreactnativeblob_so.  onload_func: 0x6cc3abecb4
04-12 19:12:15.613  9663  9663 D jni_lib_merge: Preparing to register libreactnativejni_so.  onload_func: 0x6cc3b0c6bc
04-12 19:12:15.613  9663  9663 D jni_lib_merge: Preparing to register libreactnativejni_common_so.  onload_func: 0x6cc3b1d044
04-12 19:12:15.613  9663  9663 D jni_lib_merge: Preparing to register librninstance_so.  onload_func: 0x6cc3b64764
04-12 19:12:15.613  9663  9663 D jni_lib_merge: Preparing to register libturbomodulejsijni_so.  onload_func: 0x6cc3c7cf68
04-12 19:12:15.613  9663  9663 D jni_lib_merge: Preparing to register libuimanagerjni_so.  onload_func: 0x6cc3c95fb8
04-12 19:12:15.613  9663  9663 D jni_lib_merge: Preparing to register libyoga_so.  onload_func: 0x6cc3ca5a3c
04-12 19:12:15.613  9663  9663 D jni_lib_merge: About to register 11 actual methods.
04-12 19:12:15.631  9663  9663 D Detox.RNMarker: BUILD_REACT_INSTANCE_MANAGER_START (null)
04-12 19:12:15.657  9663  9663 D Detox.RNMarker: BUILD_REACT_INSTANCE_MANAGER_END (null)
04-12 19:12:15.659  9663  9663 W SoLoader: SoLoader already initialized
04-12 19:12:15.697  9663  9663 D jni_lib_merge: Entering merged library JNI_OnLoad.
04-12 19:12:15.697  9663  9663 D jni_lib_merge: Preparing 4 pre-merged libs (including stub)
04-12 19:12:15.698  9663  9663 D jni_lib_merge: Preparing to register libhermes_executor_so.  onload_func: 0x6cbd9347e0
04-12 19:12:15.698  9663  9663 D jni_lib_merge: Preparing to register libhermesinstancejni_so.  onload_func: 0x6cbd96a26c
04-12 19:12:15.698  9663  9663 D jni_lib_merge: Preparing to register libjsijniprofiler_so.  onload_func: 0x6cbd96c2bc
04-12 19:12:15.698  9663  9663 D jni_lib_merge: About to register 3 actual methods.
04-12 19:12:15.704  9663  9663 W SoLoader: SoLoader already initialized
04-12 19:12:15.787  9663  9663 W vindra.comparez: Accessing hidden method Landroid/view/ViewGroup;->makeOptionalFitsSystemWindows()V (unsupported, reflection, allowed)
04-12 19:12:15.797  9663  9663 D LifecycleMonitor: Lifecycle status change: com.panviravindra.comparez.MainActivity@ae286b3 in: CREATED
04-12 19:12:15.806  9663  9663 D LifecycleMonitor: Lifecycle status change: com.panviravindra.comparez.MainActivity@ae286b3 in: STARTED
04-12 19:12:15.812  9663  9663 D LifecycleMonitor: Lifecycle status change: com.panviravindra.comparez.MainActivity@ae286b3 in: RESUMED
04-12 19:12:15.818  9663  9663 D CompatibilityChangeReporter: Compat change id reported: 237531167; UID 10207; state: DISABLED
04-12 19:12:15.820  9663  9663 W OpenGLRenderer: Unknown dataspace 0
04-12 19:12:15.833  9663  9720 D TrafficStats: tagSocket(94) with statsTag=0xffffffff, statsUid=-1
04-12 19:12:15.896  9663  9712 W OpenGLRenderer: Failed to choose config with EGL_SWAP_BEHAVIOR_PRESERVED, retrying without...
04-12 19:12:15.897  9663  9712 W OpenGLRenderer: Failed to initialize 101010-2 format, error = EGL_SUCCESS
04-12 19:12:15.948  9663  9712 I Gralloc4: mapper 4.x is not supported
04-12 19:12:15.964  9663  9712 E OpenGLRenderer: Unable to match the desired swap behavior.
04-12 19:12:16.092  9663  9663 D Detox.RNMarker: DOWNLOAD_START (null)
04-12 19:12:16.164  9663  9663 D CompatibilityChangeReporter: Compat change id reported: 210923482; UID 10207; state: ENABLED
04-12 19:12:16.367  9663  9712 E OpenGLRenderer: Unable to match the desired swap behavior.
04-12 19:12:16.427  9663  9720 W vindra.comparez: Verification of void com.facebook.react.devsupport.MultipartStreamReader.<clinit>() took 181.322ms (49.64 bytecodes/s) (1544B approximate peak alloc)
04-12 19:12:16.618  9663  9731 D TrafficStats: tagSocket(119) with statsTag=0xffffffff, statsUid=-1
04-12 19:12:16.666  9663  9718 W vindra.comparez: Verification of com.facebook.react.devsupport.CxxInspectorPackagerConnection$IWebSocket com.facebook.react.devsupport.CxxInspectorPackagerConnection$DelegateImpl.connectWebSocket(java.lang.String, com.facebook.react.devsupport.CxxInspectorPackagerConnection$WebSocketDelegate) took 607.833ms (92.13 bytecodes/s) (2680B approximate peak alloc)
04-12 19:12:16.834  9663  9718 W vindra.comparez: Verification of void com.facebook.jni.DestructorThread$Destructor.<init>() took 133.731ms (67.30 bytecodes/s) (1552B approximate peak alloc)
04-12 19:12:16.933  9663  9732 D TrafficStats: tagSocket(120) with statsTag=0xffffffff, statsUid=-1
04-12 19:12:17.263  9663  9734 D TrafficStats: tagSocket(128) with statsTag=0xffffffff, statsUid=-1
04-12 19:12:17.834  9663  9663 W WindowOnBackDispatcher: sendCancelIfRunning: isInProgress=falsecallback=android.view.ViewRootImpl$$ExternalSyntheticLambda17@47419a2
04-12 19:12:17.843  9663  9720 D Detox.RNMarker: DOWNLOAD_END ({"url":"http:\/\/10.0.2.2:8081\/.expo\/.virtual-metro-entry.bundle?platform=android&dev=true&lazy=true&minify=false&app=com.panviravindra.comparez&modulesOnly=false&runModule=true&excludeSource=true&sourcePaths=url-server","filesChangedCount":0})
04-12 19:12:17.845  9663  9663 D Detox.RNMarker: REACT_BRIDGE_LOADING_START (null)
04-12 19:12:17.848  9663  9735 D Detox.RNMarker: CREATE_REACT_CONTEXT_START (HermesExecutorDebug)
04-12 19:12:17.850  9663  9735 D Detox.RNMarker: PROCESS_PACKAGES_START (null)
04-12 19:12:17.893  9663  9735 D Detox.RNMarker: CREATE_MODULE_START (FrescoModule)
04-12 19:12:17.896  9663  9735 D Detox.RNMarker: CREATE_MODULE_END (FrescoModule)
04-12 19:12:18.033  9663  9735 I ExpoModulesCore: ✅ AppContext was initialized
04-12 19:12:18.034  9663  9735 D Detox.RNMarker: PROCESS_PACKAGES_END (null)
04-12 19:12:18.037  9663  9735 D Detox.RNMarker: CREATE_CATALYST_INSTANCE_START (null)
04-12 19:12:18.045  9663  9735 D Detox.RNMarker: CREATE_CATALYST_INSTANCE_END (null)
04-12 19:12:18.046  9663  9735 D Detox.RNMarker: PRE_RUN_JS_BUNDLE_START (null)
04-12 19:12:18.052  9663  9740 D Detox.RNMarker: CREATE_REACT_CONTEXT_END (null)
04-12 19:12:18.053  9663  9740 D Detox.RNMarker: RUN_JS_BUNDLE_START (/.virtual-metro-entry.bundle?platform=android&dev=true&lazy=true&minify=false&app=com.panviravindra.comparez&modulesOnly=false&runModule=true&excludeSource=true&sourcePaths=url-server)
04-12 19:12:18.062  9663  9663 W unknown:ReactNative: Packager connection already open, nooping.
04-12 19:12:18.065  9663  9741 D Detox.RNMarker: CREATE_MODULE_START (UIManager)
04-12 19:12:18.162  9663  9741 W unknown:ViewManagerPropertyUpdater: Could not find generated setter for class com.facebook.react.views.debuggingoverlay.DebuggingOverlayManager
04-12 19:12:18.180  9663  9741 W unknown:ViewManagerPropertyUpdater: Could not find generated setter for class com.facebook.react.uimanager.LayoutShadowNode
04-12 19:12:18.189  9663  9741 W unknown:ViewManagerPropertyUpdater: Could not find generated setter for class com.facebook.react.views.drawer.ReactDrawerLayoutManager
04-12 19:12:18.202  9663  9741 W unknown:ViewManagerPropertyUpdater: Could not find generated setter for class com.facebook.react.views.scroll.ReactHorizontalScrollViewManager
04-12 19:12:18.219  9663  9741 W unknown:ViewManagerPropertyUpdater: Could not find generated setter for class com.facebook.react.views.scroll.ReactHorizontalScrollContainerViewManager
04-12 19:12:18.236  9663  9741 W unknown:ViewManagerPropertyUpdater: Could not find generated setter for class com.facebook.react.views.progressbar.ReactProgressBarViewManager
04-12 19:12:18.238  9663  9741 W unknown:ViewManagerPropertyUpdater: Could not find generated setter for class com.facebook.react.views.progressbar.ProgressBarShadowNode
04-12 19:12:18.247  9663  9741 W unknown:ViewManagerPropertyUpdater: Could not find generated setter for class com.facebook.react.views.scroll.ReactScrollViewManager
04-12 19:12:18.260  9663  9741 W unknown:ViewManagerPropertyUpdater: Could not find generated setter for class com.facebook.react.views.switchview.ReactSwitchManager
04-12 19:12:18.262  9663  9741 W unknown:ViewManagerPropertyUpdater: Could not find generated setter for class com.facebook.react.views.switchview.ReactSwitchShadowNode
04-12 19:12:18.268  9663  9741 W unknown:ViewManagerPropertyUpdater: Could not find generated setter for class com.facebook.react.views.safeareaview.ReactSafeAreaViewManager
04-12 19:12:18.270  9663  9741 W unknown:ViewManagerPropertyUpdater: Could not find generated setter for class com.facebook.react.views.safeareaview.ReactSafeAreaViewShadowNode
04-12 19:12:18.272  9663  9741 W unknown:ViewManagerPropertyUpdater: Could not find generated setter for class com.facebook.react.views.swiperefresh.SwipeRefreshLayoutManager
04-12 19:12:18.281  9663  9741 W unknown:ViewManagerPropertyUpdater: Could not find generated setter for class com.facebook.react.views.text.frescosupport.FrescoBasedReactTextInlineImageViewManager
04-12 19:12:18.282  9663  9741 W unknown:ViewManagerPropertyUpdater: Could not find generated setter for class com.facebook.react.views.text.frescosupport.FrescoBasedReactTextInlineImageShadowNode
04-12 19:12:18.296  9663  9741 W unknown:ViewManagerPropertyUpdater: Could not find generated setter for class com.facebook.react.views.image.ReactImageManager
04-12 19:12:18.300  9663  9741 W unknown:ViewManagerPropertyUpdater: Could not find generated setter for class com.facebook.react.views.modal.ReactModalHostManager
04-12 19:12:18.302  9663  9741 W unknown:ViewManagerPropertyUpdater: Could not find generated setter for class com.facebook.react.views.text.ReactRawTextManager
04-12 19:12:18.307  9663  9741 W unknown:ViewManagerPropertyUpdater: Could not find generated setter for class com.facebook.react.views.text.ReactRawTextShadowNode
04-12 19:12:18.309  9663  9741 W unknown:ViewManagerPropertyUpdater: Could not find generated setter for class com.facebook.react.views.textinput.ReactTextInputManager
04-12 19:12:18.326  9663  9741 W unknown:ViewManagerPropertyUpdater: Could not find generated setter for class com.facebook.react.views.textinput.ReactTextInputShadowNode
04-12 19:12:18.345  9663  9741 W unknown:ViewManagerPropertyUpdater: Could not find generated setter for class com.facebook.react.views.text.ReactTextViewManager
04-12 19:12:18.354  9663  9741 W unknown:ViewManagerPropertyUpdater: Could not find generated setter for class com.facebook.react.views.text.ReactTextShadowNode
04-12 19:12:18.360  9663  9741 W unknown:ViewManagerPropertyUpdater: Could not find generated setter for class com.facebook.react.views.view.ReactViewManager
04-12 19:12:18.362  9663  9741 W unknown:ViewManagerPropertyUpdater: Could not find generated setter for class com.facebook.react.views.text.ReactVirtualTextViewManager
04-12 19:12:18.363  9663  9741 W unknown:ViewManagerPropertyUpdater: Could not find generated setter for class com.facebook.react.views.text.ReactVirtualTextShadowNode
04-12 19:12:18.368  9663  9741 W unknown:ViewManagerPropertyUpdater: Could not find generated setter for class com.facebook.react.views.unimplementedview.ReactUnimplementedViewManager
04-12 19:12:18.371  9663  9741 W unknown:ViewManagerPropertyUpdater: Could not find generated setter for class expo.modules.kotlin.views.GroupViewManagerWrapper
04-12 19:12:18.392  9663  9741 W unknown:ViewManagerPropertyUpdater: Could not find generated setter for class expo.modules.kotlin.views.SimpleViewManagerWrapper
04-12 19:12:18.410  9663  9741 W unknown:ViewManagerPropertyUpdater: Could not find generated setter for class com.th3rdwave.safeareacontext.SafeAreaProviderManager
04-12 19:12:18.412  9663  9741 W unknown:ViewManagerPropertyUpdater: Could not find generated setter for class com.th3rdwave.safeareacontext.SafeAreaViewManager
04-12 19:12:18.414  9663  9741 W unknown:ViewManagerPropertyUpdater: Could not find generated setter for class com.th3rdwave.safeareacontext.SafeAreaViewShadowNode
04-12 19:12:18.421  9663  9741 W unknown:ViewManagerPropertyUpdater: Could not find generated setter for class com.swmansion.rnscreens.ScreenContainerViewManager
04-12 19:12:18.430  9663  9741 W unknown:ViewManagerPropertyUpdater: Could not find generated setter for class com.swmansion.rnscreens.ScreenViewManager
04-12 19:12:18.443  9663  9741 W unknown:ViewManagerPropertyUpdater: Could not find generated setter for class com.swmansion.rnscreens.ModalScreenViewManager
04-12 19:12:18.451  9663  9696 D DetoxRNLoading: Got new RN-context explicitly while polling (#iteration=2)
04-12 19:12:18.453  9663  9696 I DetoxRNIdleRes: Setting up Espresso Idling Resources for React Native
04-12 19:12:18.464  9663  9663 I Detox   : PATCHED FACTORY: Disabling all idling resources for RN 0.81 compatibility
04-12 19:12:18.466  9663  9700 W vindra.comparez: Long monitor contention with owner Instr: androidx.test.runner.AndroidJUnitRunner (9696) at void com.wix.detox.DetoxMain.launchActivityOnCue(android.content.Context, com.wix.detox.ActivityLaunchHelper)(DetoxMain.kt:53) waiters=0 in void com.wix.detox.DetoxMain$setupActionHandlers$SynchronizedActionHandler.handle(java.lang.String, long) for 3.335s
04-12 19:12:18.470  9663  9663 W vindra.comparez: Accessing hidden method Landroid/os/MessageQueue;->next()Landroid/os/Message; (unsupported, reflection, allowed)
04-12 19:12:18.471  9663  9663 W vindra.comparez: Accessing hidden field Landroid/os/MessageQueue;->mMessages:Landroid/os/Message; (unsupported, reflection, allowed)
04-12 19:12:18.471  9663  9663 W vindra.comparez: Accessing hidden method Landroid/os/Message;->recycleUnchecked()V (unsupported, reflection, allowed)
04-12 19:12:18.473  9663  9741 W unknown:ViewManagerPropertyUpdater: Could not find generated setter for class com.swmansion.rnscreens.ScreenStackViewManager
04-12 19:12:18.478  9663  9741 W unknown:ViewManagerPropertyUpdater: Could not find generated setter for class com.swmansion.rnscreens.ScreenStackHeaderConfigViewManager
04-12 19:12:18.486  9663  9741 W unknown:ViewManagerPropertyUpdater: Could not find generated setter for class com.swmansion.rnscreens.ScreenStackHeaderSubviewManager
04-12 19:12:18.493  9663  9741 W unknown:ViewManagerPropertyUpdater: Could not find generated setter for class com.swmansion.rnscreens.SearchBarManager
04-12 19:12:18.501  9663  9741 W unknown:ViewManagerPropertyUpdater: Could not find generated setter for class com.swmansion.rnscreens.ScreenFooterManager
04-12 19:12:18.503  9663  9741 W unknown:ViewManagerPropertyUpdater: Could not find generated setter for class com.swmansion.rnscreens.ScreenContentWrapperManager
04-12 19:12:18.505  9663  9741 W unknown:ViewManagerPropertyUpdater: Could not find generated setter for class com.swmansion.rnscreens.gamma.tabs.TabsHostViewManager
04-12 19:12:18.527  9663  9741 W unknown:ViewManagerPropertyUpdater: Could not find generated setter for class com.swmansion.rnscreens.gamma.tabs.TabScreenViewManager
04-12 19:12:18.546  9663  9741 W unknown:ViewManagerPropertyUpdater: Could not find generated setter for class com.reactnativecommunity.webview.RNCWebViewManager
04-12 19:12:18.600  9663  9741 D Detox.RNMarker: CREATE_MODULE_END (UIManager)
04-12 19:12:18.626  9663  9741 D Detox.RNMarker: REACT_BRIDGE_LOADING_END (null)
04-12 19:12:18.638  9663  9663 I DetoxRNLoading: Got new RN-context directly through listener
04-12 19:12:18.675  9663  9747 D ProfileInstaller: Installing profile for com.panviravindra.comparez
04-12 19:12:18.739  9663  9740 D Detox.RNMarker: NATIVE_MODULE_SETUP_START (NativePerformanceCxx)
04-12 19:12:18.754  9663  9740 D Detox.RNMarker: NATIVE_MODULE_SETUP_START (PlatformConstants)
04-12 19:12:18.754  9663  9740 D Detox.RNMarker: CREATE_MODULE_START (PlatformConstants)
04-12 19:12:18.755  9663  9740 D Detox.RNMarker: CREATE_MODULE_END (PlatformConstants)
04-12 19:12:18.765  9663  9740 D Detox.RNMarker: NATIVE_MODULE_SETUP_END (PlatformConstants)
04-12 19:12:18.777  9663  9740 D Detox.RNMarker: NATIVE_MODULE_SETUP_START (DevSettings)
04-12 19:12:18.777  9663  9740 D Detox.RNMarker: CREATE_MODULE_START (DevSettings)
04-12 19:12:18.778  9663  9740 D Detox.RNMarker: CREATE_MODULE_END (DevSettings)
04-12 19:12:18.779  9663  9740 D Detox.RNMarker: NATIVE_MODULE_SETUP_END (DevSettings)
04-12 19:12:18.781  9663  9740 D Detox.RNMarker: NATIVE_MODULE_SETUP_START (LogBox)
04-12 19:12:18.781  9663  9740 D Detox.RNMarker: CREATE_MODULE_START (LogBox)
04-12 19:12:18.782  9663  9740 D Detox.RNMarker: CREATE_MODULE_END (LogBox)
04-12 19:12:18.782  9663  9740 D Detox.RNMarker: NATIVE_MODULE_SETUP_END (LogBox)
04-12 19:12:18.786  9663  9740 D Detox.RNMarker: NATIVE_MODULE_SETUP_START (SourceCode)
04-12 19:12:18.787  9663  9740 D Detox.RNMarker: CREATE_MODULE_START (SourceCode)
04-12 19:12:18.788  9663  9740 D Detox.RNMarker: CREATE_MODULE_END (SourceCode)
04-12 19:12:18.789  9663  9740 D Detox.RNMarker: NATIVE_MODULE_SETUP_END (SourceCode)
04-12 19:12:18.850  9663  9740 D Detox.RNMarker: NATIVE_MODULE_SETUP_START (Timing)
04-12 19:12:18.851  9663  9740 D Detox.RNMarker: CREATE_MODULE_START (Timing)
04-12 19:12:18.857  9663  9740 D Detox.RNMarker: CREATE_MODULE_END (Timing)
04-12 19:12:18.859  9663  9740 D Detox.RNMarker: NATIVE_MODULE_SETUP_END (Timing)
04-12 19:12:18.880  9663  9740 D Detox.RNMarker: NATIVE_MODULE_SETUP_START (ReactDevToolsSettingsManager)
04-12 19:12:18.881  9663  9740 D Detox.RNMarker: CREATE_MODULE_START (ReactDevToolsSettingsManager)
04-12 19:12:18.883  9663  9740 D Detox.RNMarker: CREATE_MODULE_END (ReactDevToolsSettingsManager)
04-12 19:12:18.886  9663  9740 D Detox.RNMarker: NATIVE_MODULE_SETUP_END (ReactDevToolsSettingsManager)
04-12 19:12:18.891  9663  9740 D Detox.RNMarker: NATIVE_MODULE_SETUP_START (ReactDevToolsRuntimeSettingsModule)
04-12 19:12:18.891  9663  9740 D Detox.RNMarker: CREATE_MODULE_START (ReactDevToolsRuntimeSettingsModule)
04-12 19:12:18.892  9663  9740 D Detox.RNMarker: CREATE_MODULE_END (ReactDevToolsRuntimeSettingsModule)
04-12 19:12:18.893  9663  9740 D Detox.RNMarker: NATIVE_MODULE_SETUP_END (ReactDevToolsRuntimeSettingsModule)
04-12 19:12:18.907  9663  9740 D Detox.RNMarker: NATIVE_MODULE_SETUP_START (NativeReactNativeFeatureFlagsCxx)
04-12 19:12:18.922  9663  9740 D Detox.RNMarker: NATIVE_MODULE_SETUP_START (AppState)
04-12 19:12:18.923  9663  9740 D Detox.RNMarker: CREATE_MODULE_START (AppState)
04-12 19:12:18.926  9663  9740 D Detox.RNMarker: CREATE_MODULE_END (AppState)
04-12 19:12:18.927  9663  9740 D Detox.RNMarker: NATIVE_MODULE_SETUP_END (AppState)
04-12 19:12:18.942  9663  9740 D Detox.RNMarker: NATIVE_MODULE_SETUP_START (BlobModule)
04-12 19:12:18.943  9663  9740 D Detox.RNMarker: CREATE_MODULE_START (BlobModule)
04-12 19:12:18.945  9663  9740 D Detox.RNMarker: CREATE_MODULE_END (BlobModule)
04-12 19:12:18.947  9663  9740 D Detox.RNMarker: NATIVE_MODULE_SETUP_END (BlobModule)
04-12 19:12:18.949  9663  9740 D Detox.RNMarker: NATIVE_MODULE_SETUP_START (WebSocketModule)
04-12 19:12:18.949  9663  9740 D Detox.RNMarker: CREATE_MODULE_START (WebSocketModule)
04-12 19:12:18.951  9663  9740 D Detox.RNMarker: CREATE_MODULE_END (WebSocketModule)
04-12 19:12:18.953  9663  9740 D Detox.RNMarker: NATIVE_MODULE_SETUP_END (WebSocketModule)
04-12 19:12:18.975  9663  9740 D Detox.RNMarker: NATIVE_MODULE_SETUP_START (RedBox)
04-12 19:12:18.981  9663  9741 I WebViewFactory: Loading com.google.android.webview version 113.0.5672.136 (code 567263634)
04-12 19:12:19.008  9663  9741 W ziparchive: Unable to open '/data/app/~~rGDTFsEgVNAQR7v9a9DBnw==/com.google.android.trichromelibrary_567263634-3Q4C4Nt6E9KMMziAv9ANGg==/TrichromeLibrary.dm': No such file or directory
04-12 19:12:19.008  9663  9741 W ziparchive: Unable to open '/data/app/~~rGDTFsEgVNAQR7v9a9DBnw==/com.google.android.trichromelibrary_567263634-3Q4C4Nt6E9KMMziAv9ANGg==/TrichromeLibrary.dm': No such file or directory
04-12 19:12:19.009  9663  9741 W vindra.comparez: Entry not found
04-12 19:12:19.010  9663  9741 D nativeloader: Configuring clns-9 for other apk /data/app/~~rGDTFsEgVNAQR7v9a9DBnw==/com.google.android.trichromelibrary_567263634-3Q4C4Nt6E9KMMziAv9ANGg==/TrichromeLibrary.apk. target_sdk_version=34, uses_libraries=ALL, library_path=/data/app/~~Yw2cewKRy1ALIz8qfFlwsw==/com.google.android.webview-CDaciHExabTqd-t8TQiv4Q==/lib/arm64:/data/app/~~Yw2cewKRy1ALIz8qfFlwsw==/com.google.android.webview-CDaciHExabTqd-t8TQiv4Q==/WebViewGoogle.apk!/lib/arm64-v8a:/data/app/~~rGDTFsEgVNAQR7v9a9DBnw==/com.google.android.trichromelibrary_567263634-3Q4C4Nt6E9KMMziAv9ANGg==/TrichromeLibrary.apk!/lib/arm64-v8a, permitted_path=/data:/mnt/expand
04-12 19:12:19.015  9663  9740 D Detox.RNMarker: NATIVE_MODULE_SETUP_START (Networking)
04-12 19:12:19.015  9663  9740 D Detox.RNMarker: CREATE_MODULE_START (Networking)
04-12 19:12:19.021  9663  9740 D Detox.RNMarker: CREATE_MODULE_END (Networking)
04-12 19:12:19.032  9663  9740 D Detox.RNMarker: NATIVE_MODULE_SETUP_END (Networking)
04-12 19:12:19.034  9663  9741 D nativeloader: Configuring clns-10 for other apk /data/app/~~Yw2cewKRy1ALIz8qfFlwsw==/com.google.android.webview-CDaciHExabTqd-t8TQiv4Q==/WebViewGoogle.apk. target_sdk_version=34, uses_libraries=, library_path=/data/app/~~Yw2cewKRy1ALIz8qfFlwsw==/com.google.android.webview-CDaciHExabTqd-t8TQiv4Q==/lib/arm64:/data/app/~~Yw2cewKRy1ALIz8qfFlwsw==/com.google.android.webview-CDaciHExabTqd-t8TQiv4Q==/WebViewGoogle.apk!/lib/arm64-v8a:/data/app/~~rGDTFsEgVNAQR7v9a9DBnw==/com.google.android.trichromelibrary_567263634-3Q4C4Nt6E9KMMziAv9ANGg==/TrichromeLibrary.apk!/lib/arm64-v8a, permitted_path=/data:/mnt/expand
04-12 19:12:19.036  9663  9740 D Detox.RNMarker: NATIVE_MODULE_SETUP_START (DevLoadingView)
04-12 19:12:19.036  9663  9740 D Detox.RNMarker: CREATE_MODULE_START (DevLoadingView)
04-12 19:12:19.039  9663  9740 D Detox.RNMarker: CREATE_MODULE_END (DevLoadingView)
04-12 19:12:19.040  9663  9740 D Detox.RNMarker: NATIVE_MODULE_SETUP_END (DevLoadingView)
04-12 19:12:19.046  9663  9740 D Detox.RNMarker: NATIVE_MODULE_SETUP_START (HeadlessJsTaskSupport)
04-12 19:12:19.057  9663  9740 D Detox.RNMarker: CREATE_MODULE_START (HeadlessJsTaskSupport)
04-12 19:12:19.057  9663  9740 D Detox.RNMarker: CREATE_MODULE_END (HeadlessJsTaskSupport)
04-12 19:12:19.058  9663  9740 D Detox.RNMarker: NATIVE_MODULE_SETUP_END (HeadlessJsTaskSupport)
04-12 19:12:19.073  9663  9740 D Detox.RNMarker: NATIVE_MODULE_SETUP_START (DeviceInfo)
04-12 19:12:19.075  9663  9740 D Detox.RNMarker: CREATE_MODULE_START (DeviceInfo)
04-12 19:12:19.076  9663  9740 D Detox.RNMarker: CREATE_MODULE_END (DeviceInfo)
04-12 19:12:19.082  9663  9741 W vindra.comparez: Accessing hidden method Landroid/os/Trace;->isTagEnabled(J)Z (unsupported, reflection, allowed)
04-12 19:12:19.083  9663  9740 D Detox.RNMarker: NATIVE_MODULE_SETUP_END (DeviceInfo)
04-12 19:12:19.090  9663  9740 D Detox.RNMarker: NATIVE_MODULE_SETUP_START (UIManager)
04-12 19:12:19.099  9663  9741 W vindra.comparez: Accessing hidden method Landroid/os/Trace;->traceBegin(JLjava/lang/String;)V (unsupported, reflection, allowed)
04-12 19:12:19.099  9663  9741 W vindra.comparez: Accessing hidden method Landroid/os/Trace;->traceEnd(J)V (unsupported, reflection, allowed)
04-12 19:12:19.099  9663  9741 W vindra.comparez: Accessing hidden method Landroid/os/Trace;->asyncTraceBegin(JLjava/lang/String;I)V (unsupported, reflection, allowed)
04-12 19:12:19.100  9663  9741 W vindra.comparez: Accessing hidden method Landroid/os/Trace;->asyncTraceEnd(JLjava/lang/String;I)V (unsupported, reflection, allowed)
04-12 19:12:19.105  9663  9741 I cr_WVCFactoryProvider: Loaded version=113.0.5672.136 minSdkVersion=29 isBundle=false multiprocess=true packageId=2
04-12 19:12:19.162  9663  9753 I cr_VariationsUtils: Failed reading seed file "/data/user/0/com.panviravindra.comparez/app_webview/variations_seed_new"
04-12 19:12:19.171  9663  9753 I cr_VariationsUtils: Failed reading seed file "/data/user/0/com.panviravindra.comparez/app_webview/variations_seed"
04-12 19:12:19.196  9663  9741 I cr_LibraryLoader: Successfully loaded native library
04-12 19:12:19.197  9663  9741 I cr_CachingUmaRecorder: Flushed 8 samples from 8 histograms.
04-12 19:12:19.230  9663  9756 D TrafficStats: tagSocket(137) with statsTag=0xffffffff, statsUid=-1
04-12 19:12:19.369  9663  9740 D Detox.RNMarker: NATIVE_MODULE_SETUP_END (UIManager)
04-12 19:12:19.438  9663  9740 D Detox.RNMarker: NATIVE_MODULE_SETUP_START (SoundManager)
04-12 19:12:19.439  9663  9740 D Detox.RNMarker: CREATE_MODULE_START (SoundManager)
04-12 19:12:19.440  9663  9740 D Detox.RNMarker: CREATE_MODULE_END (SoundManager)
04-12 19:12:19.442  9663  9740 D Detox.RNMarker: NATIVE_MODULE_SETUP_END (SoundManager)
04-12 19:12:19.476  9663  9740 D Detox.RNMarker: NATIVE_MODULE_SETUP_START (ImageLoader)
04-12 19:12:19.477  9663  9740 D Detox.RNMarker: CREATE_MODULE_START (ImageLoader)
04-12 19:12:19.479  9663  9740 D Detox.RNMarker: CREATE_MODULE_END (ImageLoader)
04-12 19:12:19.480  9663  9740 D Detox.RNMarker: NATIVE_MODULE_SETUP_END (ImageLoader)
04-12 19:12:19.484  9663  9740 D Detox.RNMarker: NATIVE_MODULE_SETUP_START (IntentAndroid)
04-12 19:12:19.485  9663  9740 D Detox.RNMarker: CREATE_MODULE_START (IntentAndroid)
04-12 19:12:19.486  9663  9740 D Detox.RNMarker: CREATE_MODULE_END (IntentAndroid)
04-12 19:12:19.487  9663  9740 D Detox.RNMarker: NATIVE_MODULE_SETUP_END (IntentAndroid)
04-12 19:12:19.488  9663  9740 D Detox.RNMarker: NATIVE_MODULE_SETUP_START (LinkingManager)
04-12 19:12:19.493  9663  9740 D Detox.RNMarker: NATIVE_MODULE_SETUP_START (DeviceEventManager)
04-12 19:12:19.493  9663  9740 D Detox.RNMarker: CREATE_MODULE_START (DeviceEventManager)
04-12 19:12:19.494  9663  9740 D Detox.RNMarker: CREATE_MODULE_END (DeviceEventManager)
04-12 19:12:19.496  9663  9740 D Detox.RNMarker: NATIVE_MODULE_SETUP_END (DeviceEventManager)
04-12 19:12:19.511  9663  9740 D Detox.RNMarker: NATIVE_MODULE_SETUP_START (NativeUnimoduleProxy)
04-12 19:12:19.532  9663  9740 I ExpoModulesCore: ✅ JSI interop was installed
04-12 19:12:19.541  9663  9740 I ExpoModulesCore: ✅ Constants were exported
04-12 19:12:19.545  9663  9740 D Detox.RNMarker: NATIVE_MODULE_SETUP_END (NativeUnimoduleProxy)
04-12 19:12:19.566  9663  9740 D Detox.RNMarker: NATIVE_MODULE_SETUP_START (ExpoUpdates)
04-12 19:12:19.568  9663  9740 D Detox.RNMarker: NATIVE_MODULE_SETUP_START (EXDevLauncher)
04-12 19:12:19.572  9663  9740 D Detox.RNMarker: NATIVE_MODULE_SETUP_START (ExpoUpdates)
04-12 19:12:19.573  9663  9740 D Detox.RNMarker: NATIVE_MODULE_SETUP_START (ExpoGo)
04-12 19:12:19.576  9663  9740 D Detox.RNMarker: NATIVE_MODULE_SETUP_START (ExpoGo)
04-12 19:12:19.625  9663  9740 D Detox.RNMarker: NATIVE_MODULE_SETUP_START (EXDevLauncher)
04-12 19:12:19.645  9663  9757 D TrafficStats: tagSocket(137) with statsTag=0xffffffff, statsUid=-1
04-12 19:12:19.783  9663  9740 D Detox.RNMarker: NATIVE_MODULE_SETUP_START (NativeAnimatedModule)
04-12 19:12:19.784  9663  9740 D Detox.RNMarker: CREATE_MODULE_START (NativeAnimatedModule)
04-12 19:12:19.787  9663  9740 D Detox.RNMarker: CREATE_MODULE_END (NativeAnimatedModule)
04-12 19:12:19.790  9663  9740 D Detox.RNMarker: NATIVE_MODULE_SETUP_END (NativeAnimatedModule)
04-12 19:12:19.843  9663  9740 D Detox.RNMarker: NATIVE_MODULE_SETUP_START (RNCSafeAreaContext)
04-12 19:12:19.844  9663  9740 D Detox.RNMarker: CREATE_MODULE_START (RNCSafeAreaContext)
04-12 19:12:19.845  9663  9740 D Detox.RNMarker: CREATE_MODULE_END (RNCSafeAreaContext)
04-12 19:12:19.848  9663  9740 D Detox.RNMarker: NATIVE_MODULE_SETUP_END (RNCSafeAreaContext)
04-12 19:12:19.864  9663  9740 D Detox.RNMarker: NATIVE_MODULE_SETUP_START (RNSModule)
04-12 19:12:19.864  9663  9740 D Detox.RNMarker: CREATE_MODULE_START (RNSModule)
04-12 19:12:19.872  9663  9740 D Detox.RNMarker: CREATE_MODULE_END (RNSModule)
04-12 19:12:19.883  9663  9740 D Detox.RNMarker: NATIVE_MODULE_SETUP_START (RNEdgeToEdge)
04-12 19:12:19.930  9663  9740 D Detox.RNMarker: NATIVE_MODULE_SETUP_START (RNVectorIconsManager)
04-12 19:12:19.931  9663  9740 D Detox.RNMarker: NATIVE_MODULE_SETUP_START (RNVectorIconsModule)
04-12 19:12:19.934  9663  9740 D Detox.RNMarker: NATIVE_MODULE_SETUP_START (RNVectorIconsManager)
04-12 19:12:19.934  9663  9740 D Detox.RNMarker: NATIVE_MODULE_SETUP_START (RNVectorIconsModule)
04-12 19:12:20.019  9663  9663 W UiControllerImpl: Waiting for: DYNAMIC_TASKS_HAVE_IDLED for 100 iterations.
04-12 19:12:20.361  9663  9740 D Detox.RNMarker: NATIVE_MODULE_SETUP_START (PlatformLocalStorage)
04-12 19:12:20.362  9663  9740 D Detox.RNMarker: NATIVE_MODULE_SETUP_START (RNC_AsyncSQLiteDBStorage)
04-12 19:12:20.362  9663  9740 D Detox.RNMarker: NATIVE_MODULE_SETUP_START (RNCAsyncStorage)
04-12 19:12:20.362  9663  9740 D Detox.RNMarker: CREATE_MODULE_START (RNCAsyncStorage)
04-12 19:12:20.364  9663  9740 V AsyncStorageExpoMigration: No scoped database found
04-12 19:12:20.365  9663  9740 D Detox.RNMarker: CREATE_MODULE_END (RNCAsyncStorage)
04-12 19:12:20.366  9663  9740 D Detox.RNMarker: NATIVE_MODULE_SETUP_END (RNCAsyncStorage)
04-12 19:12:20.374  9663  9740 D Detox.RNMarker: NATIVE_MODULE_SETUP_START (RNCWebViewModule)
04-12 19:12:20.374  9663  9740 D Detox.RNMarker: CREATE_MODULE_START (RNCWebViewModule)
04-12 19:12:20.376  9663  9740 D Detox.RNMarker: CREATE_MODULE_END (RNCWebViewModule)
04-12 19:12:20.377  9663  9740 D Detox.RNMarker: NATIVE_MODULE_SETUP_END (RNCWebViewModule)
04-12 19:12:20.451  9663  9740 D Detox.RNMarker: RUN_JS_BUNDLE_END (/.virtual-metro-entry.bundle?platform=android&dev=true&lazy=true&minify=false&app=com.panviravindra.comparez&modulesOnly=false&runModule=true&excludeSource=true&sourcePaths=url-server)
04-12 19:12:20.464  9663  9740 I ReactNativeJS: Running "main" with {"rootTag":11}
04-12 19:12:20.477  9663  9758 D TrafficStats: tagSocket(125) with statsTag=0xffffffff, statsUid=-1
04-12 19:12:20.963  9663  9740 W ReactNativeJS: The app is running using the Legacy Architecture. The Legacy Architecture is deprecated and will be removed in a future version of React Native. Please consider migrating to the New Architecture. For more information, please see https://reactnative.dev/blog/2024/10/23/the-new-architecture-is-here
04-12 19:12:21.181  9663  9741 D CompatibilityChangeReporter: Compat change id reported: 289878283; UID 10207; state: ENABLED
04-12 19:12:21.187  9663  9663 D Detox.RNMarker: CONTENT_APPEARED (main)
04-12 19:12:21.277  9663  9712 D EGL_emulation: app_time_stats: avg=2643.15ms min=425.37ms max=4860.92ms count=2
04-12 19:12:21.333  9663  9663 W UiControllerImpl: Waiting for: DYNAMIC_TASKS_HAVE_IDLED for 200 iterations.
04-12 19:12:21.386  9663  9663 I Detox   : Wait is over: App is now idle!
04-12 19:12:21.387  9663  9700 I DetoxWSClient: Sending out action 'ready' (ID #-1000)
04-12 19:12:21.388  9663  9700 I DetoxDispatcher: Done with action 'isReady'
04-12 19:12:21.399  9663  9760 D TrafficStats: tagSocket(141) with statsTag=0xffffffff, statsUid=-1
04-12 19:12:21.412  9663  9704 D DetoxWSClient: Received action 'invoke' (ID #1, params={"target":{"type":"Class","value":"com.wix.detox.espresso.DetoxAssertion"},"method":"waitForAssertMatcher","args":[{"type":"Invocation","value":{"target":{"type":"Class","value":"androidx.test.espresso.Espresso"},"method":"onView","args":[{"type":"Invocation","value":{"target":{"type":"Class","value":"com.wix.detox.espresso.DetoxMatcher"},"method":"matcherForTestId","args":["loginEmail",{"type":"boolean","value":false}]}}]}},{"type":"Invocation","value":{"target":{"type":"Class","value":"com.wix.detox.espresso.DetoxMatcher"},"method":"matcherForSufficientlyVisible","args":[{"type":"Integer","value":75}]}},{"type":"Double","value":3}]})
04-12 19:12:21.426  9663  9700 I DetoxDispatcher: Handling action 'invoke' (ID #1)...
04-12 19:12:21.430  9663  9700 D Detox   : class com.wix.detox.espresso.DetoxMatcher, matcherForTestId, [loginEmail, false]
04-12 19:12:21.443  9663  9700 D Detox   : class androidx.test.espresso.Espresso, onView, [(view.getTag() is "loginEmail" and view has effective visibility <VISIBLE>)]
04-12 19:12:21.464  9663  9700 D CompatibilityChangeReporter: Compat change id reported: 247079863; UID 10207; state: ENABLED
04-12 19:12:21.492  9663  9700 D Detox   : class com.wix.detox.espresso.DetoxMatcher, matcherForSufficientlyVisible, [75]
04-12 19:12:21.499  9663  9700 D Detox   : class com.wix.detox.espresso.DetoxAssertion, waitForAssertMatcher, [androidx.test.espresso.ViewInteraction@c5de22d, (view has effective visibility <VISIBLE> and view.getGlobalVisibleRect() covers at least <75> percent of the view's area), 3.0]
04-12 19:12:21.517  9663  9740 D Detox.RNMarker: NATIVE_MODULE_SETUP_START (FileReaderModule)
04-12 19:12:21.520  9663  9740 D Detox.RNMarker: CREATE_MODULE_START (FileReaderModule)
04-12 19:12:21.521  9663  9740 D Detox.RNMarker: CREATE_MODULE_END (FileReaderModule)
04-12 19:12:21.522  9663  9740 D Detox.RNMarker: NATIVE_MODULE_SETUP_END (FileReaderModule)
04-12 19:12:21.600  9663  9663 I ViewInteraction: Checking 'MatchesViewAssertion(Detox){viewMatcher=(view has effective visibility <VISIBLE> and view.getGlobalVisibleRect() covers at least <75> percent of the view's area)}' assertion on view (view.getTag() is "loginEmail" and view has effective visibility <VISIBLE>)
04-12 19:12:21.608  9663  9759 W vindra.comparez: Verification of long com.facebook.imagepipeline.producers.JobScheduler.getQueuedTime() took 381.722ms (28.82 bytecodes/s) (1704B approximate peak alloc)
04-12 19:12:21.657  9663  9663 I ViewInteraction: Checking 'MatchesViewAssertion(Detox){viewMatcher=(view has effective visibility <VISIBLE> and view.getGlobalVisibleRect() covers at least <75> percent of the view's area)}' assertion on view (view.getTag() is "loginEmail" and view has effective visibility <VISIBLE>)
04-12 19:12:21.718  9663  9663 I ViewInteraction: Checking 'MatchesViewAssertion(Detox){viewMatcher=(view has effective visibility <VISIBLE> and view.getGlobalVisibleRect() covers at least <75> percent of the view's area)}' assertion on view (view.getTag() is "loginEmail" and view has effective visibility <VISIBLE>)
04-12 19:12:21.780  9663  9663 I ViewInteraction: Checking 'MatchesViewAssertion(Detox){viewMatcher=(view has effective visibility <VISIBLE> and view.getGlobalVisibleRect() covers at least <75> percent of the view's area)}' assertion on view (view.getTag() is "loginEmail" and view has effective visibility <VISIBLE>)
04-12 19:12:21.795  9663  9759 W vindra.comparez: Verification of bolts.Task bolts.Task.delay(long, java.util.concurrent.ScheduledExecutorService, bolts.CancellationToken) took 117.327ms (477.30 bytecodes/s) (2680B approximate peak alloc)
04-12 19:12:21.837  9663  9663 I ViewInteraction: Checking 'MatchesViewAssertion(Detox){viewMatcher=(view has effective visibility <VISIBLE> and view.getGlobalVisibleRect() covers at least <75> percent of the view's area)}' assertion on view (view.getTag() is "loginEmail" and view has effective visibility <VISIBLE>)
04-12 19:12:21.859  9663  9671 I vindra.comparez: NativeAlloc concurrent copying GC freed 251956(19MB) AllocSpace objects, 6(120KB) LOS objects, 49% free, 11MB/22MB, paused 8.217ms,55us total 1.150s
04-12 19:12:21.901  9663  9663 I ViewInteraction: Checking 'MatchesViewAssertion(Detox){viewMatcher=(view has effective visibility <VISIBLE> and view.getGlobalVisibleRect() covers at least <75> percent of the view's area)}' assertion on view (view.getTag() is "loginEmail" and view has effective visibility <VISIBLE>)
04-12 19:12:21.958  9663  9663 I ViewInteraction: Checking 'MatchesViewAssertion(Detox){viewMatcher=(view has effective visibility <VISIBLE> and view.getGlobalVisibleRect() covers at least <75> percent of the view's area)}' assertion on view (view.getTag() is "loginEmail" and view has effective visibility <VISIBLE>)
04-12 19:12:22.016  9663  9663 I ViewInteraction: Checking 'MatchesViewAssertion(Detox){viewMatcher=(view has effective visibility <VISIBLE> and view.getGlobalVisibleRect() covers at least <75> percent of the view's area)}' assertion on view (view.getTag() is "loginEmail" and view has effective visibility <VISIBLE>)
04-12 19:12:22.068  9663  9663 I ViewInteraction: Checking 'MatchesViewAssertion(Detox){viewMatcher=(view has effective visibility <VISIBLE> and view.getGlobalVisibleRect() covers at least <75> percent of the view's area)}' assertion on view (view.getTag() is "loginEmail" and view has effective visibility <VISIBLE>)
04-12 19:12:22.120  9663  9663 I ViewInteraction: Checking 'MatchesViewAssertion(Detox){viewMatcher=(view has effective visibility <VISIBLE> and view.getGlobalVisibleRect() covers at least <75> percent of the view's area)}' assertion on view (view.getTag() is "loginEmail" and view has effective visibility <VISIBLE>)
04-12 19:12:22.171  9663  9663 I ViewInteraction: Checking 'MatchesViewAssertion(Detox){viewMatcher=(view has effective visibility <VISIBLE> and view.getGlobalVisibleRect() covers at least <75> percent of the view's area)}' assertion on view (view.getTag() is "loginEmail" and view has effective visibility <VISIBLE>)
04-12 19:12:22.224  9663  9663 I ViewInteraction: Checking 'MatchesViewAssertion(Detox){viewMatcher=(view has effective visibility <VISIBLE> and view.getGlobalVisibleRect() covers at least <75> percent of the view's area)}' assertion on view (view.getTag() is "loginEmail" and view has effective visibility <VISIBLE>)
04-12 19:12:22.256  9663  9762 D TrafficStats: tagSocket(5) with statsTag=0xffffffff, statsUid=-1
04-12 19:12:22.321  9663  9663 I ViewInteraction: Checking 'MatchesViewAssertion(Detox){viewMatcher=(view has effective visibility <VISIBLE> and view.getGlobalVisibleRect() covers at least <75> percent of the view's area)}' assertion on view (view.getTag() is "loginEmail" and view has effective visibility <VISIBLE>)
04-12 19:12:22.383  9663  9663 I ViewInteraction: Checking 'MatchesViewAssertion(Detox){viewMatcher=(view has effective visibility <VISIBLE> and view.getGlobalVisibleRect() covers at least <75> percent of the view's area)}' assertion on view (view.getTag() is "loginEmail" and view has effective visibility <VISIBLE>)
04-12 19:12:22.437  9663  9663 I ViewInteraction: Checking 'MatchesViewAssertion(Detox){viewMatcher=(view has effective visibility <VISIBLE> and view.getGlobalVisibleRect() covers at least <75> percent of the view's area)}' assertion on view (view.getTag() is "loginEmail" and view has effective visibility <VISIBLE>)
04-12 19:12:22.528  9663  9663 I ViewInteraction: Checking 'MatchesViewAssertion(Detox){viewMatcher=(view has effective visibility <VISIBLE> and view.getGlobalVisibleRect() covers at least <75> percent of the view's area)}' assertion on view (view.getTag() is "loginEmail" and view has effective visibility <VISIBLE>)
04-12 19:12:22.555  9663  9712 D EGL_emulation: app_time_stats: avg=425.67ms min=12.86ms max=1243.51ms count=3
04-12 19:12:22.918  9663  9663 I ViewInteraction: Checking 'MatchesViewAssertion(Detox){viewMatcher=(view has effective visibility <VISIBLE> and view.getGlobalVisibleRect() covers at least <75> percent of the view's area)}' assertion on view (view.getTag() is "loginEmail" and view has effective visibility <VISIBLE>)
04-12 19:12:22.987  9663  9663 I ViewInteraction: Checking 'MatchesViewAssertion(Detox){viewMatcher=(view has effective visibility <VISIBLE> and view.getGlobalVisibleRect() covers at least <75> percent of the view's area)}' assertion on view (view.getTag() is "loginEmail" and view has effective visibility <VISIBLE>)
04-12 19:12:23.077  9663  9663 I ViewInteraction: Checking 'MatchesViewAssertion(Detox){viewMatcher=(view has effective visibility <VISIBLE> and view.getGlobalVisibleRect() covers at least <75> percent of the view's area)}' assertion on view (view.getTag() is "loginEmail" and view has effective visibility <VISIBLE>)
04-12 19:12:23.254  9663  9663 I ViewInteraction: Checking 'MatchesViewAssertion(Detox){viewMatcher=(view has effective visibility <VISIBLE> and view.getGlobalVisibleRect() covers at least <75> percent of the view's area)}' assertion on view (view.getTag() is "loginEmail" and view has effective visibility <VISIBLE>)
04-12 19:12:23.358  9663  9663 I ViewInteraction: Checking 'MatchesViewAssertion(Detox){viewMatcher=(view has effective visibility <VISIBLE> and view.getGlobalVisibleRect() covers at least <75> percent of the view's area)}' assertion on view (view.getTag() is "loginEmail" and view has effective visibility <VISIBLE>)
04-12 19:12:23.432  9663  9663 I ViewInteraction: Checking 'MatchesViewAssertion(Detox){viewMatcher=(view has effective visibility <VISIBLE> and view.getGlobalVisibleRect() covers at least <75> percent of the view's area)}' assertion on view (view.getTag() is "loginEmail" and view has effective visibility <VISIBLE>)
04-12 19:12:23.490  9663  9740 D Detox.RNMarker: NATIVE_MODULE_SETUP_START (I18nManager)
04-12 19:12:23.491  9663  9740 D Detox.RNMarker: CREATE_MODULE_START (I18nManager)
04-12 19:12:23.492  9663  9740 D Detox.RNMarker: CREATE_MODULE_END (I18nManager)
04-12 19:12:23.493  9663  9740 D Detox.RNMarker: NATIVE_MODULE_SETUP_END (I18nManager)
04-12 19:12:23.554  9663  9740 D Detox.RNMarker: NATIVE_MODULE_SETUP_START (StatusBarManager)
04-12 19:12:23.554  9663  9740 D Detox.RNMarker: CREATE_MODULE_START (StatusBarManager)
04-12 19:12:23.555  9663  9740 D Detox.RNMarker: CREATE_MODULE_END (StatusBarManager)
04-12 19:12:23.557  9663  9740 D Detox.RNMarker: NATIVE_MODULE_SETUP_END (StatusBarManager)
04-12 19:12:23.567  9663  9740 D Detox.RNMarker: NATIVE_MODULE_SETUP_START (RNEdgeToEdge)
04-12 19:12:23.614  9663  9740 D Detox.RNMarker: NATIVE_MODULE_SETUP_START (AccessibilityInfo)
04-12 19:12:23.615  9663  9740 D Detox.RNMarker: CREATE_MODULE_START (AccessibilityInfo)
04-12 19:12:23.624  9663  9740 D Detox.RNMarker: CREATE_MODULE_END (AccessibilityInfo)
04-12 19:12:23.626  9663  9740 D Detox.RNMarker: NATIVE_MODULE_SETUP_END (AccessibilityInfo)
04-12 19:12:23.629  9663  9740 D Detox.RNMarker: NATIVE_MODULE_SETUP_START (AccessibilityManager)
04-12 19:12:23.637  9663  9740 D Detox.RNMarker: NATIVE_MODULE_SETUP_START (KeyboardObserver)
04-12 19:12:23.858  9663  9741 W unknown:ReactNative: Attempt to set local data for view with unknown tag: -1
04-12 19:12:23.861  9663  9741 W unknown:ReactNative: Attempt to set local data for view with unknown tag: -1
04-12 19:12:23.862  9663  9741 W unknown:ReactNative: Attempt to set local data for view with unknown tag: -1
04-12 19:12:23.884  9663  9741 W unknown:ReactNative: Attempt to set local data for view with unknown tag: -1
04-12 19:12:23.884  9663  9741 W unknown:ReactNative: Attempt to set local data for view with unknown tag: -1
04-12 19:12:23.884  9663  9741 W unknown:ReactNative: Attempt to set local data for view with unknown tag: -1
04-12 19:12:23.907  9663  9741 W unknown:ViewManagerPropertyUpdater: Could not find generated setter for class com.swmansion.rnscreens.ScreenStackHeaderConfigShadowNode
04-12 19:12:23.945  9663  9741 W unknown:ViewManagerPropertyUpdater: Could not find generated setter for class com.swmansion.rnscreens.ScreensShadowNode
04-12 19:12:23.993  9663  9739 D TrafficStats: tagSocket(164) with statsTag=0xffffffff, statsUid=-1
04-12 19:12:24.117  9663  9741 W unknown:ReactNative: StatusBarModule: Ignored status bar change, current activity is edge-to-edge.
04-12 19:12:24.119  9663  9741 W unknown:ReactNative: StatusBarModule: Ignored status bar change, current activity is edge-to-edge.
04-12 19:12:24.439  9663  9712 D EGL_emulation: app_time_stats: avg=103.21ms min=3.80ms max=1581.39ms count=17
04-12 19:12:24.479  9663  9663 D AutofillManager: notifyViewEnteredForFillDialog:1073741824
04-12 19:12:24.483  9663  9663 D AutofillManager: notifyViewEnteredForFillDialog:1073741825
04-12 19:12:24.484  9663  9663 D AutofillManager: Triggering pre-emptive request for fill dialog.
04-12 19:12:24.543  9663  9663 D CompatibilityChangeReporter: Compat change id reported: 163400105; UID 10207; state: ENABLED
