04-12 18:43:42.362  7117  7195 I WebViewFactory: Loading com.google.android.webview version 113.0.5672.136 (code 567263634)
04-12 18:43:42.363  7117  7195 W ziparchive: Unable to open '/data/app/~~rGDTFsEgVNAQR7v9a9DBnw==/com.google.android.trichromelibrary_567263634-3Q4C4Nt6E9KMMziAv9ANGg==/TrichromeLibrary.dm': No such file or directory
04-12 18:43:42.366  7117  7195 W ziparchive: Unable to open '/data/app/~~rGDTFsEgVNAQR7v9a9DBnw==/com.google.android.trichromelibrary_567263634-3Q4C4Nt6E9KMMziAv9ANGg==/TrichromeLibrary.dm': No such file or directory
04-12 18:43:42.366  7117  7195 W vindra.comparez: Entry not found
04-12 18:43:42.366  7117  7195 D nativeloader: Configuring clns-9 for other apk /data/app/~~rGDTFsEgVNAQR7v9a9DBnw==/com.google.android.trichromelibrary_567263634-3Q4C4Nt6E9KMMziAv9ANGg==/TrichromeLibrary.apk. target_sdk_version=34, uses_libraries=ALL, library_path=/data/app/~~Yw2cewKRy1ALIz8qfFlwsw==/com.google.android.webview-CDaciHExabTqd-t8TQiv4Q==/lib/arm64:/data/app/~~Yw2cewKRy1ALIz8qfFlwsw==/com.google.android.webview-CDaciHExabTqd-t8TQiv4Q==/WebViewGoogle.apk!/lib/arm64-v8a:/data/app/~~rGDTFsEgVNAQR7v9a9DBnw==/com.google.android.trichromelibrary_567263634-3Q4C4Nt6E9KMMziAv9ANGg==/TrichromeLibrary.apk!/lib/arm64-v8a, permitted_path=/data:/mnt/expand
04-12 18:43:42.371  7117  7194 D Detox.RNMarker: NATIVE_MODULE_SETUP_START (RedBox)
04-12 18:43:42.375  7117  7195 D nativeloader: Configuring clns-10 for other apk /data/app/~~Yw2cewKRy1ALIz8qfFlwsw==/com.google.android.webview-CDaciHExabTqd-t8TQiv4Q==/WebViewGoogle.apk. target_sdk_version=34, uses_libraries=, library_path=/data/app/~~Yw2cewKRy1ALIz8qfFlwsw==/com.google.android.webview-CDaciHExabTqd-t8TQiv4Q==/lib/arm64:/data/app/~~Yw2cewKRy1ALIz8qfFlwsw==/com.google.android.webview-CDaciHExabTqd-t8TQiv4Q==/WebViewGoogle.apk!/lib/arm64-v8a:/data/app/~~rGDTFsEgVNAQR7v9a9DBnw==/com.google.android.trichromelibrary_567263634-3Q4C4Nt6E9KMMziAv9ANGg==/TrichromeLibrary.apk!/lib/arm64-v8a, permitted_path=/data:/mnt/expand
04-12 18:43:42.378  7117  7195 W vindra.comparez: Accessing hidden method Landroid/os/Trace;->isTagEnabled(J)Z (unsupported, reflection, allowed)
04-12 18:43:42.380  7117  7194 D Detox.RNMarker: NATIVE_MODULE_SETUP_START (Networking)
04-12 18:43:42.382  7117  7194 D Detox.RNMarker: CREATE_MODULE_START (Networking)
04-12 18:43:42.383  7117  7194 D Detox.RNMarker: CREATE_MODULE_END (Networking)
04-12 18:43:42.383  7117  7194 D Detox.RNMarker: NATIVE_MODULE_SETUP_END (Networking)
04-12 18:43:42.384  7117  7194 D Detox.RNMarker: NATIVE_MODULE_SETUP_START (DevLoadingView)
04-12 18:43:42.384  7117  7194 D Detox.RNMarker: CREATE_MODULE_START (DevLoadingView)
04-12 18:43:42.384  7117  7194 D Detox.RNMarker: CREATE_MODULE_END (DevLoadingView)
04-12 18:43:42.384  7117  7194 D Detox.RNMarker: NATIVE_MODULE_SETUP_END (DevLoadingView)
04-12 18:43:42.385  7117  7194 D Detox.RNMarker: NATIVE_MODULE_SETUP_START (HeadlessJsTaskSupport)
04-12 18:43:42.385  7117  7194 D Detox.RNMarker: CREATE_MODULE_START (HeadlessJsTaskSupport)
04-12 18:43:42.386  7117  7194 D Detox.RNMarker: CREATE_MODULE_END (HeadlessJsTaskSupport)
04-12 18:43:42.386  7117  7194 D Detox.RNMarker: NATIVE_MODULE_SETUP_END (HeadlessJsTaskSupport)
04-12 18:43:42.388  7117  7194 D Detox.RNMarker: NATIVE_MODULE_SETUP_START (DeviceInfo)
04-12 18:43:42.388  7117  7195 W vindra.comparez: Accessing hidden method Landroid/os/Trace;->traceBegin(JLjava/lang/String;)V (unsupported, reflection, allowed)
04-12 18:43:42.388  7117  7195 W vindra.comparez: Accessing hidden method Landroid/os/Trace;->traceEnd(J)V (unsupported, reflection, allowed)
04-12 18:43:42.388  7117  7195 W vindra.comparez: Accessing hidden method Landroid/os/Trace;->asyncTraceBegin(JLjava/lang/String;I)V (unsupported, reflection, allowed)
04-12 18:43:42.388  7117  7195 W vindra.comparez: Accessing hidden method Landroid/os/Trace;->asyncTraceEnd(JLjava/lang/String;I)V (unsupported, reflection, allowed)
04-12 18:43:42.389  7117  7195 I cr_WVCFactoryProvider: Loaded version=113.0.5672.136 minSdkVersion=29 isBundle=false multiprocess=true packageId=2
04-12 18:43:42.391  7117  7194 D Detox.RNMarker: CREATE_MODULE_START (DeviceInfo)
04-12 18:43:42.391  7117  7194 D Detox.RNMarker: CREATE_MODULE_END (DeviceInfo)
04-12 18:43:42.392  7117  7194 D Detox.RNMarker: NATIVE_MODULE_SETUP_END (DeviceInfo)
04-12 18:43:42.393  7117  7194 D Detox.RNMarker: NATIVE_MODULE_SETUP_START (UIManager)
04-12 18:43:42.401  7117  7195 I cr_LibraryLoader: Successfully loaded native library
04-12 18:43:42.407  7117  7195 I cr_CachingUmaRecorder: Flushed 8 samples from 8 histograms.
04-12 18:43:42.408  7117  7206 I cr_VariationsUtils: Failed reading seed file "/data/user/0/com.panviravindra.comparez/app_webview/variations_seed_new"
04-12 18:43:42.408  7117  7206 I cr_VariationsUtils: Failed reading seed file "/data/user/0/com.panviravindra.comparez/app_webview/variations_seed"
04-12 18:43:42.415  7117  7209 D TrafficStats: tagSocket(137) with statsTag=0xffffffff, statsUid=-1
04-12 18:43:42.438  7117  7194 D Detox.RNMarker: NATIVE_MODULE_SETUP_END (UIManager)
04-12 18:43:42.447  7117  7194 D Detox.RNMarker: NATIVE_MODULE_SETUP_START (SoundManager)
04-12 18:43:42.447  7117  7194 D Detox.RNMarker: CREATE_MODULE_START (SoundManager)
04-12 18:43:42.447  7117  7194 D Detox.RNMarker: CREATE_MODULE_END (SoundManager)
04-12 18:43:42.447  7117  7194 D Detox.RNMarker: NATIVE_MODULE_SETUP_END (SoundManager)
04-12 18:43:42.453  7117  7194 D Detox.RNMarker: NATIVE_MODULE_SETUP_START (ImageLoader)
04-12 18:43:42.453  7117  7194 D Detox.RNMarker: CREATE_MODULE_START (ImageLoader)
04-12 18:43:42.453  7117  7194 D Detox.RNMarker: CREATE_MODULE_END (ImageLoader)
04-12 18:43:42.453  7117  7194 D Detox.RNMarker: NATIVE_MODULE_SETUP_END (ImageLoader)
04-12 18:43:42.454  7117  7194 D Detox.RNMarker: NATIVE_MODULE_SETUP_START (IntentAndroid)
04-12 18:43:42.454  7117  7194 D Detox.RNMarker: CREATE_MODULE_START (IntentAndroid)
04-12 18:43:42.454  7117  7194 D Detox.RNMarker: CREATE_MODULE_END (IntentAndroid)
04-12 18:43:42.454  7117  7194 D Detox.RNMarker: NATIVE_MODULE_SETUP_END (IntentAndroid)
04-12 18:43:42.455  7117  7194 D Detox.RNMarker: NATIVE_MODULE_SETUP_START (LinkingManager)
04-12 18:43:42.456  7117  7194 D Detox.RNMarker: NATIVE_MODULE_SETUP_START (DeviceEventManager)
04-12 18:43:42.456  7117  7194 D Detox.RNMarker: CREATE_MODULE_START (DeviceEventManager)
04-12 18:43:42.456  7117  7194 D Detox.RNMarker: CREATE_MODULE_END (DeviceEventManager)
04-12 18:43:42.456  7117  7194 D Detox.RNMarker: NATIVE_MODULE_SETUP_END (DeviceEventManager)
04-12 18:43:42.460  7117  7194 D Detox.RNMarker: NATIVE_MODULE_SETUP_START (NativeUnimoduleProxy)
04-12 18:43:42.464  7117  7194 I ExpoModulesCore: ✅ JSI interop was installed
04-12 18:43:42.465  7117  7194 I ExpoModulesCore: ✅ Constants were exported
04-12 18:43:42.466  7117  7194 D Detox.RNMarker: NATIVE_MODULE_SETUP_END (NativeUnimoduleProxy)
04-12 18:43:42.470  7117  7194 D Detox.RNMarker: NATIVE_MODULE_SETUP_START (ExpoUpdates)
04-12 18:43:42.470  7117  7194 D Detox.RNMarker: NATIVE_MODULE_SETUP_START (EXDevLauncher)
04-12 18:43:42.471  7117  7194 D Detox.RNMarker: NATIVE_MODULE_SETUP_START (ExpoUpdates)
04-12 18:43:42.471  7117  7194 D Detox.RNMarker: NATIVE_MODULE_SETUP_START (ExpoGo)
04-12 18:43:42.472  7117  7194 D Detox.RNMarker: NATIVE_MODULE_SETUP_START (ExpoGo)
04-12 18:43:42.482  7117  7194 D Detox.RNMarker: NATIVE_MODULE_SETUP_START (EXDevLauncher)
04-12 18:43:42.491  7117  7210 D TrafficStats: tagSocket(137) with statsTag=0xffffffff, statsUid=-1
04-12 18:43:42.514  7117  7194 D Detox.RNMarker: NATIVE_MODULE_SETUP_START (NativeAnimatedModule)
04-12 18:43:42.514  7117  7194 D Detox.RNMarker: CREATE_MODULE_START (NativeAnimatedModule)
04-12 18:43:42.515  7117  7194 D Detox.RNMarker: CREATE_MODULE_END (NativeAnimatedModule)
04-12 18:43:42.515  7117  7194 D Detox.RNMarker: NATIVE_MODULE_SETUP_END (NativeAnimatedModule)
04-12 18:43:42.526  7117  7194 D Detox.RNMarker: NATIVE_MODULE_SETUP_START (RNCSafeAreaContext)
04-12 18:43:42.526  7117  7194 D Detox.RNMarker: CREATE_MODULE_START (RNCSafeAreaContext)
04-12 18:43:42.526  7117  7194 D Detox.RNMarker: CREATE_MODULE_END (RNCSafeAreaContext)
04-12 18:43:42.527  7117  7194 D Detox.RNMarker: NATIVE_MODULE_SETUP_END (RNCSafeAreaContext)
04-12 18:43:42.530  7117  7194 D Detox.RNMarker: NATIVE_MODULE_SETUP_START (RNSModule)
04-12 18:43:42.530  7117  7194 D Detox.RNMarker: CREATE_MODULE_START (RNSModule)
04-12 18:43:42.532  7117  7194 D Detox.RNMarker: CREATE_MODULE_END (RNSModule)
04-12 18:43:42.533  7117  7194 D Detox.RNMarker: NATIVE_MODULE_SETUP_START (RNEdgeToEdge)
04-12 18:43:42.542  7117  7194 D Detox.RNMarker: NATIVE_MODULE_SETUP_START (RNVectorIconsManager)
04-12 18:43:42.542  7117  7194 D Detox.RNMarker: NATIVE_MODULE_SETUP_START (RNVectorIconsModule)
04-12 18:43:42.542  7117  7194 D Detox.RNMarker: NATIVE_MODULE_SETUP_START (RNVectorIconsManager)
04-12 18:43:42.542  7117  7194 D Detox.RNMarker: NATIVE_MODULE_SETUP_START (RNVectorIconsModule)
04-12 18:43:42.618  7117  7194 D Detox.RNMarker: NATIVE_MODULE_SETUP_START (PlatformLocalStorage)
04-12 18:43:42.618  7117  7194 D Detox.RNMarker: NATIVE_MODULE_SETUP_START (RNC_AsyncSQLiteDBStorage)
04-12 18:43:42.618  7117  7194 D Detox.RNMarker: NATIVE_MODULE_SETUP_START (RNCAsyncStorage)
04-12 18:43:42.618  7117  7194 D Detox.RNMarker: CREATE_MODULE_START (RNCAsyncStorage)
04-12 18:43:42.619  7117  7194 V AsyncStorageExpoMigration: No scoped database found
04-12 18:43:42.619  7117  7194 D Detox.RNMarker: CREATE_MODULE_END (RNCAsyncStorage)
04-12 18:43:42.619  7117  7194 D Detox.RNMarker: NATIVE_MODULE_SETUP_END (RNCAsyncStorage)
04-12 18:43:42.621  7117  7194 D Detox.RNMarker: NATIVE_MODULE_SETUP_START (RNCWebViewModule)
04-12 18:43:42.621  7117  7194 D Detox.RNMarker: CREATE_MODULE_START (RNCWebViewModule)
04-12 18:43:42.622  7117  7194 D Detox.RNMarker: CREATE_MODULE_END (RNCWebViewModule)
04-12 18:43:42.622  7117  7194 D Detox.RNMarker: NATIVE_MODULE_SETUP_END (RNCWebViewModule)
04-12 18:43:42.788  7117  7194 D Detox.RNMarker: RUN_JS_BUNDLE_END (/.virtual-metro-entry.bundle?platform=android&dev=true&lazy=true&minify=false&app=com.panviravindra.comparez&modulesOnly=false&runModule=true&excludeSource=true&sourcePaths=url-server)
04-12 18:43:42.806  7117  7194 I ReactNativeJS: Running "main" with {"rootTag":11}
04-12 18:43:42.827  7117  7211 D TrafficStats: tagSocket(122) with statsTag=0xffffffff, statsUid=-1
04-12 18:43:43.619  7117  7117 W UiControllerImpl: Waiting for: DYNAMIC_TASKS_HAVE_IDLED for 100 iterations.
04-12 18:43:43.783  7117  7212 D ProfileInstaller: Installing profile for com.panviravindra.comparez
04-12 18:43:43.799  7117  7194 W ReactNativeJS: The app is running using the Legacy Architecture. The Legacy Architecture is deprecated and will be removed in a future version of React Native. Please consider migrating to the New Architecture. For more information, please see https://reactnative.dev/blog/2024/10/23/the-new-architecture-is-here
04-12 18:43:44.301  7117  7195 D CompatibilityChangeReporter: Compat change id reported: 289878283; UID 10201; state: ENABLED
04-12 18:43:44.306  7117  7117 D Detox.RNMarker: CONTENT_APPEARED (main)
04-12 18:43:44.408  7117  7191 W vindra.comparez: Verification of java.util.List kotlin.reflect.jvm.internal.impl.load.kotlin.AbstractBinaryClassAnnotationLoader.loadClassAnnotations(kotlin.reflect.jvm.internal.impl.serialization.deserialization.ProtoContainer$Class) took 109.565ms (620.63 bytecodes/s) (2880B approximate peak alloc)
04-12 18:43:44.417  7117  7163 D EGL_emulation: app_time_stats: avg=1696.82ms min=352.53ms max=3041.10ms count=2
04-12 18:43:44.560  7117  7117 I Detox   : Wait is over: App is now idle!
04-12 18:43:44.561  7117  7152 I DetoxWSClient: Sending out action 'ready' (ID #-1000)
04-12 18:43:44.562  7117  7152 I DetoxDispatcher: Done with action 'isReady'
04-12 18:43:44.565  7117  7214 D TrafficStats: tagSocket(141) with statsTag=0xffffffff, statsUid=-1
04-12 18:43:44.578  7117  7156 D DetoxWSClient: Received action 'invoke' (ID #3, params={"target":{"type":"Class","value":"com.wix.detox.espresso.EspressoDetox"},"method":"perform","args":[{"type":"Invocation","value":{"target":{"type":"Class","value":"com.wix.detox.espresso.DetoxMatcher"},"method":"matcherForTestId","args":["homeSearchCta",{"type":"boolean","value":false}]}},{"type":"Invocation","value":{"target":{"type":"Class","value":"com.wix.detox.espresso.DetoxViewActions"},"method":"click","args":[]}}]})
04-12 18:43:44.579  7117  7152 I DetoxDispatcher: Handling action 'invoke' (ID #3)...
04-12 18:43:44.593  7117  7152 D Detox   : class com.wix.detox.espresso.DetoxMatcher, matcherForTestId, [homeSearchCta, false]
04-12 18:43:44.629  7117  7213 W vindra.comparez: Verification of boolean com.facebook.imagepipeline.decoder.ProgressiveJpegParser.parseMoreData(com.facebook.imagepipeline.image.EncodedImage) took 286.150ms (230.65 bytecodes/s) (3160B approximate peak alloc)
04-12 18:43:44.664  7117  7152 D Detox   : class com.wix.detox.espresso.DetoxViewActions, click, []
04-12 18:43:44.672  7117  7152 W vindra.comparez: Accessing hidden method Landroid/view/ViewConfiguration;->getDoubleTapMinTime()I (unsupported, reflection, allowed)
04-12 18:43:44.678  7117  7152 D Detox   : class com.wix.detox.espresso.EspressoDetox, perform, [(view.getTag() is "homeSearchCta" and view has effective visibility <VISIBLE>), com.wix.detox.espresso.action.RNClickAction@ae6ecf3]
04-12 18:43:44.695  7117  7152 D CompatibilityChangeReporter: Compat change id reported: 247079863; UID 10201; state: ENABLED
04-12 18:43:44.712  7117  7194 D Detox.RNMarker: NATIVE_MODULE_SETUP_START (FileReaderModule)
04-12 18:43:44.712  7117  7194 D Detox.RNMarker: CREATE_MODULE_START (FileReaderModule)
04-12 18:43:44.713  7117  7194 D Detox.RNMarker: CREATE_MODULE_END (FileReaderModule)
04-12 18:43:44.714  7117  7194 D Detox.RNMarker: NATIVE_MODULE_SETUP_END (FileReaderModule)
04-12 18:43:44.834  7117  7213 W vindra.comparez: Verification of com.facebook.imagepipeline.producers.JobScheduler$JobState[] com.facebook.imagepipeline.producers.JobScheduler$JobState.values() took 187.470ms (48.01 bytecodes/s) (1432B approximate peak alloc)
04-12 18:43:44.912  7117  7152 I DetoxActionHandlers: Test exception
04-12 18:43:44.912  7117  7152 I DetoxActionHandlers: java.lang.reflect.InvocationTargetException
04-12 18:43:44.912  7117  7152 I DetoxActionHandlers: 	at java.lang.reflect.Method.invoke(Native Method)
04-12 18:43:44.912  7117  7152 I DetoxActionHandlers: 	at org.apache.commons.lang3.reflect.MethodUtils.invokeStaticMethod(MethodUtils.java:443)
04-12 18:43:44.912  7117  7152 I DetoxActionHandlers: 	at org.apache.commons.lang3.reflect.MethodUtils.invokeStaticMethod(MethodUtils.java:405)
04-12 18:43:44.912  7117  7152 I DetoxActionHandlers: 	at com.wix.invoke.types.ClassTarget.execute(ClassTarget.java:23)
04-12 18:43:44.912  7117  7152 I DetoxActionHandlers: 	at com.wix.invoke.types.Target.invoke(Target.java:59)
04-12 18:43:44.912  7117  7152 I DetoxActionHandlers: 	at com.wix.invoke.MethodInvocation.invoke(MethodInvocation.java:35)
04-12 18:43:44.912  7117  7152 I DetoxActionHandlers: 	at com.wix.invoke.MethodInvocation.invoke(MethodInvocation.java:26)
04-12 18:43:44.912  7117  7152 I DetoxActionHandlers: 	at com.wix.invoke.MethodInvocation.invoke(MethodInvocation.java:20)
04-12 18:43:44.912  7117  7152 I DetoxActionHandlers: 	at com.wix.detox.adapters.server.InvokeActionHandler.handle(DetoxActionHandlers.kt:54)
04-12 18:43:44.9