04-12 21:35:12.698 16762 16835 D Detox.RNMarker: NATIVE_MODULE_SETUP_START (RNSModule)
04-12 21:35:12.698 16762 16835 D Detox.RNMarker: CREATE_MODULE_START (RNSModule)
04-12 21:35:12.699 16762 16835 D Detox.RNMarker: CREATE_MODULE_END (RNSModule)
04-12 21:35:12.701 16762 16835 D Detox.RNMarker: NATIVE_MODULE_SETUP_START (RNEdgeToEdge)
04-12 21:35:12.709 16762 16835 D Detox.RNMarker: NATIVE_MODULE_SETUP_START (RNVectorIconsManager)
04-12 21:35:12.710 16762 16835 D Detox.RNMarker: NATIVE_MODULE_SETUP_START (RNVectorIconsModule)
04-12 21:35:12.710 16762 16835 D Detox.RNMarker: NATIVE_MODULE_SETUP_START (RNVectorIconsManager)
04-12 21:35:12.710 16762 16835 D Detox.RNMarker: NATIVE_MODULE_SETUP_START (RNVectorIconsModule)
04-12 21:35:12.788 16762 16835 D Detox.RNMarker: NATIVE_MODULE_SETUP_START (PlatformLocalStorage)
04-12 21:35:12.788 16762 16835 D Detox.RNMarker: NATIVE_MODULE_SETUP_START (RNC_AsyncSQLiteDBStorage)
04-12 21:35:12.788 16762 16835 D Detox.RNMarker: NATIVE_MODULE_SETUP_START (RNCAsyncStorage)
04-12 21:35:12.788 16762 16835 D Detox.RNMarker: CREATE_MODULE_START (RNCAsyncStorage)
04-12 21:35:12.788 16762 16835 V AsyncStorageExpoMigration: No scoped database found
04-12 21:35:12.788 16762 16835 D Detox.RNMarker: CREATE_MODULE_END (RNCAsyncStorage)
04-12 21:35:12.789 16762 16835 D Detox.RNMarker: NATIVE_MODULE_SETUP_END (RNCAsyncStorage)
04-12 21:35:12.790 16762 16835 D Detox.RNMarker: NATIVE_MODULE_SETUP_START (RNCWebViewModule)
04-12 21:35:12.791 16762 16835 D Detox.RNMarker: CREATE_MODULE_START (RNCWebViewModule)
04-12 21:35:12.791 16762 16835 D Detox.RNMarker: CREATE_MODULE_END (RNCWebViewModule)
04-12 21:35:12.791 16762 16835 D Detox.RNMarker: NATIVE_MODULE_SETUP_END (RNCWebViewModule)
04-12 21:35:12.827 16762 16835 D Detox.RNMarker: RUN_JS_BUNDLE_END (/.virtual-metro-entry.bundle?platform=android&dev=true&lazy=true&minify=false&app=com.panviravindra.comparez&modulesOnly=false&runModule=true&excludeSource=true&sourcePaths=url-server)
04-12 21:35:12.833 16762 16835 I ReactNativeJS: Running "main" with {"rootTag":11}
04-12 21:35:12.843 16762 16853 D TrafficStats: tagSocket(125) with statsTag=0xffffffff, statsUid=-1
04-12 21:35:13.018 16762 16835 W ReactNativeJS: The app is running using the Legacy Architecture. The Legacy Architecture is deprecated and will be removed in a future version of React Native. Please consider migrating to the New Architecture. For more information, please see https://reactnative.dev/blog/2024/10/23/the-new-architecture-is-here
04-12 21:35:13.069 16762 16836 D CompatibilityChangeReporter: Compat change id reported: 289878283; UID 10209; state: ENABLED
04-12 21:35:13.073 16762 16762 I Detox   : Wait is over: App is now idle!
04-12 21:35:13.073 16762 16795 I DetoxWSClient: Sending out action 'ready' (ID #-1000)
04-12 21:35:13.073 16762 16795 I DetoxDispatcher: Done with action 'isReady'
04-12 21:35:13.077 16762 16800 D DetoxWSClient: Received action 'invoke' (ID #1, params={"target":{"type":"Class","value":"com.wix.detox.espresso.DetoxAssertion"},"method":"waitForAssertMatcher","args":[{"type":"Invocation","value":{"target":{"type":"Class","value":"androidx.test.espresso.Espresso"},"method":"onView","args":[{"type":"Invocation","value":{"target":{"type":"Class","value":"com.wix.detox.espresso.DetoxMatcher"},"method":"matcherForTestId","args":["loginEmail",{"type":"boolean","value":false}]}}]}},{"type":"Invocation","value":{"target":{"type":"Class","value":"com.wix.detox.espresso.DetoxMatcher"},"method":"matcherForSufficientlyVisible","args":[{"type":"Integer","value":75}]}},{"type":"Double","value":3}]})
04-12 21:35:13.077 16762 16795 I DetoxDispatcher: Handling action 'invoke' (ID #1)...
04-12 21:35:13.078 16762 16795 D Detox   : class com.wix.detox.espresso.DetoxMatcher, matcherForTestId, [loginEmail, false]
04-12 21:35:13.080 16762 16795 D Detox   : class androidx.test.espresso.Espresso, onView, [(view.getTag() is "loginEmail" and view has effective visibility <VISIBLE>)]
04-12 21:35:13.081 16762 16795 D CompatibilityChangeReporter: Compat change id reported: 247079863; UID 10209; state: ENABLED
04-12 21:35:13.081 16762 16795 D Detox   : class com.wix.detox.espresso.DetoxMatcher, matcherForSufficientlyVisible, [75]
04-12 21:35:13.081 16762 16795 D Detox   : class com.wix.detox.espresso.DetoxAssertion, waitForAssertMatcher, [androidx.test.espresso.ViewInteraction@56af9b2, (view has effective visibility <VISIBLE> and view.getGlobalVisibleRect() covers at least <75> percent of the view's area), 3.0]
04-12 21:35:13.092 16762 16762 I ViewInteraction: Checking 'MatchesViewAssertion(Detox){viewMatcher=(view has effective visibility <VISIBLE> and view.getGlobalVisibleRect() covers at least <75> percent of the view's area)}' assertion on view (view.getTag() is "loginEmail" and view has effective visibility <VISIBLE>)
04-12 21:35:13.093 16762 16762 D Detox.RNMarker: CONTENT_APPEARED (main)
04-12 21:35:13.116 16762 16807 D EGL_emulation: app_time_stats: avg=579.28ms min=89.82ms max=1068.74ms count=2
04-12 21:35:13.124 16762 16854 D TrafficStats: tagSocket(140) with statsTag=0xffffffff, statsUid=-1
04-12 21:35:13.142 16762 16835 D Detox.RNMarker: NATIVE_MODULE_SETUP_START (FileReaderModule)
04-12 21:35:13.143 16762 16835 D Detox.RNMarker: CREATE_MODULE_START (FileReaderModule)
04-12 21:35:13.143 16762 16835 D Detox.RNMarker: CREATE_MODULE_END (FileReaderModule)
04-12 21:35:13.143 16762 16835 D Detox.RNMarker: NATIVE_MODULE_SETUP_END (FileReaderModule)
04-12 21:35:13.156 16762 16762 I ViewInteraction: Checking 'MatchesViewAssertion(Detox){viewMatcher=(view has effective visibility <VISIBLE> and view.getGlobalVisibleRect() covers at least <75> percent of the view's area)}' assertion on view (view.getTag() is "loginEmail" and view has effective visibility <VISIBLE>)
04-12 21:35:13.183 16762 16762 I ViewInteraction: Checking 'MatchesViewAssertion(Detox){viewMatcher=(view has effective visibility <VISIBLE> and view.getGlobalVisibleRect() covers at least <75> percent of the view's area)}' assertion on view (view.getTag() is "loginEmail" and view has effective visibility <VISIBLE>)
04-12 21:35:13.212 16762 16762 I ViewInteraction: Checking 'MatchesViewAssertion(Detox){viewMatcher=(view has effective visibility <VISIBLE> and view.getGlobalVisibleRect() covers at least <75> percent of the view's area)}' assertion on view (view.getTag() is "loginEmail" and view has effective visibility <VISIBLE>)
04-12 21:35:13.228 16762 16769 I vindra.comparez: NativeAlloc concurrent copying GC freed 277014(21MB) AllocSpace objects, 7(140KB) LOS objects, 49% free, 10MB/20MB, paused 26us,48us total 173.643ms
04-12 21:35:13.240 16762 16762 I ViewInteraction: Checking 'MatchesViewAssertion(Detox){viewMatcher=(view has effective visibility <VISIBLE> and view.getGlobalVisibleRect() covers at least <75> percent of the view's area)}' assertion on view (view.getTag() is "loginEmail" and view has effective visibility <VISIBLE>)
04-12 21:35:13.244 16762 16857 D TrafficStats: tagSocket(5) with statsTag=0xffffffff, statsUid=-1
04-12 21:35:13.270 16762 16762 I ViewInteraction: Checking 'MatchesViewAssertion(Detox){viewMatcher=(view has effective visibility <VISIBLE> and view.getGlobalVisibleRect() covers at least <75> percent of the view's area)}' assertion on view (view.getTag() is "loginEmail" and view has effective visibility <VISIBLE>)
04-12 21:35:13.291 16762 16835 D Detox.RNMarker: NATIVE_MODULE_SETUP_START (I18nManager)
04-12 21:35:13.291 16762 16835 D Detox.RNMarker: CREATE_MODULE_START (I18nManager)
04-12 21:35:13.291 16762 16835 D Detox.RNMarker: CREATE_MODULE_END (I18nManager)
04-12 21:35:13.292 16762 16835 D Detox.RNMarker: NATIVE_MODULE_SETUP_END (I18nManager)
04-12 21:35:13.310 16762 16835 D Detox.RNMarker: NATIVE_MODULE_SETUP_START (StatusBarManager)
04-12 21:35:13.310 16762 16835 D Detox.RNMarker: CREATE_MODULE_START (StatusBarManager)
04-12 21:35:13.311 16762 16835 D Detox.RNMarker: CREATE_MODULE_END (StatusBarManager)
04-12 21:35:13.311 16762 16835 D Detox.RNMarker: NATIVE_MODULE_SETUP_END (StatusBarManager)
04-12 21:35:13.314 16762 16835 D Detox.RNMarker: NATIVE_MODULE_SETUP_START (RNEdgeToEdge)
04-12 21:35:13.327 16762 16835 D Detox.RNMarker: NATIVE_MODULE_SETUP_START (AccessibilityInfo)
04-12 21:35:13.327 16762 16835 D Detox.RNMarker: CREATE_MODULE_START (AccessibilityInfo)
04-12 21:35:13.328 16762 16835 D Detox.RNMarker: CREATE_MODULE_END (AccessibilityInfo)
04-12 21:35:13.328 16762 16835 D Detox.RNMarker: NATIVE_MODULE_SETUP_END (AccessibilityInfo)
04-12 21:35:13.329 16762 16835 D Detox.RNMarker: NATIVE_MODULE_SETUP_START (AccessibilityManager)
04-12 21:35:13.330 16762 16835 D Detox.RNMarker: NATIVE_MODULE_SETUP_START (KeyboardObserver)
04-12 21:35:13.376 16762 16836 W unknown:ReactNative: Attempt to set local data for view with unknown tag: -1
04-12 21:35:13.376 16762 16836 W unknown:ReactNative: Attempt to set local data for view with unknown tag: -1
04-12 21:35:13.376 16762 16836 W unknown:ReactNative: Attempt to set local data for view with unknown tag: -1
04-12 21:35:13.376 16762 16836 W unknown:ReactNative: Attempt to set local data for view with unknown tag: -1
04-12 21:35:13.378 16762 16836 W unknown:ReactNative: Attempt to set local data for view with unknown tag: -1
04-12 21:35:13.378 16762 16836 W unknown:ReactNative: Attempt to set local data for view with unknown tag: -1
04-12 21:35:13.399 16762 16836 W unknown:ViewManagerPropertyUpdater: Could not find generated setter for class com.swmansion.rnscreens.ScreenStackHeaderConfigShadowNode
04-12 21:35:13.409 16762 16836 W unknown:ViewManagerPropertyUpdater: Could not find generated setter for class com.swmansion.rnscreens.ScreensShadowNode
04-12 21:35:13.416 16762 16834 D TrafficStats: tagSocket(124) with statsTag=0xffffffff, statsUid=-1
04-12 21:35:13.446 16762 16836 W unknown:ReactNative: StatusBarModule: Ignored status bar change, current activity is edge-to-edge.
04-12 21:35:13.446 16762 16836 W unknown:ReactNative: StatusBarModule: Ignored status bar change, current activity is edge-to-edge.
04-12 21:35:13.491 16762 16762 D AutofillManager: notifyViewEnteredForFillDialog:1073741824
04-12 21:35:13.492 16762 16762 D AutofillManager: notifyViewEnteredForFillDialog:1073741825
04-12 21:35:13.492 16762 16762 D AutofillManager: Triggering pre-emptive request for fill dialog.
04-12 21:35:13.529 16762 16762 D CompatibilityChangeReporter: Compat change id reported: 163400105; UID 10209; state: ENABLED
04-12 21:35:13.531 16762 16762 I AssistStructure: Flattened final assist data: 3132 bytes, containing 1 windows, 18 views
04-12 21:35:13.575 16762 16835 D Detox.RNMarker: NATIVE_MODULE_SETUP_START (RNEdgeToEdge)
04-12 21:35:13.611 16762 16762 I ViewInteraction: Checking 'MatchesViewAssertion(Detox){viewMatcher=(view has effective visibility <VISIBLE> and view.getGlobalVisibleRect() covers at least <75> percent of the view's area)}' assertion on view (view.getTag() is "loginEmail" and view has effective visibility <VISIBLE>)
04-12 21:35:13.627 16762 16795 I DetoxWSClient: Sending out action 'invokeResult' (ID #1)
04-12 21:35:13.627 16762 16795 I DetoxDispatcher: Done with action 'invoke'
04-12 21:35:13.630 16762 16800 D DetoxWSClient: Received action 'invoke' (ID #2, params={"target":{"type":"Class","value":"com.wix.detox.espresso.EspressoDetox"},"method":"perform","args":[{"type":"Invocation","value":{"target":{"type":"Class","value":"com.wix.detox.espresso.DetoxMatcher"},"method":"matcherForTestId","args":["loginEmail",{"type":"boolean","value":false}]}},{"type":"Invocation","value":{"target":{"type":"Class","value":"com.wix.detox.espresso.DetoxViewActions"},"method":"typeText","args":["test@example.com"]}}]})
04-12 21:35:13.631 16762 16795 I DetoxDispatcher: Handling action 'invoke' (ID #2)...
04-12 21:35:13.631 16762 16795 D Detox   : class com.wix.detox.espresso.DetoxMatcher, matcherForTestId, [loginEmail, false]
04-12 21:35:13.632 16762 16795 D Detox   : class com.wix.detox.espresso.DetoxViewActions, typeText, [test@example.com]
04-12 21:35:13.632 16762 16795 W vindra.comparez: Accessing hidden method Landroid/view/ViewConfiguration;->getDoubleTapMinTime()I (unsupported, reflection, allowed)
04-12 21:35:13.634 16762 16795 D Detox   : class com.wix.detox.espresso.EspressoDetox, perform, [(view.getTag() is "loginEmail" and view has effective visibility <VISIBLE>), com.wix.detox.espresso.action.DetoxTypeTextAction@6e5f94]
04-12 21:35:13.638 16762 16762 I ViewInteraction: Performing 'Click to focus & type text (test@example.com)' action on view (view.getTag() is "loginEmail" and view has effective visibility <VISIBLE>)
04-12 21:35:13.687 16762 16762 I ImeTracker: com.panviravindra.comparez:1f137acc: onRequestShow at ORIGIN_CLIENT_SHOW_SOFT_INPUT reason SHOW_SOFT_INPUT
04-12 21:35:13.687 16762 16762 D InputMethodManager: showSoftInput() view=com.facebook.react.views.textinput.ReactEditText{855f412 VFED..CL. .F.P..ID 116,28-772,126 #59 aid=1073741824} flags=0 reason=SHOW_SOFT_INPUT
04-12 21:35:13.735 16762 16762 I ImeTracker: com.panviravindra.comparez:2848cdfc: onRequestShow at ORIGIN_CLIENT_SHOW_SOFT_INPUT reason SHOW_SOFT_INPUT
04-12 21:35:13.736 16762 16762 D InputMethodManager: showSoftInput() view=com.facebook.react.views.textinput.ReactEditText{855f412 VFED..CL. .F.P.... 116,28-772,126 #59 aid=1073741824} flags=0 reason=SHOW_SOFT_INPUT
04-12 21:35:13.887 16762 16762 D InsetsController: show(ime(), fromIme=true)
04-12 21:35:13.931 16762 16762 I ImeTracker: com.panviravindra.comparez:2848cdfc: onShown
04-12 21:35:14.091 16762 16762 D UiControllerImpl: Injecting string: "test@example.com"
04-12 21:35:14.116 16762 16836 W unknown:ReactNative: StatusBarModule: Ignored status bar change, current activity is edge-to-edge.
04-12 21:35:14.128 16762 16807 D EGL_emulation: app_time_stats: avg=39.14ms min=0.79ms max=226.44ms count=24
04-12 21:35:14.171 16762 16836 W unknown:ReactNative: StatusBarModule: Ignored status bar change, current activity is edge-to-edge.
04-12 21:35:14.256 16762 16836 W unknown:ReactNative: StatusBarModule: Ignored status bar change, current activity is edge-to-edge.
04-12 21:35:14.297 16762 16836 W unknown:ReactNative: StatusBarModule: Ignored status bar change, current activity is edge-to-edge.
04-12 21:35:14.345 16762 16836 W unknown:ReactNative: StatusBarModule: Ignored status bar change, current activity is edge-to-edge.
04-12 21:35:14.380 16762 16836 W unknown:ReactNative: StatusBarModule: Ignored status bar change, current activity is edge-to-edge.
04-12 21:35:14.398 16762 16836 W unknown:ReactNative: StatusBarModule: Ignored status bar change, current activity is edge-to-edge.
04-12 21:35:14.427 16762 16836 W unknown:ReactNative: StatusBarModule: Ignored status bar change, current activity is edge-to-edge.
04-12 21:35:14.447 16762 16836 W unknown:ReactNative: StatusBarModule: Ignored status bar change, current activity is edge-to-edge.
04-12 21:35:14.465 16762 16836 W unknown:ReactNative: StatusBarModule: Ignored status bar change, current activity is edge-to-edge.
04-12 21:35:14.497 16762 16836 W unknown:ReactNative: StatusBarModule: Ignored status bar change, current activity is edge-to-edge.
04-12 21:35:14.513 16762 16836 W unknown:ReactNative: StatusBarModule: Ignored status bar change, current activity is edge-to-edge.
04-12 21:35:14.534 16762 16836 W unknown:ReactNative: StatusBarModule: Ignored status bar change, current activity is edge-to-edge.
04-12 21:35:14.561 16762 16836 W unknown:ReactNative: StatusBarModule: Ignored status bar change, current activity is edge-to-edge.
04-12 21:35:14.578 16762 16836 W unknown:ReactNative: StatusBarModule: Ignored status bar change, current activity is edge-to-edge.
04-12 21:35:14.595 16762 16836 W unknown:ReactNative: StatusBarModule: Ignored status bar change, current activity is edge-to-edge.
04-12 21:35:14.597 16762 16795 I DetoxWSClient: Sending out action 'invokeResult' (ID #2)
04-12 21:35:14.598 16762 16795 I DetoxDispatcher: Done with action 'invoke'
04-12 21:35:14.601 16762 16800 D DetoxWSClient: Received action 'invoke' (ID #3, params={"target":{"type":"Class","value":"com.wix.detox.espresso.EspressoDetox"},"method":"perform","args":[{"type":"Invocation","value":{"target":{"type":"Class","value":"com.wix.detox.espresso.DetoxMatcher"},"method":"matcherForTestId","args":["loginPassword",{"type":"boolean","value":false}]}},{"type":"Invocation","value":{"target":{"type":"Class","value":"com.wix.detox.espresso.DetoxViewActions"},"method":"typeText","args":["password123\n"]}}]})
04-12 21:35:14.601 16762 16795 I DetoxDispatcher: Handling action 'invoke' (ID #3)...
04-12 21:35:14.605 16762 16795 D Detox   : class com.wix.detox.espresso.DetoxMatcher, matcherForTestId, [loginPassword, false]
04-12 21:35:14.607 16762 16795 D Detox   : class com.wix.detox.espresso.DetoxViewActions, typeText, [password123
04-12 21:35:14.607 16762 16795 D Detox   : ]
04-12 21:35:14.609 16762 16795 D Detox   : class com.wix.detox.espresso.EspressoDetox, perform, [(view.getTag() is "loginPassword" and view has effective visibility <VISIBLE>), com.wix.detox.espresso.action.DetoxTypeTextAction@be06229]
04-12 21:35:14.612 16762 16762 I ViewInteraction: Performing 'Click to focus & type text (password123
04-12 21:35:14.612 16762 16762 I ViewInteraction: )' action on view (view.getTag() is "loginPassword" and view has effective visibility <VISIBLE>)
04-12 21:35:14.656 16762 16762 I ImeTracker: com.panviravindra.comparez:9b4f087d: onRequestShow at ORIGIN_CLIENT_SHOW_SOFT_INPUT reason SHOW_SOFT_INPUT
04-12 21:35:14.656 16762 16762 D InputMethodManager: showSoftInput() view=com.facebook.react.views.textinput.ReactEditText{7d0f099 VFED..CL. .F.P..ID 116,28-700,126 #61 aid=1073741825} flags=0 reason=SHOW_SOFT_INPUT
04-12 21:35:14.659 16762 16762 W WindowOnBackDispatcher: sendCancelIfRunning: isInProgress=falsecallback=ImeCallback=ImeOnBackInvokedCallback@12596647 Callback=android.window.IOnBackInvokedCallback$Stub$Proxy@c8682ba
04-12 21:35:14.677 16762 16762 D InsetsController: show(ime(), fromIme=true)
04-12 21:35:14.677 16762 16762 I ImeTracker: com.panviravindra.comparez:42b8d9fa: onCancelled at PHASE_CLIENT_APPLY_ANIMATION
04-12 21:35:14.678 16762 16762 D InsetsController: show(ime(), fromIme=true)
04-12 21:35:14.678 16762 16762 I ImeTracker: com.panviravindra.comparez:9b4f087d: onCancelled at PHASE_CLIENT_APPLY_ANIMATION
04-12 21:35:14.687 16762 16762 I ImeTracker: com.panviravindra.comparez:24b695ba: onRequestShow at ORIGIN_CLIENT_SHOW_SOFT_INPUT reason SHOW_SOFT_INPUT
04-12 21:35:14.687 16762 16762 D InputMethodManager: showSoftInput() view=com.facebook.react.views.textinput.ReactEditText{7d0f099 VFED..CL. .F.P.... 116,28-700,126 #61 aid=1073741825} flags=0 reason=SHOW_SOFT_INPUT
04-12 21:35:14.689 16762 16762 D InsetsController: show(ime(), fromIme=true)
04-12 21:35:14.689 16762 16762 I ImeTracker: com.panviravindra.comparez:24b695ba: onCancelled at PHASE_CLIENT_APPLY_ANIMATION
04-12 21:35:15.057 16762 16762 D UiControllerImpl: Injecting string: "password123
04-12 21:35:15.057 16762 16762 D UiControllerImpl: "
04-12 21:35:15.093 16762 16836 W unknown:ReactNative: StatusBarModule: Ignored status bar change, current activity is edge-to-edge.
04-12 21:35:15.132 16762 16836 W unknown:ReactNative: StatusBarModule: Ignored status bar change, current activity is edge-to-edge.
04-12 21:35:15.141 16762 16807 D EGL_emulation: app_time_stats: avg=38.97ms min=9.23ms max=422.43ms count=26
04-12 21:35:15.149 16762 16836 W unknown:ReactNative: StatusBarModule: Ignored status bar change, current activity is edge-to-edge.
04-12 21:35:15.176 16762 16836 W unknown:ReactNative: StatusBarModule: Ignored status bar change, current activity is edge-to-edge.
04-12 21:35:15.193 16762 16836 W unknown:ReactNative: StatusBarModule: Ignored status bar change, current activity is edge-to-edge.
04-12 21:35:15.209 16762 16836 W unknown:ReactNative: StatusBarModule: Ignored status bar change, current activity is edge-to-edge.
04-12 21:35:15.228 16762 16836 W unknown:ReactNative: StatusBarModule: Ignored status bar change, current activity is edge-to-edge.
04-12 21:35:15.247 16762 16836 W unknown:ReactNative: StatusBarModule: Ignored status bar change, current activity is edge-to-edge.
04-12 21:35:15.265 16762 16836 W unknown:ReactNative: StatusBarModule: Ignored status bar change, current activity is edge-to-edge.
04-12 21:35:15.284 16762 16836 W unknown:ReactNative: StatusBarModule: Ignored status bar change, current activity is edge-to-edge.
04-12 21:35:15.311 16762 16836 W unknown:ReactNative: StatusBarModule: Ignored status bar change, current activity is edge-to-edge.
04-12 21:35:15.315 16762 16762 I ImeTracker: com.panviravindra.comparez:f27dbace: onRequestHide at ORIGIN_CLIENT_HIDE_SOFT_INPUT reason HIDE_SOFT_INPUT
04-12 21:35:15.333 16762 16762 W WindowOnBackDispatcher: sendCancelIfRunning: isInProgress=falsecallback=ImeCallback=ImeOnBackInvokedCallback@12596647 Callback=android.window.IOnBackInvokedCallback$Stub$Proxy@e63303a
04-12 21:35:15.356 16762 16762 I ImeTracker: com.panviravindra.comparez:a72506f9: onRequestHide at ORIGIN_CLIENT_HIDE_SOFT_INPUT reason HIDE_SOFT_INPUT
04-12 21:35:15.356 16762 16795 I DetoxWSClient: Sending out action 'invokeResult' (ID #3)
04-12 21:35:15.357 16762 16795 I DetoxDispatcher: Done with action 'invoke'
04-12 21:35:15.358 16762 16762 D InsetsController: show(ime(), fromIme=true)
04-12 21:35:15.358 16762 16762 I ImeTracker: com.panviravindra.comparez:5a3c22f6: onCancelled at PHASE_CLIENT_APPLY_ANIMATION
04-12 21:35:15.359 16762 16800 D DetoxWSClient: Received action 'invoke' (ID #4, params={"target":{"type":"Class","value":"com.wix.detox.espresso.EspressoDetox"},"method":"perform","args":[{"type":"Invocation","value":{"target":{"type":"Class","value":"com.wix.detox.espresso.DetoxMatcher"},"method":"matcherForTestId","args":["loginBtn",{"type":"boolean","value":false}]}},{"type":"Invocation","value":{"target":{"type":"Class","value":"com.wix.detox.espresso.DetoxViewActions"},"method":"click","args":[]}}]})
04-12 21:35:15.375 16762 16795 I DetoxDispatcher: Handling action 'invoke' (ID #4)...
04-12 21:35:15.375 16762 16795 D Detox   : class com.wix.detox.espresso.DetoxMatcher, matcherForTestId, [loginBtn, false]
04-12 21:35:15.376 16762 16795 D Detox   : class com.wix.detox.espresso.DetoxViewActions, click, []
04-12 21:35:15.377 16762 16762 W WindowOnBackDispatcher: sendCancelIfRunning: isInProgress=falsecallback=ImeCallback=ImeOnBackInvokedCallback@12596647 Callback=android.window.IOnBackInvokedCallback$Stub$Proxy@6fb8c92
04-12 21:35:15.378 16762 16795 D Detox   : class com.wix.detox.espresso.EspressoDetox, perform, [(view.getTag() is "loginBtn" and view has effective visibility <VISIBLE>), com.wix.detox.espresso.action.RNClickAction@8db8663]
04-12 21:35:15.381 16762 16762 I ImeTracker: com.panviravindra.comparez:44e0270: onRequestHide at ORIGIN_CLIENT_HIDE_SOFT_INPUT reason HIDE_SOFT_INPUT_BY_INSETS_API
04-12 21:35:15.382 16762 16762 I ImeTracker: com.panviravindra.comparez:f27dbace: onHidden
04-12 21:35:15.382 16762 16762 I ImeTracker: com.panviravindra.comparez:a72506f9: onCancelled at PHASE_CLIENT_APPLY_ANIMATION
04-12 21:35:15.397 16762 16762 I ViewInteraction: Performing 'com.wix.detox.espresso.action.detoxsingletap@bfc9260 click' action on view (view.getTag() is "loginBtn" and view has effective visibility <VISIBLE>)
04-12 21:35:15.477 16762 16836 W unknown:ReactNative: StatusBarModule: Ignored status bar change, current activity is edge-to-edge.
04-12 21:35:15.485 16762 16762 I ImeTracker: com.panviravindra.comparez:ce91d886: onRequestHide at ORIGIN_CLIENT_HIDE_SOFT_INPUT reason HIDE_SOFT_INPUT
04-12 21:35:15.494 16762 16762 I ImeTracker: com.panviravindra.comparez:eaa3c3aa: onRequestHide at ORIGIN_CLIENT_HIDE_SOFT_INPUT reason HIDE_SOFT_INPUT
04-12 21:35:15.512 16762 16854 D TrafficStats: tagSocket(127) with statsTag=0xffffffff, statsUid=-1
04-12 21:35:15.846 16762 16795 I DetoxWSClient: Sending out action 'invokeResult' (ID #4)
04-12 21:35:15.846 16762 16795 I DetoxDispatcher: Done with action 'invoke'
04-12 21:35:15.850 16762 16800 D DetoxWSClient: Received action 'invoke' (ID #5, params={"target":{"type":"Class","value":"com.wix.detox.espresso.DetoxAssertion"},"method":"waitForAssertMatcher","args":[{"type":"Invocation","value":{"target":{"type":"Class","value":"androidx.test.espresso.Espresso"},"method":"onView","args":[{"type":"Invocation","value":{"target":{"type":"Class","value":"com.wix.detox.espresso.DetoxMatcher"},"method":"matcherForTestId","args":["homeSearchCta",{"type":"boolean","value":false}]}}]}},{"type":"Invocation","value":{"target":{"type":"Class","value":"com.wix.detox.espresso.DetoxMatcher"},"method":"matcherForSufficientlyVisible","args":[{"type":"Integer","value":75}]}},{"type":"Double","value":5}]})
04-12 21:35:15.850 16762 16795 I DetoxDispatcher: Handling action 'invoke' (ID #5)...
04-12 21:35:15.851 16762 16795 D Detox   : class com.wix.detox.espresso.DetoxMatcher, matcherForTestId, [homeSearchCta, false]
04-12 21:35:15.852 16762 16795 D Detox   : class androidx.test.espresso.Espresso, onView, [(view.getTag() is "homeSearchCta" and view has effective visibility <VISIBLE>)]
04-12 21:35:15.852 16762 16795 D Detox   : class com.wix.detox.espresso.DetoxMatcher, matcherForSufficientlyVisible, [75]
04-12 21:35:15.853 16762 16795 D Detox   : class com.wix.detox.espresso.DetoxAssertion, waitForAssertMatcher, [androidx.test.espresso.ViewInteraction@d45d9f0, (view has effective visibility <VISIBLE> and view.getGlobalVisibleRect() covers at least <75> percent of the view's area), 5.0]
04-12 21:35:15.863 16762 16762 I ViewInteraction: Checking 'MatchesViewAssertion(Detox){viewMatcher=(view has effective visibility <VISIBLE> and view.getGlobalVisibleRect() covers at least <75> percent of the view's area)}' assertion on view (view.getTag() is "homeSearchCta" and view has effective visibility <VISIBLE>)
04-12 21:35:15.891 16762 16762 I ViewInteraction: Checking 'MatchesViewAssertion(Detox){viewMatcher=(view has effective visibility <VISIBLE> and view.getGlobalVisibleRect() covers at least <75> percent of the view's area)}' assertion on view (view.getTag() is "homeSearchCta" and view has effective visibility <VISIBLE>)
04-12 21:35:15.921 16762 16762 I ViewInteraction: Checking 'MatchesViewAssertion(Detox){viewMatcher=(view has effective visibility <VISIBLE> and view.getGlobalVisibleRect() covers at least <75> percent of the view's area)}' assertion on view (view.getTag() is "homeSearchCta" and view has effective visibility <VISIBLE>)
04-12 21:35:15.949 16762 16762 I ViewInteraction: Checking 'MatchesViewAssertion(Detox){viewMatcher=(view has effective visibility <VISIBLE> and view.getGlobalVisibleRect() covers at least <75> percent of the view's area)}' assertion on view (view.getTag() is "homeSearchCta" and view has effective visibility <VISIBLE>)
04-12 21:35:15.980 16762 16762 I ViewInteraction: Checking 'MatchesViewAssertion(Detox){viewMatcher=(view has effective visibility <VISIBLE> and view.getGlobalVisibleRect() covers at least <75> percent of the view's area)}' assertion on view (view.getTag() is "homeSearchCta" and view has effective visibility <VISIBLE>)
04-12 21:35:16.008 16762 16762 I ViewInteraction: Checking 'MatchesViewAssertion(Detox){viewMatcher=(view has effective visibility <VISIBLE> and view.getGlobalVisibleRect() covers at least <75> percent of the view's area)}' assertion on view (view.getTag() is "homeSearchCta" and view has effective visibility <VISIBLE>)
04-12 21:35:16.038 16762 16762 I ViewInteraction: Checking 'MatchesViewAssertion(Detox){viewMatcher=(view has effective visibility <VISIBLE> and view.getGlobalVisibleRect() covers at least <75> percent of the view's area)}' assertion on view (view.getTag() is "homeSearchCta" and view has effective visibility <VISIBLE>)
04-12 21:35:16.066 16762 16762 I ViewInteraction: Checking 'MatchesViewAssertion(Detox){viewMatcher=(view has effective visibility <VISIBLE> and view.getGlobalVisibleRect() covers at least <75> percent of the view's area)}' assertion on view (view.getTag() is "homeSearchCta" and view has effective visibility <VISIBLE>)
04-12 21:35:16.094 16762 16762 I ViewInteraction: Checking 'MatchesViewAssertion(Detox){viewMatcher=(view has effective visibility <VISIBLE> and view.getGlobalVisibleRect() covers at least <75> percent of the view's area)}' assertion on view (view.getTag() is "homeSearchCta" and view has effective visibility <VISIBLE>)
04-12 21:35:16.123 16762 16762 I ViewInteraction: Checking 'MatchesViewAssertion(Detox){viewMatcher=(view has effective visibility <VISIBLE> and view.getGlobalVisibleRect() covers at least <75> percent of the view's area)}' assertion on view (view.getTag() is "homeSearchCta" and view has effective visibility <VISIBLE>)
04-12 21:35:16.152 16762 16762 I ViewInteraction: Checking 'MatchesViewAssertion(Detox){viewMatcher=(view has effective visibility <VISIBLE> and view.getGlobalVisibleRect() covers at least <75> percent of the view's area)}' assertion on view (view.getTag() is "homeSearchCta" and view has effective visibility <VISIBLE>)
04-12 21:35:16.180 16762 16762 I ViewInteraction: Checking 'MatchesViewAssertion(Detox){viewMatcher=(view has effective visibility <VISIBLE> and view.getGlobalVisibleRect() covers at least <75> percent of the view's area)}' assertion on view (view.getTag() is "homeSearchCta" and view has effective visibility <VISIBLE>)
04-12 21:35:16.209 16762 16762 I ViewInteraction: Checking 'MatchesViewAssertion(Detox){viewMatcher=(view has effective visibility <VISIBLE> and view.getGlobalVisibleRect() covers at least <75> percent of the view's area)}' assertion on view (view.getTag() is "homeSearchCta" and view has effective visibility <VISIBLE>)
04-12 21:35:16.239 16762 16762 I ViewInteraction: Checking 'MatchesViewAssertion(Detox){viewMatcher=(view has effective visibility <VISIBLE> and view.getGlobalVisibleRect() covers at least <75> percent of the view's area)}' assertion on view (view.getTag() is "homeSearchCta" and view has effective visibility <VISIBLE>)
04-12 21:35:16.270 16762 16762 I ViewInteraction: Checking 'MatchesViewAssertion(Detox){viewMatcher=(view has effective visibility <VISIBLE> and view.getGlobalVisibleRect() covers at least <75> percent of the view's area)}' assertion on view (view.getTag() is "homeSearchCta" and view has effective visibility <VISIBLE>)
04-12 21:35:16.301 16762 16762 I ViewInteraction: Checking 'MatchesViewAssertion(Detox){viewMatcher=(view has effective visibility <VISIBLE> and view.getGlobalVisibleRect() covers at least <75> percent of the view's area)}' assertion on view (view.getTag() is "homeSearchCta" and view has effective visibility <VISIBLE>)
04-12 21:35:16.331 16762 16762 I ViewInteraction: Checking 'MatchesViewAssertion(Detox){viewMatcher=(view has effective visibility <VISIBLE> and view.getGlobalVisibleRect() covers at least <75> percent of the view's area)}' assertion on view (view.getTag() is "homeSearchCta" and view has effective visibility <VISIBLE>)
04-12 21:35:16.360 16762 16762 I ViewInteraction: Checking 'MatchesViewAssertion(Detox){viewMatcher=(view has effective visibility <VISIBLE> and view.getGlobalVisibleRect() covers at least <75> percent of the view's area)}' assertion on view (view.getTag() is "homeSearchCta" and view has effective visibility <VISIBLE>)
04-12 21:35:16.389 16762 16762 I ViewInteraction: Checking 'MatchesViewAssertion(Detox){viewMatcher=(view has effective visibility <VISIBLE> and view.getGlobalVisibleRect() covers at least <75> percent of the view's area)}' assertion on view (view.getTag() is "homeSearchCta" and view has effective visibility <VISIBLE>)
04-12 21:35:16.421 16762 16762 I ViewInteraction: Checking 'MatchesViewAssertion(Detox){viewMatcher=(view has effective visibility <VISIBLE> and view.getGlobalVisibleRect() covers at least <75> percent of the view's area)}' assertion on view (view.getTag() is "homeSearchCta" and view has effective visibility <VISIBLE>)
04-12 21:35:16.453 16762 16762 I ViewInteraction: Checking 'MatchesViewAssertion(Detox){viewMatcher=(view has effective visibility <VISIBLE> and view.getGlobalVisibleRect() covers at least <75> percent of the view's area)}' assertion on view (view.getTag() is "homeSearchCta" and view has effective visibility <VISIBLE>)
04-12 21:35:16.485 16762 16762 I ViewInteraction: Checking 'MatchesViewAssertion(Detox){viewMatcher=(view has effective visibility <VISIBLE> and view.getGlobalVisibleRect() covers at least <75> percent of the view's area)}' assertion on view (view.getTag() is "homeSearchCta" and view has effective visibility <VISIBLE>)
04-12 21:35:16.515 16762 16762 I ViewInteraction: Checking 'MatchesViewAssertion(Detox){viewMatcher=(view has effective visibility <VISIBLE> and view.getGlobalVisibleRect() covers at least <75> percent of the view's area)}' assertion on view (view.getTag() is "homeSearchCta" and view has effective visibility <VISIBLE>)
04-12 21:35:16.544 16762 16762 I ViewInteraction: Checking 'MatchesViewAssertion(Detox){viewMatcher=(view has effective visibility <VISIBLE> and view.getGlobalVisibleRect() covers at least <75> percent of the view's area)}' assertion on view (view.getTag() is "homeSearchCta" and view has effective visibility <VISIBLE>)
04-12 21:35:16.575 16762 16762 I ViewInteraction: Checking 'MatchesViewAssertion(Detox){viewMatcher=(view has effective visibility <VISIBLE> and view.getGlobalVisibleRect() covers at least <75> percent of the view's area)}' assertion on view (view.getTag() is "homeSearchCta" and view has effective visibility <VISIBLE>)
04-12 21:35:16.627 16762 16762 I ViewInteraction: Checking 'MatchesViewAssertion(Detox){viewMatcher=(view has effective visibility <VISIBLE> and view.getGlobalVisibleRect() covers at least <75> percent of the view's area)}' assertion on view (view.getTag() is "homeSearchCta" and view has effective visibility <VISIBLE>)
04-12 21:35:16.672 16762 16762 I ViewInteraction: Checking 'MatchesViewAssertion(Detox){viewMatcher=(view has effective visibility <VISIBLE> and view.getGlobalVisibleRect() covers at least <75> percent of the view's area)}' assertion on view (view.getTag() is "homeSearchCta" and view has effective visibility <VISIBLE>)
04-12 21:35:16.709 16762 16762 I ViewInteraction: Checking 'MatchesViewAssertion(Detox){viewMatcher=(view has effective visibility <VISIBLE> and view.getGlobalVisibleRect() covers at least <75> percent of the view's area)}' assertion on view (view.getTag() is "homeSearchCta" and view has effective visibility <VISIBLE>)
04-12 21:35:16.744 16762 16762 I ViewInteraction: Checking 'MatchesViewAssertion(Detox){viewMatcher=(view has effective visibility <VISIBLE> and view.getGlobalVisibleRect() covers at least <75> percent of the view's area)}' assertion on view (view.getTag() is "homeSearchCta" and view has effective visibility <VISIBLE>)
04-12 21:35:16.781 16762 16762 I ViewInteraction: Checking 'MatchesViewAssertion(Detox){viewMatcher=(view has effective visibility <VISIBLE> and view.getGlobalVisibleRect() covers at least <75> percent of the view's area)}' assertion on view (view.getTag() is "homeSearchCta" and view has effective visibility <VISIBLE>)
04-12 21:35:16.820 16762 16762 I ViewInteraction: Checking 'MatchesViewAssertion(Detox){viewMatcher=(view has effective visibility <VISIBLE> and view.getGlobalVisibleRect() covers at least <75> percent of the view's area)}' assertion on view (view.getTag() is "homeSearchCta" and view has effective visibility <VISIBLE>)
04-12 21:35:16.853 16762 16762 I ViewInteraction: Checking 'MatchesViewAssertion(Detox){viewMatcher=(view has effective visibility <VISIBLE> and view.getGlobalVisibleRect() covers at least <75> percent of the view's area)}' assertion on view (view.getTag() is "homeSearchCta" and view has effective visibility <VISIBLE>)
04-12 21:35:16.884 16762 16762 I ViewInteraction: Checking 'MatchesViewAssertion(Detox){viewMatcher=(view has effective visibility <VISIBLE> and view.getGlobalVisibleRect() covers at least <75> percent of the view's area)}' assertion on view (view.getTag() is "homeSearchCta" and view has effective visibility <VISIBLE>)
04-12 21:35:16.914 16762 16762 I ViewInteraction: Checking 'MatchesViewAssertion(Detox){viewMatcher=(view has effective visibility <VISIBLE> and view.getGlobalVisibleRect() covers at least <75> percent of the view's area)}' assertion on view (view.getTag() is "homeSearchCta" and view has effective visibility <VISIBLE>)
04-12 21:35:16.944 16762 16762 I ViewInteraction: Checking 'MatchesViewAssertion(Detox){viewMatcher=(view has effective visibility <VISIBLE> and view.getGlobalVisibleRect() covers at least <75> percent of the view's area)}' assertion on view (view.getTag() is "homeSearchCta" and view has effective visibility <VISIBLE>)
04-12 21:35:16.972 16762 16762 I ViewInteraction: Checking 'MatchesViewAssertion(Detox){viewMatcher=(view has effective visibility <VISIBLE> and view.getGlobalVisibleRect() covers at least <75> percent of the view's area)}' assertion on view (view.getTag() is "homeSearchCta" and view has effective visibility <VISIBLE>)
04-12 21:35:17.001 16762 16762 I ViewInteraction: Checking 'MatchesViewAssertion(Detox){viewMatcher=(view has effective visibility <VISIBLE> and view.getGlobalVisibleRect() covers at least <75> percent of the view's area)}' assertion on view (view.getTag() is "homeSearchCta" and view has effective visibility <VISIBLE>)
04-12 21:35:17.029 16762 16762 I ViewInteraction: Checking 'MatchesViewAssertion(Detox){viewMatcher=(view has effective visibility <VISIBLE> and view.getGlobalVisibleRect() covers at least <75> percent of the view's area)}' assertion on view (view.getTag() is "homeSearchCta" and view has effective visibility <VISIBLE>)
04-12 21:35:17.058 16762 16762 I ViewInteraction: Checking 'MatchesViewAssertion(Detox){viewMatcher=(view has effective visibility <VISIBLE> and view.getGlobalVisibleRect() covers at least <75> percent of the view's area)}' assertion on view (view.getTag() is "homeSearchCta" and view has effective visibility <VISIBLE>)
04-12 21:35:17.105 16762 16762 I ViewInteraction: Checking 'MatchesViewAssertion(Detox){viewMatcher=(view has effective visibility <VISIBLE> and view.getGlobalVisibleRect() covers at least <75> percent of the view's area)}' assertion on view (view.getTag() is "homeSearchCta" and view has effective visibility <VISIBLE>)
04-12 21:35:17.134 16762 16762 I ViewInteraction: Checking 'MatchesViewAssertion(Detox){viewMatcher=(view has effective visibility <VISIBLE> and view.getGlobalVisibleRect() covers at least <75> percent of the view's area)}' assertion on view (view.getTag() is "homeSearchCta" and view has effective visibility <VISIBLE>)
04-12 21:35:17.148 16762 16912 D ProfileInstaller: Installing profile for com.panviravindra.comparez
04-12 21:35:17.162 16762 16762 I ViewInteraction: Checking 'MatchesViewAssertion(Detox){viewMatcher=(view has effective visibility <VISIBLE> and view.getGlobalVisibleRect() covers at least <75> percent of the view's area)}' assertion on view (view.getTag() is "homeSearchCta" and view has effective visibility <VISIBLE>)
04-12 21:35:17.190 16762 16762 I ViewInteraction: Checking 'MatchesViewAssertion(Detox){viewMatcher=(view has effective visibility <VISIBLE> and view.getGlobalVisibleRect() covers at least <75> percent of the view's area)}' assertion on view (view.getTag() is "homeSearchCta" and view has effective visibility <VISIBLE>)
04-12 21:35:17.218 16762 16762 I ViewInteraction: Checking 'MatchesViewAssertion(Detox){viewMatcher=(view has effective visibility <VISIBLE> and view.getGlobalVisibleRect() covers at least <75> percent of the view's area)}' assertion on view (view.getTag() is "homeSearchCta" and view has effective visibility <VISIBLE>)
04-12 21:35:17.246 16762 16762 I ViewInteraction: Checking 'MatchesViewAssertion(Detox){viewMatcher=(view has effective visibility <VISIBLE> and view.getGlobalVisibleRect() covers at least <75> percent of the view's area)}' assertion on view (view.getTag() is "homeSearchCta" and view has effective visibility <VISIBLE>)
04-12 21:35:17.275 16762 16762 I ViewInteraction: Checking 'MatchesViewAssertion(Detox){viewMatcher=(view has effective visibility <VISIBLE> and view.getGlobalVisibleRect() covers at least <75> percent of the view's area)}' assertion on view (view.getTag() is "homeSearchCta" and view has effective visibility <VISIBLE>)
04-12 21:35:17.303 16762 16762 I ViewInteraction: Checking 'MatchesViewAssertion(Detox){viewMatcher=(view has effective visibility <VISIBLE> and view.getGlobalVisibleRect() covers at least <75> percent of the view's area)}' assertion on view (view.getTag() is "homeSearchCta" and view has effective visibility <VISIBLE>)
04-12 21:35:17.331 16762 16762 I ViewInteraction: Checking 'MatchesViewAssertion(Detox){viewMatcher=(view has effective visibility <VISIBLE> and view.getGlobalVisibleRect() covers at least <75> percent of the view's area)}' assertion on view (view.getTag() is "homeSearchCta" and view has effective visibility <VISIBLE>)
04-12 21:35:17.359 16762 16762 I ViewInteraction: Checking 'MatchesViewAssertion(Detox){viewMatcher=(view has effective visibility <VISIBLE> and view.getGlobalVisibleRect() covers at least <75> percent of the view's area)}' assertion on view (view.getTag() is "homeSearchCta" and view has effective visibility <VISIBLE>)
04-12 21:35:17.393 16762 16762 I ViewInteraction: Checking 'MatchesViewAssertion(Detox){viewMatcher=(view has effective visibility <VISIBLE> and view.getGlobalVisibleRect() covers at least <75> percent of the view's area)}' assertion on view (view.getTag() is "homeSearchCta" and view has effective visibility <VISIBLE>)
04-12 21:35:17.422 16762 16762 I ViewInteraction: Checking 'MatchesViewAssertion(Detox){viewMatcher=(view has effective visibility <VISIBLE> and view.getGlobalVisibleRect() covers at least <75> percent of the view's area)}' assertion on view (view.getTag() is "homeSearchCta" and view has effective visibility <VISIBLE>)
04-12 21:35:17.450 16762 16762 I ViewInteraction: Checking 'MatchesViewAssertion(Detox){viewMatcher=(view has effective visibility <VISIBLE> and view.getGlobalVisibleRect() covers at least <75> percent of the view's area)}' assertion on view (view.getTag() is "homeSearchCta" and view has effective visibility <VISIBLE>)
04-12 21:35:17.478 16762 16762 I ViewInteraction: Checking 'MatchesViewAssertion(Detox){viewMatcher=(view has effective visibility <VISIBLE> and view.getGlobalVisibleRect() covers at least <75> percent of the view's area)}' assertion on view (view.getTag() is "homeSearchCta" and view has effective visibility <VISIBLE>)
04-12 21:35:17.506 16762 16762 I ViewInteraction: Checking 'MatchesViewAssertion(Detox){viewMatcher=(view has effective visibility <VISIBLE> and view.getGlobalVisibleRect() covers at least <75> percent of the view's area)}' assertion on view (view.getTag() is "homeSearchCta" and view has effective visibility <VISIBLE>)
04-12 21:35:17.535 16762 16762 I ViewInteraction: Checking 'MatchesViewAssertion(Detox){viewMatcher=(view has effective visibility <VISIBLE> and view.getGlobalVisibleRect() covers at least <75> percent of the view's area)}' assertion on view (view.getTag() is "homeSearchCta" and view has effective visibility <VISIBLE>)
04-12 21:35:17.567 16762 16762 I ViewInteraction: Checking 'MatchesViewAssertion(Detox){viewMatcher=(view has effective visibility <VISIBLE> and view.getGlobalVisibleRect() covers at least <75> percent of the view's area)}' assertion on view (view.getTag() is "homeSearchCta" and view has effective visibility <VISIBLE>)
04-12 21:35:17.596 16762 16762 I ViewInteraction: Checking 'MatchesViewAssertion(Detox){viewMatcher=(view has effective visibility <VISIBLE> and view.getGlobalVisibleRect() covers at least <75> percent of the view's area)}' assertion on view (view.getTag() is "homeSearchCta" and view has effective visibility <VISIBLE>)
04-12 21:35:17.624 16762 16762 I ViewInteraction: Checking 'MatchesViewAssertion(Detox){viewMatcher=(view has effective visibility <VISIBLE> and view.getGlobalVisibleRect() covers at least <75> percent of the view's area)}' assertion on view (view.getTag() is "homeSearchCta" and view has effective visibility <VISIBLE>)
04-12 21:35:17.655 16762 16762 I ViewInteraction: Checking 'MatchesViewAssertion(Detox){viewMatcher=(view has effective visibility <VISIBLE> and view.getGlobalVisibleRect() covers at least <75> percent of the view's area)}' assertion on view (view.getTag() is "homeSearchCta" and view has effective visibility <VISIBLE>)
04-12 21:35:17.684 16762 16762 I ViewInteraction: Checking 'MatchesViewAssertion(Detox){viewMatcher=(view has effective visibility <VISIBLE> and view.getGlobalVisibleRect() covers at least <75> percent of the view's area)}' assertion on view (view.getTag() is "homeSearchCta" and view has effective visibility <VISIBLE>)
04-12 21:35:17.712 16762 16762 I ViewInteraction: Checking 'MatchesViewAssertion(Detox){viewMatcher=(view has effective visibility <VISIBLE> and view.getGlobalVisibleRect() covers at least <75> percent of the view's area)}' assertion on view (view.getTag() is "homeSearchCta" and view has effective visibility <VISIBLE>)
04-12 21:35:17.743 16762 16762 I ViewInteraction: Checking 'MatchesViewAssertion(Detox){viewMatcher=(view has effective visibility <VISIBLE> and view.getGlobalVisibleRect() covers at least <75> percent of the view's area)}' assertion on view (view.getTag() is "homeSearchCta" and view has effective visibility <VISIBLE>)
04-12 21:35:17.772 16762 16762 I ViewInteraction: Checking 'MatchesViewAssertion(Detox){viewMatcher=(view has effective visibility <VISIBLE> and view.getGlobalVisibleRect() covers at least <75> percent of the view's area)}' assertion on view (view.getTag() is "homeSearchCta" and view has effective visibility <VISIBLE>)
04-12 21:35:17.802 16762 16762 I ViewInteraction: Checking 'MatchesViewAssertion(Detox){viewMatcher=(view has effective visibility <VISIBLE> and view.getGlobalVisibleRect() covers at least <75> percent of the view's area)}' assertion on view (view.getTag() is "homeSearchCta" and view has effective visibility <VISIBLE>)
04-12 21:35:17.831 16762 16762 I ViewInteraction: Checking 'MatchesViewAssertion(Detox){viewMatcher=(view has effective visibility <VISIBLE> and view.getGlobalVisibleRect() covers at least <75> percent of the view's area)}' assertion on view (view.getTag() is "homeSearchCta" and view has effective visibility <VISIBLE>)
04-12 21:35:17.860 16762 16762 I ViewInteraction: Checking 'MatchesViewAssertion(Detox){viewMatcher=(view has effective visibility <VISIBLE> and view.getGlobalVisibleRect() covers at least <75> percent of the view's area)}' assertion on view (view.getTag() is "homeSearchCta" and view has effective visibility <VISIBLE>)
04-12 21:35:17.889 16762 16762 I ViewInteraction: Checking 'MatchesViewAssertion(Detox){viewMatcher=(view has effective visibility <VISIBLE> and view.getGlobalVisibleRect() covers at least <75> percent of the view's area)}' assertion on view (view.getTag() is "homeSearchCta" and view has effective visibility <VISIBLE>)
04-12 21:35:17.918 16762 16762 I ViewInteraction: Checking 'MatchesViewAssertion(Detox){viewMatcher=(view has effective visibility <VISIBLE> and view.getGlobalVisibleRect() covers at least <75> percent of the view's area)}' assertion on view (view.getTag() is "homeSearchCta" and view has effective visibility <VISIBLE>)
04-12 21:35:17.948 16762 16762 I ViewInteraction: Checking 'MatchesViewAssertion(Detox){viewMatcher=(view has effective visibility <VISIBLE> and view.getGlobalVisibleRect() covers at least <75> percent of the view's area)}' assertion on view (view.getTag() is "homeSearchCta" and view has effective visibility <VISIBLE>)
04-12 21:35:17.977 16762 16762 I ViewInteraction: Checking 'MatchesViewAssertion(Detox){viewMatcher=(view has effective visibility <VISIBLE> and view.getGlobalVisibleRect() covers at least <75> percent of the view's area)}' assertion on view (view.getTag() is "homeSearchCta" and view has effective visibility <VISIBLE>)
04-12 21:35:18.004 16762 16762 I ViewInteraction: Checking 'MatchesViewAssertion(Detox){viewMatcher=(view has effective visibility <VISIBLE> and view.getGlobalVisibleRect() covers at least <75> percent of the view's area)}' assertion on view (view.getTag() is "homeSearchCta" and view has effective visibility <VISIBLE>)
04-12 21:35:18.034 16762 16762 I ViewInteraction: Checking 'MatchesViewAssertion(Detox){viewMatcher=(view has effective visibility <VISIBLE> and view.getGlobalVisibleRect() covers at least <75> percent of the view's area)}' assertion on view (view.getTag() is "homeSearchCta" and view has effective visibility <VISIBLE>)
04-12 21:35:18.060 16762 16762 I ViewInteraction: Checking 'MatchesViewAssertion(Detox){viewMatcher=(view has effective visibility <VISIBLE> and view.getGlobalVisibleRect() covers at least <75> percent of the view's area)}' assertion on view (view.getTag() is "homeSearchCta" and view has effective visibility <VISIBLE>)
04-12 21:35:18.089 16762 16762 I ViewInteraction: Checking 'MatchesViewAssertion(Detox){viewMatcher=(view has effective visibility <VISIBLE> and view.getGlobalVisibleRect() covers at least <75> percent of the view's area)}' assertion on view (view.getTag() is "homeSearchCta" and view has effective visibility <VISIBLE>)
04-12 21:35:18.116 16762 16762 I ViewInteraction: Checking 'MatchesViewAssertion(Detox){viewMatcher=(view has effective visibility <VISIBLE> and view.getGlobalVisibleRect() covers at least <75> percent of the view's area)}' assertion on view (view.getTag() is "homeSearchCta" and view has effective visibility <VISIBLE>)
