--------- beginning of main
04-12 18:21:03.001  6375  6375 W unknown:ReactNative: Packager connection already open, nooping.
04-12 18:21:03.001  6375  6447 D Detox.RNMarker: CREATE_MODULE_START (UIManager)
04-12 18:21:03.017  6375  6447 W unknown:ViewManagerPropertyUpdater: Could not find generated setter for class com.facebook.react.views.debuggingoverlay.DebuggingOverlayManager
04-12 18:21:03.024  6375  6447 W unknown:ViewManagerPropertyUpdater: Could not find generated setter for class com.facebook.react.uimanager.LayoutShadowNode
04-12 18:21:03.026  6375  6447 W unknown:ViewManagerPropertyUpdater: Could not find generated setter for class com.facebook.react.views.drawer.ReactDrawerLayoutManager
04-12 18:21:03.027  6375  6447 W unknown:ViewManagerPropertyUpdater: Could not find generated setter for class com.facebook.react.views.scroll.ReactHorizontalScrollViewManager
04-12 18:21:03.030  6375  6447 W unknown:ViewManagerPropertyUpdater: Could not find generated setter for class com.facebook.react.views.scroll.ReactHorizontalScrollContainerViewManager
04-12 18:21:03.031  6375  6447 W unknown:ViewManagerPropertyUpdater: Could not find generated setter for class com.facebook.react.views.progressbar.ReactProgressBarViewManager
04-12 18:21:03.034  6375  6447 W unknown:ViewManagerPropertyUpdater: Could not find generated setter for class com.facebook.react.views.progressbar.ProgressBarShadowNode
04-12 18:21:03.035  6375  6447 W unknown:ViewManagerPropertyUpdater: Could not find generated setter for class com.facebook.react.views.scroll.ReactScrollViewManager
04-12 18:21:03.039  6375  6447 W unknown:ViewManagerPropertyUpdater: Could not find generated setter for class com.facebook.react.views.switchview.ReactSwitchManager
04-12 18:21:03.039  6375  6447 W unknown:ViewManagerPropertyUpdater: Could not find generated setter for class com.facebook.react.views.switchview.ReactSwitchShadowNode
04-12 18:21:03.040  6375  6447 W unknown:ViewManagerPropertyUpdater: Could not find generated setter for class com.facebook.react.views.safeareaview.ReactSafeAreaViewManager
04-12 18:21:03.040  6375  6447 W unknown:ViewManagerPropertyUpdater: Could not find generated setter for class com.facebook.react.views.safeareaview.ReactSafeAreaViewShadowNode
04-12 18:21:03.040  6375  6447 W unknown:ViewManagerPropertyUpdater: Could not find generated setter for class com.facebook.react.views.swiperefresh.SwipeRefreshLayoutManager
04-12 18:21:03.041  6375  6447 W unknown:ViewManagerPropertyUpdater: Could not find generated setter for class com.facebook.react.views.text.frescosupport.FrescoBasedReactTextInlineImageViewManager
04-12 18:21:03.043  6375  6447 W unknown:ViewManagerPropertyUpdater: Could not find generated setter for class com.facebook.react.views.text.frescosupport.FrescoBasedReactTextInlineImageShadowNode
04-12 18:21:03.044  6375  6447 W unknown:ViewManagerPropertyUpdater: Could not find generated setter for class com.facebook.react.views.image.ReactImageManager
04-12 18:21:03.045  6375  6447 W unknown:ViewManagerPropertyUpdater: Could not find generated setter for class com.facebook.react.views.modal.ReactModalHostManager
04-12 18:21:03.051  6375  6447 W unknown:ViewManagerPropertyUpdater: Could not find generated setter for class com.facebook.react.views.text.ReactRawTextManager
04-12 18:21:03.051  6375  6447 W unknown:ViewManagerPropertyUpdater: Could not find generated setter for class com.facebook.react.views.text.ReactRawTextShadowNode
04-12 18:21:03.052  6375  6447 W unknown:ViewManagerPropertyUpdater: Could not find generated setter for class com.facebook.react.views.textinput.ReactTextInputManager
04-12 18:21:03.053  6375  6447 W unknown:ViewManagerPropertyUpdater: Could not find generated setter for class com.facebook.react.views.textinput.ReactTextInputShadowNode
04-12 18:21:03.054  6375  6447 W unknown:ViewManagerPropertyUpdater: Could not find generated setter for class com.facebook.react.views.text.ReactTextViewManager
04-12 18:21:03.055  6375  6447 W unknown:ViewManagerPropertyUpdater: Could not find generated setter for class com.facebook.react.views.text.ReactTextShadowNode
04-12 18:21:03.056  6375  6447 W unknown:ViewManagerPropertyUpdater: Could not find generated setter for class com.facebook.react.views.view.ReactViewManager
04-12 18:21:03.056  6375  6447 W unknown:ViewManagerPropertyUpdater: Could not find generated setter for class com.facebook.react.views.text.ReactVirtualTextViewManager
04-12 18:21:03.062  6375  6447 W unknown:ViewManagerPropertyUpdater: Could not find generated setter for class com.facebook.react.views.text.ReactVirtualTextShadowNode
04-12 18:21:03.063  6375  6447 W unknown:ViewManagerPropertyUpdater: Could not find generated setter for class com.facebook.react.views.unimplementedview.ReactUnimplementedViewManager
04-12 18:21:03.063  6375  6447 W unknown:ViewManagerPropertyUpdater: Could not find generated setter for class expo.modules.kotlin.views.GroupViewManagerWrapper
04-12 18:21:03.065  6375  6447 W unknown:ViewManagerPropertyUpdater: Could not find generated setter for class expo.modules.kotlin.views.SimpleViewManagerWrapper
04-12 18:21:03.067  6375  6447 W unknown:ViewManagerPropertyUpdater: Could not find generated setter for class com.th3rdwave.safeareacontext.SafeAreaProviderManager
04-12 18:21:03.067  6375  6447 W unknown:ViewManagerPropertyUpdater: Could not find generated setter for class com.th3rdwave.safeareacontext.SafeAreaViewManager
04-12 18:21:03.068  6375  6447 W unknown:ViewManagerPropertyUpdater: Could not find generated setter for class com.th3rdwave.safeareacontext.SafeAreaViewShadowNode
04-12 18:21:03.068  6375  6447 W unknown:ViewManagerPropertyUpdater: Could not find generated setter for class com.swmansion.rnscreens.ScreenContainerViewManager
04-12 18:21:03.069  6375  6447 W unknown:ViewManagerPropertyUpdater: Could not find generated setter for class com.swmansion.rnscreens.ScreenViewManager
04-12 18:21:03.071  6375  6447 W unknown:ViewManagerPropertyUpdater: Could not find generated setter for class com.swmansion.rnscreens.ModalScreenViewManager
04-12 18:21:03.075  6375  6447 W unknown:ViewManagerPropertyUpdater: Could not find generated setter for class com.swmansion.rnscreens.ScreenStackViewManager
04-12 18:21:03.076  6375  6447 W unknown:ViewManagerPropertyUpdater: Could not find generated setter for class com.swmansion.rnscreens.ScreenStackHeaderConfigViewManager
04-12 18:21:03.077  6375  6447 W unknown:ViewManagerPropertyUpdater: Could not find generated setter for class com.swmansion.rnscreens.ScreenStackHeaderSubviewManager
04-12 18:21:03.077  6375  6447 W unknown:ViewManagerPropertyUpdater: Could not find generated setter for class com.swmansion.rnscreens.SearchBarManager
04-12 18:21:03.078  6375  6447 W unknown:ViewManagerPropertyUpdater: Could not find generated setter for class com.swmansion.rnscreens.ScreenFooterManager
04-12 18:21:03.078  6375  6447 W unknown:ViewManagerPropertyUpdater: Could not find generated setter for class com.swmansion.rnscreens.ScreenContentWrapperManager
04-12 18:21:03.079  6375  6447 W unknown:ViewManagerPropertyUpdater: Could not find generated setter for class com.swmansion.rnscreens.gamma.tabs.TabsHostViewManager
04-12 18:21:03.083  6375  6447 W unknown:ViewManagerPropertyUpdater: Could not find generated setter for class com.swmansion.rnscreens.gamma.tabs.TabScreenViewManager
04-12 18:21:03.084  6375  6447 W unknown:ViewManagerPropertyUpdater: Could not find generated setter for class com.reactnativecommunity.webview.RNCWebViewManager
04-12 18:21:03.087  6375  6447 D Detox.RNMarker: CREATE_MODULE_END (UIManager)
04-12 18:21:03.099  6375  6447 D Detox.RNMarker: REACT_BRIDGE_LOADING_END (null)
04-12 18:21:03.103  6375  6375 I DetoxRNLoading: Got new RN-context directly through listener
04-12 18:21:03.104  6375  6401 I DetoxRNIdleRes: Setting up Espresso Idling Resources for React Native
04-12 18:21:03.104  6375  6375 I Detox   : PATCHED FACTORY: Disabling all idling resources for RN 0.81 compatibility
04-12 18:21:03.105  6375  6405 W vindra.comparez: Long monitor contention with owner Instr: androidx.test.runner.AndroidJUnitRunner (6401) at void com.wix.detox.DetoxMain.launchActivityOnCue(android.content.Context, com.wix.detox.ActivityLaunchHelper)(DetoxMain.kt:53) waiters=0 in void com.wix.detox.DetoxMain$setupActionHandlers$SynchronizedActionHandler.handle(java.lang.String, long) for 584ms
04-12 18:21:03.105  6375  6375 W vindra.comparez: Accessing hidden method Landroid/os/MessageQueue;->next()Landroid/os/Message; (unsupported, reflection, allowed)
04-12 18:21:03.105  6375  6375 W vindra.comparez: Accessing hidden field Landroid/os/MessageQueue;->mMessages:Landroid/os/Message; (unsupported, reflection, allowed)
04-12 18:21:03.105  6375  6375 W vindra.comparez: Accessing hidden method Landroid/os/Message;->recycleUnchecked()V (unsupported, reflection, allowed)
04-12 18:21:03.120  6375  6446 D Detox.RNMarker: NATIVE_MODULE_SETUP_START (NativePerformanceCxx)
04-12 18:21:03.122  6375  6446 D Detox.RNMarker: NATIVE_MODULE_SETUP_START (PlatformConstants)
04-12 18:21:03.122  6375  6446 D Detox.RNMarker: CREATE_MODULE_START (PlatformConstants)
04-12 18:21:03.122  6375  6446 D Detox.RNMarker: CREATE_MODULE_END (PlatformConstants)
04-12 18:21:03.124  6375  6446 D Detox.RNMarker: NATIVE_MODULE_SETUP_END (PlatformConstants)
04-12 18:21:03.127  6375  6446 D Detox.RNMarker: NATIVE_MODULE_SETUP_START (DevSettings)
04-12 18:21:03.127  6375  6446 D Detox.RNMarker: CREATE_MODULE_START (DevSettings)
04-12 18:21:03.127  6375  6446 D Detox.RNMarker: CREATE_MODULE_END (DevSettings)
04-12 18:21:03.128  6375  6446 D Detox.RNMarker: NATIVE_MODULE_SETUP_END (DevSettings)
04-12 18:21:03.128  6375  6446 D Detox.RNMarker: NATIVE_MODULE_SETUP_START (LogBox)
04-12 18:21:03.128  6375  6446 D Detox.RNMarker: CREATE_MODULE_START (LogBox)
04-12 18:21:03.128  6375  6446 D Detox.RNMarker: CREATE_MODULE_END (LogBox)
04-12 18:21:03.128  6375  6446 D Detox.RNMarker: NATIVE_MODULE_SETUP_END (LogBox)
04-12 18:21:03.129  6375  6446 D Detox.RNMarker: NATIVE_MODULE_SETUP_START (SourceCode)
04-12 18:21:03.129  6375  6446 D Detox.RNMarker: CREATE_MODULE_START (SourceCode)
04-12 18:21:03.129  6375  6446 D Detox.RNMarker: CREATE_MODULE_END (SourceCode)
04-12 18:21:03.129  6375  6446 D Detox.RNMarker: NATIVE_MODULE_SETUP_END (SourceCode)
04-12 18:21:03.147  6375  6446 D Detox.RNMarker: NATIVE_MODULE_SETUP_START (Timing)
04-12 18:21:03.148  6375  6446 D Detox.RNMarker: CREATE_MODULE_START (Timing)
04-12 18:21:03.148  6375  6446 D Detox.RNMarker: CREATE_MODULE_END (Timing)
04-12 18:21:03.149  6375  6446 D Detox.RNMarker: NATIVE_MODULE_SETUP_END (Timing)
04-12 18:21:03.156  6375  6446 D Detox.RNMarker: NATIVE_MODULE_SETUP_START (ReactDevToolsSettingsManager)
04-12 18:21:03.156  6375  6446 D Detox.RNMarker: CREATE_MODULE_START (ReactDevToolsSettingsManager)
04-12 18:21:03.157  6375  6446 D Detox.RNMarker: CREATE_MODULE_END (ReactDevToolsSettingsManager)
04-12 18:21:03.157  6375  6446 D Detox.RNMarker: NATIVE_MODULE_SETUP_END (ReactDevToolsSettingsManager)
04-12 18:21:03.158  6375  6446 D Detox.RNMarker: NATIVE_MODULE_SETUP_START (ReactDevToolsRuntimeSettingsModule)
04-12 18:21:03.158  6375  6446 D Detox.RNMarker: CREATE_MODULE_START (ReactDevToolsRuntimeSettingsModule)
04-12 18:21:03.158  6375  6446 D Detox.RNMarker: CREATE_MODULE_END (ReactDevToolsRuntimeSettingsModule)
04-12 18:21:03.161  6375  6446 D Detox.RNMarker: NATIVE_MODULE_SETUP_END (ReactDevToolsRuntimeSettingsModule)
04-12 18:21:03.165  6375  6446 D Detox.RNMarker: NATIVE_MODULE_SETUP_START (NativeReactNativeFeatureFlagsCxx)
04-12 18:21:03.182  6375  6446 D Detox.RNMarker: NATIVE_MODULE_SETUP_START (AppState)
04-12 18:21:03.182  6375  6446 D Detox.RNMarker: CREATE_MODULE_START (AppState)
04-12 18:21:03.183  6375  6446 D Detox.RNMarker: CREATE_MODULE_END (AppState)
04-12 18:21:03.205  6375  6446 D Detox.RNMarker: NATIVE_MODULE_SETUP_END (AppState)
04-12 18:21:03.232  6375  6446 D Detox.RNMarker: NATIVE_MODULE_SETUP_START (BlobModule)
04-12 18:21:03.232  6375  6446 D Detox.RNMarker: CREATE_MODULE_START (BlobModule)
04-12 18:21:03.233  6375  6446 D Detox.RNMarker: CREATE_MODULE_END (BlobModule)
04-12 18:21:03.234  6375  6446 D Detox.RNMarker: NATIVE_MODULE_SETUP_END (BlobModule)
04-12 18:21:03.238  6375  6446 D Detox.RNMarker: NATIVE_MODULE_SETUP_START (WebSocketModule)
04-12 18:21:03.238  6375  6446 D Detox.RNMarker: CREATE_MODULE_START (WebSocketModule)
04-12 18:21:03.238  6375  6446 D Detox.RNMarker: CREATE_MODULE_END (WebSocketModule)
04-12 18:21:03.239  6375  6446 D Detox.RNMarker: NATIVE_MODULE_SETUP_END (WebSocketModule)
04-12 18:21:03.246  6375  6447 I WebViewFactory: Loading com.google.android.webview version 113.0.5672.136 (code 567263634)
04-12 18:21:03.250  6375  6446 D Detox.RNMarker: NATIVE_MODULE_SETUP_START (RedBox)
04-12 18:21:03.263  6375  6447 W ziparchive: Unable to open '/data/app/~~rGDTFsEgVNAQR7v9a9DBnw==/com.google.android.trichromelibrary_567263634-3Q4C4Nt6E9KMMziAv9ANGg==/TrichromeLibrary.dm': No such file or directory
04-12 18:21:03.263  6375  6447 W ziparchive: Unable to open '/data/app/~~rGDTFsEgVNAQR7v9a9DBnw==/com.google.android.trichromelibrary_567263634-3Q4C4Nt6E9KMMziAv9ANGg==/TrichromeLibrary.dm': No such file or directory
04-12 18:21:03.263  6375  6447 W vindra.comparez: Entry not found
04-12 18:21:03.264  6375  6447 D nativeloader: Configuring clns-9 for other apk /data/app/~~rGDTFsEgVNAQR7v9a9DBnw==/com.google.android.trichromelibrary_567263634-3Q4C4Nt6E9KMMziAv9ANGg==/TrichromeLibrary.apk. target_sdk_version=34, uses_libraries=ALL, library_path=/data/app/~~Yw2cewKRy1ALIz8qfFlwsw==/com.google.android.webview-CDaciHExabTqd-t8TQiv4Q==/lib/arm64:/data/app/~~Yw2cewKRy1ALIz8qfFlwsw==/com.google.android.webview-CDaciHExabTqd-t8TQiv4Q==/WebViewGoogle.apk!/lib/arm64-v8a:/data/app/~~rGDTFsEgVNAQR7v9a9DBnw==/com.google.android.trichromelibrary_567263634-3Q4C4Nt6E9KMMziAv9ANGg==/TrichromeLibrary.apk!/lib/arm64-v8a, permitted_path=/data:/mnt/expand
04-12 18:21:03.267  6375  6447 D nativeloader: Configuring clns-10 for other apk /data/app/~~Yw2cewKRy1ALIz8qfFlwsw==/com.google.android.webview-CDaciHExabTqd-t8TQiv4Q==/WebViewGoogle.apk. target_sdk_version=34, uses_libraries=, library_path=/data/app/~~Yw2cewKRy1ALIz8qfFlwsw==/com.google.android.webview-CDaciHExabTqd-t8TQiv4Q==/lib/arm64:/data/app/~~Yw2cewKRy1ALIz8qfFlwsw==/com.google.android.webview-CDaciHExabTqd-t8TQiv4Q==/WebViewGoogle.apk!/lib/arm64-v8a:/data/app/~~rGDTFsEgVNAQR7v9a9DBnw==/com.google.android.trichromelibrary_567263634-3Q4C4Nt6E9KMMziAv9ANGg==/TrichromeLibrary.apk!/lib/arm64-v8a, permitted_path=/data:/mnt/expand
04-12 18:21:03.287  6375  6446 D Detox.RNMarker: NATIVE_MODULE_SETUP_START (Networking)
04-12 18:21:03.288  6375  6446 D Detox.RNMarker: CREATE_MODULE_START (Networking)
04-12 18:21:03.296  6375  6446 D Detox.RNMarker: CREATE_MODULE_END (Networking)
04-12 18:21:03.297  6375  6446 D Detox.RNMarker: NATIVE_MODULE_SETUP_END (Networking)
04-12 18:21:03.297  6375  6446 D Detox.RNMarker: NATIVE_MODULE_SETUP_START (DevLoadingView)
04-12 18:21:03.299  6375  6446 D Detox.RNMarker: CREATE_MODULE_START (DevLoadingView)
04-12 18:21:03.299  6375  6446 D Detox.RNMarker: CREATE_MODULE_END (DevLoadingView)
04-12 18:21:03.299  6375  6446 D Detox.RNMarker: NATIVE_MODULE_SETUP_END (DevLoadingView)
04-12 18:21:03.300  6375  6446 D Detox.RNMarker: NATIVE_MODULE_SETUP_START (HeadlessJsTaskSupport)
04-12 18:21:03.304  6375  6446 D Detox.RNMarker: CREATE_MODULE_START (HeadlessJsTaskSupport)
04-12 18:21:03.305  6375  6446 D Detox.RNMarker: CREATE_MODULE_END (HeadlessJsTaskSupport)
04-12 18:21:03.305  6375  6446 D Detox.RNMarker: NATIVE_MODULE_SETUP_END (HeadlessJsTaskSupport)
04-12 18:21:03.315  6375  6447 W vindra.comparez: Accessing hidden method Landroid/os/Trace;->isTagEnabled(J)Z (unsupported, reflection, allowed)
04-12 18:21:03.315  6375  6447 W vindra.comparez: Accessing hidden method Landroid/os/Trace;->traceBegin(JLjava/lang/String;)V (unsupported, reflection, allowed)
04-12 18:21:03.315  6375  6447 W vindra.comparez: Accessing hidden method Landroid/os/Trace;->traceEnd(J)V (unsupported, reflection, allowed)
04-12 18:21:03.316  6375  6447 W vindra.comparez: Accessing hidden method Landroid/os/Trace;->asyncTraceBegin(JLjava/lang/String;I)V (unsupported, reflection, allowed)
04-12 18:21:03.316  6375  6447 W vindra.comparez: Accessing hidden method Landroid/os/Trace;->asyncTraceEnd(JLjava/lang/String;I)V (unsupported, reflection, allowed)
04-12 18:21:03.316  6375  6446 D Detox.RNMarker: NATIVE_MODULE_SETUP_START (DeviceInfo)
04-12 18:21:03.316  6375  6446 D Detox.RNMarker: CREATE_MODULE_START (DeviceInfo)
04-12 18:21:03.317  6375  6446 D Detox.RNMarker: CREATE_MODULE_END (DeviceInfo)
04-12 18:21:03.317  6375  6446 D Detox.RNMarker: NATIVE_MODULE_SETUP_END (DeviceInfo)
04-12 18:21:03.320  6375  6447 I cr_WVCFactoryProvider: Loaded version=113.0.5672.136 minSdkVersion=29 isBundle=false multiprocess=true packageId=2
04-12 18:21:03.328  6375  6446 D Detox.RNMarker: NATIVE_MODULE_SETUP_START (UIManager)
04-12 18:21:03.355  6375  6447 I cr_LibraryLoader: Successfully loaded native library
04-12 18:21:03.356  6375  6447 I cr_CachingUmaRecorder: Flushed 8 samples from 8 histograms.
04-12 18:21:03.357  6375  6459 I cr_VariationsUtils: Failed reading seed file "/data/user/0/com.panviravindra.comparez/app_webview/variations_seed_new"
04-12 18:21:03.357  6375  6459 I cr_VariationsUtils: Failed reading seed file "/data/user/0/com.panviravindra.comparez/app_webview/variations_seed"
04-12 18:21:03.357  6375  6459 I cr_VariationsUtils: Requesting new seed from IVariationsSeedServer
04-12 18:21:03.379  6375  6463 D TrafficStats: tagSocket(136) with statsTag=0xffffffff, statsUid=-1
04-12 18:21:03.399  6375  6446 D Detox.RNMarker: NATIVE_MODULE_SETUP_END (UIManager)
04-12 18:21:03.410  6375  6446 D Detox.RNMarker: NATIVE_MODULE_SETUP_START (SoundManager)
04-12 18:21:03.411  6375  6446 D Detox.RNMarker: CREATE_MODULE_START (SoundManager)
04-12 18:21:03.411  6375  6446 D Detox.RNMarker: CREATE_MODULE_END (SoundManager)
04-12 18:21:03.411  6375  6446 D Detox.RNMarker: NATIVE_MODULE_SETUP_END (SoundManager)
04-12 18:21:03.416  6375  6446 D Detox.RNMarker: NATIVE_MODULE_SETUP_START (ImageLoader)
04-12 18:21:03.417  6375  6446 D Detox.RNMarker: CREATE_MODULE_START (ImageLoader)
04-12 18:21:03.417  6375  6446 D Detox.RNMarker: CREATE_MODULE_END (ImageLoader)
04-12 18:21:03.417  6375  6446 D Detox.RNMarker: NATIVE_MODULE_SETUP_END (ImageLoader)
04-12 18:21:03.418  6375  6446 D Detox.RNMarker: NATIVE_MODULE_SETUP_START (IntentAndroid)
04-12 18:21:03.418  6375  6446 D Detox.RNMarker: CREATE_MODULE_START (IntentAndroid)
04-12 18:21:03.418  6375  6446 D Detox.RNMarker: CREATE_MODULE_END (IntentAndroid)
04-12 18:21:03.419  6375  6446 D Detox.RNMarker: NATIVE_MODULE_SETUP_END (IntentAndroid)
04-12 18:21:03.419  6375  6446 D Detox.RNMarker: NATIVE_MODULE_SETUP_START (LinkingManager)
04-12 18:21:03.420  6375  6446 D Detox.RNMarker: NATIVE_MODULE_SETUP_START (DeviceEventManager)
04-12 18:21:03.420  6375  6446 D Detox.RNMarker: CREATE_MODULE_START (DeviceEventManager)
04-12 18:21:03.420  6375  6446 D Detox.RNMarker: CREATE_MODULE_END (DeviceEventManager)
04-12 18:21:03.420  6375  6446 D Detox.RNMarker: NATIVE_MODULE_SETUP_END (DeviceEventManager)
04-12 18:21:03.424  6375  6446 D Detox.RNMarker: NATIVE_MODULE_SETUP_START (NativeUnimoduleProxy)
04-12 18:21:03.432  6375  6446 I ExpoModulesCore: ✅ JSI interop was installed
04-12 18:21:03.433  6375  6446 I ExpoModulesCore: ✅ Constants were exported
04-12 18:21:03.434  6375  6446 D Detox.RNMarker: NATIVE_MODULE_SETUP_END (NativeUnimoduleProxy)
04-12 18:21:03.438  6375  6446 D Detox.RNMarker: NATIVE_MODULE_SETUP_START (ExpoUpdates)
04-12 18:21:03.439  6375  6446 D Detox.RNMarker: NATIVE_MODULE_SETUP_START (EXDevLauncher)
04-12 18:21:03.440  6375  6446 D Detox.RNMarker: NATIVE_MODULE_SETUP_START (ExpoUpdates)
04-12 18:21:03.440  6375  6446 D Detox.RNMarker: NATIVE_MODULE_SETUP_START (ExpoGo)
04-12 18:21:03.441  6375  6446 D Detox.RNMarker: NATIVE_MODULE_SETUP_START (ExpoGo)
04-12 18:21:03.451  6375  6446 D Detox.RNMarker: NATIVE_MODULE_SETUP_START (EXDevLauncher)
04-12 18:21:03.463  6375  6464 D TrafficStats: tagSocket(136) with statsTag=0xffffffff, statsUid=-1
04-12 18:21:03.483  6375  6446 D Detox.RNMarker: NATIVE_MODULE_SETUP_START (NativeAnimatedModule)
04-12 18:21:03.484  6375  6446 D Detox.RNMarker: CREATE_MODULE_START (NativeAnimatedModule)
04-12 18:21:03.484  6375  6446 D Detox.RNMarker: CREATE_MODULE_END (NativeAnimatedModule)
04-12 18:21:03.485  6375  6446 D Detox.RNMarker: NATIVE_MODULE_SETUP_END (NativeAnimatedModule)
04-12 18:21:03.496  6375  6446 D Detox.RNMarker: NATIVE_MODULE_SETUP_START (RNCSafeAreaContext)
04-12 18:21:03.496  6375  6446 D Detox.RNMarker: CREATE_MODULE_START (RNCSafeAreaContext)
04-12 18:21:03.496  6375  6446 D Detox.RNMarker: CREATE_MODULE_END (RNCSafeAreaContext)
04-12 18:21:03.497  6375  6446 D Detox.RNMarker: NATIVE_MODULE_SETUP_END (RNCSafeAreaContext)
04-12 18:21:03.500  6375  6446 D Detox.RNMarker: NATIVE_MODULE_SETUP_START (RNSModule)
04-12 18:21:03.500  6375  6446 D Detox.RNMarker: CREATE_MODULE_START (RNSModule)
04-12 18:21:03.502  6375  6446 D Detox.RNMarker: CREATE_MODULE_END (RNSModule)
04-12 18:21:03.504  6375  6446 D Detox.RNMarker: NATIVE_MODULE_SETUP_START (RNEdgeToEdge)
04-12 18:21:03.513  6375  6446 D Detox.RNMarker: NATIVE_MODULE_SETUP_START (RNVectorIconsManager)
04-12 18:21:03.513  6375  6446 D Detox.RNMarker: NATIVE_MODULE_SETUP_START (RNVectorIconsModule)
04-12 18:21:03.513  6375  6446 D Detox.RNMarker: NATIVE_MODULE_SETUP_START (RNVectorIconsManager)
04-12 18:21:03.513  6375  6446 D Detox.RNMarker: NATIVE_MODULE_SETUP_START (RNVectorIconsModule)
04-12 18:21:03.591  6375  6446 D Detox.RNMarker: NATIVE_MODULE_SETUP_START (PlatformLocalStorage)
04-12 18:21:03.591  6375  6446 D Detox.RNMarker: NATIVE_MODULE_SETUP_START (RNC_AsyncSQLiteDBStorage)
04-12 18:21:03.591  6375  6446 D Detox.RNMarker: NATIVE_MODULE_SETUP_START (RNCAsyncStorage)
04-12 18:21:03.591  6375  6446 D Detox.RNMarker: CREATE_MODULE_START (RNCAsyncStorage)
04-12 18:21:03.592  6375  6446 V AsyncStorageExpoMigration: No scoped database found
04-12 18:21:03.592  6375  6446 D Detox.RNMarker: CREATE_MODULE_END (RNCAsyncStorage)
04-12 18:21:03.592  6375  6446 D Detox.RNMarker: NATIVE_MODULE_SETUP_END (RNCAsyncStorage)
04-12 18:21:03.595  6375  6446 D Detox.RNMarker: NATIVE_MODULE_SETUP_START (RNCWebViewModule)
04-12 18:21:03.595  6375  6446 D Detox.RNMarker: CREATE_MODULE_START (RNCWebViewModule)
04-12 18:21:03.595  6375  6446 D Detox.RNMarker: CREATE_MODULE_END (RNCWebViewModule)
04-12 18:21:03.595  6375  6446 D Detox.RNMarker: NATIVE_MODULE_SETUP_END (RNCWebViewModule)
04-12 18:21:03.613  6375  6446 D Detox.RNMarker: RUN_JS_BUNDLE_END (/.virtual-metro-entry.bundle?platform=android&dev=true&lazy=true&minify=false&app=com.panviravindra.comparez&modulesOnly=false&runModule=true&excludeSource=true&sourcePaths=url-server)
04-12 18:21:03.616  6375  6446 I ReactNativeJS: Running "main" with {"rootTag":11}
04-12 18:21:03.627  6375  6465 D TrafficStats: tagSocket(122) with statsTag=0xffffffff, statsUid=-1
04-12 18:21:03.726  6375  6446 W ReactNativeJS: The app is running using the Legacy Architecture. The Legacy Architecture is deprecated and will be removed in a future version of React Native. Please consider migrating to the New Architecture. For more information, please see https://reactnative.dev/blog/2024/10/23/the-new-architecture-is-here
04-12 18:21:03.761  6375  6375 W UiControllerImpl: Waiting for: DYNAMIC_TASKS_HAVE_IDLED for 100 iterations.
04-12 18:21:03.772  6375  6447 D CompatibilityChangeReporter: Compat change id reported: 289878283; UID 10199; state: ENABLED
04-12 18:21:03.789  6375  6375 D Detox.RNMarker: CONTENT_APPEARED (main)
04-12 18:21:03.802  6375  6375 I Detox   : Wait is over: App is now idle!
04-12 18:21:03.806  6375  6405 I DetoxWSClient: Sending out action 'ready' (ID #-1000)
04-12 18:21:03.806  6375  6405 I DetoxDispatcher: Done with action 'isReady'
04-12 18:21:03.807  6375  6418 D EGL_emulation: app_time_stats: avg=544.45ms min=55.30ms max=1033.60ms count=2
04-12 18:21:03.831  6375  6466 D TrafficStats: tagSocket(140) with statsTag=0xffffffff, statsUid=-1
04-12 18:21:03.858  6375  6446 D Detox.RNMarker: NATIVE_MODULE_SETUP_START (FileReaderModule)
04-12 18:21:03.861  6375  6446 D Detox.RNMarker: CREATE_MODULE_START (FileReaderModule)
04-12 18:21:03.862  6375  6446 D Detox.RNMarker: CREATE_MODULE_END (FileReaderModule)
04-12 18:21:03.862  6375  6446 D Detox.RNMarker: NATIVE_MODULE_SETUP_END (FileReaderModule)
04-12 18:21:03.873  6375  6409 D DetoxWSClient: Received action 'reactNativeReload' (ID #-1000, params={})
04-12 18:21:03.873  6375  6405 I DetoxDispatcher: Handling action 'reactNativeReload' (ID #-1000)...
04-12 18:21:03.874  6375  6405 I DetoxRNExt: Reloading React Native
04-12 18:21:03.877  6375  6375 D Detox.RNMarker: DOWNLOAD_START (null)
04-12 18:21:03.896  6375  6418 E OpenGLRenderer: Unable to match the desired swap behavior.
04-12 18:21:03.928  6375  6375 I IdlingResourceRegistry: Ignoring message from unregistered resource: androidx.test.espresso.base.LooperIdlingResourceInterrogationHandler@7d14241
04-12 18:21:03.948  6375  6375 I IdlingResourceRegistry: Ignoring message from unregistered resource: androidx.test.espresso.base.LooperIdlingResourceInterrogationHandler@7d14241
04-12 18:21:03.953  6375  6375 I IdlingResourceRegistry: Ignoring message from unregistered resource: androidx.test.espresso.base.LooperIdlingResourceInterrogationHandler@7d14241
04-12 18:21:03.972  6375  6375 I IdlingResourceRegistry: Ignoring message from unregistered resource: androidx.test.espresso.base.LooperIdlingResourceInterrogationHandler@7d14241
04-12 18:21:03.985  6375  6375 I IdlingResourceRegistry: Ignoring message from unregistered resource: androidx.test.espresso.base.LooperIdlingResourceInterrogationHandler@7d14241
04-12 18:21:04.004  6375  6375 I IdlingResourceRegistry: Ignoring message from unregistered resource: androidx.test.espresso.base.LooperIdlingResourceInterrogationHandler@7d14241
04-12 18:21:04.018  6375  6375 I IdlingResourceRegistry: Ignoring message from unregistered resource: androidx.test.espresso.base.LooperIdlingResourceInterrogationHandler@7d14241
04-12 18:21:04.035  6375  6375 I IdlingResourceRegistry: Ignoring message from unregistered resource: androidx.test.espresso.base.LooperIdlingResourceInterrogationHandler@7d14241
04-12 18:21:04.052  6375  6375 I IdlingResourceRegistry: Ignoring message from unregistered resource: androidx.test.espresso.base.LooperIdlingResourceInterrogationHandler@7d14241
04-12 18:21:04.068  6375  6375 I IdlingResourceRegistry: Ignoring message from unregistered resource: androidx.test.espresso.base.LooperIdlingResourceInterrogationHandler@7d14241
04-12 18:21:04.069  6375  6467 W vindra.comparez: Verification of void bolts.Task.runContinuations() took 254.221ms (169.14 bytecodes/s) (2824B approximate peak alloc)
04-12 18:21:04.085  6375  6375 I IdlingResourceRegistry: Ignoring message from unregistered resource: androidx.test.espresso.base.LooperIdlingResourceInterrogationHandler@7d14241
04-12 18:21:04.092  6375  6381 I vindra.comparez: NativeAlloc concurrent copying GC freed 249833(19MB) AllocSpace objects, 6(248KB) LOS objects, 49% free, 13MB/27MB, paused 12us,14us total 405.836ms
04-12 18:21:04.102  6375  6375 I IdlingResourceRegistry: Ignoring message from unregistered resource: androidx.test.espresso.base.LooperIdlingResourceInterrogationHandler@7d14241
04-12 18:21:04.118  6375  6375 I IdlingResourceRegistry: Ignoring message from unregistered resource: androidx.test.espresso.base.LooperIdlingResourceInterrogationHandler@7d14241
04-12 18:21:04.135  6375  6375 I IdlingResourceRegistry: Ignoring message from unregistered resource: androidx.test.espresso.base.LooperIdlingResourceInterrogationHandler@7d14241
04-12 18:21:04.152  6375  6375 I IdlingResourceRegistry: Ignoring message from unregistered resource: androidx.test.espresso.base.LooperIdlingResourceInterrogationHandler@7d14241
04-12 18:21:04.168  6375  6375 I IdlingResourceRegistry: Ignoring message from unregistered resource: androidx.test.espresso.base.LooperIdlingResourceInterrogationHandler@7d14241
04-12 18:21:04.174  6375  6477 D TrafficStats: tagSocket(5) with statsTag=0xffffffff, statsUid=-1
04-12 18:21:04.185  6375  6375 I IdlingResourceRegistry: Ignoring message from unregistered resource: androidx.test.espresso.base.LooperIdlingResourceInterrogationHandler@7d14241
04-12 18:21:04.202  6375  6375 I IdlingResourceRegistry: Ignoring message from unregistered resource: androidx.test.espresso.base.LooperIdlingResourceInterrogationHandler@7d14241
04-12 18:21:04.206  6375  6446 D Detox.RNMarker: NATIVE_MODULE_SETUP_START (I18nManager)
04-12 18:21:04.209  6375  6446 D Detox.RNMarker: CREATE_MODULE_START (I18nManager)
04-12 18:21:04.209  6375  6446 D Detox.RNMarker: CREATE_MODULE_END (I18nManager)
04-12 18:21:04.210  6375  6446 D Detox.RNMarker: NATIVE_MODULE_SETUP_END (I18nManager)
04-12 18:21:04.258  6375  6446 D Detox.RNMarker: NATIVE_MODULE_SETUP_START (StatusBarManager)
04-12 18:21:04.259  6375  6446 D Detox.RNMarker: CREATE_MODULE_START (StatusBarManager)
04-12 18:21:04.260  6375  6446 D Detox.RNMarker: CREATE_MODULE_END (StatusBarManager)
04-12 18:21:04.260  6375  6446 D Detox.RNMarker: NATIVE_MODULE_SETUP_END (StatusBarManager)
04-12 18:21:04.263  6375  6428 D Detox.RNMarker: DOWNLOAD_END ({"url":"http:\/\/10.0.2.2:8081\/.expo\/.virtual-metro-entry.bundle?platform=android&dev=true&lazy=true&minify=false&app=com.panviravindra.comparez&modulesOnly=false&runModule=true&excludeSource=true&sourcePaths=url-server","filesChangedCount":0})
04-12 18:21:04.265  6375  6446 D Detox.RNMarker: NATIVE_MODULE_SETUP_START (RNEdgeToEdge)
04-12 18:21:04.271  6375  6375 W WindowOnBackDispatcher: sendCancelIfRunning: isInProgress=falsecallback=android.view.ViewRootImpl$$ExternalSyntheticLambda17@9c27ec5
04-12 18:21:04.273  6375  6375 D Detox.RNMarker: REACT_BRIDGE_LOADING_START (null)
04-12 18:21:04.273  6375  6375 D Detox.RNMarker: DESTROY_CATALYST_INSTANCE_START (null)
04-12 18:21:04.273  6375  6375 W unknown:ReactNative: Packager connection already open, nooping.
04-12 18:21:04.276  6375  6447 I ExpoModulesCore: ✅ ModuleRegistry was destroyed
04-12 18:21:04.276  6375  6447 I ExpoModulesCore: ✅ AppContext was destroyed
04-12 18:21:04.277  6375  6447 I ExpoModulesCore: ✅ KotlinInteropModuleRegistry was destroyed
04-12 18:21:04.279  6375  6484 D Detox.RNMarker: CREATE_REACT_CONTEXT_START (HermesExecutorDebug)
04-12 18:21:04.279  6375  6484 D Detox.RNMarker: PROCESS_PACKAGES_START (null)
04-12 18:21:04.280  6375  6484 D Detox.RNMarker: CREATE_MODULE_START (FrescoModule)
04-12 18:21:04.280  6375  6484 D Detox.RNMarker: CREATE_MODULE_END (FrescoModule)
04-12 18:21:04.288  6375  6375 I IdlingResourceRegistry: Ignoring message from unregistered resource: androidx.test.espresso.base.LooperIdlingResourceInterrogationHandler@ed2070b
04-12 18:21:04.290  6375  6484 I ExpoModulesCore: ✅ AppContext was initialized
04-12 18:21:04.290  6375  6484 D Detox.RNMarker: PROCESS_PACKAGES_END (null)
04-12 18:21:04.291  6375  6484 D Detox.RNMarker: CREATE_CATALYST_INSTANCE_START (null)
04-12 18:21:04.294  6375  6446 D Detox.RNMarker: NATIVE_MODULE_SETUP_START (AccessibilityInfo)
04-12 18:21:04.295  6375  6446 D Detox.RNMarker: CREATE_MODULE_START (AccessibilityInfo)
04-12 18:21:04.296  6375  6446 D Detox.RNMarker: CREATE_MODULE_END (AccessibilityInfo)
04-12 18:21:04.296  6375  6446 D Detox.RNMarker: NATIVE_MODULE_SETUP_END (AccessibilityInfo)
04-12 18:21:04.297  6375  6446 D Detox.RNMarker: NATIVE_MODULE_SETUP_START (AccessibilityManager)
04-12 18:21:04.298  6375  6446 D Detox.RNMarker: NATIVE_MODULE_SETUP_START (KeyboardObserver)
04-12 18:21:04.300  6375  6446 W unknown:ViewManagerPropertyUpdater: Could not find generated setter for class expo.modules.kotlin.views.SimpleViewManagerWrapper
04-12 18:21:04.305  6375  6487 D Detox.RNMarker: CREATE_REACT_CONTEXT_END (null)
04-12 18:21:04.305  6375  6484 D Detox.RNMarker: CREATE_CATALYST_INSTANCE_END (null)
04-12 18:21:04.305  6375  6484 D Detox.RNMarker: PRE_RUN_JS_BUNDLE_START (null)
04-12 18:21:04.306  6375  6488 D Detox.RNMarker: CREATE_MODULE_START (UIManager)
04-12 18:21:04.306  6375  6488 W unknown:ViewManagerPropertyUpdater: Could not find generated setter for class com.facebook.react.views.debuggingoverlay.DebuggingOverlayManager
04-12 18:21:04.307  6375  6487 D Detox.RNMarker: RUN_JS_BUNDLE_START (/.virtual-metro-entry.bundle?platform=android&dev=true&lazy=true&minify=false&app=com.panviravindra.comparez&modulesOnly=false&runModule=true&excludeSource=true&sourcePaths=url-server)
04-12 18:21:04.310  6375  6488 W unknown:ViewManagerPropertyUpdater: Could not find generated setter for class com.facebook.react.uimanager.LayoutShadowNode
04-12 18:21:04.312  6375  6488 W unknown:ViewManagerPropertyUpdater: Could not find generated setter for class com.facebook.react.views.drawer.ReactDrawerLayoutManager
04-12 18:21:04.315  6375  6488 W unknown:ViewManagerPropertyUpdater: Could not find generated setter for class com.facebook.react.views.scroll.ReactHorizontalScrollViewManager
04-12 18:21:04.317  6375  6488 W unknown:ViewManagerPropertyUpdater: Could not find generated setter for class com.facebook.react.views.scroll.ReactHorizontalScrollContainerViewManager
04-12 18:21:04.321  6375  6375 W unknown:ReactNative: Packager connection already open, nooping.
04-12 18:21:04.323  6375  6488 W unknown:ViewManagerPropertyUpdater: Could not find generated setter for class com.facebook.react.views.progressbar.ReactProgressBarViewManager
04-12 18:21:04.324  6375  6488 W unknown:ViewManagerPropertyUpdater: Could not find generated setter for class com.facebook.react.views.progressbar.ProgressBarShadowNode
04-12 18:21:04.330  6375  6488 W unknown:ViewManagerPropertyUpdater: Could not find generated setter for class com.facebook.react.views.scroll.ReactScrollViewManager
04-12 18:21:04.331  6375  6488 W unknown:ViewManagerPropertyUpdater: Could not find generated setter for class com.facebook.react.views.switchview.ReactSwitchManager
04-12 18:21:04.332  6375  6488 W unknown:ViewManagerPropertyUpdater: Could not find generated setter for class com.facebook.react.views.switchview.ReactSwitchShadowNode
04-12 18:21:04.332  6375  6488 W unknown:ViewManagerPropertyUpdater: Could not find generated setter for class com.facebook.react.views.safeareaview.ReactSafeAreaViewManager
04-12 18:21:04.333  6375  6488 W unknown:ViewManagerPropertyUpdater: Could not find generated setter for class com.facebook.react.views.safeareaview.ReactSafeAreaViewShadowNode
04-12 18:21:04.333  6375  6488 W unknown:ViewManagerPropertyUpdater: Could not find generated setter for class com.facebook.react.views.swiperefresh.SwipeRefreshLayoutManager
04-12 18:21:04.334  6375  6488 W unknown:ViewManagerPropertyUpdater: Could not find generated setter for class com.facebook.react.views.text.frescosupport.FrescoBasedReactTextInlineImageViewManager
04-12 18:21:04.334  6375  6488 W unknown:ViewManagerPropertyUpdater: Could not find generated setter for class com.facebook.react.views.text.frescosupport.FrescoBasedReactTextInlineImageShadowNode
04-12 18:21:04.338  6375  6488 W unknown:ViewManagerPropertyUpdater: Could not find generated setter for class com.facebook.react.views.image.ReactImageManager
04-12 18:21:04.344  6375  6488 W unknown:ViewManagerPropertyUpdater: Could not find generated setter for class com.facebook.react.views.modal.ReactModalHostManager
04-12 18:21:04.344  6375  6488 W unknown:ViewManagerPropertyUpdater: Could not find generated setter for class com.facebook.react.views.text.ReactRawTextManager
04-12 18:21:04.344  6375  6488 W unknown:ViewManagerPropertyUpdater: Could not find generated setter for class com.facebook.react.views.text.ReactRawTextShadowNode
04-12 18:21:04.345  6375  6488 W unknown:ViewManagerPropertyUpdater: Could not find generated setter for class com.facebook.react.views.textinput.ReactTextInputManager
04-12 18:21:04.347  6375  6488 W unknown:ViewManagerPropertyUpdater: Could not find generated setter for class com.facebook.react.views.textinput.ReactTextInputShadowNode
04-12 18:21:04.350  6375  6488 W unknown:ViewManagerPropertyUpdater: Could not find generated setter for class com.facebook.react.views.text.ReactTextViewManager
04-12 18:21:04.354  6375  6375 I IdlingResourceRegistry: Ignoring message from unregistered resource: androidx.test.espresso.base.LooperIdlingResourceInterrogationHandler@ed2070b
04-12 18:21:04.355  6375  6375 I IdlingResourceRegistry: Ignoring message from unregistered resource: androidx.test.espresso.base.LooperIdlingResourceInterrogationHandler@ed2070b
04-12 18:21:04.356  6375  6488 W unknown:ViewManagerPropertyUpdater: Could not find generated setter for class com.facebook.react.views.text.ReactTextShadowNode
04-12 18:21:04.356  6375  6488 W unknown:ViewManagerPropertyUpdater: Could not find generated setter for class com.facebook.react.views.view.ReactViewManager
04-12 18:21:04.359  6375  6488 W unknown:ViewManagerPropertyUpdater: Could not find generated setter for class com.facebook.react.views.text.ReactVirtualTextViewManager
04-12 18:21:04.359  6375  6488 W unknown:ViewManagerPropertyUpdater: Could not find generated setter for class com.facebook.react.views.text.ReactVirtualTextShadowNode
04-12 18:21:04.360  6375  6488 W unknown:ViewManagerPropertyUpdater: Could not find generated setter for class com.facebook.react.views.unimplementedview.ReactUnimplementedViewManager
04-12 18:21:04.360  6375  6488 W unknown:ViewManagerPropertyUpdater: Could not find generated setter for class expo.modules.kotlin.views.GroupViewManagerWrapper
04-12 18:21:04.364  6375  6446 F vindra.comparez: java_vm_ext.cc:591] JNI DETECTED ERROR IN APPLICATION: field operation on NULL object: 0x0
04-12 18:21:04.364  6375  6446 F vindra.comparez: java_vm_ext.cc:591]     in call to GetObjectField
04-12 18:21:04.364  6375  6446 F vindra.comparez: java_vm_ext.cc:591]     from void com.facebook.jni.NativeRunnable.run()
04-12 18:21:04.408  6375  6488 W unknown:ViewManagerPropertyUpdater: Could not find generated setter for class com.th3rdwave.safeareacontext.SafeAreaProviderManager
04-12 18:21:04.409  6375  6488 W unknown:ViewManagerPropertyUpdater: Could not find generated setter for class com.th3rdwave.safeareacontext.SafeAreaViewManager
04-12 18:21:04.416  6375  6488 W unknown:ViewManagerPropertyUpdater: Could not find generated setter for class com.th3rdwave.safeareacontext.SafeAreaViewShadowNode
04-12 18:21:04.417  6375  6488 W unknown:ViewManagerPropertyUpdater: Could not find generated setter for class com.swmansion.rnscreens.ScreenContainerViewManager
04-12 18:21:04.418  6375  6488 W unknown:ViewManagerPropertyUpdater: Could not find generated setter for class com.swmansion.rnscreens.ScreenViewManager
04-12 18:21:04.419  6375  6488 W unknown:ViewManagerPropertyUpdater: Could not find generated setter for class com.swmansion.rnscreens.ModalScreenViewManager
04-12 18:21:04.419  6375  6488 W unknown:ViewManagerPropertyUpdater: Could not find generated setter for class com.swmansion.rnscreens.ScreenStackViewManager
04-12 18:21:04.420  6375  6488 W unknown:ViewManagerPropertyUpdater: Could not find generated setter for class com.swmansion.rnscreens.ScreenStackHeaderConfigViewManager
04-12 18:21:04.421  6375  6488 W unknown:ViewManagerPropertyUpdater: Could not find generated setter for class com.swmansion.rnscreens.ScreenStackHeaderSubviewManager
04-12 18:21:04.422  6375  6488 W unknown:ViewManagerPropertyUpdater: Could not find generated setter for class com.swmansion.rnscreens.SearchBarManager
04-12 18:21:04.422  6375  6488 W unknown:ViewManagerPropertyUpdater: Could not find generated setter for class com.swmansion.rnscreens.ScreenFooterManager
04-12 18:21:04.423  6375  6488 W unknown:ViewManagerPropertyUpdater: Could not find generated setter for class com.swmansion.rnscreens.ScreenContentWrapperManager
04-12 18:21:04.427  6375  6488 W unknown:ViewManagerPropertyUpdater: Could not find generated setter for class com.swmansion.rnscreens.gamma.tabs.TabsHostViewManager
04-12 18:21:04.432  6375  6488 W unknown:ViewManagerPropertyUpdater: Could not find generated setter for class com.swmansion.rnscreens.gamma.tabs.TabScreenViewManager
04-12 18:21:04.432  6375  6488 W unknown:ViewManagerPropertyUpdater: Could not find generated setter for class com.reactnativecommunity.webview.RNCWebViewManager
04-12 18:21:04.434  6375  6488 D Detox.RNMarker: CREATE_MODULE_END (UIManager)
04-12 18:21:04.434  6375  6488 E unknown:NativeViewHierarchyManager: Trying to add a root view with an explicit id (11) already set. React Native uses the id field to track react tags and will overwrite this field. If that is fine, explicitly overwrite the id field to View.NO_ID before calling addRootView.
04-12 18:21:04.435  6375  6488 D Detox.RNMarker: REACT_BRIDGE_LOADING_END (null)
04-12 18:21:04.951  6375  6375 I Choreographer: Skipped 34 frames!  The application may be doing too much work on its main thread.
04-12 18:21:04.953  6375  6405 D DetoxRNLoading: Got new RN-context explicitly while polling (#iteration=1)
04-12 18:21:04.954  6375  6405 I DetoxRNIdleRes: Setting up Espresso Idling Resources for React Native
04-12 18:21:04.954  6375  6487 D Detox.RNMarker: NATIVE_MODULE_SETUP_START (NativePerformanceCxx)
04-12 18:21:04.955  6375  6418 D EGL_emulation: app_time_stats: avg=112.67ms min=1.47ms max=599.19ms count=10
04-12 18:21:04.955  6375  6375 I DetoxRNLoading: Got new RN-context directly through listener
04-12 18:21:04.957  6375  6487 D Detox.RNMarker: NATIVE_MODULE_SETUP_START (PlatformConstants)
04-12 18:21:04.959  6375  6375 I Detox   : PATCHED FACTORY: Disabling all idling resources for RN 0.81 compatibility
04-12 18:21:04.959  6375  6405 I DetoxWSClient: Sending out action 'ready' (ID #-1000)
04-12 18:21:04.960  6375  6405 I DetoxDispatcher: Done with action 'reactNativeReload'
04-12 18:21:04.960  6375  6487 D Detox.RNMarker: CREATE_MODULE_START (PlatformConstants)
04-12 18:21:04.960  6375  6487 D Detox.RNMarker: CREATE_MODULE_END (PlatformConstants)
04-12 18:21:04.962  6375  6487 D Detox.RNMarker: NATIVE_MODULE_SETUP_END (PlatformConstants)
04-12 18:21:04.963  6375  6409 D DetoxWSClient: Received action 'invoke' (ID #1, params={"target":{"type":"Class","value":"com.wix.detox.espresso.DetoxAssertion"},"method":"assertMatcher","args":[{"type":"Invocation","value":{"target":{"type":"Class","value":"androidx.test.espresso.Espresso"},"method":"onView","args":[{"type":"Invocation","value":{"target":{"type":"Class","value":"com.wix.detox.espresso.DetoxMatcher"},"method":"matcherForTestId","args":["homeSearchCta",{"type":"boolean","value":false}]}}]}},{"type":"Invocation","value":{"target":{"type":"Class","value":"com.wix.detox.espresso.DetoxMatcher"},"method":"matcherForSufficientlyVisible","args":[{"type":"Integer","value":75}]}}]})
04-12 18:21:04.963  6375  6405 I DetoxDispatcher: Handling action 'invoke' (ID #1)...
04-12 18:21:04.964  6375  6405 D Detox   : class com.wix.detox.espresso.DetoxMatcher, matcherForTestId, [homeSearchCta, false]
04-12 18:21:04.965  6375  6405 D Detox   : class androidx.test.espresso.Espresso, onView, [(view.getTag() is "homeSearchCta" and view has effective visibility <VISIBLE>)]
04-12 18:21:04.971  6375  6487 D Detox.RNMarker: NATIVE_MODULE_SETUP_START (DevSettings)
04-12 18:21:04.971  6375  6487 D Detox.RNMarker: CREATE_MODULE_START (DevSettings)
04-12 18:21:04.972  6375  6487 D Detox.RNMarker: CREATE_MODULE_END (DevSettings)
04-12 18:21:04.973  6375  6487 D Detox.RNMarker: NATIVE_MODULE_SETUP_END (DevSettings)
04-12 18:21:04.973  6375  6487 D Detox.RNMarker: NATIVE_MODULE_SETUP_START (LogBox)
04-12 18:21:04.973  6375  6487 D Detox.RNMarker: CREATE_MODULE_START (LogBox)
04-12 18:21:04.973  6375  6487 D Detox.RNMarker: CREATE_MODULE_END (LogBox)
04-12 18:21:04.973  6375  6487 D Detox.RNMarker: NATIVE_MODULE_SETUP_END (LogBox)
04-12 18:21:04.974  6375  6487 D Detox.RNMarker: NATIVE_MODULE_SETUP_START (SourceCode)
04-12 18:21:04.974  6375  6487 D Detox.RNMarker: CREATE_MODULE_START (SourceCode)
04-12 18:21:04.975  6375  6487 D Detox.RNMarker: CREATE_MODULE_END (SourceCode)
04-12 18:21:04.975  6375  6405 D CompatibilityChangeReporter: Compat change id reported: 247079863; UID 10199; state: ENABLED
04-12 18:21:04.975  6375  6405 D Detox   : class com.wix.detox.espresso.DetoxMatcher, matcherForSufficientlyVisible, [75]
04-12 18:21:04.975  6375  6405 D Detox   : class com.wix.detox.espresso.DetoxAssertion, assertMatcher, [androidx.test.espresso.ViewInteraction@fd18371, (view has effective visibility <VISIBLE> and view.getGlobalVisibleRect() covers at least <75> percent of the view's area)]
04-12 18:21:04.979  6375  6487 D Detox.RNMarker: NATIVE_MODULE_SETUP_END (SourceCode)
04-12 18:21:05.024  6375  6487 D Detox.RNMarker: NATIVE_MODULE_SETUP_START (Timing)
04-12 18:21:05.024  6375  6487 D Detox.RNMarker: CREATE_MODULE_START (Timing)
04-12 18:21:05.024  6375  6487 D Detox.RNMarker: CREATE_MODULE_END (Timing)
04-12 18:21:05.024  6375  6487 D Detox.RNMarker: NATIVE_MODULE_SETUP_END (Timing)
04-12 18:21:05.029  6375  6487 D Detox.RNMarker: NATIVE_MODULE_SETUP_START (ReactDevToolsSettingsManager)
04-12 18:21:05.032  6375  6446 F vindra.comparez: runtime.cc:691] Runtime aborting...
04-12 18:21:05.032  6375  6446 F vindra.comparez: runtime.cc:691] Dumping all threads without mutator lock held
04-12 18:21:05.032  6375  6446 F vindra.comparez: runtime.cc:691] All threads:
04-12 18:21:05.032  6375  6446 F vindra.comparez: runtime.cc:691] DALVIK THREADS (60):
04-12 18:21:05.032  6375  6446 F vindra.comparez: runtime.cc:691] "main" prio=10 tid=1 Native
04-12 18:21:05.032  6375  6446 F vindra.comparez: runtime.cc:691]   | group="" sCount=1 ucsCount=0 flags=1 obj=0x71ed11c8 self=0xb400006eb461a2c0
04-12 18:21:05.032  6375  6446 F vindra.comparez: runtime.cc:691]   | sysTid=6375 nice=-10 cgrp=top-app sched=0/0 handle=0x700e8414f8
04-12 18:21:05.032  6375  6446 F vindra.comparez: runtime.cc:691]   | state=S schedstat=( 463311751 503774083 1495 ) utm=43 stm=3 core=0 HZ=100
04-12 18:21:05.032  6375  6446 F vindra.comparez: runtime.cc:691]   | stack=0x7fe3daf000-0x7fe3db1000 stackSize=8188KB
04-12 18:21:05.032  6375  6446 F vindra.comparez: runtime.cc:691]   | held mutexes=
04-12 18:21:05.032  6375  6446 F vindra.comparez: runtime.cc:691]   native: #00 pc 00062e1c  /apex/com.android.runtime/lib64/bionic/libc.so (syscall+28) (BuildId: a87908b48b368e6282bcc9f34bcfc28c)
04-12 18:21:05.032  6375  6446 F vindra.comparez: runtime.cc:691]   native: #01 pc 0022cfac  /apex/com.android.art/lib64/libart.so (art::ConditionVariable::WaitHoldingLocks+140) (BuildId: b10f5696fea1b32039b162aef3850ed3)
04-12 18:21:05.032  6375  6446 F vindra.comparez: runtime.cc:691]   native: #02 pc 0040e260  /apex/com.android.art/lib64/libart.so (art::::CheckJNI::CallMethodV +3040) (BuildId: b10f5696fea1b32039b162aef3850ed3)
04-12 18:21:05.032  6375  6446 F vindra.comparez: runtime.cc:691]   native: #03 pc 0040d658  /apex/com.android.art/lib64/libart.so (art::::CheckJNI::CallObjectMethodV +72) (BuildId: b10f5696fea1b32039b162aef3850ed3)
04-12 18:21:05.032  6375  6446 F vindra.comparez: runtime.cc:691]   native: #04 pc 000e1878  /system/lib64/libandroid_runtime.so (_JNIEnv::CallObjectMethod+120) (BuildId: c741d6d101847b558f8cdb0633f23335)
04-12 18:21:05.032  6375  6446 F vindra.comparez: runtime.cc:691]   native: #05 pc 0014aab8  /system/lib64/libandroid_runtime.so (android::NativeDisplayEventReceiver::dispatchVsync+64) (BuildId: c741d6d101847b558f8cdb0633f23335)
04-12 18:21:05.032  6375  6446 F vindra.comparez: runtime.cc:691]   native: #06 pc 00114f78  /system/lib64/libgui.so (android::DisplayEventDispatcher::handleEvent+460) (BuildId: 67cb3d0bd5575f4f3fc95aac325f4723)
04-12 18:21:05.032  6375  6446 F vindra.comparez: runtime.cc:691]   native: #07 pc 000102a4  /system/lib64/libutils.so (android::Looper::pollOnce+408) (BuildId: 4ad4af87e8ab16b872cdbdaf84188131)
04-12 18:21:05.032  6375  6446 F vindra.comparez: runtime.cc:691]   native: #08 pc 00183604  /system/lib64/libandroid_runtime.so (android::android_os_MessageQueue_nativePollOnce+44) (BuildId: c741d6d101847b558f8cdb0633f23335)
04-12 18:21:05.032  6375  6446 F vindra.comparez: runtime.cc:691]   native: #09 pc 00377030  /apex/com.android.art/lib64/libart.so (art_quick_generic_jni_trampoline+144) (BuildId: b10f5696fea1b32039b162aef3850ed3)
04-12 18:21:05.032  6375  6446 F vindra.comparez: runtime.cc:691]   native: #10 pc 003605a4  /apex/com.android.art/lib64/libart.so (art_quick_invoke_stub+612) (BuildId: b10f5696fea1b32039b162aef3850ed3)
04-12 18:21:05.032  6375  6446 F vindra.comparez: runtime.cc:691]   native: #11 pc 004906b4  /apex/com.android.art/lib64/libart.so (bool art::interpreter::DoCall<false>+1248) (BuildId: b10f5696fea1b32039b162aef3850ed3)
04-12 18:21:05.032  6375  6446 F vindra.comparez: runtime.cc:691]   native: #12 pc 0050a5d4  /apex/com.android.art/lib64/libart.so (void art::interpreter::ExecuteSwitchImplCpp<false>+2380) (BuildId: b10f5696fea1b32039b162aef3850ed3)
04-12 18:21:05.032  6375  6446 F vindra.comparez: runtime.cc:691]   native: #13 pc 003797d8  /apex/com.android.art/lib64/libart.so (ExecuteSwitchImplAsm+8) (BuildId: b10f5696fea1b32039b162aef3850ed3)
04-12 18:21:05.032  6375  6446 F vindra.comparez: runtime.cc:691]   native: #14 pc 001fce24  /system/framework/framework.jar (android.os.MessageQueue.next)
04-12 18:21:05.032  6375  6446 F vindra.comparez: runtime.cc:691]   native: #15 pc 0037cde0  /apex/com.android.art/lib64/libart.so (art::interpreter::Execute +356) (BuildId: b10f5696fea1b32039b162aef3850ed3)
