04-12 21:44:07.507 18254 18329 W vindra.comparez: Accessing hidden method Landroid/os/Trace;->asyncTraceEnd(JLjava/lang/String;I)V (unsupported, reflection, allowed)
04-12 21:44:07.511 18254 18329 I cr_WVCFactoryProvider: Loaded version=113.0.5672.136 minSdkVersion=29 isBundle=false multiprocess=true packageId=2
04-12 21:44:07.543 18254 18329 I cr_LibraryLoader: Successfully loaded native library
04-12 21:44:07.550 18254 18329 I cr_CachingUmaRecorder: Flushed 8 samples from 8 histograms.
04-12 21:44:07.552 18254 18341 I cr_VariationsUtils: Failed reading seed file "/data/user/0/com.panviravindra.comparez/app_webview/variations_seed_new"
04-12 21:44:07.552 18254 18341 I cr_VariationsUtils: Failed reading seed file "/data/user/0/com.panviravindra.comparez/app_webview/variations_seed"
04-12 21:44:07.567 18254 18344 D TrafficStats: tagSocket(133) with statsTag=0xffffffff, statsUid=-1
04-12 21:44:07.586 18254 18328 D Detox.RNMarker: NATIVE_MODULE_SETUP_END (UIManager)
04-12 21:44:07.594 18254 18328 D Detox.RNMarker: NATIVE_MODULE_SETUP_START (SoundManager)
04-12 21:44:07.594 18254 18328 D Detox.RNMarker: CREATE_MODULE_START (SoundManager)
04-12 21:44:07.594 18254 18328 D Detox.RNMarker: CREATE_MODULE_END (SoundManager)
04-12 21:44:07.594 18254 18328 D Detox.RNMarker: NATIVE_MODULE_SETUP_END (SoundManager)
04-12 21:44:07.600 18254 18328 D Detox.RNMarker: NATIVE_MODULE_SETUP_START (ImageLoader)
04-12 21:44:07.600 18254 18328 D Detox.RNMarker: CREATE_MODULE_START (ImageLoader)
04-12 21:44:07.600 18254 18328 D Detox.RNMarker: CREATE_MODULE_END (ImageLoader)
04-12 21:44:07.600 18254 18328 D Detox.RNMarker: NATIVE_MODULE_SETUP_END (ImageLoader)
04-12 21:44:07.601 18254 18328 D Detox.RNMarker: NATIVE_MODULE_SETUP_START (IntentAndroid)
04-12 21:44:07.602 18254 18328 D Detox.RNMarker: CREATE_MODULE_START (IntentAndroid)
04-12 21:44:07.602 18254 18328 D Detox.RNMarker: CREATE_MODULE_END (IntentAndroid)
04-12 21:44:07.602 18254 18328 D Detox.RNMarker: NATIVE_MODULE_SETUP_END (IntentAndroid)
04-12 21:44:07.602 18254 18328 D Detox.RNMarker: NATIVE_MODULE_SETUP_START (LinkingManager)
04-12 21:44:07.603 18254 18328 D Detox.RNMarker: NATIVE_MODULE_SETUP_START (DeviceEventManager)
04-12 21:44:07.603 18254 18328 D Detox.RNMarker: CREATE_MODULE_START (DeviceEventManager)
04-12 21:44:07.603 18254 18328 D Detox.RNMarker: CREATE_MODULE_END (DeviceEventManager)
04-12 21:44:07.604 18254 18328 D Detox.RNMarker: NATIVE_MODULE_SETUP_END (DeviceEventManager)
04-12 21:44:07.607 18254 18328 D Detox.RNMarker: NATIVE_MODULE_SETUP_START (NativeUnimoduleProxy)
04-12 21:44:07.613 18254 18328 I ExpoModulesCore: ✅ JSI interop was installed
04-12 21:44:07.614 18254 18328 I ExpoModulesCore: ✅ Constants were exported
04-12 21:44:07.615 18254 18328 D Detox.RNMarker: NATIVE_MODULE_SETUP_END (NativeUnimoduleProxy)
04-12 21:44:07.620 18254 18328 D Detox.RNMarker: NATIVE_MODULE_SETUP_START (ExpoUpdates)
04-12 21:44:07.620 18254 18328 D Detox.RNMarker: NATIVE_MODULE_SETUP_START (EXDevLauncher)
04-12 21:44:07.621 18254 18328 D Detox.RNMarker: NATIVE_MODULE_SETUP_START (ExpoUpdates)
04-12 21:44:07.621 18254 18328 D Detox.RNMarker: NATIVE_MODULE_SETUP_START (ExpoGo)
04-12 21:44:07.622 18254 18328 D Detox.RNMarker: NATIVE_MODULE_SETUP_START (ExpoGo)
04-12 21:44:07.631 18254 18328 D Detox.RNMarker: NATIVE_MODULE_SETUP_START (EXDevLauncher)
04-12 21:44:07.643 18254 18345 D TrafficStats: tagSocket(133) with statsTag=0xffffffff, statsUid=-1
04-12 21:44:07.664 18254 18328 D Detox.RNMarker: NATIVE_MODULE_SETUP_START (NativeAnimatedModule)
04-12 21:44:07.664 18254 18328 D Detox.RNMarker: CREATE_MODULE_START (NativeAnimatedModule)
04-12 21:44:07.665 18254 18328 D Detox.RNMarker: CREATE_MODULE_END (NativeAnimatedModule)
04-12 21:44:07.665 18254 18328 D Detox.RNMarker: NATIVE_MODULE_SETUP_END (NativeAnimatedModule)
04-12 21:44:07.675 18254 18328 D Detox.RNMarker: NATIVE_MODULE_SETUP_START (RNCSafeAreaContext)
04-12 21:44:07.676 18254 18328 D Detox.RNMarker: CREATE_MODULE_START (RNCSafeAreaContext)
04-12 21:44:07.676 18254 18328 D Detox.RNMarker: CREATE_MODULE_END (RNCSafeAreaContext)
04-12 21:44:07.676 18254 18328 D Detox.RNMarker: NATIVE_MODULE_SETUP_END (RNCSafeAreaContext)
04-12 21:44:07.679 18254 18328 D Detox.RNMarker: NATIVE_MODULE_SETUP_START (RNSModule)
04-12 21:44:07.679 18254 18328 D Detox.RNMarker: CREATE_MODULE_START (RNSModule)
04-12 21:44:07.681 18254 18328 D Detox.RNMarker: CREATE_MODULE_END (RNSModule)
04-12 21:44:07.682 18254 18328 D Detox.RNMarker: NATIVE_MODULE_SETUP_START (RNEdgeToEdge)
04-12 21:44:07.691 18254 18328 D Detox.RNMarker: NATIVE_MODULE_SETUP_START (RNVectorIconsManager)
04-12 21:44:07.691 18254 18328 D Detox.RNMarker: NATIVE_MODULE_SETUP_START (RNVectorIconsModule)
04-12 21:44:07.691 18254 18328 D Detox.RNMarker: NATIVE_MODULE_SETUP_START (RNVectorIconsManager)
04-12 21:44:07.691 18254 18328 D Detox.RNMarker: NATIVE_MODULE_SETUP_START (RNVectorIconsModule)
04-12 21:44:07.773 18254 18328 D Detox.RNMarker: NATIVE_MODULE_SETUP_START (PlatformLocalStorage)
04-12 21:44:07.773 18254 18328 D Detox.RNMarker: NATIVE_MODULE_SETUP_START (RNC_AsyncSQLiteDBStorage)
04-12 21:44:07.773 18254 18328 D Detox.RNMarker: NATIVE_MODULE_SETUP_START (RNCAsyncStorage)
04-12 21:44:07.773 18254 18328 D Detox.RNMarker: CREATE_MODULE_START (RNCAsyncStorage)
04-12 21:44:07.773 18254 18328 V AsyncStorageExpoMigration: No scoped database found
04-12 21:44:07.773 18254 18328 D Detox.RNMarker: CREATE_MODULE_END (RNCAsyncStorage)
04-12 21:44:07.774 18254 18328 D Detox.RNMarker: NATIVE_MODULE_SETUP_END (RNCAsyncStorage)
04-12 21:44:07.776 18254 18328 D Detox.RNMarker: NATIVE_MODULE_SETUP_START (RNCWebViewModule)
04-12 21:44:07.776 18254 18328 D Detox.RNMarker: CREATE_MODULE_START (RNCWebViewModule)
04-12 21:44:07.776 18254 18328 D Detox.RNMarker: CREATE_MODULE_END (RNCWebViewModule)
04-12 21:44:07.776 18254 18328 D Detox.RNMarker: NATIVE_MODULE_SETUP_END (RNCWebViewModule)
04-12 21:44:07.793 18254 18328 D Detox.RNMarker: RUN_JS_BUNDLE_END (/.virtual-metro-entry.bundle?platform=android&dev=true&lazy=true&minify=false&app=com.panviravindra.comparez&modulesOnly=false&runModule=true&excludeSource=true&sourcePaths=url-server)
04-12 21:44:07.796 18254 18328 I ReactNativeJS: Running "main" with {"rootTag":11}
04-12 21:44:07.801 18254 18346 D TrafficStats: tagSocket(122) with statsTag=0xffffffff, statsUid=-1
04-12 21:44:07.895 18254 18328 W ReactNativeJS: The app is running using the Legacy Architecture. The Legacy Architecture is deprecated and will be removed in a future version of React Native. Please consider migrating to the New Architecture. For more information, please see https://reactnative.dev/blog/2024/10/23/the-new-architecture-is-here
04-12 21:44:07.931 18254 18329 D CompatibilityChangeReporter: Compat change id reported: 289878283; UID 10213; state: ENABLED
04-12 21:44:07.938 18254 18254 D Detox.RNMarker: CONTENT_APPEARED (main)
04-12 21:44:07.962 18254 18254 I Detox   : Wait is over: App is now idle!
04-12 21:44:07.962 18254 18287 I DetoxWSClient: Sending out action 'ready' (ID #-1000)
04-12 21:44:07.962 18254 18287 I DetoxDispatcher: Done with action 'isReady'
04-12 21:44:07.966 18254 18291 D DetoxWSClient: Received action 'invoke' (ID #1, params={"target":{"type":"Class","value":"com.wix.detox.espresso.DetoxAssertion"},"method":"waitForAssertMatcher","args":[{"type":"Invocation","value":{"target":{"type":"Class","value":"androidx.test.espresso.Espresso"},"method":"onView","args":[{"type":"Invocation","value":{"target":{"type":"Class","value":"com.wix.detox.espresso.DetoxMatcher"},"method":"matcherForTestId","args":["loginEmail",{"type":"boolean","value":false}]}}]}},{"type":"Invocation","value":{"target":{"type":"Class","value":"com.wix.detox.espresso.DetoxMatcher"},"method":"matcherForSufficientlyVisible","args":[{"type":"Integer","value":25}]}},{"type":"Double","value":3}]})
04-12 21:44:07.966 18254 18287 I DetoxDispatcher: Handling action 'invoke' (ID #1)...
04-12 21:44:07.967 18254 18287 D Detox   : class com.wix.detox.espresso.DetoxMatcher, matcherForTestId, [loginEmail, false]
04-12 21:44:07.973 18254 18287 D Detox   : class androidx.test.espresso.Espresso, onView, [(view.getTag() is "loginEmail" and view has effective visibility <VISIBLE>)]
04-12 21:44:07.973 18254 18287 D CompatibilityChangeReporter: Compat change id reported: 247079863; UID 10213; state: ENABLED
04-12 21:44:07.973 18254 18287 D Detox   : class com.wix.detox.espresso.DetoxMatcher, matcherForSufficientlyVisible, [25]
04-12 21:44:07.974 18254 18287 D Detox   : class com.wix.detox.espresso.DetoxAssertion, waitForAssertMatcher, [androidx.test.espresso.ViewInteraction@744f2c8, (view has effective visibility <VISIBLE> and view.getGlobalVisibleRect() covers at least <25> percent of the view's area), 3.0]
04-12 21:44:07.987 18254 18254 I ViewInteraction: Checking 'MatchesViewAssertion(Detox){viewMatcher=(view has effective visibility <VISIBLE> and view.getGlobalVisibleRect() covers at least <25> percent of the view's area)}' assertion on view (view.getTag() is "loginEmail" and view has effective visibility <VISIBLE>)
04-12 21:44:07.988 18254 18347 D TrafficStats: tagSocket(137) with statsTag=0xffffffff, statsUid=-1
04-12 21:44:08.005 18254 18328 D Detox.RNMarker: NATIVE_MODULE_SETUP_START (FileReaderModule)
04-12 21:44:08.005 18254 18328 D Detox.RNMarker: CREATE_MODULE_START (FileReaderModule)
04-12 21:44:08.005 18254 18328 D Detox.RNMarker: CREATE_MODULE_END (FileReaderModule)
04-12 21:44:08.006 18254 18328 D Detox.RNMarker: NATIVE_MODULE_SETUP_END (FileReaderModule)
04-12 21:44:08.020 18254 18254 I ViewInteraction: Checking 'MatchesViewAssertion(Detox){viewMatcher=(view has effective visibility <VISIBLE> and view.getGlobalVisibleRect() covers at least <25> percent of the view's area)}' assertion on view (view.getTag() is "loginEmail" and view has effective visibility <VISIBLE>)
04-12 21:44:08.047 18254 18254 I ViewInteraction: Checking 'MatchesViewAssertion(Detox){viewMatcher=(view has effective visibility <VISIBLE> and view.getGlobalVisibleRect() covers at least <25> percent of the view's area)}' assertion on view (view.getTag() is "loginEmail" and view has effective visibility <VISIBLE>)
04-12 21:44:08.077 18254 18254 I ViewInteraction: Checking 'MatchesViewAssertion(Detox){viewMatcher=(view has effective visibility <VISIBLE> and view.getGlobalVisibleRect() covers at least <25> percent of the view's area)}' assertion on view (view.getTag() is "loginEmail" and view has effective visibility <VISIBLE>)
04-12 21:44:08.091 18254 18351 D TrafficStats: tagSocket(142) with statsTag=0xffffffff, statsUid=-1
04-12 21:44:08.110 18254 18254 I ViewInteraction: Checking 'MatchesViewAssertion(Detox){viewMatcher=(view has effective visibility <VISIBLE> and view.getGlobalVisibleRect() covers at least <25> percent of the view's area)}' assertion on view (view.getTag() is "loginEmail" and view has effective visibility <VISIBLE>)
04-12 21:44:08.143 18254 18254 I ViewInteraction: Checking 'MatchesViewAssertion(Detox){viewMatcher=(view has effective visibility <VISIBLE> and view.getGlobalVisibleRect() covers at least <25> percent of the view's area)}' assertion on view (view.getTag() is "loginEmail" and view has effective visibility <VISIBLE>)
04-12 21:44:08.184 18254 18328 D Detox.RNMarker: NATIVE_MODULE_SETUP_START (I18nManager)
04-12 21:44:08.184 18254 18328 D Detox.RNMarker: CREATE_MODULE_START (I18nManager)
04-12 21:44:08.184 18254 18328 D Detox.RNMarker: CREATE_MODULE_END (I18nManager)
04-12 21:44:08.188 18254 18328 D Detox.RNMarker: NATIVE_MODULE_SETUP_END (I18nManager)
04-12 21:44:08.195 18254 18262 I vindra.comparez: NativeAlloc concurrent copying GC freed 330296(23MB) AllocSpace objects, 8(160KB) LOS objects, 49% free, 9962KB/19MB, paused 34us,5us total 117.801ms
04-12 21:44:08.209 18254 18328 D Detox.RNMarker: NATIVE_MODULE_SETUP_START (StatusBarManager)
04-12 21:44:08.209 18254 18328 D Detox.RNMarker: CREATE_MODULE_START (StatusBarManager)
04-12 21:44:08.209 18254 18328 D Detox.RNMarker: CREATE_MODULE_END (StatusBarManager)
04-12 21:44:08.210 18254 18328 D Detox.RNMarker: NATIVE_MODULE_SETUP_END (StatusBarManager)
04-12 21:44:08.213 18254 18328 D Detox.RNMarker: NATIVE_MODULE_SETUP_START (RNEdgeToEdge)
04-12 21:44:08.224 18254 18328 D Detox.RNMarker: NATIVE_MODULE_SETUP_START (AccessibilityInfo)
04-12 21:44:08.224 18254 18328 D Detox.RNMarker: CREATE_MODULE_START (AccessibilityInfo)
04-12 21:44:08.226 18254 18328 D Detox.RNMarker: CREATE_MODULE_END (AccessibilityInfo)
04-12 21:44:08.226 18254 18328 D Detox.RNMarker: NATIVE_MODULE_SETUP_END (AccessibilityInfo)
04-12 21:44:08.226 18254 18328 D Detox.RNMarker: NATIVE_MODULE_SETUP_START (AccessibilityManager)
04-12 21:44:08.228 18254 18328 D Detox.RNMarker: NATIVE_MODULE_SETUP_START (KeyboardObserver)
04-12 21:44:08.280 18254 18329 W unknown:ReactNative: Attempt to set local data for view with unknown tag: -1
04-12 21:44:08.280 18254 18329 W unknown:ReactNative: Attempt to set local data for view with unknown tag: -1
04-12 21:44:08.280 18254 18329 W unknown:ReactNative: Attempt to set local data for view with unknown tag: -1
04-12 21:44:08.280 18254 18329 W unknown:ReactNative: Attempt to set local data for view with unknown tag: -1
04-12 21:44:08.280 18254 18329 W unknown:ReactNative: Attempt to set local data for view with unknown tag: -1
04-12 21:44:08.280 18254 18329 W unknown:ReactNative: Attempt to set local data for view with unknown tag: -1
04-12 21:44:08.292 18254 18329 W unknown:ViewManagerPropertyUpdater: Could not find generated setter for class com.swmansion.rnscreens.ScreenStackHeaderConfigShadowNode
04-12 21:44:08.297 18254 18329 W unknown:ViewManagerPropertyUpdater: Could not find generated setter for class com.swmansion.rnscreens.ScreensShadowNode
04-12 21:44:08.317 18254 18326 D TrafficStats: tagSocket(144) with statsTag=0xffffffff, statsUid=-1
04-12 21:44:08.347 18254 18329 W unknown:ReactNative: StatusBarModule: Ignored status bar change, current activity is edge-to-edge.
04-12 21:44:08.347 18254 18329 W unknown:ReactNative: StatusBarModule: Ignored status bar change, current activity is edge-to-edge.
04-12 21:44:08.395 18254 18254 D AutofillManager: notifyViewEnteredForFillDialog:1073741824
04-12 21:44:08.395 18254 18254 D AutofillManager: notifyViewEnteredForFillDialog:1073741825
04-12 21:44:08.395 18254 18254 D AutofillManager: Triggering pre-emptive request for fill dialog.
04-12 21:44:08.421 18254 18254 D CompatibilityChangeReporter: Compat change id reported: 163400105; UID 10213; state: ENABLED
04-12 21:44:08.423 18254 18254 I AssistStructure: Flattened final assist data: 3132 bytes, containing 1 windows, 18 views
04-12 21:44:08.446 18254 18328 D Detox.RNMarker: NATIVE_MODULE_SETUP_START (RNEdgeToEdge)
04-12 21:44:08.477 18254 18254 I ViewInteraction: Checking 'MatchesViewAssertion(Detox){viewMatcher=(view has effective visibility <VISIBLE> and view.getGlobalVisibleRect() covers at least <25> percent of the view's area)}' assertion on view (view.getTag() is "loginEmail" and view has effective visibility <VISIBLE>)
04-12 21:44:08.481 18254 18287 I DetoxWSClient: Sending out action 'invokeResult' (ID #1)
04-12 21:44:08.481 18254 18287 I DetoxDispatcher: Done with action 'invoke'
04-12 21:44:08.484 18254 18291 D DetoxWSClient: Received action 'invoke' (ID #2, params={"target":{"type":"Class","value":"com.wix.detox.espresso.EspressoDetox"},"method":"perform","args":[{"type":"Invocation","value":{"target":{"type":"Class","value":"com.wix.detox.espresso.DetoxMatcher"},"method":"matcherForTestId","args":["loginEmail",{"type":"boolean","value":false}]}},{"type":"Invocation","value":{"target":{"type":"Class","value":"com.wix.detox.espresso.DetoxViewActions"},"method":"typeText","args":["test@example.com"]}}]})
04-12 21:44:08.484 18254 18287 I DetoxDispatcher: Handling action 'invoke' (ID #2)...
04-12 21:44:08.484 18254 18287 D Detox   : class com.wix.detox.espresso.DetoxMatcher, matcherForTestId, [loginEmail, false]
04-12 21:44:08.488 18254 18287 D Detox   : class com.wix.detox.espresso.DetoxViewActions, typeText, [test@example.com]
04-12 21:44:08.488 18254 18287 W vindra.comparez: Accessing hidden method Landroid/view/ViewConfiguration;->getDoubleTapMinTime()I (unsupported, reflection, allowed)
04-12 21:44:08.489 18254 18287 D Detox   : class com.wix.detox.espresso.EspressoDetox, perform, [(view.getTag() is "loginEmail" and view has effective visibility <VISIBLE>), com.wix.detox.espresso.action.DetoxTypeTextAction@e826b83]
04-12 21:44:08.490 18254 18254 I ViewInteraction: Performing 'Click to focus & type text (test@example.com)' action on view (view.getTag() is "loginEmail" and view has effective visibility <VISIBLE>)
04-12 21:44:08.528 18254 18254 I ImeTracker: com.panviravindra.comparez:f6b1524b: onRequestShow at ORIGIN_CLIENT_SHOW_SOFT_INPUT reason SHOW_SOFT_INPUT
04-12 21:44:08.528 18254 18254 D InputMethodManager: showSoftInput() view=com.facebook.react.views.textinput.ReactEditText{b5405e0 VFED..CL. .F.P..ID 116,28-772,126 #59 aid=1073741824} flags=0 reason=SHOW_SOFT_INPUT
04-12 21:44:08.557 18254 18254 D InsetsController: show(ime(), fromIme=true)
04-12 21:44:08.587 18254 18254 I ImeTracker: com.panviravindra.comparez:59a3c739: onRequestShow at ORIGIN_CLIENT_SHOW_SOFT_INPUT reason SHOW_SOFT_INPUT
04-12 21:44:08.588 18254 18254 D InputMethodManager: showSoftInput() view=com.facebook.react.views.textinput.ReactEditText{b5405e0 VFED..CL. .F.P.... 116,28-772,126 #59 aid=1073741824} flags=0 reason=SHOW_SOFT_INPUT
04-12 21:44:08.593 18254 18254 D InsetsController: show(ime(), fromIme=true)
04-12 21:44:08.593 18254 18254 I ImeTracker: com.panviravindra.comparez:59a3c739: onCancelled at PHASE_CLIENT_APPLY_ANIMATION
04-12 21:44:08.593 18254 18254 I ImeTracker: com.panviravindra.comparez:f6b1524b: onShown
04-12 21:44:08.960 18254 18254 D UiControllerImpl: Injecting string: "test@example.com"
04-12 21:44:08.977 18254 18298 D EGL_emulation: app_time_stats: avg=82.56ms min=0.64ms max=1028.07ms count=24
04-12 21:44:08.996 18254 18329 W unknown:ReactNative: StatusBarModule: Ignored status bar change, current activity is edge-to-edge.
04-12 21:44:09.019 18254 18329 W unknown:ReactNative: StatusBarModule: Ignored status bar change, current activity is edge-to-edge.
04-12 21:44:09.045 18254 18329 W unknown:ReactNative: StatusBarModule: Ignored status bar change, current activity is edge-to-edge.
04-12 21:44:09.073 18254 18329 W unknown:ReactNative: StatusBarModule: Ignored status bar change, current activity is edge-to-edge.
04-12 21:44:09.115 18254 18329 W unknown:ReactNative: StatusBarModule: Ignored status bar change, current activity is edge-to-edge.
04-12 21:44:09.163 18254 18329 W unknown:ReactNative: StatusBarModule: Ignored status bar change, current activity is edge-to-edge.
04-12 21:44:09.181 18254 18329 W unknown:ReactNative: StatusBarModule: Ignored status bar change, current activity is edge-to-edge.
04-12 21:44:09.210 18254 18329 W unknown:ReactNative: StatusBarModule: Ignored status bar change, current activity is edge-to-edge.
04-12 21:44:09.229 18254 18329 W unknown:ReactNative: StatusBarModule: Ignored status bar change, current activity is edge-to-edge.
04-12 21:44:09.247 18254 18329 W unknown:ReactNative: StatusBarModule: Ignored status bar change, current activity is edge-to-edge.
04-12 21:44:09.271 18254 18329 W unknown:ReactNative: StatusBarModule: Ignored status bar change, current activity is edge-to-edge.
04-12 21:44:09.292 18254 18329 W unknown:ReactNative: StatusBarModule: Ignored status bar change, current activity is edge-to-edge.
04-12 21:44:09.310 18254 18329 W unknown:ReactNative: StatusBarModule: Ignored status bar change, current activity is edge-to-edge.
04-12 21:44:09.326 18254 18329 W unknown:ReactNative: StatusBarModule: Ignored status bar change, current activity is edge-to-edge.
04-12 21:44:09.343 18254 18329 W unknown:ReactNative: StatusBarModule: Ignored status bar change, current activity is edge-to-edge.
04-12 21:44:09.360 18254 18329 W unknown:ReactNative: StatusBarModule: Ignored status bar change, current activity is edge-to-edge.
04-12 21:44:09.363 18254 18287 I DetoxWSClient: Sending out action 'invokeResult' (ID #2)
04-12 21:44:09.363 18254 18287 I DetoxDispatcher: Done with action 'invoke'
04-12 21:44:09.366 18254 18291 D DetoxWSClient: Received action 'invoke' (ID #3, params={"target":{"type":"Class","value":"com.wix.detox.espresso.EspressoDetox"},"method":"perform","args":[{"type":"Invocation","value":{"target":{"type":"Class","value":"com.wix.detox.espresso.DetoxMatcher"},"method":"matcherForTestId","args":["loginPassword",{"type":"boolean","value":false}]}},{"type":"Invocation","value":{"target":{"type":"Class","value":"com.wix.detox.espresso.DetoxViewActions"},"method":"typeText","args":["password123\n"]}}]})
04-12 21:44:09.366 18254 18287 I DetoxDispatcher: Handling action 'invoke' (ID #3)...
04-12 21:44:09.366 18254 18287 D Detox   : class com.wix.detox.espresso.DetoxMatcher, matcherForTestId, [loginPassword, false]
04-12 21:44:09.366 18254 18287 D Detox   : class com.wix.detox.espresso.DetoxViewActions, typeText, [password123
04-12 21:44:09.366 18254 18287 D Detox   : ]
04-12 21:44:09.367 18254 18287 D Detox   : class com.wix.detox.espresso.EspressoDetox, perform, [(view.getTag() is "loginPassword" and view has effective visibility <VISIBLE>), com.wix.detox.espresso.action.DetoxTypeTextAction@be06229]
04-12 21:44:09.369 18254 18254 I ViewInteraction: Performing 'Click to focus & type text (password123
04-12 21:44:09.369 18254 18254 I ViewInteraction: )' action on view (view.getTag() is "loginPassword" and view has effective visibility <VISIBLE>)
04-12 21:44:09.408 18254 18254 I ImeTracker: com.panviravindra.comparez:17bf46d0: onRequestShow at ORIGIN_CLIENT_SHOW_SOFT_INPUT reason SHOW_SOFT_INPUT
04-12 21:44:09.408 18254 18254 D InputMethodManager: showSoftInput() view=com.facebook.react.views.textinput.ReactEditText{c1ccf3f VFED..CL. .F.P..ID 116,28-700,126 #61 aid=1073741825} flags=0 reason=SHOW_SOFT_INPUT
04-12 21:44:09.422 18254 18254 W WindowOnBackDispatcher: sendCancelIfRunning: isInProgress=falsecallback=ImeCallback=ImeOnBackInvokedCallback@12596647 Callback=android.window.IOnBackInvokedCallback$Stub$Proxy@c8682ba
04-12 21:44:09.437 18254 18254 D InsetsController: show(ime(), fromIme=true)
04-12 21:44:09.437 18254 18254 I ImeTracker: com.panviravindra.comparez:dd33c296: onCancelled at PHASE_CLIENT_APPLY_ANIMATION
04-12 21:44:09.438 18254 18254 D InsetsController: show(ime(), fromIme=true)
04-12 21:44:09.438 18254 18254 I ImeTracker: com.panviravindra.comparez:17bf46d0: onCancelled at PHASE_CLIENT_APPLY_ANIMATION
04-12 21:44:09.438 18254 18254 I ImeTracker: com.panviravindra.comparez:60fe3d5b: onRequestShow at ORIGIN_CLIENT_SHOW_SOFT_INPUT reason SHOW_SOFT_INPUT
04-12 21:44:09.438 18254 18254 D InputMethodManager: showSoftInput() view=com.facebook.react.views.textinput.ReactEditText{c1ccf3f VFED..CL. .F.P.... 116,28-700,126 #61 aid=1073741825} flags=0 reason=SHOW_SOFT_INPUT
04-12 21:44:09.444 18254 18254 D InsetsController: show(ime(), fromIme=true)
04-12 21:44:09.444 18254 18254 I ImeTracker: com.panviravindra.comparez:60fe3d5b: onCancelled at PHASE_CLIENT_APPLY_ANIMATION
04-12 21:44:09.803 18254 18254 D UiControllerImpl: Injecting string: "password123
04-12 21:44:09.803 18254 18254 D UiControllerImpl: "
04-12 21:44:09.828 18254 18329 W unknown:ReactNative: StatusBarModule: Ignored status bar change, current activity is edge-to-edge.
04-12 21:44:09.848 18254 18329 W unknown:ReactNative: StatusBarModule: Ignored status bar change, current activity is edge-to-edge.
04-12 21:44:09.876 18254 18329 W unknown:ReactNative: StatusBarModule: Ignored status bar change, current activity is edge-to-edge.
04-12 21:44:09.893 18254 18329 W unknown:ReactNative: StatusBarModule: Ignored status bar change, current activity is edge-to-edge.
04-12 21:44:09.911 18254 18329 W unknown:ReactNative: StatusBarModule: Ignored status bar change, current activity is edge-to-edge.
04-12 21:44:09.934 18254 18329 W unknown:ReactNative: StatusBarModule: Ignored status bar change, current activity is edge-to-edge.
04-12 21:44:09.964 18254 18329 W unknown:ReactNative: StatusBarModule: Ignored status bar change, current activity is edge-to-edge.
04-12 21:44:09.989 18254 18298 D EGL_emulation: app_time_stats: avg=31.60ms min=10.54ms max=402.93ms count=32
04-12 21:44:09.994 18254 18329 W unknown:ReactNative: StatusBarModule: Ignored status bar change, current activity is edge-to-edge.
04-12 21:44:10.011 18254 18329 W unknown:ReactNative: StatusBarModule: Ignored status bar change, current activity is edge-to-edge.
04-12 21:44:10.031 18254 18329 W unknown:ReactNative: StatusBarModule: Ignored status bar change, current activity is edge-to-edge.
04-12 21:44:10.051 18254 18329 W unknown:ReactNative: StatusBarModule: Ignored status bar change, current activity is edge-to-edge.
04-12 21:44:10.057 18254 18254 I ImeTracker: com.panviravindra.comparez:f0251097: onRequestHide at ORIGIN_CLIENT_HIDE_SOFT_INPUT reason HIDE_SOFT_INPUT
04-12 21:44:10.078 18254 18254 W WindowOnBackDispatcher: sendCancelIfRunning: isInProgress=falsecallback=ImeCallback=ImeOnBackInvokedCallback@12596647 Callback=android.window.IOnBackInvokedCallback$Stub$Proxy@cc8eb65
04-12 21:44:10.087 18254 18254 D InsetsController: show(ime(), fromIme=true)
04-12 21:44:10.088 18254 18254 I ImeTracker: com.panviravindra.comparez:3d1948d3: onCancelled at PHASE_CLIENT_APPLY_ANIMATION
04-12 21:44:10.105 18254 18254 W WindowOnBackDispatcher: sendCancelIfRunning: isInProgress=falsecallback=ImeCallback=ImeOnBackInvokedCallback@12596647 Callback=android.window.IOnBackInvokedCallback$Stub$Proxy@35764c7
04-12 21:44:10.106 18254 18254 I ImeTracker: com.panviravindra.comparez:abf974e4: onRequestHide at ORIGIN_CLIENT_HIDE_SOFT_INPUT reason HIDE_SOFT_INPUT_BY_INSETS_API
04-12 21:44:10.106 18254 18254 I ImeTracker: com.panviravindra.comparez:f0251097: onHidden
04-12 21:44:10.115 18254 18254 I ImeTracker: com.panviravindra.comparez:8de1a71f: onRequestHide at ORIGIN_CLIENT_HIDE_SOFT_INPUT reason HIDE_SOFT_INPUT
04-12 21:44:10.116 18254 18287 I DetoxWSClient: Sending out action 'invokeResult' (ID #3)
04-12 21:44:10.116 18254 18287 I DetoxDispatcher: Done with action 'invoke'
04-12 21:44:10.123 18254 18291 D DetoxWSClient: Received action 'invoke' (ID #4, params={"target":{"type":"Class","value":"com.wix.detox.espresso.EspressoDetox"},"method":"perform","args":[{"type":"Invocation","value":{"target":{"type":"Class","value":"com.wix.detox.espresso.DetoxMatcher"},"method":"matcherForTestId","args":["loginBtn",{"type":"boolean","value":false}]}},{"type":"Invocation","value":{"target":{"type":"Class","value":"com.wix.detox.espresso.DetoxViewActions"},"method":"click","args":[]}}]})
04-12 21:44:10.124 18254 18287 I DetoxDispatcher: Handling action 'invoke' (ID #4)...
04-12 21:44:10.124 18254 18287 D Detox   : class com.wix.detox.espresso.DetoxMatcher, matcherForTestId, [loginBtn, false]
04-12 21:44:10.124 18254 18287 D Detox   : class com.wix.detox.espresso.DetoxViewActions, click, []
04-12 21:44:10.124 18254 18287 D Detox   : class com.wix.detox.espresso.EspressoDetox, perform, [(view.getTag() is "loginBtn" and view has effective visibility <VISIBLE>), com.wix.detox.espresso.action.RNClickAction@8db8663]
04-12 21:44:10.125 18254 18254 I ViewInteraction: Performing 'com.wix.detox.espresso.action.detoxsingletap@bfc9260 click' action on view (view.getTag() is "loginBtn" and view has effective visibility <VISIBLE>)
04-12 21:44:10.184 18254 18329 W unknown:ReactNative: StatusBarModule: Ignored status bar change, current activity is edge-to-edge.
04-12 21:44:10.203 18254 18254 I ImeTracker: com.panviravindra.comparez:dfb1c559: onRequestHide at ORIGIN_CLIENT_HIDE_SOFT_INPUT reason HIDE_SOFT_INPUT
04-12 21:44:10.212 18254 18347 D TrafficStats: tagSocket(125) with statsTag=0xffffffff, statsUid=-1
04-12 21:44:10.219 18254 18254 I ImeTracker: com.panviravindra.comparez:c4c823f6: onRequestHide at ORIGIN_CLIENT_HIDE_SOFT_INPUT reason HIDE_SOFT_INPUT
04-12 21:44:10.537 18254 18287 I DetoxWSClient: Sending out action 'invokeResult' (ID #4)
04-12 21:44:10.538 18254 18287 I DetoxDispatcher: Done with action 'invoke'
04-12 21:44:10.545 18254 18291 D DetoxWSClient: Received action 'invoke' (ID #5, params={"target":{"type":"Class","value":"com.wix.detox.espresso.DetoxAssertion"},"method":"waitForAssertMatcher","args":[{"type":"Invocation","value":{"target":{"type":"Class","value":"androidx.test.espresso.Espresso"},"method":"onView","args":[{"type":"Invocation","value":{"target":{"type":"Class","value":"com.wix.detox.espresso.DetoxMatcher"},"method":"matcherForTestId","args":["homeSearchCta",{"type":"boolean","value":false}]}}]}},{"type":"Invocation","value":{"target":{"type":"Class","value":"com.wix.detox.espresso.DetoxMatcher"},"method":"matcherForSufficientlyVisible","args":[{"type":"Integer","value":25}]}},{"type":"Double","value":5}]})
04-12 21:44:10.546 18254 18287 I DetoxDispatcher: Handling action 'invoke' (ID #5)...
04-12 21:44:10.547 18254 18287 D Detox   : class com.wix.detox.espresso.DetoxMatcher, matcherForTestId, [homeSearchCta, false]
04-12 21:44:10.548 18254 18287 D Detox   : class androidx.test.espresso.Espresso, onView, [(view.getTag() is "homeSearchCta" and view has effective visibility <VISIBLE>)]
04-12 21:44:10.549 18254 18287 D Detox   : class com.wix.detox.espresso.DetoxMatcher, matcherForSufficientlyVisible, [25]
04-12 21:44:10.550 18254 18287 D Detox   : class com.wix.detox.espresso.DetoxAssertion, waitForAssertMatcher, [androidx.test.espresso.ViewInteraction@b37956d, (view has effective visibility <VISIBLE> and view.getGlobalVisibleRect() covers at least <25> percent of the view's area), 5.0]
04-12 21:44:10.563 18254 18254 I ViewInteraction: Checking 'MatchesViewAssertion(Detox){viewMatcher=(view has effective visibility <VISIBLE> and view.getGlobalVisibleRect() covers at least <25> percent of the view's area)}' assertion on view (view.getTag() is "homeSearchCta" and view has effective visibility <VISIBLE>)
04-12 21:44:10.598 18254 18254 I ViewInteraction: Checking 'MatchesViewAssertion(Detox){viewMatcher=(view has effective visibility <VISIBLE> and view.getGlobalVisibleRect() covers at least <25> percent of the view's area)}' assertion on view (view.getTag() is "homeSearchCta" and view has effective visibility <VISIBLE>)
04-12 21:44:10.602 18254 18328 D Detox.RNMarker: NATIVE_MODULE_SETUP_START (DialogManagerAndroid)
04-12 21:44:10.603 18254 18328 D Detox.RNMarker: CREATE_MODULE_START (DialogManagerAndroid)
04-12 21:44:10.604 18254 18328 D Detox.RNMarker: CREATE_MODULE_END (DialogManagerAndroid)
04-12 21:44:10.604 18254 18328 D Detox.RNMarker: NATIVE_MODULE_SETUP_END (DialogManagerAndroid)
04-12 21:44:10.606 18254 18254 W WindowOnBackDispatcher: OnBackInvokedCallback is not enabled for the application.
04-12 21:44:10.606 18254 18254 W WindowOnBackDispatcher: Set 'android:enableOnBackInvokedCallback="true"' in the application manifest.
04-12 21:44:10.616 18254 18254 D CompatibilityChangeReporter: Compat change id reported: 171228096; UID 10213; state: ENABLED
04-12 21:44:10.640 18254 18298 E OpenGLRenderer: Unable to match the desired swap behavior.
04-12 21:44:10.656 18254 18328 D Detox.RNMarker: NATIVE_MODULE_SETUP_START (RNEdgeToEdge)
04-12 21:44:10.681 18254 18329 W unknown:ReactNative: Attempt to set local data for view with unknown tag: -1
04-12 21:44:10.683 18254 18329 W unknown:ReactNative: Attempt to set local data for view with unknown tag: -1
04-12 21:44:10.683 18254 18329 W unknown:ReactNative: Attempt to set local data for view with unknown tag: -1
04-12 21:44:10.696 18254 18329 W unknown:ReactNative: StatusBarModule: Ignored status bar change, current activity is edge-to-edge.
04-12 21:44:10.700 18254 18329 W unknown:ReactNative: Attempt to set local data for view with unknown tag: -1
04-12 21:44:10.700 18254 18329 W unknown:ReactNative: Attempt to set local data for view with unknown tag: -1
04-12 21:44:10.700 18254 18329 W unknown:ReactNative: Attempt to set local data for view with unknown tag: -1
04-12 21:44:10.717 18254 18328 D Detox.RNMarker: NATIVE_MODULE_SETUP_START (RNEdgeToEdge)
04-12 21:44:10.778 18254 18254 I ViewInteraction: Checking 'MatchesViewAssertion(Detox){viewMatcher=(view has effective visibility <VISIBLE> and view.getGlobalVisibleRect() covers at least <25> percent of the view's area)}' assertion on view (view.getTag() is "homeSearchCta" and view has effective visibility <VISIBLE>)
04-12 21:44:10.806 18254 18254 I ViewInteraction: Checking 'MatchesViewAssertion(Detox){viewMatcher=(view has effective visibility <VISIBLE> and view.getGlobalVisibleRect() covers at least <25> percent of the view's area)}' assertion on view (view.getTag() is "homeSearchCta" and view has effective visibility <VISIBLE>)
04-12 21:44:10.836 18254 18254 I ViewInteraction: Checking 'MatchesViewAssertion(Detox){viewMatcher=(view has effective visibility <VISIBLE> and view.getGlobalVisibleRect() covers at least <25> percent of the view's area)}' assertion on view (view.getTag() is "homeSearchCta" and view has effective visibility <VISIBLE>)
04-12 21:44:10.865 18254 18254 I ViewInteraction: Checking 'MatchesViewAssertion(Detox){viewMatcher=(view has effective visibility <VISIBLE> and view.getGlobalVisibleRect() covers at least <25> percent of the view's area)}' assertion on view (view.getTag() is "homeSearchCta" and view has effective visibility <VISIBLE>)
04-12 21:44:10.893 18254 18254 I ViewInteraction: Checking 'MatchesViewAssertion(Detox){viewMatcher=(view has effective visibility <VISIBLE> and view.getGlobalVisibleRect() covers at least <25> percent of the view's area)}' assertion on view (view.getTag() is "homeSearchCta" and view has effective visibility <VISIBLE>)
04-12 21:44:10.922 18254 18254 I ViewInteraction: Checking 'MatchesViewAssertion(Detox){viewMatcher=(view has effective visibility <VISIBLE> and view.getGlobalVisibleRect() covers at least <25> percent of the view's area)}' assertion on view (view.getTag() is "homeSearchCta" and view has effective visibility <VISIBLE>)
04-12 21:44:10.952 18254 18254 I ViewInteraction: Checking 'MatchesViewAssertion(Detox){viewMatcher=(view has effective visibility <VISIBLE> and view.getGlobalVisibleRect() covers at least <25> percent of the view's area)}' assertion on view (view.getTag() is "homeSearchCta" and view has effective visibility <VISIBLE>)
04-12 21:44:10.989 18254 18254 I ViewInteraction: Checking 'MatchesViewAssertion(Detox){viewMatcher=(view has effective visibility <VISIBLE> and view.getGlobalVisibleRect() covers at least <25> percent of the view's area)}' assertion on view (view.getTag() is "homeSearchCta" and view has effective visibility <VISIBLE>)
04-12 21:44:11.019 18254 18254 I ViewInteraction: Checking 'MatchesViewAssertion(Detox){viewMatcher=(view has effective visibility <VISIBLE> and view.getGlobalVisibleRect() covers at least <25> percent of the view's area)}' assertion on view (view.getTag() is "homeSearchCta" and view has effective visibility <VISIBLE>)
04-12 21:44:11.048 18254 18254 I ViewInteraction: Checking 'MatchesViewAssertion(Detox){viewMatcher=(view has effective visibility <VISIBLE> and view.getGlobalVisibleRect() covers at least <25> percent of the view's area)}' assertion on view (view.getTag() is "homeSearchCta" and view has effective visibility <VISIBLE>)
04-12 21:44:11.078 18254 18254 I ViewInteraction: Checking 'MatchesViewAssertion(Detox){viewMatcher=(view has effective visibility <VISIBLE> and view.getGlobalVisibleRect() covers at least <25> percent of the view's area)}' assertion on view (view.getTag() is "homeSearchCta" and view has effective visibility <VISIBLE>)
04-12 21:44:11.106 18254 18254 I ViewInteraction: Checking 'MatchesViewAssertion(Detox){viewMatcher=(view has effective visibility <VISIBLE> and view.getGlobalVisibleRect() covers at least <25> percent of the view's area)}' assertion on view (view.getTag() is "homeSearchCta" and view has effective visibility <VISIBLE>)
04-12 21:44:11.137 18254 18254 I ViewInteraction: Checking 'MatchesViewAssertion(Detox){viewMatcher=(view has effective visibility <VISIBLE> and view.getGlobalVisibleRect() covers at least <25> percent of the view's area)}' assertion on view (view.getTag() is "homeSearchCta" and view has effective visibility <VISIBLE>)
04-12 21:44:11.166 18254 18254 I ViewInteraction: Checking 'MatchesViewAssertion(Detox){viewMatcher=(view has effective visibility <VISIBLE> and view.getGlobalVisibleRect() covers at least <25> percent of the view's area)}' assertion on view (view.getTag() is "homeSearchCta" and view has effective visibility <VISIBLE>)
04-12 21:44:11.198 18254 18254 I ViewInteraction: Checking 'MatchesViewAssertion(Detox){viewMatcher=(view has effective visibility <VISIBLE> and view.getGlobalVisibleRect() covers at least <25> percent of the view's area)}' assertion on view (view.getTag() is "homeSearchCta" and view has effective visibility <VISIBLE>)
04-12 21:44:11.227 18254 18254 I ViewInteraction: Checking 'MatchesViewAssertion(Detox){viewMatcher=(view has effective visibility <VISIBLE> and view.getGlobalVisibleRect() covers at least <25> percent of the view's area)}' assertion on view (view.getTag() is "homeSearchCta" and view has effective visibility <VISIBLE>)
04-12 21:44:11.258 18254 18254 I ViewInteraction: Checking 'MatchesViewAssertion(Detox){viewMatcher=(view has effective visibility <VISIBLE> and view.getGlobalVisibleRect() covers at least <25> percent of the view's area)}' assertion on view (view.getTag() is "homeSearchCta" and view has effective visibility <VISIBLE>)
04-12 21:44:11.288 18254 18254 I ViewInteraction: Checking 'MatchesViewAssertion(Detox){viewMatcher=(view has effective visibility <VISIBLE> and view.getGlobalVisibleRect() covers at least <25> percent of the view's area)}' assertion on view (view.getTag() is "homeSearchCta" and view has effective visibility <VISIBLE>)
04-12 21:44:11.321 18254 18254 I ViewInteraction: Checking 'MatchesViewAssertion(Detox){viewMatcher=(view has effective visibility <VISIBLE> and view.getGlobalVisibleRect() covers at least <25> percent of the view's area)}' assertion on view (view.getTag() is "homeSearchCta" and view has effective visibility <VISIBLE>)
04-12 21:44:11.352 18254 18254 I ViewInteraction: Checking 'MatchesViewAssertion(Detox){viewMatcher=(view has effective visibility <VISIBLE> and view.getGlobalVisibleRect() covers at least <25> percent of the view's area)}' assertion on view (view.getTag() is "homeSearchCta" and view has effective visibility <VISIBLE>)
04-12 21:44:11.391 18254 18254 I ViewInteraction: Checking 'MatchesViewAssertion(Detox){viewMatcher=(view has effective visibility <VISIBLE> and view.getGlobalVisibleRect() covers at least <25> percent of the view's area)}' assertion on view (view.getTag() is "homeSearchCta" and view has effective visibility <VISIBLE>)
04-12 21:44:11.431 18254 18254 I ViewInteraction: Checking 'MatchesViewAssertion(Detox){viewMatcher=(view has effective visibility <VISIBLE> and view.getGlobalVisibleRect() covers at least <25> percent of the view's area)}' assertion on view (view.getTag() is "homeSearchCta" and view has effective visibility <VISIBLE>)
04-12 21:44:11.464 18254 18254 I ViewInteraction: Checking 'MatchesViewAssertion(Detox){viewMatcher=(view has effective visibility <VISIBLE> and view.getGlobalVisibleRect() covers at least <25> percent of the view's area)}' assertion on view (view.getTag() is "homeSearchCta" and view has effective visibility <VISIBLE>)
04-12 21:44:11.509 18254 18254 I ViewInteraction: Checking 'MatchesViewAssertion(Detox){viewMatcher=(view has effective visibility <VISIBLE> and view.getGlobalVisibleRect() covers at least <25> percent of the view's area)}' assertion on view (view.getTag() is "homeSearchCta" and view has effective visibility <VISIBLE>)
04-12 21:44:11.549 18254 18254 I ViewInteraction: Checking 'MatchesViewAssertion(Detox){viewMatcher=(view has effective visibility <VISIBLE> and view.getGlobalVisibleRect() covers at least <25> percent of the view's area)}' assertion on view (view.getTag() is "homeSearchCta" and view has effective visibility <VISIBLE>)
04-12 21:44:11.580 18254 18254 I ViewInteraction: Checking 'MatchesViewAssertion(Detox){viewMatcher=(view has effective visibility <VISIBLE> and view.getGlobalVisibleRect() covers at least <25> percent of the view's area)}' assertion on view (view.getTag() is "homeSearchCta" and view has effective visibility <VISIBLE>)
04-12 21:44:11.611 18254 18254 I ViewInteraction: Checking 'MatchesViewAssertion(Detox){viewMatcher=(view has effective visibility <VISIBLE> and view.getGlobalVisibleRect() covers at least <25> percent of the view's area)}' assertion on view (view.getTag() is "homeSearchCta" and view has effective visibility <VISIBLE>)
04-12 21:44:11.642 18254 18254 I ViewInteraction: Checking 'MatchesViewAssertion(Detox){viewMatcher=(view has effective visibility <VISIBLE> and view.getGlobalVisibleRect() covers at least <25> percent of the view's area)}' assertion on view (view.getTag() is "homeSearchCta" and view has effective visibility <VISIBLE>)
04-12 21:44:11.672 18254 18254 I ViewInteraction: Checking 'MatchesViewAssertion(Detox){viewMatcher=(view has effective visibility <VISIBLE> and view.getGlobalVisibleRect() covers at least <25> percent of the view's area)}' assertion on view (view.getTag() is "homeSearchCta" and view has effective visibility <VISIBLE>)
04-12 21:44:11.702 18254 18254 I ViewInteraction: Checking 'MatchesViewAssertion(Detox){viewMatcher=(view has effective visibility <VISIBLE> and view.getGlobalVisibleRect() covers at least <25> percent of the view's area)}' assertion on view (view.getTag() is "homeSearchCta" and view has effective visibility <VISIBLE>)
04-12 21:44:11.733 18254 18254 I ViewInteraction: Checking 'MatchesViewAssertion(Detox){viewMatcher=(view has effective visibility <VISIBLE> and view.getGlobalVisibleRect() covers at least <25> percent of the view's area)}' assertion on view (view.getTag() is "homeSearchCta" and view has effective visibility <VISIBLE>)
04-12 21:44:11.762 18254 18254 I ViewInteraction: Checking 'MatchesViewAssertion(Detox){viewMatcher=(view has effective visibility <VISIBLE> and view.getGlobalVisibleRect() covers at least <25> percent of the view's area)}' assertion on view (view.getTag() is "homeSearchCta" and view has effective visibility <VISIBLE>)
04-12 21:44:11.793 18254 18254 I ViewInteraction: Checking 'MatchesViewAssertion(Detox){viewMatcher=(view has effective visibility <VISIBLE> and view.getGlobalVisibleRect() covers at least <25> percent of the view's area)}' assertion on view (view.getTag() is "homeSearchCta" and view has effective visibility <VISIBLE>)
04-12 21:44:11.824 18254 18254 I ViewInteraction: Checking 'MatchesViewAssertion(Detox){viewMatcher=(view has effective visibility <VISIBLE> and view.getGlobalVisibleRect() covers at least <25> percent of the view's area)}' assertion on view (view.getTag() is "homeSearchCta" and view has effective visibility <VISIBLE>)
04-12 21:44:11.853 18254 18254 I ViewInteraction: Checking 'MatchesViewAssertion(Detox){viewMatcher=(view has effective visibility <VISIBLE> and view.getGlobalVisibleRect() covers at least <25> percent of the view's area)}' assertion on view (view.getTag() is "homeSearchCta" and view has effective visibility <VISIBLE>)
04-12 21:44:11.884 18254 18254 I ViewInteraction: Checking 'MatchesViewAssertion(Detox){viewMatcher=(view has effective visibility <VISIBLE> and view.getGlobalVisibleRect() covers at least <25> percent of the view's area)}' assertion on view (view.getTag() is "homeSearchCta" and view has effective visibility <VISIBLE>)
04-12 21:44:11.913 18254 18254 I ViewInteraction: Checking 'MatchesViewAssertion(Detox){viewMatcher=(view has effective visibility <VISIBLE> and view.getGlobalVisibleRect() covers at least <25> percent of the view's area)}' assertion on view (view.getTag() is "homeSearchCta" and view has effective visibility <VISIBLE>)
04-12 21:44:11.943 18254 18254 I ViewInteraction: Checking 'MatchesViewAssertion(Detox){viewMatcher=(view has effective visibility <VISIBLE> and view.getGlobalVisibleRect() covers at least <25> percent of the view's area)}' assertion on view (view.getTag() is "homeSearchCta" and view has effective visibility <VISIBLE>)
04-12 21:44:11.974 18254 18254 I ViewInteraction: Checking 'MatchesViewAssertion(Detox){viewMatcher=(view has effective visibility <VISIBLE> and view.getGlobalVisibleRect() covers at least <25> percent of the view's area)}' assertion on view (view.getTag() is "homeSearchCta" and view has effective visibility <VISIBLE>)
04-12 21:44:12.008 18254 18254 I ViewInteraction: Checking 'MatchesViewAssertion(Detox){viewMatcher=(view has effective visibility <VISIBLE> and view.getGlobalVisibleRect() covers at least <25> percent of the view's area)}' assertion on view (view.getTag() is "homeSearchCta" and view has effective visibility <VISIBLE>)
04-12 21:44:12.038 18254 18254 I ViewInteraction: Checking 'MatchesViewAssertion(Detox){viewMatcher=(view has effective visibility <VISIBLE> and view.getGlobalVisibleRect() covers at least <25> percent of the view's area)}' assertion on view (view.getTag() is "homeSearchCta" and view has effective visibility <VISIBLE>)
04-12 21:44:12.068 18254 18254 I ViewInteraction: Checking 'MatchesViewAssertion(Detox){viewMatcher=(view has effective visibility <VISIBLE> and view.getGlobalVisibleRect() covers at least <25> percent of the view's area)}' assertion on view (view.getTag() is "homeSearchCta" and view has effective visibility <VISIBLE>)
04-12 21:44:12.096 18254 18254 I ViewInteraction: Checking 'MatchesViewAssertion(Detox){viewMatcher=(view has effective visibility <VISIBLE> and view.getGlobalVisibleRect() covers at least <25> percent of the view's area)}' assertion on view (view.getTag() is "homeSearchCta" and view has effective visibility <VISIBLE>)
04-12 21:44:12.128 18254 18254 I ViewInteraction: Checking 'MatchesViewAssertion(Detox){viewMatcher=(view has effective visibility <VISIBLE> and view.getGlobalVisibleRect() covers at least <25> percent of the view's area)}' assertion on view (view.getTag() is "homeSearchCta" and view has effective visibility <VISIBLE>)
04-12 21:44:12.130 18254 18370 D ProfileInstaller: Installing profile for com.panviravindra.comparez
04-12 21:44:12.156 18254 18254 I ViewInteraction: Checking 'MatchesViewAssertion(Detox){viewMatcher=(view has effective visibility <VISIBLE> and view.getGlobalVisibleRect() covers at least <25> percent of the view's area)}' assertion on view (view.getTag() is "homeSearchCta" and view has effective visibility <VISIBLE>)
04-12 21:44:12.185 18254 18254 I ViewInteraction: Checking 'MatchesViewAssertion(Detox){viewMatcher=(view has effective visibility <VISIBLE> and view.getGlobalVisibleRect() covers at least <25> percent of the view's area)}' assertion on view (view.getTag() is "homeSearchCta" and view has effective visibility <VISIBLE>)
04-12 21:44:12.229 18254 18298 D EGL_emulation: app_time_stats: avg=395.70ms min=4.40ms max=1535.51ms count=4
04-12 21:44:12.517 18254 18254 I ViewInteraction: Checking 'MatchesViewAssertion(Detox){viewMatcher=(view has effective visibility <VISIBLE> and view.getGlobalVisibleRect() covers at least <25> percent of the view's area)}' assertion on view (view.getTag() is "homeSearchCta" and view has effective visibility <VISIBLE>)
04-12 21:44:12.550 18254 18254 I ViewInteraction: Checking 'MatchesViewAssertion(Detox){viewMatcher=(view has effective visibility <VISIBLE> and view.getGlobalVisibleRect() covers at least <25> percent of the view's area)}' assertion on view (view.getTag() is "homeSearchCta" and view has effective visibility <VISIBLE>)
04-12 21:44:12.580 18254 18254 I ViewInteraction: Checking 'MatchesViewAssertion(Detox){viewMatcher=(view has effective visibility <VISIBLE> and view.getGlobalVisibleRect() covers at least <25> percent of the view's area)}' assertion on view (view.getTag() is "homeSearchCta" and view has effective visibility <VISIBLE>)
04-12 21:44:12.610 18254 18254 I ViewInteraction: Checking 'MatchesViewAssertion(Detox){viewMatcher=(view has effective visibility <VISIBLE> and view.getGlobalVisibleRect() covers at least <25> percent of the view's area)}' assertion on view (view.getTag() is "homeSearchCta" and view has effective visibility <VISIBLE>)
04-12 21:44:12.641 18254 18254 I ViewInteraction: Checking 'MatchesViewAssertion(Detox){viewMatcher=(view has effective visibility <VISIBLE> and view.getGlobalVisibleRect() covers at least <25> percent of the view's area)}' assertion on view (view.getTag() is "homeSearchCta" and view has effective visibility <VISIBLE>)
04-12 21:44:12.671 18254 18254 I ViewInteraction: Checking 'MatchesViewAssertion(Detox){viewMatcher=(view has effective visibility <VISIBLE> and view.getGlobalVisibleRect() covers at least <25> percent of the view's area)}' assertion on view (view.getTag() is "homeSearchCta" and view has effective visibility <VISIBLE>)
04-12 21:44:12.702 18254 18254 I ViewInteraction: Checking 'MatchesViewAssertion(Detox){viewMatcher=(view has effective visibility <VISIBLE> and view.getGlobalVisibleRect() covers at least <25> percent of the view's area)}' assertion on view (view.getTag() is "homeSearchCta" and view has effective visibility <VISIBLE>)
04-12 21:44:12.732 18254 18254 I ViewInteraction: Checking 'MatchesViewAssertion(Detox){viewMatcher=(view has effective visibility <VISIBLE> and view.getGlobalVisibleRect() covers at least <25> percent of the view's area)}' assertion on view (view.getTag() is "homeSearchCta" and view has effective visibility <VISIBLE>)
