--------- beginning of main
04-14 01:03:46.229  7915  7915 I vindra.comparez: Late-enabling -Xcheck:jni
04-14 01:03:46.272  7915  7915 I vindra.comparez: Using CollectorTypeCMC GC.
04-14 01:03:46.273  7915  7915 W vindra.comparez: Unexpected CPU variant for x86: x86_64.
04-14 01:03:46.273  7915  7915 W vindra.comparez: Known variants: atom, sandybridge, silvermont, goldmont, goldmont-plus, goldmont-without-sha-xsaves, tremont, kabylake, alderlake, default
04-14 01:03:46.296  7915  7915 D nativeloader: Load libframework-connectivity-tiramisu-jni.so using APEX ns com_android_tethering for caller /apex/com.android.tethering/javalib/framework-connectivity-t.jar: ok
--------- beginning of system
04-14 01:03:46.409  7915  7915 W ActivityThread: Package uses different ABI(s) than its instrumentation: package[com.panviravindra.comparez]: x86_64, null instrumentation[com.panviravindra.comparez.test]: null, null
04-14 01:03:46.417  7915  7915 W vindra.comparez: ClassLoaderContext shared library size mismatch. Expected=2, found=0 (PCL[]{PCL[/system/framework/android.test.base.jar*2789897741]#PCL[/system/framework/android.test.mock.jar*3361312393]} | PCL[])
04-14 01:03:46.429  7915  7915 W vindra.comparez: ClassLoaderContext classpath size mismatch. expected=0, found=1 (PCL[] | PCL[/system/framework/android.test.runner.jar*895143020])
04-14 01:03:46.436  7915  7915 W vindra.comparez: ClassLoaderContext classpath size mismatch. expected=0, found=2 (PCL[] | PCL[/system/framework/android.test.runner.jar*895143020:/system/framework/android.test.mock.jar*3361312393])
04-14 01:03:47.101  7915  7915 D nativeloader: Configuring clns-9 for other apk /system/framework/android.test.runner.jar:/system/framework/android.test.mock.jar:/system/framework/android.test.base.jar:/data/app/~~xkmNXVAkM7j4hKOM62JTXQ==/com.panviravindra.comparez.test-Q5Y3_zVO2ojCNGs5hqVQVA==/base.apk:/data/app/~~hu03SsNQoRArDPApDmCyaQ==/com.panviravindra.comparez-AwpNfrbmoVXBrCa6Pk4CFA==/base.apk. target_sdk_version=36, uses_libraries=, library_path=/data/app/~~xkmNXVAkM7j4hKOM62JTXQ==/com.panviravindra.comparez.test-Q5Y3_zVO2ojCNGs5hqVQVA==/lib/x86_64:/data/app/~~hu03SsNQoRArDPApDmCyaQ==/com.panviravindra.comparez-AwpNfrbmoVXBrCa6Pk4CFA==/lib/x86_64:/data/app/~~xkmNXVAkM7j4hKOM62JTXQ==/com.panviravindra.comparez.test-Q5Y3_zVO2ojCNGs5hqVQVA==/base.apk!/lib/x86_64:/data/app/~~hu03SsNQoRArDPApDmCyaQ==/com.panviravindra.comparez-AwpNfrbmoVXBrCa6Pk4CFA==/base.apk!/lib/x86_64, permitted_path=/data:/mnt/expand:/data/user/0/com.panviravindra.comparez
04-14 01:03:47.128  7915  7915 I vindra.comparez: AssetManager2(0x78d8d667ecb8) locale list changing from [] to [en-US]
04-14 01:03:47.161  7915  7915 V GraphicsEnvironment: Currently set values for:
04-14 01:03:47.161  7915  7915 V GraphicsEnvironment:   angle_gl_driver_selection_pkgs=[]
04-14 01:03:47.161  7915  7915 V GraphicsEnvironment:   angle_gl_driver_selection_values=[]
04-14 01:03:47.161  7915  7915 V GraphicsEnvironment: com.panviravindra.comparez is not listed in per-application setting
04-14 01:03:47.162  7915  7915 V GraphicsEnvironment: ANGLE allowlist from config: com.dreamgames.royalmatch com.dts.freefiremax com.dxx.firenow com.gramgames.mergedragons com.ludo.king com.mojang.minecraftpe com.my.defense com.nintendo.zaka com.os.airforce com.playrix.fishdomdd.gplay io.teslatech.callbreak jp.konami.prospia net.peakgames.toonblast
04-14 01:03:47.162  7915  7915 V GraphicsEnvironment: com.panviravindra.comparez is not listed in ANGLE allowlist or settings, returning default
04-14 01:03:47.162  7915  7915 V GraphicsEnvironment: Neither updatable production driver nor prerelease driver is supported.
04-14 01:03:47.166  7915  7915 D ApplicationLoaders: Returning zygote-cached class loader: /system/framework/android.test.base.jar
04-14 01:03:47.168  7915  7915 D nativeloader: Configuring clns-10 for other apk /system/framework/android.test.mock.jar. target_sdk_version=36, uses_libraries=ALL, library_path=/data/app/~~xkmNXVAkM7j4hKOM62JTXQ==/com.panviravindra.comparez.test-Q5Y3_zVO2ojCNGs5hqVQVA==/lib/x86_64:/data/app/~~hu03SsNQoRArDPApDmCyaQ==/com.panviravindra.comparez-AwpNfrbmoVXBrCa6Pk4CFA==/lib/x86_64, permitted_path=/data:/mnt/expand
04-14 01:03:47.169  7915  7915 D ApplicationLoaders: Returning zygote-cached class loader: /system/framework/android.test.base.jar
04-14 01:03:47.173  7915  7915 D nativeloader: Configuring clns-11 for other apk /system/framework/android.test.runner.jar. target_sdk_version=36, uses_libraries=ALL, library_path=/data/app/~~xkmNXVAkM7j4hKOM62JTXQ==/com.panviravindra.comparez.test-Q5Y3_zVO2ojCNGs5hqVQVA==/lib/x86_64:/data/app/~~hu03SsNQoRArDPApDmCyaQ==/com.panviravindra.comparez-AwpNfrbmoVXBrCa6Pk4CFA==/lib/x86_64, permitted_path=/data:/mnt/expand
04-14 01:03:47.175  7915  7915 W vindra.comparez: ClassLoaderContext shared library size mismatch. Expected=2, found=3 (PCL[]{PCL[/system/framework/android.test.base.jar*2789897741]#PCL[/system/framework/android.test.mock.jar*3361312393]} | PCL[]{PCL[/system/framework/android.test.base.jar*2789897741]#PCL[/system/framework/android.test.mock.jar*3361312393]#PCL[/system/framework/android.test.runner.jar*895143020]{PCL[/system/framework/android.test.base.jar*2789897741]#PCL[/system/framework/android.test.mock.jar*3361312393]}};PCL[/system/framework/android.test.runner.jar*895143020:/system/framework/android.test.mock.jar*3361312393:/system/framework/android.test.base.jar*2789897741:/data/app/~~xkmNXVAkM7j4hKOM62JTXQ==/com.panviravindra.comparez.test-Q5Y3_zVO2ojCNGs5hqVQVA==/base.apk*411959157:/data/app/~~hu03SsNQoRArDPApDmCyaQ==/com.panviravindra.comparez-AwpNfrbmoVXBrCa6Pk4CFA==/base.apk*2906283556])
04-14 01:03:47.178  7915  7915 W vindra.comparez: ClassLoaderContext classpath size mismatch. expected=0, found=1 (PCL[] | PCL[/system/framework/android.test.runner.jar*895143020]{PCL[/system/framework/android.test.base.jar*2789897741]#PCL[/system/framework/android.test.mock.jar*3361312393]#PCL[/system/framework/android.test.runner.jar*895143020]{PCL[/system/framework/android.test.base.jar*2789897741]#PCL[/system/framework/android.test.mock.jar*3361312393]}};PCL[/system/framework/android.test.runner.jar*895143020:/system/framework/android.test.mock.jar*3361312393:/system/framework/android.test.base.jar*2789897741:/data/app/~~xkmNXVAkM7j4hKOM62JTXQ==/com.panviravindra.comparez.test-Q5Y3_zVO2ojCNGs5hqVQVA==/base.apk*411959157:/data/app/~~hu03SsNQoRArDPApDmCyaQ==/com.panviravindra.comparez-AwpNfrbmoVXBrCa6Pk4CFA==/base.apk*2906283556])
04-14 01:03:47.179  7915  7915 W vindra.comparez: ClassLoaderContext classpath size mismatch. expected=0, found=2 (PCL[] | PCL[/system/framework/android.test.runner.jar*895143020:/system/framework/android.test.mock.jar*3361312393]{PCL[/system/framework/android.test.base.jar*2789897741]#PCL[/system/framework/android.test.mock.jar*3361312393]#PCL[/system/framework/android.test.runner.jar*895143020]{PCL[/system/framework/android.test.base.jar*2789897741]#PCL[/system/framework/android.test.mock.jar*3361312393]}};PCL[/system/framework/android.test.runner.jar*895143020:/system/framework/android.test.mock.jar*3361312393:/system/framework/android.test.base.jar*2789897741:/data/app/~~xkmNXVAkM7j4hKOM62JTXQ==/com.panviravindra.comparez.test-Q5Y3_zVO2ojCNGs5hqVQVA==/base.apk*411959157:/data/app/~~hu03SsNQoRArDPApDmCyaQ==/com.panviravindra.comparez-AwpNfrbmoVXBrCa6Pk4CFA==/base.apk*2906283556])
04-14 01:03:47.534  7915  7915 I vindra.comparez: AssetManager2(0x78d8d6683498) locale list changing from [] to [en-US]
04-14 01:03:47.546  7915  7915 I AndroidJUnitRunner: newApplication com.panviravindra.comparez.MainApplication
04-14 01:03:47.645  7915  7915 I AndroidJUnitRunner: onCreate Bundle[mParcelledData.dataSize=240]
04-14 01:03:47.646  7915  7915 D AndroidJUnitRunner: Use the raw file system for managing file I/O.
04-14 01:03:47.714  7915  7915 V TestEventClient: No service name argument was given (testDiscoveryService, testRunEventService or orchestratorService)
04-14 01:03:47.715  7915  7939 D AndroidJUnitRunner: onStart is called.
04-14 01:03:47.720  7915  7915 W SoLoader: Initializing SoLoader: 0
04-14 01:03:47.723  7915  7915 W SoLoader: Recording new base apk path: /data/app/~~hu03SsNQoRArDPApDmCyaQ==/com.panviravindra.comparez-AwpNfrbmoVXBrCa6Pk4CFA==/base.apk
04-14 01:03:47.723  7915  7915 W SoLoader: Previously recorded 0 base apk paths.
04-14 01:03:47.727  7915  7915 I SoLoader: Preparing SO source: DirectorySoSource[root = /vendor/lib64 flags = 2]
04-14 01:03:47.728  7915  7915 I SoLoader: Preparing SO source: DirectorySoSource[root = /system/lib64 flags = 2]
04-14 01:03:47.729  7915  7915 I SoLoader: Preparing SO source: DirectApkSoSource[root = [/data/app/~~hu03SsNQoRArDPApDmCyaQ==/com.panviravindra.comparez-AwpNfrbmoVXBrCa6Pk4CFA==/base.apk!/lib/x86_64]]
04-14 01:03:47.748  7915  7915 I SoLoader: Preparing SO source: ApplicationSoSource[DirectorySoSource[root = /data/app/~~hu03SsNQoRArDPApDmCyaQ==/com.panviravindra.comparez-AwpNfrbmoVXBrCa6Pk4CFA==/lib/x86_64 flags = 0]]
04-14 01:03:47.748  7915  7915 I SoLoader: init finish: 4 SO sources prepared
04-14 01:03:47.749  7915  7915 W SoLoader: SoLoader initialized: 8
04-14 01:03:47.779  7915  7939 I InstrConnection: Could not send broadcast or register receiver (isolatedProcess?)
04-14 01:03:47.784  7915  7939 D TestRequestBuilder: Using class path scanning to discover tests
04-14 01:03:47.784  7915  7939 I TestRequestBuilder: Scanning classpath to find tests in paths [/data/app/~~xkmNXVAkM7j4hKOM62JTXQ==/com.panviravindra.comparez.test-Q5Y3_zVO2ojCNGs5hqVQVA==/base.apk]
04-14 01:03:47.785  7915  7939 W vindra.comparez: Opening an oat file without a class loader. Are you using the deprecated DexFile APIs?
04-14 01:03:48.251  7915  7939 I TestRunner: run started: 1 tests
04-14 01:03:48.252  7915  7939 I TestRunner: started: runDetoxTests(com.panviravindra.comparez.DetoxTest)
04-14 01:03:48.261  7915  7939 I Detox   : Detox server connection details: url=ws://localhost:33773, sessionId=be9204c0-a6f4-5120-cf4f-526b09272c1c
04-14 01:03:48.268  7915  7939 I Tracing : Tracer added: class androidx.test.platform.tracing.AndroidXTracer
04-14 01:03:48.283  7915  7939 I vindra.comparez: hiddenapi: Accessing hidden field Ljava/lang/reflect/Field;->accessFlags:I (runtime_flags=0, domain=core-platform, api=unsupported) from Lorg/joor/Reflect; (domain=app) using reflection: allowed
04-14 01:03:48.285  7915  7939 I Detox   : Connecting to server...
04-14 01:03:48.285  7915  7939 I DetoxWSClient: At connectToServer
04-14 01:03:48.387  7915  7945 D DetoxWSClient: At onOpen
04-14 01:03:48.388  7915  7945 I DetoxWSClient: Sending out action 'login' (ID #0)
04-14 01:03:48.388  7915  7945 I Detox   : Connected to server!
04-14 01:03:48.395  7915  7945 D DetoxWSClient: Received action 'loginSuccess' (ID #0, params={"testerConnected":true,"appConnected":true})
04-14 01:03:48.396  7915  7941 I DetoxDispatcher: Handling action 'loginSuccess' (ID #0)...
04-14 01:03:48.397  7915  7941 I DetoxDispatcher: Done with action 'loginSuccess'
04-14 01:03:48.397  7915  7939 I Detox   : Launching the tested activity!
04-14 01:03:48.465  7915  7945 D DetoxWSClient: Received action 'isReady' (ID #-1000, params={})
04-14 01:03:48.466  7915  7941 I DetoxDispatcher: Handling action 'isReady' (ID #-1000)...
04-14 01:03:48.527  7915  7951 I DisplayManager: Choreographer implicitly registered for the refresh rate.
04-14 01:03:48.536  7915  7915 I vindra.comparez: AssetManager2(0x78d8d6684438) locale list changing from [] to [en-US]
04-14 01:03:48.589  7915  7915 D AppCompatDelegate: Checking for metadata for AppLocalesMetadataHolderService : Service not found
04-14 01:03:48.590  7915  7915 I vindra.comparez: AssetManager2(0x78d8d66888f8) locale list changing from [] to [en-US]
04-14 01:03:48.625  7915  7915 E ashmem  : Pinning is deprecated since Android Q. Please use trim or other methods.
04-14 01:03:48.703  7915  7915 D LifecycleMonitor: Lifecycle status change: com.panviravindra.comparez.MainActivity@dce3ec2 in: PRE_ON_CREATE
04-14 01:03:49.120  7915  7915 D nativeloader: Load /data/app/~~hu03SsNQoRArDPApDmCyaQ==/com.panviravindra.comparez-AwpNfrbmoVXBrCa6Pk4CFA==/base.apk!/lib/x86_64/libc++_shared.so using class loader ns clns-9 (caller=/data/app/~~hu03SsNQoRArDPApDmCyaQ==/com.panviravindra.comparez-AwpNfrbmoVXBrCa6Pk4CFA==/base.apk): ok
04-14 01:03:49.123  7915  7951 I EGL_emulation: Opening libGLESv1_CM_emulation.so
04-14 01:03:49.124  7915  7951 I EGL_emulation: Opening libGLESv2_emulation.so
04-14 01:03:49.160  7915  7951 W HWUI    : Failed to initialize 101010-2 format, error = EGL_SUCCESS
04-14 01:03:49.168  7915  7915 D nativeloader: Load /data/app/~~hu03SsNQoRArDPApDmCyaQ==/com.panviravindra.comparez-AwpNfrbmoVXBrCa6Pk4CFA==/base.apk!/lib/x86_64/libjsi.so using class loader ns clns-9 (caller=/data/app/~~hu03SsNQoRArDPApDmCyaQ==/com.panviravindra.comparez-AwpNfrbmoVXBrCa6Pk4CFA==/base.apk): ok
04-14 01:03:49.180  7915  7915 D nativeloader: Load /data/app/~~hu03SsNQoRArDPApDmCyaQ==/com.panviravindra.comparez-AwpNfrbmoVXBrCa6Pk4CFA==/base.apk!/lib/x86_64/libfbjni.so using class loader ns clns-9 (caller=/data/app/~~hu03SsNQoRArDPApDmCyaQ==/com.panviravindra.comparez-AwpNfrbmoVXBrCa6Pk4CFA==/base.apk): ok
04-14 01:03:49.191  7915  7915 D nativeloader: Load /data/app/~~hu03SsNQoRArDPApDmCyaQ==/com.panviravindra.comparez-AwpNfrbmoVXBrCa6Pk4CFA==/base.apk!/lib/x86_64/libreactnative.so using class loader ns clns-9 (caller=/data/app/~~hu03SsNQoRArDPApDmCyaQ==/com.panviravindra.comparez-AwpNfrbmoVXBrCa6Pk4CFA==/base.apk): ok
04-14 01:03:49.192  7915  7915 D jni_lib_merge: Entering merged library JNI_OnLoad.
04-14 01:03:49.192  7915  7915 D jni_lib_merge: Preparing 12 pre-merged libs (including stub)
04-14 01:03:49.192  7915  7915 D jni_lib_merge: Preparing to register libfabricjni_so.  onload_func: 0x78d699883550
04-14 01:03:49.192  7915  7915 D jni_lib_merge: Preparing to register libreact_devsupportjni_so.  onload_func: 0x78d699a70c30
04-14 01:03:49.192  7915  7915 D jni_lib_merge: Preparing to register libreact_featureflagsjni_so.  onload_func: 0x78d699a7e780
04-14 01:03:49.192  7915  7915 D jni_lib_merge: Preparing to register libreact_newarchdefaults_so.  onload_func: 0x78d699ae31f0
04-14 01:03:49.192  7915  7915 D jni_lib_merge: Preparing to register libreactnativeblob_so.  onload_func: 0x78d699ccb400
04-14 01:03:49.192  7915  7915 D jni_lib_merge: Preparing to register libreactnativejni_so.  onload_func: 0x78d699d15cb0
04-14 01:03:49.192  7915  7915 D jni_lib_merge: Preparing to register libreactnativejni_common_so.  onload_func: 0x78d699d25ab0
04-14 01:03:49.192  7915  7915 D jni_lib_merge: Preparing to register librninstance_so.  onload_func: 0x78d699d6b920
04-14 01:03:49.193  7915  7915 D jni_lib_merge: Preparing to register libturbomodulejsijni_so.  onload_func: 0x78d699e8a6a0
04-14 01:03:49.193  7915  7915 D jni_lib_merge: Preparing to register libuimanagerjni_so.  onload_func: 0x78d699ea2920
04-14 01:03:49.193  7915  7915 D jni_lib_merge: Preparing to register libyoga_so.  onload_func: 0x78d699eb18b0
04-14 01:03:49.193  7915  7915 D jni_lib_merge: About to register 11 actual methods.
04-14 01:03:49.219  7915  7915 D Detox.RNMarker: BUILD_REACT_INSTANCE_MANAGER_START (null)
04-14 01:03:49.242  7915  7915 D Detox.RNMarker: BUILD_REACT_INSTANCE_MANAGER_END (null)
04-14 01:03:49.243  7915  7915 W SoLoader: SoLoader already initialized
04-14 01:03:49.259  7915  7915 D nativeloader: Load /data/app/~~hu03SsNQoRArDPApDmCyaQ==/com.panviravindra.comparez-AwpNfrbmoVXBrCa6Pk4CFA==/base.apk!/lib/x86_64/libhermes.so using class loader ns clns-9 (caller=/data/app/~~hu03SsNQoRArDPApDmCyaQ==/com.panviravindra.comparez-AwpNfrbmoVXBrCa6Pk4CFA==/base.apk): ok
04-14 01:03:49.274  7915  7915 D nativeloader: Load /data/app/~~hu03SsNQoRArDPApDmCyaQ==/com.panviravindra.comparez-AwpNfrbmoVXBrCa6Pk4CFA==/base.apk!/lib/x86_64/libhermestooling.so using class loader ns clns-9 (caller=/data/app/~~hu03SsNQoRArDPApDmCyaQ==/com.panviravindra.comparez-AwpNfrbmoVXBrCa6Pk4CFA==/base.apk): ok
04-14 01:03:49.274  7915  7915 D jni_lib_merge: Entering merged library JNI_OnLoad.
04-14 01:03:49.274  7915  7915 D jni_lib_merge: Preparing 4 pre-merged libs (including stub)
04-14 01:03:49.274  7915  7915 D jni_lib_merge: Preparing to register libhermes_executor_so.  onload_func: 0x78d69c7b5ce0
04-14 01:03:49.274  7915  7915 D jni_lib_merge: Preparing to register libhermesinstancejni_so.  onload_func: 0x78d69c7e8700
04-14 01:03:49.274  7915  7915 D jni_lib_merge: Preparing to register libjsijniprofiler_so.  onload_func: 0x78d69c7ea470
04-14 01:03:49.275  7915  7915 D jni_lib_merge: About to register 3 actual methods.
04-14 01:03:49.276  7915  7915 W SoLoader: SoLoader already initialized
04-14 01:03:49.351  7915  7959 W unknown:ReactNative: The packager does not seem to be running as we got an IOException requesting its status: unexpected end of stream on http://10.0.2.2:8081/...
04-14 01:03:49.373  7915  7960 W unknown:ReconnectingWebSocket: Couldn't connect to "ws://10.0.2.2:8081/message?device=sdk_gphone64_x86_64%20-%2016%20-%20API%2036&app=com.panviravindra.comparez&clientid=BridgeDevSupportManager", will silently retry
04-14 01:03:49.374  7915  7915 D CompatChangeReporter: Compat change id reported: 377864165; UID 10234; state: ENABLED
04-14 01:03:49.378  7915  7915 D DesktopModeFlags: Toggle override initialized to: OVERRIDE_UNSET
04-14 01:03:49.426  7915  7915 I vindra.comparez: hiddenapi: Accessing hidden method Landroid/view/ViewGroup;->makeOptionalFitsSystemWindows()V (runtime_flags=0, domain=platform, api=unsupported) from Landroidx/appcompat/widget/ViewUtils; (domain=app) using reflection: allowed
04-14 01:03:49.434  7915  7915 D LifecycleMonitor: Lifecycle status change: com.panviravindra.comparez.MainActivity@dce3ec2 in: CREATED
04-14 01:03:49.436  7915  7915 D LifecycleMonitor: Lifecycle status change: com.panviravindra.comparez.MainActivity@dce3ec2 in: STARTED
04-14 01:03:49.437  7915  7915 W WindowOnBackDispatcher: OnBackInvokedCallback is not enabled for the application.
04-14 01:03:49.437  7915  7915 W WindowOnBackDispatcher: Set 'android:enableOnBackInvokedCallback="true"' in the application manifest.
04-14 01:03:49.456  7915  7915 D LifecycleMonitor: Lifecycle status change: com.panviravindra.comparez.MainActivity@dce3ec2 in: RESUMED
04-14 01:03:49.504  7915  7915 W HWUI    : Unknown dataspace 0
04-14 01:03:49.549  7915  7915 D Detox.RNMarker: REACT_BRIDGE_LOADING_START (null)
04-14 01:03:49.551  7915  7966 D Detox.RNMarker: CREATE_REACT_CONTEXT_START (HermesExecutorDebug)
04-14 01:03:49.556  7915  7966 D Detox.RNMarker: PROCESS_PACKAGES_START (null)
04-14 01:03:49.566  7915  7966 D Detox.RNMarker: CREATE_MODULE_START (FrescoModule)
04-14 01:03:49.573  7915  7966 D Detox.RNMarker: CREATE_MODULE_END (FrescoModule)
04-14 01:03:49.593  7915  7915 W unknown:ReactNative: Packager connection already open, nooping.
04-14 01:03:50.316  7915  7966 W vindra.comparez: Verification of expo.modules.kotlin.modules.ModuleDefinitionData expo.modules.filesystem.legacy.FileSystemLegacyModule.definition() took 148.621ms (39738.47 bytecodes/s) (0B arena alloc)
04-14 01:03:50.334  7915  7925 I HWUI    : Davey! duration=790ms; Flags=1, FrameTimelineVsyncId=18216, IntendedVsync=3930453640187, Vsync=3930520306851, InputEventId=0, HandleInputStart=3930522282608, AnimationStart=3930522283996, PerformTraversalsStart=3930522284963, DrawStart=3930799442153, FrameDeadline=3930470306853, FrameStartTime=3930522268563, FrameInterval=16666666, WorkloadTarget=16666666, SyncQueued=3930809060809, SyncStart=3930809308314, IssueDrawCommandsStart=3930809437197, SwapBuffers=3930820093747, FrameCompleted=3931244136471, DequeueBufferDuration=7625, QueueBufferDuration=10676204, GpuCompleted=3931235337679, SwapBuffersCompleted=3931244136471, DisplayPresentTime=0, CommandSubmissionCompleted=3930820093747, 
04-14 01:03:50.724  7915  7915 D InsetsController: hide(ime(), fromIme=false)
04-14 01:03:50.725  7915  7915 I ImeTracker: com.panviravindra.comparez:363386e8: onCancelled at PHASE_CLIENT_ALREADY_HIDDEN
04-14 01:03:50.819  7915  7966 I ExpoModulesCore: ✅ AppContext was initialized
04-14 01:03:50.825  7915  7966 D Detox.RNMarker: PROCESS_PACKAGES_END (null)
04-14 01:03:51.022  7915  7966 D Detox.RNMarker: CREATE_CATALYST_INSTANCE_START (null)
04-14 01:03:51.483  7915  7976 D Detox.RNMarker: CREATE_REACT_CONTEXT_END (null)
04-14 01:03:51.486  7915  7966 D Detox.RNMarker: CREATE_CATALYST_INSTANCE_END (null)
04-14 01:03:51.515  7915  7966 D Detox.RNMarker: PRE_RUN_JS_BUNDLE_START (null)
04-14 01:03:51.550  7915  7966 E unknown:ReactNative: Exception in native call
04-14 01:03:51.550  7915  7966 E unknown:ReactNative: java.lang.RuntimeException: Unable to load script.
04-14 01:03:51.550  7915  7966 E unknown:ReactNative: 
04-14 01:03:51.550  7915  7966 E unknown:ReactNative: Make sure you're running Metro or that your bundle 'index.android.bundle' is packaged correctly for release.
04-14 01:03:51.550  7915  7966 E unknown:ReactNative: 
04-14 01:03:51.550  7915  7966 E unknown:ReactNative: The device must either be USB connected (with bundler set to "localhost:8081") or be on the same Wi-Fi network as your computer (with bundler set to your computer IP) to connect to Metro.
04-14 01:03:51.550  7915  7966 E unknown:ReactNative: 
04-14 01:03:51.550  7915  7966 E unknown:ReactNative: If you're using USB on a physical device, make sure you also run this command:
04-14 01:03:51.550  7915  7966 E unknown:ReactNative:   adb reverse tcp:8081 tcp:8081
04-14 01:03:51.550  7915  7966 E unknown:ReactNative: 	at com.facebook.react.bridge.CatalystInstanceImpl.jniLoadScriptFromAssets(Native Method)
04-14 01:03:51.550  7915  7966 E unknown:ReactNative: 	at com.facebook.react.bridge.CatalystInstanceImpl.loadScriptFromAssets(CatalystInstanceImpl.java:245)
04-14 01:03:51.550  7915  7966 E unknown:ReactNative: 	at com.facebook.react.bridge.JSBundleLoader$Companion$createAssetLoader$1.loadScript(JSBundleLoader.kt:33)
04-14 01:03:51.550  7915  7966 E unknown:ReactNative: 	at com.facebook.react.bridge.CatalystInstanceImpl.runJSBundle(CatalystInstanceImpl.java:274)
04-14 01:03:51.550  7915  7966 E unknown:ReactNative: 	at com.facebook.react.ReactInstanceManager.createReactContext(ReactInstanceManager.java:1525)
04-14 01:03:51.550  7915  7966 E unknown:ReactNative: 	at com.facebook.react.ReactInstanceManager.lambda$runCreateReactContextOnNewThread$2(ReactInstanceManager.java:1222)
04-14 01:03:51.550  7915  7966 E unknown:ReactNative: 	at com.facebook.react.ReactInstanceManager.$r8$lambda$PrBhihCbbAFk4ZReAALGanVLCyc(Unknown Source:0)
04-14 01:03:51.550  7915  7966 E unknown:ReactNative: 	at com.facebook.react.ReactInstanceManager$$ExternalSyntheticLambda1.run(D8$$SyntheticClass:0)
04-14 01:03:51.550  7915  7966 E unknown:ReactNative: 	at java.lang.Thread.run(Thread.java:1119)
04-14 01:03:51.602  7915  7915 I ReactNativeJNI: Error occurred, shutting down websocket connection: WebSocket exception unexpected end of stream on http://10.0.2.2:8081/...
04-14 01:03:51.754  7915  7915 W HWUI    : Image decoding logging dropped!
04-14 01:03:52.134  7915  7919 I vindra.comparez: Compiler allocated 5042KB to compile void android.view.ViewRootImpl.performTraversals()
04-14 01:03:53.001  7915  7915 I Choreographer: Skipped 62 frames!  The application may be doing too much work on its main thread.
04-14 01:03:53.044  7915  7971 I HWUI    : Davey! duration=1087ms; Flags=1, FrameTimelineVsyncId=18433, IntendedVsync=3932836973425, Vsync=3932870306757, InputEventId=0, HandleInputStart=3932870647584, AnimationStart=3932870649199, PerformTraversalsStart=3932870650524, DrawStart=3933116919969, FrameDeadline=3932853640091, FrameStartTime=3932870630007, FrameInterval=16666666, WorkloadTarget=16666666, SyncQueued=3933127461170, SyncStart=3933130257923, IssueDrawCommandsStart=3933130359592, SwapBuffers=3933708626862, FrameCompleted=3933927751042, DequeueBufferDuration=5249, QueueBufferDuration=1222311, GpuCompleted=3933927687805, SwapBuffersCompleted=3933927751042, DisplayPresentTime=-70583797501576345, CommandSubmissionCompleted=3933708626862, 
04-14 01:03:53.246  7915  7980 I HWUI    : Davey! duration=1226ms; Flags=0, FrameTimelineVsyncId=18448, IntendedVsync=3932886973423, Vsync=3933920306715, InputEventId=0, HandleInputStart=3933932531770, AnimationStart=3933932533155, PerformTraversalsStart=3933932886852, DrawStart=3933932958362, FrameDeadline=3933953640047, FrameStartTime=3933932265373, FrameInterval=16666666, WorkloadTarget=16666666, SyncQueued=3933933446898, SyncStart=3933933818117, IssueDrawCommandsStart=3933933866468, SwapBuffers=3933982640331, FrameCompleted=3934113683332, DequeueBufferDuration=6857, QueueBufferDuration=916193, GpuCompleted=3934113607766, SwapBuffersCompleted=3934113683332, DisplayPresentTime=-69631783640468825, CommandSubmissionCompleted=3933982640331, 
04-14 01:03:53.263  7915  7915 D InsetsController: hide(ime(), fromIme=false)
04-14 01:03:53.263  7915  7915 I ImeTracker: com.panviravindra.comparez:c543f867: onCancelled at PHASE_CLIENT_ALREADY_HIDDEN
04-14 01:03:53.309  7915  7983 D ProfileInstaller: Installing profile for com.panviravindra.comparez
04-14 01:03:53.631  7915  7915 I ReactNativeJNI: Error occurred, shutting down websocket connection: WebSocket exception unexpected end of stream on http://10.0.2.2:8081/...
04-14 01:03:55.609  7915  7915 I ReactNativeJNI: Error occurred, shutting down websocket connection: WebSocket exception unexpected end of stream on http://10.0.2.2:8081/...
04-14 01:03:57.611  7915  7915 I ReactNativeJNI: Error occurred, shutting down websocket connection: WebSocket exception unexpected end of stream on http://10.0.2.2:8081/...
04-14 01:03:58.400  7915  7945 D DetoxWSClient: Received action 'currentStatus' (ID #1, params={})
04-14 01:03:58.400  7915  7942 I DetoxDispatcher: Handling action 'currentStatus' (ID #1)...
04-14 01:03:59.615  7915  7915 I ReactNativeJNI: Error occurred, shutting down websocket connection: WebSocket exception unexpected end of stream on http://10.0.2.2:8081/...
04-14 01:04:01.625  7915  7915 I ReactNativeJNI: Error occurred, shutting down websocket connection: WebSocket exception unexpected end of stream on http://10.0.2.2:8081/...
04-14 01:04:03.617  7915  7915 I ReactNativeJNI: Error occurred, shutting down websocket connection: WebSocket exception unexpected end of stream on http://10.0.2.2:8081/...
04-14 01:04:05.625  7915  7915 I ReactNativeJNI: Error occurred, shutting down websocket connection: WebSocket exception unexpected end of stream on http://10.0.2.2:8081/...
04-14 01:04:07.624  7915  7915 I ReactNativeJNI: Error occurred, shutting down websocket connection: WebSocket exception unexpected end of stream on http://10.0.2.2:8081/...
04-14 01:04:09.627  7915  7915 I ReactNativeJNI: Error occurred, shutting down websocket connection: WebSocket exception unexpected end of stream on http://10.0.2.2:8081/...
04-14 01:04:11.634  7915  7915 I ReactNativeJNI: Error occurred, shutting down websocket connection: WebSocket exception unexpected end of stream on http://10.0.2.2:8081/...
04-14 01:04:13.634  7915  7915 I ReactNativeJNI: Error occurred, shutting down websocket connection: WebSocket exception unexpected end of stream on http://10.0.2.2:8081/...
04-14 01:04:15.635  7915  7915 I ReactNativeJNI: Error occurred, shutting down websocket connection: WebSocket exception unexpected end of stream on http://10.0.2.2:8081/...
04-14 01:04:17.637  7915  7915 I ReactNativeJNI: Error occurred, shutting down websocket connection: WebSocket exception unexpected end of stream on http://10.0.2.2:8081/...
04-14 01:04:19.648  7915  7915 I ReactNativeJNI: Error occurred, shutting down websocket connection: WebSocket exception unexpected end of stream on http://10.0.2.2:8081/...
04-14 01:04:21.648  7915  7915 I ReactNativeJNI: Error occurred, shutting down websocket connection: WebSocket exception unexpected end of stream on http://10.0.2.2:8081/...
04-14 01:04:23.650  7915  7915 I ReactNativeJNI: Error occurred, shutting down websocket connection: WebSocket exception unexpected end of stream on http://10.0.2.2:8081/...
04-14 01:04:25.647  7915  7915 I ReactNativeJNI: Error occurred, shutting down websocket connection: WebSocket exception unexpected end of stream on http://10.0.2.2:8081/...
04-14 01:04:27.650  7915  7915 I ReactNativeJNI: Error occurred, shutting down websocket connection: WebSocket exception unexpected end of stream on http://10.0.2.2:8081/...
04-14 01:04:29.651  7915  7915 I ReactNativeJNI: Error occurred, shutting down websocket connection: WebSocket exception unexpected end of stream on http://10.0.2.2:8081/...
04-14 01:04:31.653  7915  7915 I ReactNativeJNI: Error occurred, shutting down websocket connection: WebSocket exception unexpected end of stream on http://10.0.2.2:8081/...
04-14 01:04:33.659  7915  7915 I ReactNativeJNI: Error occurred, shutting down websocket connection: WebSocket exception unexpected end of stream on http://10.0.2.2:8081/...
04-14 01:04:35.659  7915  7915 I ReactNativeJNI: Error occurred, shutting down websocket connection: WebSocket exception unexpected end of stream on http://10.0.2.2:8081/...
04-14 01:04:37.664  7915  7915 I ReactNativeJNI: Error occurred, shutting down websocket connection: WebSocket exception unexpected end of stream on http://10.0.2.2:8081/...
04-14 01:04:39.672  7915  7915 I ReactNativeJNI: Error occurred, shutting down websocket connection: WebSocket exception unexpected end of stream on http://10.0.2.2:8081/...
04-14 01:04:41.671  7915  7915 I ReactNativeJNI: Error occurred, shutting down websocket connection: WebSocket exception unexpected end of stream on http://10.0.2.2:8081/...
04-14 01:04:43.700  7915  7915 I ReactNativeJNI: Error occurred, shutting down websocket connection: WebSocket exception unexpected end of stream on http://10.0.2.2:8081/...
04-14 01:04:45.687  7915  7915 I ReactNativeJNI: Error occurred, shutting down websocket connection: WebSocket exception unexpected end of stream on http://10.0.2.2:8081/...
04-14 01:04:47.687  7915  7915 I ReactNativeJNI: Error occurred, shutting down websocket connection: WebSocket exception unexpected end of stream on http://10.0.2.2:8081/...
04-14 01:04:49.687  7915  7915 I ReactNativeJNI: Error occurred, shutting down websocket connection: WebSocket exception unexpected end of stream on http://10.0.2.2:8081/...
04-14 01:04:51.688  7915  7915 I ReactNativeJNI: Error occurred, shutting down websocket connection: WebSocket exception unexpected end of stream on http://10.0.2.2:8081/...
04-14 01:04:53.695  7915  7915 I ReactNativeJNI: Error occurred, shutting down websocket connection: WebSocket exception unexpected end of stream on http://10.0.2.2:8081/...
04-14 01:04:55.694  7915  7915 I ReactNativeJNI: Error occurred, shutting down websocket connection: WebSocket exception unexpected end of stream on http://10.0.2.2:8081/...
04-14 01:04:57.697  7915  7915 I ReactNativeJNI: Error occurred, shutting down websocket connection: WebSocket exception unexpected end of stream on http://10.0.2.2:8081/...
04-14 01:04:59.699  7915  7915 I ReactNativeJNI: Error occurred, shutting down websocket connection: WebSocket exception unexpected end of stream on http://10.0.2.2:8081/...
04-14 01:05:01.705  7915  7915 I ReactNativeJNI: Error occurred, shutting down websocket connection: WebSocket exception unexpected end of stream on http://10.0.2.2:8081/...
04-14 01:05:03.709  7915  7915 I ReactNativeJNI: Error occurred, shutting down websocket connection: WebSocket exception unexpected end of stream on http://10.0.2.2:8081/...
04-14 01:05:05.709  7915  7915 I ReactNativeJNI: Error occurred, shutting down websocket connection: WebSocket exception unexpected end of stream on http://10.0.2.2:8081/...
04-14 01:05:07.709  7915  7915 I ReactNativeJNI: Error occurred, shutting down websocket connection: WebSocket exception unexpected end of stream on http://10.0.2.2:8081/...
04-14 01:05:09.709  7915  7915 I ReactNativeJNI: Error occurred, shutting down websocket connection: WebSocket exception unexpected end of stream on http://10.0.2.2:8081/...
04-14 01:05:11.713  7915  7915 I ReactNativeJNI: Error occurred, shutting down websocket connection: WebSocket exception unexpected end of stream on http://10.0.2.2:8081/...
04-14 01:05:13.713  7915  7915 I ReactNativeJNI: Error occurred, shutting down websocket connection: WebSocket exception unexpected end of stream on http://10.0.2.2:8081/...
04-14 01:05:15.721  7915  7915 I ReactNativeJNI: Error occurred, shutting down websocket connection: WebSocket exception unexpected end of stream on http://10.0.2.2:8081/...
04-14 01:05:17.720  7915  7915 I ReactNativeJNI: Error occurred, shutting down websocket connection: WebSocket exception unexpected end of stream on http://10.0.2.2:8081/...
04-14 01:05:19.722  7915  7915 I ReactNativeJNI: Error occurred, shutting down websocket connection: WebSocket exception unexpected end of stream on http://10.0.2.2:8081/...
04-14 01:05:21.744  7915  7915 I ReactNativeJNI: Error occurred, shutting down websocket connection: WebSocket exception unexpected end of stream on http://10.0.2.2:8081/...
04-14 01:05:23.733  7915  7915 I ReactNativeJNI: Error occurred, shutting down websocket connection: WebSocket exception unexpected end of stream on http://10.0.2.2:8081/...
04-14 01:05:25.728  7915  7915 I ReactNativeJNI: Error occurred, shutting down websocket connection: WebSocket exception unexpected end of stream on http://10.0.2.2:8081/...
04-14 01:05:27.737  7915  7915 I ReactNativeJNI: Error occurred, shutting down websocket connection: WebSocket exception unexpected end of stream on http://10.0.2.2:8081/...
04-14 01:05:29.741  7915  7915 I ReactNativeJNI: Error occurred, shutting down websocket connection: WebSocket exception unexpected end of stream on http://10.0.2.2:8081/...
04-14 01:05:31.740  7915  7915 I ReactNativeJNI: Error occurred, shutting down websocket connection: WebSocket exception unexpected end of stream on http://10.0.2.2:8081/...
04-14 01:05:33.742  7915  7915 I ReactNativeJNI: Error occurred, shutting down websocket connection: WebSocket exception unexpected end of stream on http://10.0.2.2:8081/...
04-14 01:05:35.748  7915  7915 I ReactNativeJNI: Error occurred, shutting down websocket connection: WebSocket exception unexpected end of stream on http://10.0.2.2:8081/...
04-14 01:05:37.746  7915  7915 I ReactNativeJNI: Error occurred, shutting down websocket connection: WebSocket exception unexpected end of stream on http://10.0.2.2:8081/...
04-14 01:05:39.785  7915  7915 I ReactNativeJNI: Error occurred, shutting down websocket connection: WebSocket exception unexpected end of stream on http://10.0.2.2:8081/...
04-14 01:05:41.758  7915  7915 I ReactNativeJNI: Error occurred, shutting down websocket connection: WebSocket exception unexpected end of stream on http://10.0.2.2:8081/...
04-14 01:05:43.756  7915  7915 I ReactNativeJNI: Error occurred, shutting down websocket connection: WebSocket exception unexpected end of stream on http://10.0.2.2:8081/...
04-14 01:05:45.758  7915  7915 I ReactNativeJNI: Error occurred, shutting down websocket connection: WebSocket exception unexpected end of stream on http://10.0.2.2:8081/...
04-14 01:05:47.761  7915  7915 I ReactNativeJNI: Error occurred, shutting down websocket connection: WebSocket exception unexpected end of stream on http://10.0.2.2:8081/...
04-14 01:05:49.770  7915  7915 I ReactNativeJNI: Error occurred, shutting down websocket connection: WebSocket exception unexpected end of stream on http://10.0.2.2:8081/...
04-14 01:05:50.818  7915  7941 W vindra.comparez: Long monitor contention with owner Instr: androidx.test.runner.AndroidJUnitRunner (7939) at void com.wix.detox.DetoxMain.launchActivityOnCue(android.content.Context, com.wix.detox.ActivityLaunchHelper)(DetoxMain.kt:53) waiters=0 in void com.wix.detox.DetoxMain$setupActionHandlers$SynchronizedActionHandler.handle(java.lang.String, long) for 122.351s
04-14 01:05:50.832  7915  7915 I vindra.comparez: hiddenapi: Accessing hidden field Landroid/app/Activity;->mResultCode:I (runtime_flags=0, domain=platform, api=unsupported) from Landroidx/test/rule/ActivityTestRule; (domain=app) using reflection: allowed
04-14 01:05:50.832  7915  7915 I vindra.comparez: hiddenapi: Accessing hidden field Landroid/app/Activity;->mResultData:Landroid/content/Intent; (runtime_flags=0, domain=platform, api=unsupported) from Landroidx/test/rule/ActivityTestRule; (domain=app) using reflection: allowed
04-14 01:05:50.848  7915  7915 W WindowOnBackDispatcher: sendCancelIfRunning: isInProgress=false callback=android.view.ViewRootImpl$$ExternalSyntheticLambda13@c304170
04-14 01:05:50.889  7915  7915 D LifecycleMonitor: Lifecycle status change: com.panviravindra.comparez.MainActivity@dce3ec2 in: PAUSED
04-14 01:05:50.944  7915  7915 I Detox   : Wait is over: App is now idle!
04-14 01:05:50.944  7915  7941 I DetoxWSClient: Sending out action 'ready' (ID #-1000)
04-14 01:05:50.944  7915  7941 I DetoxDispatcher: Done with action 'isReady'
04-14 01:05:50.945  7915  7939 E TestRunner: failed: runDetoxTests(com.panviravindra.comparez.DetoxTest)
04-14 01:05:50.949  7915  7939 E TestRunner: ----- begin exception -----
04-14 01:05:50.949  7915  7939 E TestRunner: com.wix.detox.common.DetoxErrors$DetoxRuntimeException: Waited for the new RN-context for too long! (120 seconds)
04-14 01:05:50.949  7915  7939 E TestRunner: If you think that's not long enough, consider applying a custom Detox runtime-config in DetoxTest.runTests().
04-14 01:05:50.949  7915  7939 E TestRunner: 	at com.wix.detox.reactnative.ReactNativeLoadingMonitor.awaitNewRNContext(ReactNativeLoadingMonitor.kt:54)
04-14 01:05:50.949  7915  7939 E TestRunner: 	at com.wix.detox.reactnative.ReactNativeLoadingMonitor.getNewContext(ReactNativeLoadingMonitor.kt:26)
04-14 01:05:50.949  7915  7939 E TestRunner: 	at com.wix.detox.reactnative.ReactNativeExtension.awaitNewReactNativeContext(ReactNativeExtension.kt:127)
04-14 01:05:50.949  7915  7939 E TestRunner: 	at com.wix.detox.reactnative.ReactNativeExtension.waitForRNBootstrap(ReactNativeExtension.kt:37)
04-14 01:05:50.949  7915  7939 E TestRunner: 	at com.wix.detox.DetoxMain.launchActivity(DetoxMain.kt:133)
04-14 01:05:50.949  7915  7939 E TestRunner: 	at com.wix.detox.DetoxMain.launchActivityOnCue(DetoxMain.kt:55)
04-14 01:05:50.949  7915  7939 E TestRunner: 	at com.wix.detox.DetoxMain.run(DetoxMain.kt:35)
04-14 01:05:50.949  7915  7939 E TestRunner: 	at com.wix.detox.Detox.runTests(Detox.java:127)
04-14 01:05:50.949  7915  7939 E TestRunner: 	at com.wix.detox.Detox.runTests(Detox.java:94)
04-14 01:05:50.949  7915  7939 E TestRunner: 	at com.panviravindra.comparez.DetoxTest.runDetoxTests(DetoxTest.java:27)
04-14 01:05:50.949  7915  7939 E TestRunner: 	at java.lang.reflect.Method.invoke(Native Method)
04-14 01:05:50.949  7915  7939 E TestRunner: 	at org.junit.runners.model.FrameworkMethod$1.runReflectiveCall(FrameworkMethod.java:59)
04-14 01:05:50.949  7915  7939 E TestRunner: 	at org.junit.internal.runners.model.ReflectiveCallable.run(ReflectiveCallable.java:12)
04-14 01:05:50.949  7915  7939 E TestRunner: 	at org.junit.runners.model.FrameworkMethod.invokeExplosively(FrameworkMethod.java:56)
04-14 01:05:50.949  7915  7939 E TestRunner: 	at org.junit.internal.runners.statements.InvokeMethod.evaluate(InvokeMethod.java:17)
04-14 01:05:50.949  7915  7939 E TestRunner: 	at androidx.test.rule.ActivityTestRule$ActivityStatement.evaluate(ActivityTestRule.java:522)
04-14 01:05:50.949  7915  7939 E TestRunner: 	at org.junit.runners.ParentRunner$3.evaluate(ParentRunner.java:306)
04-14 01:05:50.949  7915  7939 E TestRunner: 	at org.junit.runners.BlockJUnit4ClassRunner$1.evaluate(BlockJUnit4ClassRunner.java:100)
04-14 01:05:50.949  7915  7939 E TestRunner: 	at org.junit.runners.ParentRunner.runLeaf(ParentRunner.java:366)
04-14 01:05:50.949  7915  7939 E TestRunner: 	at org.junit.runners.BlockJUnit4ClassRunner.runChild(BlockJUnit4ClassRunner.java:103)
04-14 01:05:50.949  7915  7939 E TestRunner: 	at org.junit.runners.BlockJUnit4ClassRunner.runChild(BlockJUnit4ClassRunner.java:63)
04-14 01:05:50.949  7915  7939 E TestRunner: 	at org.junit.runners.ParentRunner$4.run(ParentRunner.java:331)
04-14 01:05:50.949  7915  7939 E TestRunner: 	at org.junit.runners.ParentRunner$1.schedule(ParentRunner.java:79)
04-14 01:05:50.949  7915  7939 E TestRunner: 	at org.junit.runners.ParentRunner.runChildren(ParentRunner.java:329)
04-14 01:05:50.949  7915  7939 E TestRunner: 	at org.junit.runners.ParentRunner.access$100(ParentRunner.java:66)
04-14 01:05:50.949  7915  7939 E TestRunner: 	at org.junit.runners.ParentRunner$2.evaluate(ParentRunner.java:293)
04-14 01:05:50.949  7915  7939 E TestRunner: 	at org.junit.runners.ParentRunner$3.evaluate(ParentRunner.java:306)
04-14 01:05:50.949  7915  7939 E TestRunner: 	at org.junit.runners.ParentRunner.run(ParentRunner.java:413)
04-14 01:05:50.949  7915  7939 E TestRunner: 	at androidx.test.ext.junit.runners.AndroidJUnit4.run(AndroidJUnit4.java:162)
04-14 01:05:50.949  7915  7939 E TestRunner: 	at org.junit.runners.Suite.runChild(Suite.java:128)
04-14 01:05:50.949  7915  7939 E TestRunner: 	at org.junit.runners.Suite.runChild(Suite.java:27)
04-14 01:05:50.949  7915  7939 E TestRunner: 	at org.junit.runners.ParentRunner$4.run(ParentRunner.java:331)
04-14 01:05:50.949  7915  7939 E TestRunner: 	at org.junit.runners.ParentRunner$1.schedule(ParentRunner.java:79)
04-14 01:05:50.949  7915  7939 E TestRunner: 	at org.junit.runners.ParentRunner.runChildren(ParentRunner.java:329)
04-14 01:05:50.949  7915  7939 E TestRunner: 	at org.junit.runners.ParentRunner.access$100(ParentRunner.java:66)
04-14 01:05:50.949  7915  7939 E TestRunner: 	at org.junit.runners.ParentRunner$2.evaluate(ParentRunner.java:293)
04-14 01:05:50.949  7915  7939 E TestRunner: 	at org.junit.runners.ParentRunner$3.evaluate(ParentRunner.java:306)
04-14 01:05:50.949  7915  7939 E TestRunner: 	at org.junit.runners.ParentRunner.run(ParentRunner.java:413)
04-14 01:05:50.949  7915  7939 E TestRunner: 	at org.junit.runner.JUnitCore.run(JUnitCore.java:137)
04-14 01:05:50.949  7915  7939 E TestRunner: 	at org.junit.runner.JUnitCore.run(JUnitCore.java:115)
04-14 01:05:50.949  7915  7939 E TestRunner: 	at androidx.test.internal.runner.TestExecutor.execute(TestExecutor.java:68)
04-14 01:05:50.949  7915  7939 E TestRunner: 	at androidx.test.internal.runner.TestExecutor.execute(TestExecutor.java:59)
04-14 01:05:50.949  7915  7939 E TestRunner: 	at androidx.test.runner.AndroidJUnitRunner.onStart(AndroidJUnitRunner.java:467)
04-14 01:05:50.949  7915  7939 E TestRunner: 	at android.app.Instrumentation$InstrumentationThread.run(Instrumentation.java:2597)
04-14 01:05:50.949  7915  7939 E TestRunner: ----- end exception -----
04-14 01:05:50.961  7915  7942 W vindra.comparez: Long monitor contention with owner Instr: androidx.test.runner.AndroidJUnitRunner (7939) at void com.wix.detox.DetoxMain.launchActivityOnCue(android.content.Context, com.wix.detox.ActivityLaunchHelper)(DetoxMain.kt:53) waiters=1 in void com.wix.detox.DetoxMain$setupActionHandlers$SynchronizedActionHandler.handle(java.lang.String, long) for 112.549s
04-14 01:05:50.964  7915  7939 I TestRunner: finished: runDetoxTests(com.panviravindra.comparez.DetoxTest)
04-14 01:05:51.034  7915  7939 I MonitoringInstr: Unstopped activity count: 1
04-14 01:05:51.034  7915  7945 D DetoxWSClient: Received action 'invoke' (ID #2, params={"target":{"type":"Class","value":"com.wix.detox.espresso.EspressoDetox"},"method":"setSynchronization","args":[{"type":"boolean","value":false}]})
04-14 01:05:51.062  7915  7941 I DetoxDispatcher: Handling action 'invoke' (ID #2)...
04-14 01:05:51.064  7915  7941 D Detox   : class com.wix.detox.espresso.EspressoDetox, setSynchronization, [false]
04-14 01:05:51.090  7915  7939 I MonitoringInstr: Unstopped activity count: 1
04-14 01:05:51.098  7915  7942 I DetoxWSClient: Sending out action 'currentStatusResult' (ID #1)
04-14 01:05:51.098  7915  7942 I DetoxDispatcher: Done with action 'currentStatus'
04-14 01:05:51.143  7915  7939 I MonitoringInstr: Unstopped activity count: 1
04-14 01:05:51.195  7915  7939 I MonitoringInstr: Unstopped activity count: 1
04-14 01:05:51.199  7915  7941 I DetoxWSClient: Sending out action 'invokeResult' (ID #2)
04-14 01:05:51.200  7915  7941 I DetoxDispatcher: Done with action 'invoke'
04-14 01:05:51.253  7915  7939 I MonitoringInstr: Unstopped activity count: 1
04-14 01:05:51.269  7915  7915 D VRI[MainActivity]: visibilityChanged oldVisibility=true newVisibility=false
04-14 01:05:51.317  7915  7939 I MonitoringInstr: Unstopped activity count: 1
04-14 01:05:51.384  7915  7939 I MonitoringInstr: Unstopped activity count: 1
04-14 01:05:51.411  7915  7915 D LifecycleMonitor: Lifecycle status change: com.panviravindra.comparez.MainActivity@dce3ec2 in: STOPPED
04-14 01:05:51.429  7915  7915 D 