04-12 21:35:47.099 17455 17501 D libEGL  : loaded /vendor/lib64/egl/libGLESv2_emulation.so
04-12 21:35:47.124 17455 17455 W vindra.comparez: Accessing hidden method Landroid/view/ViewGroup;->makeOptionalFitsSystemWindows()V (unsupported, reflection, allowed)
04-12 21:35:47.126 17455 17509 D TrafficStats: tagSocket(90) with statsTag=0xffffffff, statsUid=-1
04-12 21:35:47.126 17455 17455 D LifecycleMonitor: Lifecycle status change: com.panviravindra.comparez.MainActivity@ae286b3 in: CREATED
04-12 21:35:47.127 17455 17455 D LifecycleMonitor: Lifecycle status change: com.panviravindra.comparez.MainActivity@ae286b3 in: STARTED
04-12 21:35:47.132 17455 17455 D LifecycleMonitor: Lifecycle status change: com.panviravindra.comparez.MainActivity@ae286b3 in: RESUMED
04-12 21:35:47.133 17455 17455 D CompatibilityChangeReporter: Compat change id reported: 237531167; UID 10211; state: DISABLED
04-12 21:35:47.133 17455 17455 W OpenGLRenderer: Unknown dataspace 0
04-12 21:35:47.138 17455 17455 D Detox.RNMarker: DOWNLOAD_START (null)
04-12 21:35:47.145 17455 17498 W OpenGLRenderer: Failed to choose config with EGL_SWAP_BEHAVIOR_PRESERVED, retrying without...
04-12 21:35:47.145 17455 17498 W OpenGLRenderer: Failed to initialize 101010-2 format, error = EGL_SUCCESS
04-12 21:35:47.155 17455 17498 I Gralloc4: mapper 4.x is not supported
04-12 21:35:47.157 17455 17498 E OpenGLRenderer: Unable to match the desired swap behavior.
04-12 21:35:47.191 17455 17455 D CompatibilityChangeReporter: Compat change id reported: 210923482; UID 10211; state: ENABLED
04-12 21:35:47.198 17455 17498 E OpenGLRenderer: Unable to match the desired swap behavior.
04-12 21:35:47.257 17455 17516 D TrafficStats: tagSocket(119) with statsTag=0xffffffff, statsUid=-1
04-12 21:35:47.264 17455 17513 D TrafficStats: tagSocket(120) with statsTag=0xffffffff, statsUid=-1
04-12 21:35:47.290 17455 17522 D TrafficStats: tagSocket(124) with statsTag=0xffffffff, statsUid=-1
04-12 21:35:47.417 17455 17455 W WindowOnBackDispatcher: sendCancelIfRunning: isInProgress=falsecallback=android.view.ViewRootImpl$$ExternalSyntheticLambda17@a8a7633
04-12 21:35:47.419 17455 17509 D Detox.RNMarker: DOWNLOAD_END ({"url":"http:\/\/10.0.2.2:8081\/.expo\/.virtual-metro-entry.bundle?platform=android&dev=true&lazy=true&minify=false&app=com.panviravindra.comparez&modulesOnly=false&runModule=true&excludeSource=true&sourcePaths=url-server","filesChangedCount":0})
04-12 21:35:47.419 17455 17455 D Detox.RNMarker: REACT_BRIDGE_LOADING_START (null)
04-12 21:35:47.419 17455 17523 D Detox.RNMarker: CREATE_REACT_CONTEXT_START (HermesExecutorDebug)
04-12 21:35:47.420 17455 17523 D Detox.RNMarker: PROCESS_PACKAGES_START (null)
04-12 21:35:47.421 17455 17523 D Detox.RNMarker: CREATE_MODULE_START (FrescoModule)
04-12 21:35:47.422 17455 17523 D Detox.RNMarker: CREATE_MODULE_END (FrescoModule)
04-12 21:35:47.459 17455 17523 I ExpoModulesCore: ✅ AppContext was initialized
04-12 21:35:47.460 17455 17523 D Detox.RNMarker: PROCESS_PACKAGES_END (null)
04-12 21:35:47.460 17455 17523 D Detox.RNMarker: CREATE_CATALYST_INSTANCE_START (null)
04-12 21:35:47.463 17455 17523 D Detox.RNMarker: CREATE_CATALYST_INSTANCE_END (null)
04-12 21:35:47.463 17455 17523 D Detox.RNMarker: PRE_RUN_JS_BUNDLE_START (null)
04-12 21:35:47.463 17455 17528 D Detox.RNMarker: CREATE_REACT_CONTEXT_END (null)
04-12 21:35:47.463 17455 17528 D Detox.RNMarker: RUN_JS_BUNDLE_START (/.virtual-metro-entry.bundle?platform=android&dev=true&lazy=true&minify=false&app=com.panviravindra.comparez&modulesOnly=false&runModule=true&excludeSource=true&sourcePaths=url-server)
04-12 21:35:47.468 17455 17455 W unknown:ReactNative: Packager connection already open, nooping.
04-12 21:35:47.468 17455 17529 D Detox.RNMarker: CREATE_MODULE_START (UIManager)
04-12 21:35:47.485 17455 17529 W unknown:ViewManagerPropertyUpdater: Could not find generated setter for class com.facebook.react.views.debuggingoverlay.DebuggingOverlayManager
04-12 21:35:47.487 17455 17529 W unknown:ViewManagerPropertyUpdater: Could not find generated setter for class com.facebook.react.uimanager.LayoutShadowNode
04-12 21:35:47.492 17455 17529 W unknown:ViewManagerPropertyUpdater: Could not find generated setter for class com.facebook.react.views.drawer.ReactDrawerLayoutManager
04-12 21:35:47.493 17455 17529 W unknown:ViewManagerPropertyUpdater: Could not find generated setter for class com.facebook.react.views.scroll.ReactHorizontalScrollViewManager
04-12 21:35:47.496 17455 17529 W unknown:ViewManagerPropertyUpdater: Could not find generated setter for class com.facebook.react.views.scroll.ReactHorizontalScrollContainerViewManager
04-12 21:35:47.497 17455 17529 W unknown:ViewManagerPropertyUpdater: Could not find generated setter for class com.facebook.react.views.progressbar.ReactProgressBarViewManager
04-12 21:35:47.501 17455 17529 W unknown:ViewManagerPropertyUpdater: Could not find generated setter for class com.facebook.react.views.progressbar.ProgressBarShadowNode
04-12 21:35:47.501 17455 17529 W unknown:ViewManagerPropertyUpdater: Could not find generated setter for class com.facebook.react.views.scroll.ReactScrollViewManager
04-12 21:35:47.502 17455 17529 W unknown:ViewManagerPropertyUpdater: Could not find generated setter for class com.facebook.react.views.switchview.ReactSwitchManager
04-12 21:35:47.507 17455 17529 W unknown:ViewManagerPropertyUpdater: Could not find generated setter for class com.facebook.react.views.switchview.ReactSwitchShadowNode
04-12 21:35:47.508 17455 17529 W unknown:ViewManagerPropertyUpdater: Could not find generated setter for class com.facebook.react.views.safeareaview.ReactSafeAreaViewManager
04-12 21:35:47.508 17455 17529 W unknown:ViewManagerPropertyUpdater: Could not find generated setter for class com.facebook.react.views.safeareaview.ReactSafeAreaViewShadowNode
04-12 21:35:47.508 17455 17529 W unknown:ViewManagerPropertyUpdater: Could not find generated setter for class com.facebook.react.views.swiperefresh.SwipeRefreshLayoutManager
04-12 21:35:47.509 17455 17529 W unknown:ViewManagerPropertyUpdater: Could not find generated setter for class com.facebook.react.views.text.frescosupport.FrescoBasedReactTextInlineImageViewManager
04-12 21:35:47.509 17455 17529 W unknown:ViewManagerPropertyUpdater: Could not find generated setter for class com.facebook.react.views.text.frescosupport.FrescoBasedReactTextInlineImageShadowNode
04-12 21:35:47.510 17455 17529 W unknown:ViewManagerPropertyUpdater: Could not find generated setter for class com.facebook.react.views.image.ReactImageManager
04-12 21:35:47.511 17455 17529 W unknown:ViewManagerPropertyUpdater: Could not find generated setter for class com.facebook.react.views.modal.ReactModalHostManager
04-12 21:35:47.511 17455 17529 W unknown:ViewManagerPropertyUpdater: Could not find generated setter for class com.facebook.react.views.text.ReactRawTextManager
04-12 21:35:47.515 17455 17529 W unknown:ViewManagerPropertyUpdater: Could not find generated setter for class com.facebook.react.views.text.ReactRawTextShadowNode
04-12 21:35:47.515 17455 17529 W unknown:ViewManagerPropertyUpdater: Could not find generated setter for class com.facebook.react.views.textinput.ReactTextInputManager
04-12 21:35:47.517 17455 17529 W unknown:ViewManagerPropertyUpdater: Could not find generated setter for class com.facebook.react.views.textinput.ReactTextInputShadowNode
04-12 21:35:47.518 17455 17529 W unknown:ViewManagerPropertyUpdater: Could not find generated setter for class com.facebook.react.views.text.ReactTextViewManager
04-12 21:35:47.520 17455 17529 W unknown:ViewManagerPropertyUpdater: Could not find generated setter for class com.facebook.react.views.text.ReactTextShadowNode
04-12 21:35:47.523 17455 17529 W unknown:ViewManagerPropertyUpdater: Could not find generated setter for class com.facebook.react.views.view.ReactViewManager
04-12 21:35:47.524 17455 17529 W unknown:ViewManagerPropertyUpdater: Could not find generated setter for class com.facebook.react.views.text.ReactVirtualTextViewManager
04-12 21:35:47.524 17455 17529 W unknown:ViewManagerPropertyUpdater: Could not find generated setter for class com.facebook.react.views.text.ReactVirtualTextShadowNode
04-12 21:35:47.524 17455 17529 W unknown:ViewManagerPropertyUpdater: Could not find generated setter for class com.facebook.react.views.unimplementedview.ReactUnimplementedViewManager
04-12 21:35:47.525 17455 17529 W unknown:ViewManagerPropertyUpdater: Could not find generated setter for class expo.modules.kotlin.views.GroupViewManagerWrapper
04-12 21:35:47.527 17455 17529 W unknown:ViewManagerPropertyUpdater: Could not find generated setter for class expo.modules.kotlin.views.SimpleViewManagerWrapper
04-12 21:35:47.532 17455 17529 W unknown:ViewManagerPropertyUpdater: Could not find generated setter for class com.th3rdwave.safeareacontext.SafeAreaProviderManager
04-12 21:35:47.533 17455 17529 W unknown:ViewManagerPropertyUpdater: Could not find generated setter for class com.th3rdwave.safeareacontext.SafeAreaViewManager
04-12 21:35:47.533 17455 17529 W unknown:ViewManagerPropertyUpdater: Could not find generated setter for class com.th3rdwave.safeareacontext.SafeAreaViewShadowNode
04-12 21:35:47.534 17455 17529 W unknown:ViewManagerPropertyUpdater: Could not find generated setter for class com.swmansion.rnscreens.ScreenContainerViewManager
04-12 21:35:47.534 17455 17529 W unknown:ViewManagerPropertyUpdater: Could not find generated setter for class com.swmansion.rnscreens.ScreenViewManager
04-12 21:35:47.538 17455 17529 W unknown:ViewManagerPropertyUpdater: Could not find generated setter for class com.swmansion.rnscreens.ModalScreenViewManager
04-12 21:35:47.539 17455 17529 W unknown:ViewManagerPropertyUpdater: Could not find generated setter for class com.swmansion.rnscreens.ScreenStackViewManager
04-12 21:35:47.539 17455 17529 W unknown:ViewManagerPropertyUpdater: Could not find generated setter for class com.swmansion.rnscreens.ScreenStackHeaderConfigViewManager
04-12 21:35:47.543 17455 17529 W unknown:ViewManagerPropertyUpdater: Could not find generated setter for class com.swmansion.rnscreens.ScreenStackHeaderSubviewManager
04-12 21:35:47.544 17455 17529 W unknown:ViewManagerPropertyUpdater: Could not find generated setter for class com.swmansion.rnscreens.SearchBarManager
04-12 21:35:47.545 17455 17529 W unknown:ViewManagerPropertyUpdater: Could not find generated setter for class com.swmansion.rnscreens.ScreenFooterManager
04-12 21:35:47.545 17455 17529 W unknown:ViewManagerPropertyUpdater: Could not find generated setter for class com.swmansion.rnscreens.ScreenContentWrapperManager
04-12 21:35:47.546 17455 17529 W unknown:ViewManagerPropertyUpdater: Could not find generated setter for class com.swmansion.rnscreens.gamma.tabs.TabsHostViewManager
04-12 21:35:47.546 17455 17529 W unknown:ViewManagerPropertyUpdater: Could not find generated setter for class com.swmansion.rnscreens.gamma.tabs.TabScreenViewManager
04-12 21:35:47.551 17455 17529 W unknown:ViewManagerPropertyUpdater: Could not find generated setter for class com.reactnativecommunity.webview.RNCWebViewManager
04-12 21:35:47.554 17455 17529 D Detox.RNMarker: CREATE_MODULE_END (UIManager)
04-12 21:35:47.561 17455 17529 D Detox.RNMarker: REACT_BRIDGE_LOADING_END (null)
04-12 21:35:47.570 17455 17455 I DetoxRNLoading: Got new RN-context directly through listener
04-12 21:35:47.570 17455 17474 I DetoxRNIdleRes: Setting up Espresso Idling Resources for React Native
04-12 21:35:47.571 17455 17455 I Detox   : PATCHED FACTORY: Disabling all idling resources for RN 0.81 compatibility
04-12 21:35:47.572 17455 17487 W vindra.comparez: Long monitor contention with owner Instr: androidx.test.runner.AndroidJUnitRunner (17474) at void com.wix.detox.DetoxMain.launchActivityOnCue(android.content.Context, com.wix.detox.ActivityLaunchHelper)(DetoxMain.kt:53) waiters=0 in void com.wix.detox.DetoxMain$setupActionHandlers$SynchronizedActionHandler.handle(java.lang.String, long) for 496ms
04-12 21:35:47.584 17455 17455 W vindra.comparez: Accessing hidden method Landroid/os/MessageQueue;->next()Landroid/os/Message; (unsupported, reflection, allowed)
04-12 21:35:47.584 17455 17455 W vindra.comparez: Accessing hidden field Landroid/os/MessageQueue;->mMessages:Landroid/os/Message; (unsupported, reflection, allowed)
04-12 21:35:47.584 17455 17455 W vindra.comparez: Accessing hidden method Landroid/os/Message;->recycleUnchecked()V (unsupported, reflection, allowed)
04-12 21:35:47.592 17455 17528 D Detox.RNMarker: NATIVE_MODULE_SETUP_START (NativePerformanceCxx)
04-12 21:35:47.594 17455 17528 D Detox.RNMarker: NATIVE_MODULE_SETUP_START (PlatformConstants)
04-12 21:35:47.594 17455 17528 D Detox.RNMarker: CREATE_MODULE_START (PlatformConstants)
04-12 21:35:47.595 17455 17528 D Detox.RNMarker: CREATE_MODULE_END (PlatformConstants)
04-12 21:35:47.597 17455 17528 D Detox.RNMarker: NATIVE_MODULE_SETUP_END (PlatformConstants)
04-12 21:35:47.601 17455 17528 D Detox.RNMarker: NATIVE_MODULE_SETUP_START (DevSettings)
04-12 21:35:47.601 17455 17528 D Detox.RNMarker: CREATE_MODULE_START (DevSettings)
04-12 21:35:47.601 17455 17528 D Detox.RNMarker: CREATE_MODULE_END (DevSettings)
04-12 21:35:47.603 17455 17528 D Detox.RNMarker: NATIVE_MODULE_SETUP_END (DevSettings)
04-12 21:35:47.604 17455 17528 D Detox.RNMarker: NATIVE_MODULE_SETUP_START (LogBox)
04-12 21:35:47.604 17455 17528 D Detox.RNMarker: CREATE_MODULE_START (LogBox)
04-12 21:35:47.604 17455 17528 D Detox.RNMarker: CREATE_MODULE_END (LogBox)
04-12 21:35:47.604 17455 17528 D Detox.RNMarker: NATIVE_MODULE_SETUP_END (LogBox)
04-12 21:35:47.605 17455 17528 D Detox.RNMarker: NATIVE_MODULE_SETUP_START (SourceCode)
04-12 21:35:47.605 17455 17528 D Detox.RNMarker: CREATE_MODULE_START (SourceCode)
04-12 21:35:47.605 17455 17528 D Detox.RNMarker: CREATE_MODULE_END (SourceCode)
04-12 21:35:47.606 17455 17528 D Detox.RNMarker: NATIVE_MODULE_SETUP_END (SourceCode)
04-12 21:35:47.622 17455 17528 D Detox.RNMarker: NATIVE_MODULE_SETUP_START (Timing)
04-12 21:35:47.622 17455 17528 D Detox.RNMarker: CREATE_MODULE_START (Timing)
04-12 21:35:47.623 17455 17528 D Detox.RNMarker: CREATE_MODULE_END (Timing)
04-12 21:35:47.623 17455 17528 D Detox.RNMarker: NATIVE_MODULE_SETUP_END (Timing)
04-12 21:35:47.627 17455 17528 D Detox.RNMarker: NATIVE_MODULE_SETUP_START (ReactDevToolsSettingsManager)
04-12 21:35:47.627 17455 17528 D Detox.RNMarker: CREATE_MODULE_START (ReactDevToolsSettingsManager)
04-12 21:35:47.628 17455 17528 D Detox.RNMarker: CREATE_MODULE_END (ReactDevToolsSettingsManager)
04-12 21:35:47.628 17455 17528 D Detox.RNMarker: NATIVE_MODULE_SETUP_END (ReactDevToolsSettingsManager)
04-12 21:35:47.629 17455 17528 D Detox.RNMarker: NATIVE_MODULE_SETUP_START (ReactDevToolsRuntimeSettingsModule)
04-12 21:35:47.629 17455 17528 D Detox.RNMarker: CREATE_MODULE_START (ReactDevToolsRuntimeSettingsModule)
04-12 21:35:47.629 17455 17528 D Detox.RNMarker: CREATE_MODULE_END (ReactDevToolsRuntimeSettingsModule)
04-12 21:35:47.629 17455 17528 D Detox.RNMarker: NATIVE_MODULE_SETUP_END (ReactDevToolsRuntimeSettingsModule)
04-12 21:35:47.638 17455 17528 D Detox.RNMarker: NATIVE_MODULE_SETUP_START (NativeReactNativeFeatureFlagsCxx)
04-12 21:35:47.670 17455 17528 D Detox.RNMarker: NATIVE_MODULE_SETUP_START (AppState)
04-12 21:35:47.679 17455 17528 D Detox.RNMarker: CREATE_MODULE_START (AppState)
04-12 21:35:47.680 17455 17528 D Detox.RNMarker: CREATE_MODULE_END (AppState)
04-12 21:35:47.680 17455 17528 D Detox.RNMarker: NATIVE_MODULE_SETUP_END (AppState)
04-12 21:35:47.685 17455 17528 D Detox.RNMarker: NATIVE_MODULE_SETUP_START (BlobModule)
04-12 21:35:47.689 17455 17528 D Detox.RNMarker: CREATE_MODULE_START (BlobModule)
04-12 21:35:47.690 17455 17528 D Detox.RNMarker: CREATE_MODULE_END (BlobModule)
04-12 21:35:47.690 17455 17528 D Detox.RNMarker: NATIVE_MODULE_SETUP_END (BlobModule)
04-12 21:35:47.691 17455 17528 D Detox.RNMarker: NATIVE_MODULE_SETUP_START (WebSocketModule)
04-12 21:35:47.694 17455 17528 D Detox.RNMarker: CREATE_MODULE_START (WebSocketModule)
04-12 21:35:47.695 17455 17528 D Detox.RNMarker: CREATE_MODULE_END (WebSocketModule)
04-12 21:35:47.695 17455 17528 D Detox.RNMarker: NATIVE_MODULE_SETUP_END (WebSocketModule)
04-12 21:35:47.703 17455 17529 I WebViewFactory: Loading com.google.android.webview version 113.0.5672.136 (code 567263634)
04-12 21:35:47.706 17455 17528 D Detox.RNMarker: NATIVE_MODULE_SETUP_START (RedBox)
04-12 21:35:47.717 17455 17529 W ziparchive: Unable to open '/data/app/~~rGDTFsEgVNAQR7v9a9DBnw==/com.google.android.trichromelibrary_567263634-3Q4C4Nt6E9KMMziAv9ANGg==/TrichromeLibrary.dm': No such file or directory
04-12 21:35:47.717 17455 17529 W ziparchive: Unable to open '/data/app/~~rGDTFsEgVNAQR7v9a9DBnw==/com.google.android.trichromelibrary_567263634-3Q4C4Nt6E9KMMziAv9ANGg==/TrichromeLibrary.dm': No such file or directory
04-12 21:35:47.717 17455 17529 W vindra.comparez: Entry not found
04-12 21:35:47.717 17455 17529 D nativeloader: Configuring clns-9 for other apk /data/app/~~rGDTFsEgVNAQR7v9a9DBnw==/com.google.android.trichromelibrary_567263634-3Q4C4Nt6E9KMMziAv9ANGg==/TrichromeLibrary.apk. target_sdk_version=34, uses_libraries=ALL, library_path=/data/app/~~Yw2cewKRy1ALIz8qfFlwsw==/com.google.android.webview-CDaciHExabTqd-t8TQiv4Q==/lib/arm64:/data/app/~~Yw2cewKRy1ALIz8qfFlwsw==/com.google.android.webview-CDaciHExabTqd-t8TQiv4Q==/WebViewGoogle.apk!/lib/arm64-v8a:/data/app/~~rGDTFsEgVNAQR7v9a9DBnw==/com.google.android.trichromelibrary_567263634-3Q4C4Nt6E9KMMziAv9ANGg==/TrichromeLibrary.apk!/lib/arm64-v8a, permitted_path=/data:/mnt/expand
04-12 21:35:47.721 17455 17529 D nativeloader: Configuring clns-10 for other apk /data/app/~~Yw2cewKRy1ALIz8qfFlwsw==/com.google.android.webview-CDaciHExabTqd-t8TQiv4Q==/WebViewGoogle.apk. target_sdk_version=34, uses_libraries=, library_path=/data/app/~~Yw2cewKRy1ALIz8qfFlwsw==/com.google.android.webview-CDaciHExabTqd-t8TQiv4Q==/lib/arm64:/data/app/~~Yw2cewKRy1ALIz8qfFlwsw==/com.google.android.webview-CDaciHExabTqd-t8TQiv4Q==/WebViewGoogle.apk!/lib/arm64-v8a:/data/app/~~rGDTFsEgVNAQR7v9a9DBnw==/com.google.android.trichromelibrary_567263634-3Q4C4Nt6E9KMMziAv9ANGg==/TrichromeLibrary.apk!/lib/arm64-v8a, permitted_path=/data:/mnt/expand
04-12 21:35:47.743 17455 17528 D Detox.RNMarker: NATIVE_MODULE_SETUP_START (Networking)
04-12 21:35:47.743 17455 17528 D Detox.RNMarker: CREATE_MODULE_START (Networking)
04-12 21:35:47.745 17455 17528 D Detox.RNMarker: CREATE_MODULE_END (Networking)
04-12 21:35:47.751 17455 17528 D Detox.RNMarker: NATIVE_MODULE_SETUP_END (Networking)
04-12 21:35:47.751 17455 17528 D Detox.RNMarker: NATIVE_MODULE_SETUP_START (DevLoadingView)
04-12 21:35:47.751 17455 17528 D Detox.RNMarker: CREATE_MODULE_START (DevLoadingView)
04-12 21:35:47.752 17455 17528 D Detox.RNMarker: CREATE_MODULE_END (DevLoadingView)
04-12 21:35:47.752 17455 17528 D Detox.RNMarker: NATIVE_MODULE_SETUP_END (DevLoadingView)
04-12 21:35:47.754 17455 17528 D Detox.RNMarker: NATIVE_MODULE_SETUP_START (HeadlessJsTaskSupport)
04-12 21:35:47.759 17455 17528 D Detox.RNMarker: CREATE_MODULE_START (HeadlessJsTaskSupport)
04-12 21:35:47.759 17455 17528 D Detox.RNMarker: CREATE_MODULE_END (HeadlessJsTaskSupport)
04-12 21:35:47.759 17455 17528 D Detox.RNMarker: NATIVE_MODULE_SETUP_END (HeadlessJsTaskSupport)
04-12 21:35:47.761 17455 17529 W vindra.comparez: Accessing hidden method Landroid/os/Trace;->isTagEnabled(J)Z (unsupported, reflection, allowed)
04-12 21:35:47.761 17455 17529 W vindra.comparez: Accessing hidden method Landroid/os/Trace;->traceBegin(JLjava/lang/String;)V (unsupported, reflection, allowed)
04-12 21:35:47.761 17455 17529 W vindra.comparez: Accessing hidden method Landroid/os/Trace;->traceEnd(J)V (unsupported, reflection, allowed)
04-12 21:35:47.761 17455 17529 W vindra.comparez: Accessing hidden method Landroid/os/Trace;->asyncTraceBegin(JLjava/lang/String;I)V (unsupported, reflection, allowed)
04-12 21:35:47.761 17455 17529 W vindra.comparez: Accessing hidden method Landroid/os/Trace;->asyncTraceEnd(JLjava/lang/String;I)V (unsupported, reflection, allowed)
04-12 21:35:47.767 17455 17528 D Detox.RNMarker: NATIVE_MODULE_SETUP_START (DeviceInfo)
04-12 21:35:47.768 17455 17528 D Detox.RNMarker: CREATE_MODULE_START (DeviceInfo)
04-12 21:35:47.768 17455 17529 I cr_WVCFactoryProvider: Loaded version=113.0.5672.136 minSdkVersion=29 isBundle=false multiprocess=true packageId=2
04-12 21:35:47.771 17455 17528 D Detox.RNMarker: CREATE_MODULE_END (DeviceInfo)
04-12 21:35:47.771 17455 17528 D Detox.RNMarker: NATIVE_MODULE_SETUP_END (DeviceInfo)
04-12 21:35:47.779 17455 17528 D Detox.RNMarker: NATIVE_MODULE_SETUP_START (UIManager)
04-12 21:35:47.803 17455 17541 I cr_VariationsUtils: Failed reading seed file "/data/user/0/com.panviravindra.comparez/app_webview/variations_seed_new"
04-12 21:35:47.807 17455 17541 I cr_VariationsUtils: Failed reading seed file "/data/user/0/com.panviravindra.comparez/app_webview/variations_seed"
04-12 21:35:47.808 17455 17529 I cr_LibraryLoader: Successfully loaded native library
04-12 21:35:47.815 17455 17529 I cr_CachingUmaRecorder: Flushed 8 samples from 8 histograms.
04-12 21:35:47.823 17455 17544 D TrafficStats: tagSocket(137) with statsTag=0xffffffff, statsUid=-1
04-12 21:35:47.848 17455 17528 D Detox.RNMarker: NATIVE_MODULE_SETUP_END (UIManager)
04-12 21:35:47.860 17455 17528 D Detox.RNMarker: NATIVE_MODULE_SETUP_START (SoundManager)
04-12 21:35:47.860 17455 17528 D Detox.RNMarker: CREATE_MODULE_START (SoundManager)
04-12 21:35:47.860 17455 17528 D Detox.RNMarker: CREATE_MODULE_END (SoundManager)
04-12 21:35:47.860 17455 17528 D Detox.RNMarker: NATIVE_MODULE_SETUP_END (SoundManager)
04-12 21:35:47.867 17455 17528 D Detox.RNMarker: NATIVE_MODULE_SETUP_START (ImageLoader)
04-12 21:35:47.867 17455 17528 D Detox.RNMarker: CREATE_MODULE_START (ImageLoader)
04-12 21:35:47.867 17455 17528 D Detox.RNMarker: CREATE_MODULE_END (ImageLoader)
04-12 21:35:47.867 17455 17528 D Detox.RNMarker: NATIVE_MODULE_SETUP_END (ImageLoader)
04-12 21:35:47.868 17455 17528 D Detox.RNMarker: NATIVE_MODULE_SETUP_START (IntentAndroid)
04-12 21:35:47.868 17455 17528 D Detox.RNMarker: CREATE_MODULE_START (IntentAndroid)
04-12 21:35:47.869 17455 17528 D Detox.RNMarker: CREATE_MODULE_END (IntentAndroid)
04-12 21:35:47.869 17455 17528 D Detox.RNMarker: NATIVE_MODULE_SETUP_END (IntentAndroid)
04-12 21:35:47.869 17455 17528 D Detox.RNMarker: NATIVE_MODULE_SETUP_START (LinkingManager)
04-12 21:35:47.870 17455 17528 D Detox.RNMarker: NATIVE_MODULE_SETUP_START (DeviceEventManager)
04-12 21:35:47.870 17455 17528 D Detox.RNMarker: CREATE_MODULE_START (DeviceEventManager)
04-12 21:35:47.870 17455 17528 D Detox.RNMarker: CREATE_MODULE_END (DeviceEventManager)
04-12 21:35:47.870 17455 17528 D Detox.RNMarker: NATIVE_MODULE_SETUP_END (DeviceEventManager)
04-12 21:35:47.874 17455 17528 D Detox.RNMarker: NATIVE_MODULE_SETUP_START (NativeUnimoduleProxy)
04-12 21:35:47.879 17455 17528 I ExpoModulesCore: ✅ JSI interop was installed
04-12 21:35:47.880 17455 17528 I ExpoModulesCore: ✅ Constants were exported
04-12 21:35:47.881 17455 17528 D Detox.RNMarker: NATIVE_MODULE_SETUP_END (NativeUnimoduleProxy)
04-12 21:35:47.885 17455 17528 D Detox.RNMarker: NATIVE_MODULE_SETUP_START (ExpoUpdates)
04-12 21:35:47.885 17455 17528 D Detox.RNMarker: NATIVE_MODULE_SETUP_START (EXDevLauncher)
04-12 21:35:47.886 17455 17528 D Detox.RNMarker: NATIVE_MODULE_SETUP_START (ExpoUpdates)
04-12 21:35:47.887 17455 17528 D Detox.RNMarker: NATIVE_MODULE_SETUP_START (ExpoGo)
04-12 21:35:47.887 17455 17528 D Detox.RNMarker: NATIVE_MODULE_SETUP_START (ExpoGo)
04-12 21:35:47.897 17455 17528 D Detox.RNMarker: NATIVE_MODULE_SETUP_START (EXDevLauncher)
04-12 21:35:47.902 17455 17545 D TrafficStats: tagSocket(137) with statsTag=0xffffffff, statsUid=-1
04-12 21:35:47.930 17455 17528 D Detox.RNMarker: NATIVE_MODULE_SETUP_START (NativeAnimatedModule)
04-12 21:35:47.930 17455 17528 D Detox.RNMarker: CREATE_MODULE_START (NativeAnimatedModule)
04-12 21:35:47.930 17455 17528 D Detox.RNMarker: CREATE_MODULE_END (NativeAnimatedModule)
04-12 21:35:47.931 17455 17528 D Detox.RNMarker: NATIVE_MODULE_SETUP_END (NativeAnimatedModule)
04-12 21:35:47.942 17455 17528 D Detox.RNMarker: NATIVE_MODULE_SETUP_START (RNCSafeAreaContext)
04-12 21:35:47.942 17455 17528 D Detox.RNMarker: CREATE_MODULE_START (RNCSafeAreaContext)
04-12 21:35:47.942 17455 17528 D Detox.RNMarker: CREATE_MODULE_END (RNCSafeAreaContext)
04-12 21:35:47.942 17455 17528 D Detox.RNMarker: NATIVE_MODULE_SETUP_END (RNCSafeAreaContext)
04-12 21:35:47.946 17455 17528 D Detox.RNMarker: NATIVE_MODULE_SETUP_START (RNSModule)
04-12 21:35:47.946 17455 17528 D Detox.RNMarker: CREATE_MODULE_START (RNSModule)
04-12 21:35:47.947 17455 17528 D Detox.RNMarker: CREATE_MODULE_END (RNSModule)
04-12 21:35:47.948 17455 17528 D Detox.RNMarker: NATIVE_MODULE_SETUP_START (RNEdgeToEdge)
04-12 21:35:47.957 17455 17528 D Detox.RNMarker: NATIVE_MODULE_SETUP_START (RNVectorIconsManager)
04-12 21:35:47.957 17455 17528 D Detox.RNMarker: NATIVE_MODULE_SETUP_START (RNVectorIconsModule)
04-12 21:35:47.957 17455 17528 D Detox.RNMarker: NATIVE_MODULE_SETUP_START (RNVectorIconsManager)
04-12 21:35:47.957 17455 17528 D Detox.RNMarker: NATIVE_MODULE_SETUP_START (RNVectorIconsModule)
04-12 21:35:48.034 17455 17528 D Detox.RNMarker: NATIVE_MODULE_SETUP_START (PlatformLocalStorage)
04-12 21:35:48.035 17455 17528 D Detox.RNMarker: NATIVE_MODULE_SETUP_START (RNC_AsyncSQLiteDBStorage)
04-12 21:35:48.035 17455 17528 D Detox.RNMarker: NATIVE_MODULE_SETUP_START (RNCAsyncStorage)
04-12 21:35:48.035 17455 17528 D Detox.RNMarker: CREATE_MODULE_START (RNCAsyncStorage)
04-12 21:35:48.035 17455 17528 V AsyncStorageExpoMigration: No scoped database found
04-12 21:35:48.035 17455 17528 D Detox.RNMarker: CREATE_MODULE_END (RNCAsyncStorage)
04-12 21:35:48.036 17455 17528 D Detox.RNMarker: NATIVE_MODULE_SETUP_END (RNCAsyncStorage)
04-12 21:35:48.037 17455 17528 D Detox.RNMarker: NATIVE_MODULE_SETUP_START (RNCWebViewModule)
04-12 21:35:48.037 17455 17528 D Detox.RNMarker: CREATE_MODULE_START (RNCWebViewModule)
04-12 21:35:48.038 17455 17528 D Detox.RNMarker: CREATE_MODULE_END (RNCWebViewModule)
04-12 21:35:48.038 17455 17528 D Detox.RNMarker: NATIVE_MODULE_SETUP_END (RNCWebViewModule)
04-12 21:35:48.055 17455 17528 D Detox.RNMarker: RUN_JS_BUNDLE_END (/.virtual-metro-entry.bundle?platform=android&dev=true&lazy=true&minify=false&app=com.panviravindra.comparez&modulesOnly=false&runModule=true&excludeSource=true&sourcePaths=url-server)
04-12 21:35:48.058 17455 17528 I ReactNativeJS: Running "main" with {"rootTag":11}
04-12 21:35:48.063 17455 17546 D TrafficStats: tagSocket(126) with statsTag=0xffffffff, statsUid=-1
04-12 21:35:48.226 17455 17528 W ReactNativeJS: The app is running using the Legacy Architecture. The Legacy Architecture is deprecated and will be removed in a future version of React Native. Please consider migrating to the New Architecture. For more information, please see https://reactnative.dev/blog/2024/10/23/the-new-architecture-is-here
04-12 21:35:48.264 17455 17529 D CompatibilityChangeReporter: Compat change id reported: 289878283; UID 10211; state: ENABLED
04-12 21:35:48.268 17455 17455 D Detox.RNMarker: CONTENT_APPEARED (main)
04-12 21:35:48.285 17455 17498 D EGL_emulation: app_time_stats: avg=553.37ms min=62.49ms max=1044.24ms count=2
04-12 21:35:48.287 17455 17455 W UiControllerImpl: Waiting for: DYNAMIC_TASKS_HAVE_IDLED for 100 iterations.
04-12 21:35:48.294 17455 17455 I Detox   : Wait is over: App is now idle!
04-12 21:35:48.294 17455 17487 I DetoxWSClient: Sending out action 'ready' (ID #-1000)
04-12 21:35:48.294 17455 17487 I DetoxDispatcher: Done with action 'isReady'
04-12 21:35:48.297 17455 17491 D DetoxWSClient: Received action 'invoke' (ID #1, params={"target":{"type":"Class","value":"com.wix.detox.espresso.DetoxAssertion"},"method":"waitForAssertMatcher","args":[{"type":"Invocation","value":{"target":{"type":"Class","value":"androidx.test.espresso.Espresso"},"method":"onView","args":[{"type":"Invocation","value":{"target":{"type":"Class","value":"com.wix.detox.espresso.DetoxMatcher"},"method":"matcherForTestId","args":["loginEmail",{"type":"boolean","value":false}]}}]}},{"type":"Invocation","value":{"target":{"type":"Class","value":"com.wix.detox.espresso.DetoxMatcher"},"method":"matcherForSufficientlyVisible","args":[{"type":"Integer","value":75}]}},{"type":"Double","value":3}]})
04-12 21:35:48.298 17455 17487 I DetoxDispatcher: Handling action 'invoke' (ID #1)...
04-12 21:35:48.300 17455 17487 D Detox   : class com.wix.detox.espresso.DetoxMatcher, matcherForTestId, [loginEmail, false]
04-12 21:35:48.308 17455 17487 D Detox   : class androidx.test.espresso.Espresso, onView, [(view.getTag() is "loginEmail" and view has effective visibility <VISIBLE>)]
04-12 21:35:48.311 17455 17487 D CompatibilityChangeReporter: Compat change id reported: 247079863; UID 10211; state: ENABLED
04-12 21:35:48.311 17455 17487 D Detox   : class com.wix.detox.espresso.DetoxMatcher, matcherForSufficientlyVisible, [75]
04-12 21:35:48.312 17455 17487 D Detox   : class com.wix.detox.espresso.DetoxAssertion, waitForAssertMatcher, [androidx.test.espresso.ViewInteraction@9047f61, (view has effective visibility <VISIBLE> and view.getGlobalVisibleRect() covers at least <75> percent of the view's area), 3.0]
04-12 21:35:48.324 17455 17455 I ViewInteraction: Checking 'MatchesViewAssertion(Detox){viewMatcher=(view has effective visibility <VISIBLE> and view.getGlobalVisibleRect() covers at least <75> percent of the view's area)}' assertion on view (view.getTag() is "loginEmail" and view has effective visibility <VISIBLE>)
04-12 21:35:48.325 17455 17547 D TrafficStats: tagSocket(141) with statsTag=0xffffffff, statsUid=-1
04-12 21:35:48.343 17455 17528 D Detox.RNMarker: NATIVE_MODULE_SETUP_START (FileReaderModule)
04-12 21:35:48.343 17455 17528 D Detox.RNMarker: CREATE_MODULE_START (FileReaderModule)
04-12 21:35:48.343 17455 17528 D Detox.RNMarker: CREATE_MODULE_END (FileReaderModule)
04-12 21:35:48.343 17455 17528 D Detox.RNMarker: NATIVE_MODULE_SETUP_END (FileReaderModule)
04-12 21:35:48.353 17455 17455 I ViewInteraction: Checking 'MatchesViewAssertion(Detox){viewMatcher=(view has effective visibility <VISIBLE> and view.getGlobalVisibleRect() covers at least <75> percent of the view's area)}' assertion on view (view.getTag() is "loginEmail" and view has effective visibility <VISIBLE>)
04-12 21:35:48.381 17455 17455 I ViewInteraction: Checking 'MatchesViewAssertion(Detox){viewMatcher=(view has effective visibility <VISIBLE> and view.getGlobalVisibleRect() covers at least <75> percent of the view's area)}' assertion on view (view.getTag() is "loginEmail" and view has effective visibility <VISIBLE>)
04-12 21:35:48.409 17455 17455 I ViewInteraction: Checking 'MatchesViewAssertion(Detox){viewMatcher=(view has effective visibility <VISIBLE> and view.getGlobalVisibleRect() covers at least <75> percent of the view's area)}' assertion on view (view.getTag() is "loginEmail" and view has effective visibility <VISIBLE>)
04-12 21:35:48.419 17455 17462 I vindra.comparez: NativeAlloc concurrent copying GC freed 280827(21MB) AllocSpace objects, 7(140KB) LOS objects, 49% free, 10MB/20MB, paused 20us,7us total 140.622ms
04-12 21:35:48.438 17455 17455 I ViewInteraction: Checking 'MatchesViewAssertion(Detox){viewMatcher=(view has effective visibility <VISIBLE> and view.getGlobalVisibleRect() covers at least <75> percent of the view's area)}' assertion on view (view.getTag() is "loginEmail" and view has effective visibility <VISIBLE>)
04-12 21:35:48.442 17455 17550 D TrafficStats: tagSocket(5) with statsTag=0xffffffff, statsUid=-1
04-12 21:35:48.465 17455 17455 I ViewInteraction: Checking 'MatchesViewAssertion(Detox){viewMatcher=(view has effective visibility <VISIBLE> and view.getGlobalVisibleRect() covers at least <75> percent of the view's area)}' assertion on view (view.getTag() is "loginEmail" and view has effective visibility <VISIBLE>)
04-12 21:35:48.492 17455 17528 D Detox.RNMarker: NATIVE_MODULE_SETUP_START (I18nManager)
04-12 21:35:48.492 17455 17528 D Detox.RNMarker: CREATE_MODULE_START (I18nManager)
04-12 21:35:48.492 17455 17528 D Detox.RNMarker: CREATE_MODULE_END (I18nManager)
04-12 21:35:48.493 17455 17528 D Detox.RNMarker: NATIVE_MODULE_SETUP_END (I18nManager)
04-12 21:35:48.511 17455 17528 D Detox.RNMarker: NATIVE_MODULE_SETUP_START (StatusBarManager)
04-12 21:35:48.511 17455 17528 D Detox.RNMarker: CREATE_MODULE_START (StatusBarManager)
04-12 21:35:48.512 17455 17528 D Detox.RNMarker: CREATE_MODULE_END (StatusBarManager)
04-12 21:35:48.512 17455 17528 D Detox.RNMarker: NATIVE_MODULE_SETUP_END (StatusBarManager)
04-12 21:35:48.516 17455 17528 D Detox.RNMarker: NATIVE_MODULE_SETUP_START (RNEdgeToEdge)
04-12 21:35:48.528 17455 17528 D Detox.RNMarker: NATIVE_MODULE_SETUP_START (AccessibilityInfo)
04-12 21:35:48.528 17455 17528 D Detox.RNMarker: CREATE_MODULE_START (AccessibilityInfo)
04-12 21:35:48.529 17455 17528 D Detox.RNMarker: CREATE_MODULE_END (AccessibilityInfo)
04-12 21:35:48.529 17455 17528 D Detox.RNMarker: NATIVE_MODULE_SETUP_END (AccessibilityInfo)
04-12 21:35:48.530 17455 17528 D Detox.RNMarker: NATIVE_MODULE_SETUP_START (AccessibilityManager)
04-12 21:35:48.531 17455 17528 D Detox.RNMarker: NATIVE_MODULE_SETUP_START (KeyboardObserver)
04-12 21:35:48.579 17455 17529 W unknown:ReactNative: Attempt to set local data for view with unknown tag: -1
04-12 21:35:48.583 17455 17529 W unknown:ReactNative: Attempt to set local data for view with unknown tag: -1
04-12 21:35:48.583 17455 17529 W unknown:ReactNative: Attempt to set local data for view with unknown tag: -1
04-12 21:35:48.583 17455 17529 W unknown:ReactNative: Attempt to set local data for view with unknown tag: -1
04-12 21:35:48.583 17455 17529 W unknown:ReactNative: Attempt to set local data for view with unknown tag: -1
04-12 21:35:48.583 17455 17529 W unknown:ReactNative: Attempt to set local data for view with unknown tag: -1
04-12 21:35:48.592 17455 17529 W unknown:ViewManagerPropertyUpdater: Could not find generated setter for class com.swmansion.rnscreens.ScreenStackHeaderConfigShadowNode
04-12 21:35:48.595 17455 17529 W unknown:ViewManagerPropertyUpdater: Could not find generated setter for class com.swmansion.rnscreens.ScreensShadowNode
04-12 21:35:48.608 17455 17526 D TrafficStats: tagSocket(140) with statsTag=0xffffffff, statsUid=-1
04-12 21:35:48.638 17455 17529 W unknown:ReactNative: StatusBarModule: Ignored status bar change, current activity is edge-to-edge.
04-12 21:35:48.638 17455 17529 W unknown:ReactNative: StatusBarModule: Ignored status bar change, current activity is edge-to-edge.
04-12 21:35:48.705 17455 17455 D AutofillManager: notifyViewEnteredForFillDialog:1073741824
04-12 21:35:48.706 17455 17455 D AutofillManager: notifyViewEnteredForFillDialog:1073741825
04-12 21:35:48.706 17455 17455 D AutofillManager: Triggering pre-emptive request for fill dialog.
04-12 21:35:48.714 17455 17455 D CompatibilityChangeReporter: Compat change id reported: 163400105; UID 10211; state: ENABLED
04-12 21:35:48.715 17455 17455 I AssistStructure: Flattened final assist data: 3132 bytes, containing 1 windows, 18 views
04-12 21:35:48.741 17455 17528 D Detox.RNMarker: NATIVE_MODULE_SETUP_START (RNEdgeToEdge)
04-12 21:35:48.788 17455 17455 I ViewInteraction: Checking 'MatchesViewAssertion(Detox){viewMatcher=(view has effective visibility <VISIBLE> and view.getGlobalVisibleRect() covers at least <75> percent of the view's area)}' assertion on view (view.getTag() is "loginEmail" and view has effective visibility <VISIBLE>)
04-12 21:35:48.791 17455 17487 I DetoxWSClient: Sending out action 'invokeResult' (ID #1)
04-12 21:35:48.791 17455 17487 I DetoxDispatcher: Done with action 'invoke'
04-12 21:35:48.794 17455 17491 D DetoxWSClient: Received action 'invoke' (ID #2, params={"target":{"type":"Class","value":"com.wix.detox.espresso.EspressoDetox"},"method":"perform","args":[{"type":"Invocation","value":{"target":{"type":"Class","value":"com.wix.detox.espresso.DetoxMatcher"},"method":"matcherForTestId","args":["loginEmail",{"type":"boolean","value":false}]}},{"type":"Invocation","value":{"target":{"type":"Class","value":"com.wix.detox.espresso.DetoxViewActions"},"method":"typeText","args":["test@example.com"]}}]})
04-12 21:35:48.794 17455 17487 I DetoxDispatcher: Handling action 'invoke' (ID #2)...
04-12 21:35:48.794 17455 17487 D Detox   : class com.wix.detox.espresso.DetoxMatcher, matcherForTestId, [loginEmail, false]
04-12 21:35:48.795 17455 17487 D Detox   : class com.wix.detox.espresso.DetoxViewActions, typeText, [test@example.com]
04-12 21:35:48.795 17455 17487 W vindra.comparez: Accessing hidden method Landroid/view/ViewConfiguration;->getDoubleTapMinTime()I (unsupported, reflection, allowed)
04-12 21:35:48.796 17455 17487 D Detox   : class com.wix.detox.espresso.EspressoDetox, perform, [(view.getTag() is "loginEmail" and view has effective visibility <VISIBLE>), com.wix.detox.espresso.action.DetoxTypeTextAction@e826b83]
04-12 21:35:48.797 17455 17455 I ViewInteraction: Performing 'Click to focus & type text (test@example.com)' action on view (view.getTag() is "loginEmail" and view has effective visibility <VISIBLE>)
04-12 21:35:48.835 17455 17455 I ImeTracker: com.panviravindra.comparez:70927c17: onRequestShow at ORIGIN_CLIENT_SHOW_SOFT_INPUT reason SHOW_SOFT_INPUT
04-12 21:35:48.835 17455 17455 D InputMethodManager: showSoftInput() view=com.facebook.react.views.textinput.ReactEditText{654e92d VFED..CL. .F.P..ID 116,28-772,126 #59 aid=1073741824} flags=0 reason=SHOW_SOFT_INPUT
04-12 21:35:48.873 17455 17455 D InsetsController: show(ime(), fromIme=true)
04-12 21:35:48.886 17455 17455 I ImeTracker: com.panviravindra.comparez:a15a2f54: onRequestShow at ORIGIN_CLIENT_SHOW_SOFT_INPUT reason SHOW_SOFT_INPUT
04-12 21:35:48.887 17455 17455 D InputMethodManager: showSoftInput() view=com.facebook.react.views.textinput.ReactEditText{654e92d VFED..CL. .F.P.... 116,28-772,126 #59 aid=1073741824} flags=0 reason=SHOW_SOFT_INPUT
04-12 21:35:48.892 17455 17455 D InsetsController: show(ime(), fromIme=true)
04-12 21:35:48.892 17455 17455 I ImeTracker: com.panviravindra.comparez:a15a2f54: onCancelled at PHASE_CLIENT_APPLY_ANIMATION
04-12 21:35:48.893 17455 17455 I ImeTracker: com.panviravindra.comparez:70927c17: onShown
04-12 21:35:49.269 17455 17455 D UiControllerImpl: Injecting string: "test@example.com"
04-12 21:35:49.306 17455 17498 D EGL_emulation: app_time_stats: avg=42.30ms min=0.56ms max=399.78ms count=23
04-12 21:35:49.331 17455 17529 W unknown:ReactNative: StatusBarModule: Ignored status bar change, current activity is edge-to-edge.
04-12 21:35:49.362 17455 17529 W unknown:ReactNative: StatusBarModule: Ignored status bar change, current activity is edge-to-edge.
04-12 21:35:49.388 17455 17529 W unknown:ReactNative: StatusBarModule: Ignored status bar change, current activity is edge-to-edge.
04-12 21:35:49.413 17455 17529 W unknown:ReactNative: StatusBarModule: Ignored status bar change, current activity is edge-to-edge.
04-12 21:35:49.461 17455 17529 W unknown:ReactNative: StatusBarModule: Ignored status bar change, current activity is edge-to-edge.
04-12 21:35:49.496 17455 17529 W unknown:ReactNative: StatusBarModule: Ignored status bar change, current activity is edge-to-edge.
04-12 21:35:49.516 17455 17529 W unknown:ReactNative: StatusBarModule: Ignored status bar change, current activity is edge-to-edge.
04-12 21:35:49.543 17455 17529 W unknown:ReactNative: StatusBarModule: Ignored status bar change, current activity is edge-to-edge.
04-12 21:35:49.560 17455 17529 W unknown:ReactNative: StatusBarModule: Ignored status bar change, current activity is edge-to-edge.
04-12 21:35:49.576 17455 17529 W unknown:ReactNative: StatusBarModule: Ignored status bar change, current activity is edge-to-edge.
04-12 21:35:49.598 17455 17529 W unknown:ReactNative: StatusBarModule: Ignored status bar change, current activity is edge-to-edge.
04-12 21:35:49.615 17455 17529 W unknown:ReactNative: StatusBarModule: Ignored status bar change, current activity is edge-to-edge.
04-12 21:35:49.644 17455 17529 W unknown:ReactNative: StatusBarModule: Ignored status bar change, current activity is edge-to-edge.
04-12 21:35:49.660 17455 17529 W unknown:ReactNative: StatusBarModule: Ignored status bar change, current activity is edge-to-edge.
04-12 21:35:49.676 17455 17529 W unknown:ReactNative: StatusBarModule: Ignored status bar change, current activity is edge-to-edge.
04-12 21:35:49.697 17455 17529 W unknown:ReactNative: StatusBarModule: Ignored status bar change, current activity is edge-to-edge.
04-12 21:35:49.700 17455 17487 I DetoxWSClient: Sending out action 'invokeResult' (ID #2)
04-12 21:35:49.700 17455 17487 I DetoxDispatcher: Done with action 'invoke'
04-12 21:35:49.703 17455 17491 D DetoxWSClient: Received action 'invoke' (ID #3, params={"target":{"type":"Class","value":"com.wix.detox.espresso.EspressoDetox"},"method":"perform","args":[{"type":"Invocation","value":{"target":{"type":"Class","value":"com.wix.detox.espresso.DetoxMatcher"},"method":"matcherForTestId","args":["loginPassword",{"type":"boolean","value":false}]}},{"type":"Invocation","value":{"target":{"type":"Class","value":"com.wix.detox.espresso.DetoxViewActions"},"method":"typeText","args":["password123\n"]}}]})
04-12 21:35:49.710 17455 17487 I DetoxDispatcher: Handling action 'invoke' (ID #3)...
04-12 21:35:49.711 17455 17487 D Detox   : class com.wix.detox.espresso.DetoxMatcher, matcherForTestId, [loginPassword, false]
04-12 21:35:49.713 17455 17487 D Detox   : class com.wix.detox.espresso.DetoxViewActions, typeText, [password123
04-12 21:35:49.713 17455 17487 D Detox   : ]
04-12 21:35:49.713 17455 17487 D Detox   : class com.wix.detox.espresso.EspressoDetox, perform, [(view.getTag() is "loginPassword" and view has effective visibility <VISIBLE>), com.wix.detox.espresso.action.DetoxTypeTextAction@6f6856b]
04-12 21:35:49.715 17455 17455 I ViewInteraction: Performing 'Click to focus & type text (password123
04-12 21:35:49.715 17455 17455 I ViewInteraction: )' action on view (view.getTag() is "loginPassword" and view has effective visibility <VISIBLE>)
04-12 21:35:49.759 17455 17455 I ImeTracker: com.panviravindra.comparez:1fa7a44e: onRequestShow at ORIGIN_CLIENT_SHOW_SOFT_INPUT reason SHOW_SOFT_INPUT
04-12 21:35:49.759 17455 17455 D InputMethodManager: showSoftInput() view=com.facebook.react.views.textinput.ReactEditText{74310b0 VFED..CL. .F.P..ID 116,28-700,126 #61 aid=1073741825} flags=0 reason=SHOW_SOFT_INPUT
04-12 21:35:49.762 17455 17455 W WindowOnBackDispatcher: sendCancelIfRunning: isInProgress=falsecallback=ImeCallback=ImeOnBackInvokedCallback@12596647 Callback=android.window.IOnBackInvokedCallback$Stub$Proxy@28a1086
04-12 21:35:49.780 17455 17455 D InsetsController: show(ime(), fromIme=true)
04-12 21:35:49.780 17455 17455 I ImeTracker: com.panviravindra.comparez:b3cfee47: onCancelled at PHASE_CLIENT_APPLY_ANIMATION
04-12 21:35:49.781 17455 17455 D InsetsController: show(ime(), fromIme=true)
04-12 21:35:49.781 17455 17455 I ImeTracker: com.panviravindra.comparez:1fa7a44e: onCancelled at PHASE_CLIENT_APPLY_ANIMATION
04-12 21:35:49.787 17455 17455 I ImeTracker: com.panviravindra.comparez:6f761c34: onRequestShow at ORIGIN_CLIENT_SHOW_SOFT_INPUT reason SHOW_SOFT_INPUT
04-12 21:35:49.787 17455 17455 D InputMethodManager: showSoftInput() view=com.facebook.react.views.textinput.ReactEditText{74310b0 VFED..CL. .F.P.... 116,28-700,126 #61 aid=1073741825} flags=0 reason=SHOW_SOFT_INPUT
04-12 21:35:49.789 17455 17455 D InsetsController: show(ime(), fromIme=true)
04-12 21:35:49.789 17455 17455 I ImeTracker: com.panviravindra.comparez:6f761c34: onCancelled at PHASE_CLIENT_APPLY_ANIMATION
04-12 21:35:50.154 17455 17455 D UiControllerImpl: Injecting string: "password123
04-12 21:35:50.154 17455 17455 D UiControllerImpl: "
04-12 21:35:50.180 17455 17529 W unknown:ReactNative: StatusBarModule: Ignored status bar change, current activity is edge-to-edge.
04-12 21:35:50.214 17455 17529 W unknown:ReactNative: StatusBarModule: Ignored status bar change, current activity is edge-to-edge.
04-12 21:35:50.234 17455 17529 W unknown:ReactNative: StatusBarModule: Ignored status bar change, current activity is edge-to-edge.
04-12 21:35:50.258 17455 17529 W unknown:ReactNative: StatusBarModule: Ignored status bar change, current activity is edge-to-edge.
04-12 21:35:50.277 17455 17529 W unknown:ReactNative: StatusBarModule: Ignored status bar change, current activity is edge-to-edge.
04-12 21:35:50.297 17455 17529 W unknown:ReactNative: StatusBarModule: Ignored status bar change, current activity is edge-to-edge.
04-12 21:35:50.311 17455 17498 D EGL_emulation: app_time_stats: avg=31.40ms min=8.29ms max=411.56ms count=32
04-12 21:35:50.320 17455 17529 W unknown:ReactNative: StatusBarModule: Ignored status bar change, current activity is edge-to-edge.
04-12 21:35:50.342 17455 17529 W unknown:ReactNative: StatusBarModule: Ignored status bar change, current activity is edge-to-edge.
04-12 21:35:50.360 17455 17529 W unknown:ReactNative: StatusBarModule: Ignored status bar change, current activity is edge-to-edge.
04-12 21:35:50.378 17455 17529 W unknown:ReactNative: StatusBarModule: Ignored status bar change, current activity is edge-to-edge.
04-12 21:35:50.397 17455 17529 W unknown:ReactNative: StatusBarModule: Ignored status bar change, current activity is edge-to-edge.
04-12 21:35:50.402 17455 17455 I ImeTracker: com.panviravindra.comparez:6fb57389: onRequestHide at ORIGIN_CLIENT_HIDE_SOFT_INPUT reason HIDE_SOFT_INPUT
04-12 21:35:50.421 17455 17455 W WindowOnBackDispatcher: sendCancelIfRunning: isInProgress=falsecallback=ImeCallback=ImeOnBackInvokedCallback@12596647 Callback=android.window.IOnBackInvokedCallback$Stub$Proxy@9cf3c5c
04-12 21:35:50.443 17455 17455 D InsetsController: show(ime(), fromIme=true)
04-12 21:35:50.443 17455 17455 I ImeTracker: com.panviravindra.comparez:113853a8: onCancelled at PHASE_CLIENT_APPLY_ANIMATION
04-12 21:35:50.443 17455 17455 W WindowOnBackDispatcher: sendCancelIfRunning: isInProgress=falsecallback=ImeCallback=ImeOnBackInvokedCallback@12596647 Callback=android.window.IOnBackInvokedCallback$Stub$Proxy@6e1d8e1
04-12 21:35:50.459 17455 17455 I ImeTracker: com.panviravindra.comparez:7cf3f081: onRequestHide at ORIGIN_CLIENT_HIDE_SOFT_INPUT reason HIDE_SOFT_INPUT_BY_INSETS_API
04-12 21:35:50.459 17455 17455 I ImeTracker: com.panviravindra.comparez:6fb57389: onHidden
04-12 21:35:50.463 17455 17455 I ImeTracker: com.panviravindra.comparez:901aead4: onRequestHide at ORIGIN_CLIENT_HIDE_SOFT_INPUT reason HIDE_SOFT_INPUT
04-12 21:35:50.463 17455 17487 I DetoxWSClient: Sending out action 'invokeResult' (ID #3)
04-12 21:35:50.463 17455 17487 I DetoxDispatcher: Done with action 'invoke'
04-12 21:35:50.465 17455 17491 D DetoxWSClient: Received action 'invoke' (ID #4, params={"target":{"type":"Class","value":"com.wix.detox.espresso.EspressoDetox"},"method":"perform","args":[{"type":"Invocation","value":{"target":{"type":"Class","value":"com.wix.detox.espresso.DetoxMatcher"},"method":"matcherForTestId","args":["loginBtn",{"type":"boolean","value":false}]}},{"type":"Invocation","value":{"target":{"type":"Class","value":"com.wix.detox.espresso.DetoxViewActions"},"method":"click","args":[]}}]})
04-12 21:35:50.466 17455 17487 I DetoxDispatcher: Handling action 'invoke' (ID #4)...
04-12 21:35:50.466 17455 17487 D Detox   : class com.wix.detox.espresso.DetoxMatcher, matcherForTestId, [loginBtn, false]
04-12 21:35:50.466 17455 17487 D Detox   : class com.wix.detox.espresso.DetoxViewActions, click, []
04-12 21:35:50.467 17455 17487 D Detox   : class com.wix.detox.espresso.EspressoDetox, perform, [(view.getTag() is "loginBtn" and view has effective visibility <VISIBLE>), com.wix.detox.espresso.action.RNClickAction@bfc9260]
04-12 21:35:50.470 17455 17455 I ViewInteraction: Performing 'com.wix.detox.espresso.action.detoxsingletap@563c319 click' action on view (view.getTag() is "loginBtn" and view has effective visibility <VISIBLE>)
04-12 21:35:50.874 17455 17487 I DetoxWSClient: Sending out action 'invokeResult' (ID #4)
04-12 21:35:50.875 17455 17487 I DetoxDispatcher: Done with action 'invoke'
04-12 21:35:50.883 17455 17491 D DetoxWSClient: Received action 'invoke' (ID #5, params={"target":{"type":"Class","value":"com.wix.detox.espresso.DetoxAssertion"},"method":"waitForAssertMatcher","args":[{"type":"Invocation","value":{"target":{"type":"Class","value":"androidx.test.espresso.Espresso"},"method":"onView","args":[{"type":"Invocation","value":{"target":{"type":"Class","value":"com.wix.detox.espresso.DetoxMatcher"},"method":"matcherForTestId","args":["homeSearchCta",{"type":"boolean","value":false}]}}]}},{"type":"Invocation","value":{"target":{"type":"Class","value":"com.wix.detox.espresso.DetoxMatcher"},"method":"matcherForSufficientlyVisible","args":[{"type":"Integer","value":75}]}},{"type":"Double","value":5}]})
04-12 21:35:50.885 17455 17487 I DetoxDispatcher: Handling action 'invoke' (ID #5)...
04-12 21:35:50.886 17455 17487 D Detox   : class com.wix.detox.espresso.DetoxMatcher, matcherForTestId, [homeSearchCta, false]
04-12 21:35:50.887 17455 17487 D Detox   : class androidx.test.espresso.Espresso, onView, [(view.getTag() is "homeSearchCta" and view has effective visibility <VISIBLE>)]
04-12 21:35:50.888 17455 17487 D Detox   : class com.wix.detox.espresso.DetoxMatcher, matcherForSufficientlyVisible, [75]
04-12 21:35:50.888 17455 17487 D Detox   : class com.wix.detox.espresso.DetoxAssertion, waitForAssertMatcher, [androidx.test.espresso.ViewInteraction@4f625bf, (view has effective visibility <VISIBLE> and view.getGlobalVisibleRect() covers at least <75> percent of the view's area), 5.0]
