04-12 19:11:33.210  9227  9303 D Detox.RNMarker: NATIVE_MODULE_SETUP_END (RNCWebViewModule)
04-12 19:11:33.285  9227  9303 D Detox.RNMarker: RUN_JS_BUNDLE_END (/.virtual-metro-entry.bundle?platform=android&dev=true&lazy=true&minify=false&app=com.panviravindra.comparez&modulesOnly=false&runModule=true&excludeSource=true&sourcePaths=url-server)
04-12 19:11:33.298  9227  9303 I ReactNativeJS: Running "main" with {"rootTag":11}
04-12 19:11:33.305  9227  9321 D TrafficStats: tagSocket(126) with statsTag=0xffffffff, statsUid=-1
04-12 19:11:33.883  9227  9303 W ReactNativeJS: The app is running using the Legacy Architecture. The Legacy Architecture is deprecated and will be removed in a future version of React Native. Please consider migrating to the New Architecture. For more information, please see https://reactnative.dev/blog/2024/10/23/the-new-architecture-is-here
04-12 19:11:34.066  9227  9227 W UiControllerImpl: Waiting for: DYNAMIC_TASKS_HAVE_IDLED for 200 iterations.
04-12 19:11:34.237  9227  9227 D Detox.RNMarker: CONTENT_APPEARED (main)
04-12 19:11:34.259  9227  9304 D CompatibilityChangeReporter: Compat change id reported: 289878283; UID 10205; state: ENABLED
04-12 19:11:34.317  9227  9273 D EGL_emulation: app_time_stats: avg=2700.13ms min=341.60ms max=5058.66ms count=2
04-12 19:11:34.337  9227  9300 W vindra.comparez: Verification of boolean kotlin.reflect.jvm.internal.impl.renderer.DescriptorRendererOptionsImpl.getStartFromName() took 103.181ms (174.45 bytecodes/s) (1792B approximate peak alloc)
04-12 19:11:34.452  9227  9227 I Detox   : Wait is over: App is now idle!
04-12 19:11:34.456  9227  9260 I DetoxWSClient: Sending out action 'ready' (ID #-1000)
04-12 19:11:34.458  9227  9260 I DetoxDispatcher: Done with action 'isReady'
04-12 19:11:34.534  9227  9264 D DetoxWSClient: Received action 'invoke' (ID #1, params={"target":{"type":"Class","value":"com.wix.detox.espresso.DetoxAssertion"},"method":"waitForAssertMatcher","args":[{"type":"Invocation","value":{"target":{"type":"Class","value":"androidx.test.espresso.Espresso"},"method":"onView","args":[{"type":"Invocation","value":{"target":{"type":"Class","value":"com.wix.detox.espresso.DetoxMatcher"},"method":"matcherForTestId","args":["loginEmail",{"type":"boolean","value":false}]}}]}},{"type":"Invocation","value":{"target":{"type":"Class","value":"com.wix.detox.espresso.DetoxMatcher"},"method":"matcherForSufficientlyVisible","args":[{"type":"Integer","value":75}]}},{"type":"Double","value":3}]})
04-12 19:11:34.560  9227  9260 I DetoxDispatcher: Handling action 'invoke' (ID #1)...
04-12 19:11:34.581  9227  9260 D Detox   : class com.wix.detox.espresso.DetoxMatcher, matcherForTestId, [loginEmail, false]
04-12 19:11:34.631  9227  9323 D TrafficStats: tagSocket(141) with statsTag=0xffffffff, statsUid=-1
04-12 19:11:34.662  9227  9260 D Detox   : class androidx.test.espresso.Espresso, onView, [(view.getTag() is "loginEmail" and view has effective visibility <VISIBLE>)]
04-12 19:11:34.697  9227  9260 D CompatibilityChangeReporter: Compat change id reported: 247079863; UID 10205; state: ENABLED
04-12 19:11:34.713  9227  9260 D Detox   : class com.wix.detox.espresso.DetoxMatcher, matcherForSufficientlyVisible, [75]
04-12 19:11:34.734  9227  9260 D Detox   : class com.wix.detox.espresso.DetoxAssertion, waitForAssertMatcher, [androidx.test.espresso.ViewInteraction@71a7374, (view has effective visibility <VISIBLE> and view.getGlobalVisibleRect() covers at least <75> percent of the view's area), 3.0]
04-12 19:11:34.965  9227  9227 I ViewInteraction: Checking 'MatchesViewAssertion(Detox){viewMatcher=(view has effective visibility <VISIBLE> and view.getGlobalVisibleRect() covers at least <75> percent of the view's area)}' assertion on view (view.getTag() is "loginEmail" and view has effective visibility <VISIBLE>)
04-12 19:11:35.001  9227  9303 D Detox.RNMarker: NATIVE_MODULE_SETUP_START (FileReaderModule)
04-12 19:11:35.003  9227  9303 D Detox.RNMarker: CREATE_MODULE_START (FileReaderModule)
04-12 19:11:35.007  9227  9303 D Detox.RNMarker: CREATE_MODULE_END (FileReaderModule)
04-12 19:11:35.009  9227  9303 D Detox.RNMarker: NATIVE_MODULE_SETUP_END (FileReaderModule)
04-12 19:11:35.067  9227  9227 I ViewInteraction: Checking 'MatchesViewAssertion(Detox){viewMatcher=(view has effective visibility <VISIBLE> and view.getGlobalVisibleRect() covers at least <75> percent of the view's area)}' assertion on view (view.getTag() is "loginEmail" and view has effective visibility <VISIBLE>)
04-12 19:11:35.175  9227  9322 W vindra.comparez: Verification of bolts.Task com.facebook.imagepipeline.cache.BufferedDiskCache.remove(com.facebook.cache.common.CacheKey) took 178.232ms (302.98 bytecodes/s) (2696B approximate peak alloc)
04-12 19:11:35.204  9227  9227 I ViewInteraction: Checking 'MatchesViewAssertion(Detox){viewMatcher=(view has effective visibility <VISIBLE> and view.getGlobalVisibleRect() covers at least <75> percent of the view's area)}' assertion on view (view.getTag() is "loginEmail" and view has effective visibility <VISIBLE>)
04-12 19:11:35.212  9227  9300 W vindra.comparez: Verification of kotlin.reflect.jvm.internal.impl.descriptors.ClassDescriptor kotlin.reflect.jvm.internal.impl.serialization.deserialization.ClassDeserializer.createClass(kotlin.reflect.jvm.internal.impl.serialization.deserialization.ClassDeserializer$ClassKey) took 121.463ms (2099.40 bytecodes/s) (10424B approximate peak alloc)
04-12 19:11:35.306  9227  9227 I ViewInteraction: Checking 'MatchesViewAssertion(Detox){viewMatcher=(view has effective visibility <VISIBLE> and view.getGlobalVisibleRect() covers at least <75> percent of the view's area)}' assertion on view (view.getTag() is "loginEmail" and view has effective visibility <VISIBLE>)
04-12 19:11:35.320  9227  9233 I vindra.comparez: NativeAlloc concurrent copying GC freed 252328(19MB) AllocSpace objects, 6(120KB) LOS objects, 49% free, 10MB/20MB, paused 4.964ms,103us total 1.665s
04-12 19:11:35.382  9227  9227 I ViewInteraction: Checking 'MatchesViewAssertion(Detox){viewMatcher=(view has effective visibility <VISIBLE> and view.getGlobalVisibleRect() covers at least <75> percent of the view's area)}' assertion on view (view.getTag() is "loginEmail" and view has effective visibility <VISIBLE>)
04-12 19:11:35.464  9227  9227 I ViewInteraction: Checking 'MatchesViewAssertion(Detox){viewMatcher=(view has effective visibility <VISIBLE> and view.getGlobalVisibleRect() covers at least <75> percent of the view's area)}' assertion on view (view.getTag() is "loginEmail" and view has effective visibility <VISIBLE>)
04-12 19:11:35.540  9227  9227 I ViewInteraction: Checking 'MatchesViewAssertion(Detox){viewMatcher=(view has effective visibility <VISIBLE> and view.getGlobalVisibleRect() covers at least <75> percent of the view's area)}' assertion on view (view.getTag() is "loginEmail" and view has effective visibility <VISIBLE>)
04-12 19:11:35.644  9227  9227 I ViewInteraction: Checking 'MatchesViewAssertion(Detox){viewMatcher=(view has effective visibility <VISIBLE> and view.getGlobalVisibleRect() covers at least <75> percent of the view's area)}' assertion on view (view.getTag() is "loginEmail" and view has effective visibility <VISIBLE>)
04-12 19:11:35.740  9227  9227 I ViewInteraction: Checking 'MatchesViewAssertion(Detox){viewMatcher=(view has effective visibility <VISIBLE> and view.getGlobalVisibleRect() covers at least <75> percent of the view's area)}' assertion on view (view.getTag() is "loginEmail" and view has effective visibility <VISIBLE>)
04-12 19:11:35.813  9227  9227 I ViewInteraction: Checking 'MatchesViewAssertion(Detox){viewMatcher=(view has effective visibility <VISIBLE> and view.getGlobalVisibleRect() covers at least <75> percent of the view's area)}' assertion on view (view.getTag() is "loginEmail" and view has effective visibility <VISIBLE>)
04-12 19:11:35.900  9227  9227 I ViewInteraction: Checking 'MatchesViewAssertion(Detox){viewMatcher=(view has effective visibility <VISIBLE> and view.getGlobalVisibleRect() covers at least <75> percent of the view's area)}' assertion on view (view.getTag() is "loginEmail" and view has effective visibility <VISIBLE>)
04-12 19:11:35.994  9227  9227 I ViewInteraction: Checking 'MatchesViewAssertion(Detox){viewMatcher=(view has effective visibility <VISIBLE> and view.getGlobalVisibleRect() covers at least <75> percent of the view's area)}' assertion on view (view.getTag() is "loginEmail" and view has effective visibility <VISIBLE>)
04-12 19:11:36.112  9227  9227 I ViewInteraction: Checking 'MatchesViewAssertion(Detox){viewMatcher=(view has effective visibility <VISIBLE> and view.getGlobalVisibleRect() covers at least <75> percent of the view's area)}' assertion on view (view.getTag() is "loginEmail" and view has effective visibility <VISIBLE>)
04-12 19:11:36.303  9227  9227 I ViewInteraction: Checking 'MatchesViewAssertion(Detox){viewMatcher=(view has effective visibility <VISIBLE> and view.getGlobalVisibleRect() covers at least <75> percent of the view's area)}' assertion on view (view.getTag() is "loginEmail" and view has effective visibility <VISIBLE>)
04-12 19:11:36.371  9227  9227 I ViewInteraction: Checking 'MatchesViewAssertion(Detox){viewMatcher=(view has effective visibility <VISIBLE> and view.getGlobalVisibleRect() covers at least <75> percent of the view's area)}' assertion on view (view.getTag() is "loginEmail" and view has effective visibility <VISIBLE>)
04-12 19:11:36.422  9227  9227 I ViewInteraction: Checking 'MatchesViewAssertion(Detox){viewMatcher=(view has effective visibility <VISIBLE> and view.getGlobalVisibleRect() covers at least <75> percent of the view's area)}' assertion on view (view.getTag() is "loginEmail" and view has effective visibility <VISIBLE>)
04-12 19:11:36.479  9227  9227 I ViewInteraction: Checking 'MatchesViewAssertion(Detox){viewMatcher=(view has effective visibility <VISIBLE> and view.getGlobalVisibleRect() covers at least <75> percent of the view's area)}' assertion on view (view.getTag() is "loginEmail" and view has effective visibility <VISIBLE>)
04-12 19:11:36.501  9227  9325 D TrafficStats: tagSocket(5) with statsTag=0xffffffff, statsUid=-1
04-12 19:11:36.549  9227  9227 I ViewInteraction: Checking 'MatchesViewAssertion(Detox){viewMatcher=(view has effective visibility <VISIBLE> and view.getGlobalVisibleRect() covers at least <75> percent of the view's area)}' assertion on view (view.getTag() is "loginEmail" and view has effective visibility <VISIBLE>)
04-12 19:11:36.628  9227  9227 I ViewInteraction: Checking 'MatchesViewAssertion(Detox){viewMatcher=(view has effective visibility <VISIBLE> and view.getGlobalVisibleRect() covers at least <75> percent of the view's area)}' assertion on view (view.getTag() is "loginEmail" and view has effective visibility <VISIBLE>)
04-12 19:11:36.722  9227  9227 I ViewInteraction: Checking 'MatchesViewAssertion(Detox){viewMatcher=(view has effective visibility <VISIBLE> and view.getGlobalVisibleRect() covers at least <75> percent of the view's area)}' assertion on view (view.getTag() is "loginEmail" and view has effective visibility <VISIBLE>)
04-12 19:11:36.805  9227  9227 I ViewInteraction: Checking 'MatchesViewAssertion(Detox){viewMatcher=(view has effective visibility <VISIBLE> and view.getGlobalVisibleRect() covers at least <75> percent of the view's area)}' assertion on view (view.getTag() is "loginEmail" and view has effective visibility <VISIBLE>)
04-12 19:11:36.837  9227  9273 D EGL_emulation: app_time_stats: avg=839.95ms min=19.02ms max=2445.63ms count=3
04-12 19:11:37.201  9227  9227 I ViewInteraction: Checking 'MatchesViewAssertion(Detox){viewMatcher=(view has effective visibility <VISIBLE> and view.getGlobalVisibleRect() covers at least <75> percent of the view's area)}' assertion on view (view.getTag() is "loginEmail" and view has effective visibility <VISIBLE>)
04-12 19:11:37.211  9227  9326 W vindra.comparez: Verification of com.facebook.binaryresource.FileBinaryResource com.facebook.binaryresource.FileBinaryResource$Companion.create(java.io.File) took 109.485ms (109.60 bytecodes/s) (1720B approximate peak alloc)
04-12 19:11:37.282  9227  9227 I ViewInteraction: Checking 'MatchesViewAssertion(Detox){viewMatcher=(view has effective visibility <VISIBLE> and view.getGlobalVisibleRect() covers at least <75> percent of the view's area)}' assertion on view (view.getTag() is "loginEmail" and view has effective visibility <VISIBLE>)
04-12 19:11:37.393  9227  9227 I ViewInteraction: Checking 'MatchesViewAssertion(Detox){viewMatcher=(view has effective visibility <VISIBLE> and view.getGlobalVisibleRect() covers at least <75> percent of the view's area)}' assertion on view (view.getTag() is "loginEmail" and view has effective visibility <VISIBLE>)
04-12 19:11:37.461  9227  9227 I ViewInteraction: Checking 'MatchesViewAssertion(Detox){viewMatcher=(view has effective visibility <VISIBLE> and view.getGlobalVisibleRect() covers at least <75> percent of the view's area)}' assertion on view (view.getTag() is "loginEmail" and view has effective visibility <VISIBLE>)
04-12 19:11:37.528  9227  9227 I ViewInteraction: Checking 'MatchesViewAssertion(Detox){viewMatcher=(view has effective visibility <VISIBLE> and view.getGlobalVisibleRect() covers at least <75> percent of the view's area)}' assertion on view (view.getTag() is "loginEmail" and view has effective visibility <VISIBLE>)
04-12 19:11:37.593  9227  9227 I ViewInteraction: Checking 'MatchesViewAssertion(Detox){viewMatcher=(view has effective visibility <VISIBLE> and view.getGlobalVisibleRect() covers at least <75> percent of the view's area)}' assertion on view (view.getTag() is "loginEmail" and view has effective visibility <VISIBLE>)
04-12 19:11:37.604  9227  9233 I vindra.comparez: Background young concurrent copying GC freed 227939(11MB) AllocSpace objects, 2(40KB) LOS objects, 48% free, 10MB/20MB, paused 146us,22us total 361.372ms
04-12 19:11:37.651  9227  9227 I ViewInteraction: Checking 'MatchesViewAssertion(Detox){viewMatcher=(view has effective visibility <VISIBLE> and view.getGlobalVisibleRect() covers at least <75> percent of the view's area)}' assertion on view (view.getTag() is "loginEmail" and view has effective visibility <VISIBLE>)
04-12 19:11:37.718  9227  9227 I ViewInteraction: Checking 'MatchesViewAssertion(Detox){viewMatcher=(view has effective visibility <VISIBLE> and view.getGlobalVisibleRect() covers at least <75> percent of the view's area)}' assertion on view (view.getTag() is "loginEmail" and view has effective visibility <VISIBLE>)
04-12 19:11:37.760  9227  9303 D Detox.RNMarker: NATIVE_MODULE_SETUP_START (I18nManager)
04-12 19:11:37.763  9227  9303 D Detox.RNMarker: CREATE_MODULE_START (I18nManager)
04-12 19:11:37.764  9227  9303 D Detox.RNMarker: CREATE_MODULE_END (I18nManager)
04-12 19:11:37.767  9227  9303 D Detox.RNMarker: NATIVE_MODULE_SETUP_END (I18nManager)
04-12 19:11:37.853  9227  9303 D Detox.RNMarker: NATIVE_MODULE_SETUP_START (StatusBarManager)
04-12 19:11:37.854  9227  9303 D Detox.RNMarker: CREATE_MODULE_START (StatusBarManager)
04-12 19:11:37.856  9227  9303 D Detox.RNMarker: CREATE_MODULE_END (StatusBarManager)
04-12 19:11:37.858  9227  9303 D Detox.RNMarker: NATIVE_MODULE_SETUP_END (StatusBarManager)
04-12 19:11:37.878  9227  9303 D Detox.RNMarker: NATIVE_MODULE_SETUP_START (RNEdgeToEdge)
04-12 19:11:37.927  9227  9303 D Detox.RNMarker: NATIVE_MODULE_SETUP_START (AccessibilityInfo)
04-12 19:11:37.927  9227  9303 D Detox.RNMarker: CREATE_MODULE_START (AccessibilityInfo)
04-12 19:11:37.935  9227  9303 D Detox.RNMarker: CREATE_MODULE_END (AccessibilityInfo)
04-12 19:11:37.938  9227  9303 D Detox.RNMarker: NATIVE_MODULE_SETUP_END (AccessibilityInfo)
04-12 19:11:37.940  9227  9303 D Detox.RNMarker: NATIVE_MODULE_SETUP_START (AccessibilityManager)
04-12 19:11:37.947  9227  9303 D Detox.RNMarker: NATIVE_MODULE_SETUP_START (KeyboardObserver)
04-12 19:11:38.226  9227  9304 W unknown:ReactNative: Attempt to set local data for view with unknown tag: -1
04-12 19:11:38.230  9227  9304 W unknown:ReactNative: Attempt to set local data for view with unknown tag: -1
04-12 19:11:38.231  9227  9304 W unknown:ReactNative: Attempt to set local data for view with unknown tag: -1
04-12 19:11:38.276  9227  9304 W unknown:ReactNative: Attempt to set local data for view with unknown tag: -1
04-12 19:11:38.276  9227  9304 W unknown:ReactNative: Attempt to set local data for view with unknown tag: -1
04-12 19:11:38.277  9227  9304 W unknown:ReactNative: Attempt to set local data for view with unknown tag: -1
04-12 19:11:38.280  9227  9304 W unknown:ViewManagerPropertyUpdater: Could not find generated setter for class com.swmansion.rnscreens.ScreenStackHeaderConfigShadowNode
04-12 19:11:38.307  9227  9304 W unknown:ViewManagerPropertyUpdater: Could not find generated setter for class com.swmansion.rnscreens.ScreensShadowNode
04-12 19:11:38.358  9227  9302 D TrafficStats: tagSocket(164) with statsTag=0xffffffff, statsUid=-1
04-12 19:11:38.451  9227  9304 W unknown:ReactNative: StatusBarModule: Ignored status bar change, current activity is edge-to-edge.
04-12 19:11:38.453  9227  9304 W unknown:ReactNative: StatusBarModule: Ignored status bar change, current activity is edge-to-edge.
04-12 19:11:38.693  9227  9273 D EGL_emulation: app_time_stats: avg=87.28ms min=2.86ms max=1550.12ms count=19
04-12 19:11:38.715  9227  9227 D AutofillManager: notifyViewEnteredForFillDialog:1073741824
04-12 19:11:38.723  9227  9227 D AutofillManager: notifyViewEnteredForFillDialog:1073741825
04-12 19:11:38.728  9227  9227 D AutofillManager: Triggering pre-emptive request for fill dialog.
04-12 19:11:38.790  9227  9227 D CompatibilityChangeReporter: Compat change id reported: 163400105; UID 10205; state: ENABLED
04-12 19:11:38.802  9227  9227 I AssistStructure: Flattened final assist data: 3132 bytes, containing 1 windows, 18 views
04-12 19:11:39.064  9227  9303 D Detox.RNMarker: NATIVE_MODULE_SETUP_START (RNEdgeToEdge)
04-12 19:11:39.146  9227  9260 I DetoxActionHandlers: Test exception
04-12 19:11:39.146  9227  9260 I DetoxActionHandlers: java.lang.reflect.InvocationTargetException
04-12 19:11:39.146  9227  9260 I DetoxActionHandlers: 	at java.lang.reflect.Method.invoke(Native Method)
04-12 19:11:39.146  9227  9260 I DetoxActionHandlers: 	at org.apache.commons.lang3.reflect.MethodUtils.invokeStaticMethod(MethodUtils.java:443)
04-12 19:11:39.146  9227  9260 I DetoxActionHandlers: 	at org.apache.commons.lang3.reflect.MethodUtils.invokeStaticMethod(MethodUtils.java:405)
04-12 19:11:39.146  9227  9260 I DetoxActionHandlers: 	at com.wix.invoke.types.ClassTarget.execute(ClassTarget.java:23)
04-12 19:11:39.146  9227  9260 I DetoxActionHandlers: 	at com.wix.invoke.types.Target.invoke(Target.java:59)
04-12 19:11:39.146  9227  9260 I DetoxActionHandlers: 	at com.wix.invoke.MethodInvocation.invoke(MethodInvocation.java:35)
04-12 19:11:39.146  9227  9260 I DetoxActionHandlers: 	at com.wix.invoke.MethodInvocation.invoke(MethodInvocation.java:26)
04-12 19:11:39.146  9227  9260 I DetoxActionHandlers: 	at com.wix.invoke.MethodInvocation.invoke(MethodInvocation.java:20)
04-12 19:11:39.146  9227  9260 I DetoxActionHandlers: 	at com.wix.detox.adapters.server.InvokeActionHandler.handle(DetoxActionHandlers.kt:54)
04-12 19:11:39.146  9227  9260 I DetoxActionHandlers: 	at com.wix.detox.adapters.server.ActionsExecutor.executeAction$lambda$2$lambda$1(DetoxActionsDispatcher.kt:76)
04-12 19:11:39.146  9227  9260 I DetoxActionHandlers: 	at com.wix.detox.adapters.server.ActionsExecutor.$r8$lambda$GVbB7LHtBHxNHGbgYnHJ6YrwCqs(Unknown Source:0)
04-12 19:11:39.146  9227  9260 I DetoxActionHandlers: 	at com.wix.detox.adapters.server.ActionsExecutor$$ExternalSyntheticLambda0.run(D8$$SyntheticClass:0)
04-12 19:11:39.146  9227  9260 I DetoxActionHandlers: 	at android.os.Handler.handleCallback(Handler.java:958)
04-12 19:11:39.146  9227  9260 I DetoxActionHandlers: 	at android.os.Handler.dispatchMessage(Handler.java:99)
04-12 19:11:39.146  9227  9260 I DetoxActionHandlers: 	at android.os.Looper.loopOnce(Looper.java:205)
04-12 19:11:39.146  9227  9260 I DetoxActionHandlers: 	at android.os.Looper.loop(Looper.java:294)
04-12 19:11:39.146  9227  9260 I DetoxActionHandlers: 	at com.wix.detox.adapters.server.ActionsExecutor._init_$lambda$0(DetoxActionsDispatcher.kt:62)
04-12 19:11:39.146  9227  9260 I DetoxActionHandlers: 	at com.wix.detox.adapters.server.ActionsExecutor.$r8$lambda$xlgL0CQim6vNM0wWEqM8JIDgZUE(Unknown Source:0)
04-12 19:11:39.146  9227  9260 I DetoxActionHandlers: 	at com.wix.detox.adapters.server.ActionsExecutor$$ExternalSyntheticLambda1.run(D8$$SyntheticClass:0)
04-12 19:11:39.146  9227  9260 I DetoxActionHandlers: 	at java.lang.Thread.run(Thread.java:1012)
04-12 19:11:39.146  9227  9260 I DetoxActionHandlers: Caused by: com.wix.detox.common.DetoxErrors$DetoxRuntimeException: 3.0sec timeout expired without matching of given matcher: (view has effective visibility <VISIBLE> and view.getGlobalVisibleRect() covers at least <75> percent of the view's area)
04-12 19:11:39.146  9227  9260 I DetoxActionHandlers: 	at com.wix.detox.espresso.DetoxAssertion.waitForAssertMatcher(DetoxAssertion.java:72)
04-12 19:11:39.146  9227  9260 I DetoxActionHandlers: 	... 20 more
04-12 19:11:39.151  9227  9260 I DetoxWSClient: Sending out action 'testFailed' (ID #1)
04-12 19:11:39.155  9227  9260 I DetoxDispatcher: Done with action 'invoke'
04-12 19:11:39.163  9227  9264 D DetoxWSClient: Received action 'invoke' (ID #2, params={"target":{"type":"Class","value":"com.wix.detox.espresso.DetoxAssertion"},"method":"waitForAssertMatcher","args":[{"type":"Invocation","value":{"target":{"type":"Class","value":"androidx.test.espresso.Espresso"},"method":"onView","args":[{"type":"Invocation","value":{"target":{"type":"Class","value":"com.wix.detox.espresso.DetoxMatcher"},"method":"matcherForTestId","args":["homeSearchCta",{"type":"boolean","value":false}]}}]}},{"type":"Invocation","value":{"target":{"type":"Class","value":"com.wix.detox.espresso.DetoxMatcher"},"method":"matcherForSufficientlyVisible","args":[{"type":"Integer","value":75}]}},{"type":"Double","value":5}]})
04-12 19:11:39.166  9227  9260 I DetoxDispatcher: Handling action 'invoke' (ID #2)...
04-12 19:11:39.169  9227  9260 D Detox   : class com.wix.detox.espresso.DetoxMatcher, matcherForTestId, [homeSearchCta, false]
04-12 19:11:39.171  9227  9260 D Detox   : class androidx.test.espresso.Espresso, onView, [(view.getTag() is "homeSearchCta" and view has effective visibility <VISIBLE>)]
04-12 19:11:39.172  9227  9260 D Detox   : class com.wix.detox.espresso.DetoxMatcher, matcherForSufficientlyVisible, [75]
04-12 19:11:39.174  9227  9260 D Detox   : class com.wix.detox.espresso.DetoxAssertion, waitForAssertMatcher, [androidx.test.espresso.ViewInteraction@3b437e7, (view has effective visibility <VISIBLE> and view.getGlobalVisibleRect() covers at least <75> percent of the view's area), 5.0]
04-12 19:11:39.244  9227  9227 I ViewInteraction: Checking 'MatchesViewAssertion(Detox){viewMatcher=(view has effective visibility <VISIBLE> and view.getGlobalVisibleRect() covers at least <75> percent of the view's area)}' assertion on view (view.getTag() is "homeSearchCta" and view has effective visibility <VISIBLE>)
04-12 19:11:39.346  9227  9227 I ViewInteraction: Checking 'MatchesViewAssertion(Detox){viewMatcher=(view has effective visibility <VISIBLE> and view.getGlobalVisibleRect() covers at least <75> percent of the view's area)}' assertion on view (view.getTag() is "homeSearchCta" and view has effective visibility <VISIBLE>)
04-12 19:11:39.430  9227  9227 I ViewInteraction: Checking 'MatchesViewAssertion(Detox){viewMatcher=(view has effective visibility <VISIBLE> and view.getGlobalVisibleRect() covers at least <75> percent of the view's area)}' assertion on view (view.getTag() is "homeSearchCta" and view has effective visibility <VISIBLE>)
04-12 19:11:39.530  9227  9227 I ViewInteraction: Checking 'MatchesViewAssertion(Detox){viewMatcher=(view has effective visibility <VISIBLE> and view.getGlobalVisibleRect() covers at least <75> percent of the view's area)}' assertion on view (view.getTag() is "homeSearchCta" and view has effective visibility <VISIBLE>)
04-12 19:11:39.647  9227  9227 I ViewInteraction: Checking 'MatchesViewAssertion(Detox){viewMatcher=(view has effective visibility <VISIBLE> and view.getGlobalVisibleRect() covers at least <75> percent of the view's area)}' assertion on view (view.getTag() is "homeSearchCta" and view has effective visibility <VISIBLE>)
04-12 19:11:39.751  9227  9227 I ViewInteraction: Checking 'MatchesViewAssertion(Detox){viewMatcher=(view has effective visibility <VISIBLE> and view.getGlobalVisibleRect() covers at least <75> percent of the view's area)}' assertion on view (view.getTag() is "homeSearchCta" and view has effective visibility <VISIBLE>)
04-12 19:11:39.881  9227  9227 I ViewInteraction: Checking 'MatchesViewAssertion(Detox){viewMatcher=(view has effective visibility <VISIBLE> and view.getGlobalVisibleRect() covers at least <75> percent of the view's area)}' assertion on view (view.getTag() is "homeSearchCta" and view has effective visibility <VISIBLE>)
04-12 19:11:39.985  9227  9227 I ViewInteraction: Checking 'MatchesViewAssertion(Detox){viewMatcher=(view has effective visibility <VISIBLE> and view.getGlobalVisibleRect() covers at least <75> percent of the view's area)}' assertion on view (view.getTag() is "homeSearchCta" and view has effective visibility <VISIBLE>)
04-12 19:11:40.062  9227  9227 I ViewInteraction: Checking 'MatchesViewAssertion(Detox){viewMatcher=(view has effective visibility <VISIBLE> and view.getGlobalVisibleRect() covers at least <75> percent of the view's area)}' assertion on view (view.getTag() is "homeSearchCta" and view has effective visibility <VISIBLE>)
04-12 19:11:40.143  9227  9227 I ViewInteraction: Checking 'MatchesViewAssertion(Detox){viewMatcher=(view has effective visibility <VISIBLE> and view.getGlobalVisibleRect() covers at least <75> percent of the view's area)}' assertion on view (view.getTag() is "homeSearchCta" and view has effective visibility <VISIBLE>)
04-12 19:11:40.225  9227  9227 I ViewInteraction: Checking 'MatchesViewAssertion(Detox){viewMatcher=(view has effective visibility <VISIBLE> and view.getGlobalVisibleRect() covers at least <75> percent of the view's area)}' assertion on view (view.getTag() is "homeSearchCta" and view has effective visibility <VISIBLE>)
04-12 19:11:40.304  9227  9227 I ViewInteraction: Checking 'MatchesViewAssertion(Detox){viewMatcher=(view has effective visibility <VISIBLE> and view.getGlobalVisibleRect() covers at least <75> percent of the view's area)}' assertion on view (view.getTag() is "homeSearchCta" and view has effective visibility <VISIBLE>)
04-12 19:11:40.389  9227  9227 I ViewInteraction: Checking 'MatchesViewAssertion(Detox){viewMatcher=(view has effective visibility <VISIBLE> and view.getGlobalVisibleRect() covers at least <75> percent of the view's area)}' assertion on view (view.getTag() is "homeSearchCta" and view has effective visibility <VISIBLE>)
04-12 19:11:40.469  9227  9227 I ViewInteraction: Checking 'MatchesViewAssertion(Detox){viewMatcher=(view has effective visibility <VISIBLE> and view.getGlobalVisibleRect() covers at least <75> percent of the view's area)}' assertion on view (view.getTag() is "homeSearchCta" and view has effective visibility <VISIBLE>)
04-12 19:11:40.558  9227  9227 I ViewInteraction: Checking 'MatchesViewAssertion(Detox){viewMatcher=(view has effective visibility <VISIBLE> and view.getGlobalVisibleRect() covers at least <75> percent of the view's area)}' assertion on view (view.getTag() is "homeSearchCta" and view has effective visibility <VISIBLE>)
04-12 19:11:40.641  9227  9227 I ViewInteraction: Checking 'MatchesViewAssertion(Detox){viewMatcher=(view has effective visibility <VISIBLE> and view.getGlobalVisibleRect() covers at least <75> percent of the view's area)}' assertion on view (view.getTag() is "homeSearchCta" and view has effective visibility <VISIBLE>)
04-12 19:11:40.732  9227  9227 I ViewInteraction: Checking 'MatchesViewAssertion(Detox){viewMatcher=(view has effective visibility <VISIBLE> and view.getGlobalVisibleRect() covers at least <75> percent of the view's area)}' assertion on view (view.getTag() is "homeSearchCta" and view has effective visibility <VISIBLE>)
04-12 19:11:40.810  9227  9227 I ViewInteraction: Checking 'MatchesViewAssertion(Detox){viewMatcher=(view has effective visibility <VISIBLE> and view.getGlobalVisibleRect() covers at least <75> percent of the view's area)}' assertion on view (view.getTag() is "homeSearchCta" and view has effective visibility <VISIBLE>)
04-12 19:11:40.882  9227  9227 I ViewInteraction: Checking 'MatchesViewAssertion(Detox){viewMatcher=(view has effective visibility <VISIBLE> and view.getGlobalVisibleRect() covers at least <75> percent of the view's area)}' assertion on view (view.getTag() is "homeSearchCta" and view has effective visibility <VISIBLE>)
04-12 19:11:40.965  9227  9227 I ViewInteraction: Checking 'MatchesViewAssertion(Detox){viewMatcher=(view has effective visibility <VISIBLE> and view.getGlobalVisibleRect() covers at least <75> percent of the view's area)}' assertion on view (view.getTag() is "homeSearchCta" and view has effective visibility <VISIBLE>)
04-12 19:11:41.044  9227  9227 I ViewInteraction: Checking 'MatchesViewAssertion(Detox){viewMatcher=(view has effective visibility <VISIBLE> and view.getGlobalVisibleRect() covers at least <75> percent of the view's area)}' assertion on view (view.getTag() is "homeSearchCta" and view has effective visibility <VISIBLE>)
04-12 19:11:41.118  9227  9227 I ViewInteraction: Checking 'MatchesViewAssertion(Detox){viewMatcher=(view has effective visibility <VISIBLE> and view.getGlobalVisibleRect() covers at least <75> percent of the view's area)}' assertion on view (view.getTag() is "homeSearchCta" and view has effective visibility <VISIBLE>)
04-12 19:11:41.194  9227  9227 I ViewInteraction: Checking 'MatchesViewAssertion(Detox){viewMatcher=(view has effective visibility <VISIBLE> and view.getGlobalVisibleRect() covers at least <75> percent of the view's area)}' assertion on view (view.getTag() is "homeSearchCta" and view has effective visibility <VISIBLE>)
04-12 19:11:41.273  9227  9227 I ViewInteraction: Checking 'MatchesViewAssertion(Detox){viewMatcher=(view has effective visibility <VISIBLE> and view.getGlobalVisibleRect() covers at least <75> percent of the view's area)}' assertion on view (view.getTag() is "homeSearchCta" and view has effective visibility <VISIBLE>)
04-12 19:11:41.353  9227  9227 I ViewInteraction: Checking 'MatchesViewAssertion(Detox){viewMatcher=(view has effective visibility <VISIBLE> and view.getGlobalVisibleRect() covers at least <75> percent of the view's area)}' assertion on view (view.getTag() is "homeSearchCta" and view has effective visibility <VISIBLE>)
04-12 19:11:41.433  9227  9227 I ViewInteraction: Checking 'MatchesViewAssertion(Detox){viewMatcher=(view has effective visibility <VISIBLE> and view.getGlobalVisibleRect() covers at least <75> percent of the view's area)}' assertion on view (view.getTag() is "homeSearchCta" and view has effective visibility <VISIBLE>)
04-12 19:11:41.513  9227  9227 I ViewInteraction: Checking 'MatchesViewAssertion(Detox){viewMatcher=(view has effective visibility <VISIBLE> and view.getGlobalVisibleRect() covers at least <75> percent of the view's area)}' assertion on view (view.getTag() is "homeSearchCta" and view has effective visibility <VISIBLE>)
04-12 19:11:41.593  9227  9227 I ViewInteraction: Checking 'MatchesViewAssertion(Detox){viewMatcher=(view has effective visibility <VISIBLE> and view.getGlobalVisibleRect() covers at least <75> percent of the view's area)}' assertion on view (view.getTag() is "homeSearchCta" and view has effective visibility <VISIBLE>)
04-12 19:11:41.677  9227  9227 I ViewInteraction: Checking 'MatchesViewAssertion(Detox){viewMatcher=(view has effective visibility <VISIBLE> and view.getGlobalVisibleRect() covers at least <75> percent of the view's area)}' assertion on view (view.getTag() is "homeSearchCta" and view has effective visibility <VISIBLE>)
04-12 19:11:41.753  9227  9227 I ViewInteraction: Checking 'MatchesViewAssertion(Detox){viewMatcher=(view has effective visibility <VISIBLE> and view.getGlobalVisibleRect() covers at least <75> percent of the view's area)}' assertion on view (view.getTag() is "homeSearchCta" and view has effective visibility <VISIBLE>)
04-12 19:11:41.844  9227  9227 I ViewInteraction: Checking 'MatchesViewAssertion(Detox){viewMatcher=(view has effective visibility <VISIBLE> and view.getGlobalVisibleRect() covers at least <75> percent of the view's area)}' assertion on view (view.getTag() is "homeSearchCta" and view has effective visibility <VISIBLE>)
04-12 19:11:41.912  9227  9227 I ViewInteraction: Checking 'MatchesViewAssertion(Detox){viewMatcher=(view has effective visibility <VISIBLE> and view.getGlobalVisibleRect() covers at least <75> percent of the view's area)}' assertion on view (view.getTag() is "homeSearchCta" and view has effective visibility <VISIBLE>)
04-12 19:11:41.985  9227  9227 I ViewInteraction: Checking 'MatchesViewAssertion(Detox){viewMatcher=(view has effective visibility <VISIBLE> and view.getGlobalVisibleRect() covers at least <75> percent of the view's area)}' assertion on view (view.getTag() is "homeSearchCta" and view has effective visibility <VISIBLE>)
04-12 19:11:42.063  9227  9227 I ViewInteraction: Checking 'MatchesViewAssertion(Detox){viewMatcher=(view has effective visibility <VISIBLE> and view.getGlobalVisibleRect() covers at least <75> percent of the view's area)}' assertion on view (view.getTag() is "homeSearchCta" and view has effective visibility <VISIBLE>)
04-12 19:11:42.137  9227  9227 I ViewInteraction: Checking 'MatchesViewAssertion(Detox){viewMatcher=(view has effective visibility <VISIBLE> and view.getGlobalVisibleRect() covers at least <75> percent of the view's area)}' assertion on view (view.getTag() is "homeSearchCta" and view has effective visibility <VISIBLE>)
04-12 19:11:42.220  9227  9227 I ViewInteraction: Checking 'MatchesViewAssertion(Detox){viewMatcher=(view has effective visibility <VISIBLE> and view.getGlobalVisibleRect() covers at least <75> percent of the view's area)}' assertion on view (view.getTag() is "homeSearchCta" and view has effective visibility <VISIBLE>)
04-12 19:11:42.308  9227  9227 I ViewInteraction: Checking 'MatchesViewAssertion(Detox){viewMatcher=(view has effective visibility <VISIBLE> and view.getGlobalVisibleRect() covers at least <75> percent of the view's area)}' assertion on view (view.getTag() is "homeSearchCta" and view has effective visibility <VISIBLE>)
04-12 19:11:42.381  9227  9227 I ViewInteraction: Checking 'MatchesViewAssertion(Detox){viewMatcher=(view has effective visibility <VISIBLE> and view.getGlobalVisibleRect() covers at least <75> percent of the view's area)}' assertion on view (view.getTag() is "homeSearchCta" and view has effective visibility <VISIBLE>)
04-12 19:11:42.455  9227  9227 I ViewInteraction: Checking 'MatchesViewAssertion(Detox){viewMatcher=(view has effective visibility <VISIBLE> and view.getGlobalVisibleRect() covers at least <75> percent of the view's area)}' assertion on view (view.getTag() is "homeSearchCta" and view has effective visibility <VISIBLE>)
04-12 19:11:42.532  9227  9227 I ViewInteraction: Checking 'MatchesViewAssertion(Detox){viewMatcher=(view has effective visibility <VISIBLE> and view.getGlobalVisibleRect() covers at least <75> percent of the view's area)}' assertion on view (view.getTag() is "homeSearchCta" and view has effective visibility <VISIBLE>)
04-12 19:11:42.608  9227  9227 I ViewInteraction: Checking 'MatchesViewAssertion(Detox){viewMatcher=(view has effective visibility <VISIBLE> and view.getGlobalVisibleRect() covers at least <75> percent of the view's area)}' assertion on view (view.getTag() is "homeSearchCta" and view has effective visibility <VISIBLE>)
04-12 19:11:42.689  9227  9227 I ViewInteraction: Checking 'MatchesViewAssertion(Detox){viewMatcher=(view has effective visibility <VISIBLE> and view.getGlobalVisibleRect() covers at least <75> percent of the view's area)}' assertion on view (view.getTag() is "homeSearchCta" and view has effective visibility <VISIBLE>)
04-12 19:11:42.771  9227  9227 I ViewInteraction: Checking 'MatchesViewAssertion(Detox){viewMatcher=(view has effective visibility <VISIBLE> and view.getGlobalVisibleRect() covers at least <75> percent of the view's area)}' assertion on view (view.getTag() is "homeSearchCta" and view has effective visibility <VISIBLE>)
04-12 19:11:42.870  9227  9227 I ViewInteraction: Checking 'MatchesViewAssertion(Detox){viewMatcher=(view has effective visibility <VISIBLE> and view.getGlobalVisibleRect() covers at least <75> percent of the view's area)}' assertion on view (view.getTag() is "homeSearchCta" and view has effective visibility <VISIBLE>)
04-12 19:11:42.972  9227  9227 I ViewInteraction: Checking 'MatchesViewAssertion(Detox){viewMatcher=(view has effective visibility <VISIBLE> and view.getGlobalVisibleRect() covers at least <75> percent of the view's area)}' assertion on view (view.getTag() is "homeSearchCta" and view has effective visibility <VISIBLE>)
04-12 19:11:43.056  9227  9227 I ViewInteraction: Checking 'MatchesViewAssertion(Detox){viewMatcher=(view has effective visibility <VISIBLE> and view.getGlobalVisibleRect() covers at least <75> percent of the view's area)}' assertion on view (view.getTag() is "homeSearchCta" and view has effective visibility <VISIBLE>)
04-12 19:11:43.128  9227  9227 I ViewInteraction: Checking 'MatchesViewAssertion(Detox){viewMatcher=(view has effective visibility <VISIBLE> and view.getGlobalVisibleRect() covers at least <75> percent of the view's area)}' assertion on view (view.getTag() is "homeSearchCta" and view has effective visibility <VISIBLE>)
04-12 19:11:43.199  9227  9227 I ViewInteraction: Checking 'MatchesViewAssertion(Detox){viewMatcher=(view has effective visibility <VISIBLE> and view.getGlobalVisibleRect() covers at least <75> percent of the view's area)}' assertion on view (view.getTag() is "homeSearchCta" and view has effective visibility <VISIBLE>)
04-12 19:11:43.281  9227  9227 I ViewInteraction: Checking 'MatchesViewAssertion(Detox){viewMatcher=(view has effective visibility <VISIBLE> and view.getGlobalVisibleRect() covers at least <75> percent of the view's area)}' assertion on view (view.getTag() is "homeSearchCta" and view has effective visibility <VISIBLE>)
04-12 19:11:43.356  9227  9227 I ViewInteraction: Checking 'MatchesViewAssertion(Detox){viewMatcher=(view has effective visibility <VISIBLE> and view.getGlobalVisibleRect() covers at least <75> percent of the view's area)}' assertion on view (view.getTag() is "homeSearchCta" and view has effective visibility <VISIBLE>)
04-12 19:11:43.429  9227  9227 I ViewInteraction: Checking 'MatchesViewAssertion(Detox){viewMatcher=(view has effective visibility <VISIBLE> and view.getGlobalVisibleRect() covers at least <75> percent of the view's area)}' assertion on view (view.getTag() is "homeSearchCta" and view has effective visibility <VISIBLE>)
04-12 19:11:43.500  9227  9227 I ViewInteraction: Checking 'MatchesViewAssertion(Detox){viewMatcher=(view has effective visibility <VISIBLE> and view.getGlobalVisibleRect() covers at least <75> percent of the view's area)}' assertion on view (view.getTag() is "homeSearchCta" and view has effective visibility <VISIBLE>)
04-12 19:11:43.570  9227  9227 I ViewInteraction: Checking 'MatchesViewAssertion(Detox){viewMatcher=(view has effective visibility <VISIBLE> and view.getGlobalVisibleRect() covers at least <75> percent of the view's area)}' assertion on view (view.getTag() is "homeSearchCta" and view has effective visibility <VISIBLE>)
04-12 19:11:43.639  9227  9227 I ViewInteraction: Checking 'MatchesViewAssertion(Detox){viewMatcher=(view has effective visibility <VISIBLE> and view.getGlobalVisibleRect() covers at least <75> percent of the view's area)}' assertion on view (view.getTag() is "homeSearchCta" and view has effective visibility <VISIBLE>)
04-12 19:11:43.708  9227  9227 I ViewInteraction: Checking 'MatchesViewAssertion(Detox){viewMatcher=(view has effective visibility <VISIBLE> and view.getGlobalVisibleRect() covers at least <75> percent of the view's area)}' assertion on view (view.getTag() is "homeSearchCta" and view has effective visibility <VISIBLE>)
04-12 19:11:43.783  9227  9227 I ViewInteraction: Checking 'MatchesViewAssertion(Detox){viewMatcher=(view has effective visibility <VISIBLE> and view.getGlobalVisibleRect() covers at least <75> percent of the view's area)}' assertion on view (view.getTag() is "homeSearchCta" and view has effective visibility <VISIBLE>)
04-12 19:11:43.846  9227  9227 I ViewInteraction: Checking 'MatchesViewAssertion(Detox){viewMatcher=(view has effective visibility <VISIBLE> and view.getGlobalVisibleRect() covers at least <75> percent of the view's area)}' assertion on view (view.getTag() is "homeSearchCta" and view has effective visibility <VISIBLE>)
04-12 19:11:43.916  9227  9227 I ViewInteraction: Checking 'MatchesViewAssertion(Detox){viewMatcher=(view has effective visibility <VISIBLE> and view.getGlobalVisibleRect() covers at least <75> percent of the view's area)}' assertion on view (view.getTag() is "homeSearchCta" and view has effective visibility <VISIBLE>)
04-12 19:11:43.988  9227  9227 I ViewInteraction: Checking 'MatchesViewAssertion(Detox){viewMatcher=(view has effective visibility <VISIBLE> and view.getGlobalVisibleRect() covers at least <75> percent of the view's area)}' assertion on view (view.getTag() is "homeSearchCta" and view has effective visibility <VISIBLE>)
04-12 19:11:44.055  9227  9227 I ViewInteraction: Checking 'MatchesViewAssertion(Detox){viewMatcher=(view has effective visibility <VISIBLE> and view.getGlobalVisibleRect() covers at least <75> percent of the view's area)}' assertion on view (view.getTag() is "homeSearchCta" and view has effective visibility <VISIBLE>)
04-12 19:11:44.132  9227  9227 I ViewInteraction: Checking 'MatchesViewAssertion(Detox){viewMatcher=(view has effective visibility <VISIBLE> and view.getGlobalVisibleRect() covers at least <75> percent of the view's area)}' assertion on view (view.getTag() is "homeSearchCta" and view has effective visibility <VISIBLE>)
04-12 19:11:44.196  9227  9227 I ViewInteraction: Checking 'MatchesViewAssertion(Detox){viewMatcher=(view has effective visibility <VISIBLE> and view.getGlobalVisibleRect() covers at least <75> percent of the view's area)}' assertion on view (view.getTag() is "homeSearchCta" and view has effective visibility <VISIBLE>)
04-12 19:11:44.225  9227  9260 I DetoxActionHandlers: Test exception
04-12 19:11:44.225  9227  9260 I DetoxActionHandlers: java.lang.reflect.InvocationTargetException
04-12 19:11:44.225  9227  9260 I DetoxActionHandlers: 	at java.lang.reflect.Method.invoke(Native Method)
04-12 19:11:44.225  9227  9260 I DetoxActionHandlers: 	at org.apache.commons.lang3.reflect.MethodUtils.invokeStaticMethod(MethodUtils.java:443)
04-12 19:11:44.225  9227  9260 I DetoxActionHandlers: 	at org.apache.commons.lang3.reflect.MethodUtils.invokeStaticMethod(MethodUtils.java:405)
04-12 19:11:44.225  9227  9260 I DetoxActionHandlers: 	at com.wix.invoke.types.ClassTarget.execute(ClassTarget.java:23)
04-12 19:11:44.225  9227  9260 I DetoxActionHandlers: 	at com.wix.invoke.types.Target.invoke(Target.java:59)
04-12 19:11:44.225  9227  9260 I DetoxActionHandlers: 	at com.wix.invoke.MethodInvocation.invoke(MethodInvocation.java:35)
04-12 19:11:44.225  9227  9260 I DetoxActionHandlers: 	at com.wix.invoke.MethodInvocation.invoke(MethodInvocation.java:26)
04-12 19:11:44.225  9227  9260 I DetoxActionHandlers: 	at com.wix.invoke.MethodInvocation.invoke(MethodInvocation.java:20)
04-12 19:11:44.225  9227  9260 I DetoxActionHandlers: 	at com.wix.detox.adapters.server.InvokeActionHandler.handle(DetoxActionHandlers.kt:54)
04-12 19:11:44.225  9227  9260 I DetoxA