04-12 21:44:22.600 18418 18493 W ziparchive: Unable to open '/data/app/~~rGDTFsEgVNAQR7v9a9DBnw==/com.google.android.trichromelibrary_567263634-3Q4C4Nt6E9KMMziAv9ANGg==/TrichromeLibrary.dm': No such file or directory
04-12 21:44:22.603 18418 18493 W ziparchive: Unable to open '/data/app/~~rGDTFsEgVNAQR7v9a9DBnw==/com.google.android.trichromelibrary_567263634-3Q4C4Nt6E9KMMziAv9ANGg==/TrichromeLibrary.dm': No such file or directory
04-12 21:44:22.603 18418 18493 W vindra.comparez: Entry not found
04-12 21:44:22.603 18418 18493 D nativeloader: Configuring clns-9 for other apk /data/app/~~rGDTFsEgVNAQR7v9a9DBnw==/com.google.android.trichromelibrary_567263634-3Q4C4Nt6E9KMMziAv9ANGg==/TrichromeLibrary.apk. target_sdk_version=34, uses_libraries=ALL, library_path=/data/app/~~Yw2cewKRy1ALIz8qfFlwsw==/com.google.android.webview-CDaciHExabTqd-t8TQiv4Q==/lib/arm64:/data/app/~~Yw2cewKRy1ALIz8qfFlwsw==/com.google.android.webview-CDaciHExabTqd-t8TQiv4Q==/WebViewGoogle.apk!/lib/arm64-v8a:/data/app/~~rGDTFsEgVNAQR7v9a9DBnw==/com.google.android.trichromelibrary_567263634-3Q4C4Nt6E9KMMziAv9ANGg==/TrichromeLibrary.apk!/lib/arm64-v8a, permitted_path=/data:/mnt/expand
04-12 21:44:22.615 18418 18492 D Detox.RNMarker: NATIVE_MODULE_SETUP_START (RedBox)
04-12 21:44:22.617 18418 18493 D nativeloader: Configuring clns-10 for other apk /data/app/~~Yw2cewKRy1ALIz8qfFlwsw==/com.google.android.webview-CDaciHExabTqd-t8TQiv4Q==/WebViewGoogle.apk. target_sdk_version=34, uses_libraries=, library_path=/data/app/~~Yw2cewKRy1ALIz8qfFlwsw==/com.google.android.webview-CDaciHExabTqd-t8TQiv4Q==/lib/arm64:/data/app/~~Yw2cewKRy1ALIz8qfFlwsw==/com.google.android.webview-CDaciHExabTqd-t8TQiv4Q==/WebViewGoogle.apk!/lib/arm64-v8a:/data/app/~~rGDTFsEgVNAQR7v9a9DBnw==/com.google.android.trichromelibrary_567263634-3Q4C4Nt6E9KMMziAv9ANGg==/TrichromeLibrary.apk!/lib/arm64-v8a, permitted_path=/data:/mnt/expand
04-12 21:44:22.631 18418 18492 D Detox.RNMarker: NATIVE_MODULE_SETUP_START (Networking)
04-12 21:44:22.631 18418 18492 D Detox.RNMarker: CREATE_MODULE_START (Networking)
04-12 21:44:22.632 18418 18492 D Detox.RNMarker: CREATE_MODULE_END (Networking)
04-12 21:44:22.633 18418 18492 D Detox.RNMarker: NATIVE_MODULE_SETUP_END (Networking)
04-12 21:44:22.633 18418 18492 D Detox.RNMarker: NATIVE_MODULE_SETUP_START (DevLoadingView)
04-12 21:44:22.648 18418 18492 D Detox.RNMarker: CREATE_MODULE_START (DevLoadingView)
04-12 21:44:22.648 18418 18492 D Detox.RNMarker: CREATE_MODULE_END (DevLoadingView)
04-12 21:44:22.648 18418 18492 D Detox.RNMarker: NATIVE_MODULE_SETUP_END (DevLoadingView)
04-12 21:44:22.650 18418 18492 D Detox.RNMarker: NATIVE_MODULE_SETUP_START (HeadlessJsTaskSupport)
04-12 21:44:22.655 18418 18493 W vindra.comparez: Accessing hidden method Landroid/os/Trace;->isTagEnabled(J)Z (unsupported, reflection, allowed)
04-12 21:44:22.655 18418 18493 W vindra.comparez: Accessing hidden method Landroid/os/Trace;->traceBegin(JLjava/lang/String;)V (unsupported, reflection, allowed)
04-12 21:44:22.655 18418 18493 W vindra.comparez: Accessing hidden method Landroid/os/Trace;->traceEnd(J)V (unsupported, reflection, allowed)
04-12 21:44:22.655 18418 18493 W vindra.comparez: Accessing hidden method Landroid/os/Trace;->asyncTraceBegin(JLjava/lang/String;I)V (unsupported, reflection, allowed)
04-12 21:44:22.655 18418 18493 W vindra.comparez: Accessing hidden method Landroid/os/Trace;->asyncTraceEnd(JLjava/lang/String;I)V (unsupported, reflection, allowed)
04-12 21:44:22.656 18418 18492 D Detox.RNMarker: CREATE_MODULE_START (HeadlessJsTaskSupport)
04-12 21:44:22.656 18418 18492 D Detox.RNMarker: CREATE_MODULE_END (HeadlessJsTaskSupport)
04-12 21:44:22.656 18418 18492 D Detox.RNMarker: NATIVE_MODULE_SETUP_END (HeadlessJsTaskSupport)
04-12 21:44:22.658 18418 18492 D Detox.RNMarker: NATIVE_MODULE_SETUP_START (DeviceInfo)
04-12 21:44:22.663 18418 18492 D Detox.RNMarker: CREATE_MODULE_START (DeviceInfo)
04-12 21:44:22.663 18418 18493 I cr_WVCFactoryProvider: Loaded version=113.0.5672.136 minSdkVersion=29 isBundle=false multiprocess=true packageId=2
04-12 21:44:22.667 18418 18492 D Detox.RNMarker: CREATE_MODULE_END (DeviceInfo)
04-12 21:44:22.667 18418 18492 D Detox.RNMarker: NATIVE_MODULE_SETUP_END (DeviceInfo)
04-12 21:44:22.672 18418 18492 D Detox.RNMarker: NATIVE_MODULE_SETUP_START (UIManager)
04-12 21:44:22.692 18418 18493 I cr_LibraryLoader: Successfully loaded native library
04-12 21:44:22.703 18418 18493 I cr_CachingUmaRecorder: Flushed 8 samples from 8 histograms.
04-12 21:44:22.711 18418 18505 I cr_VariationsUtils: Failed reading seed file "/data/user/0/com.panviravindra.comparez/app_webview/variations_seed_new"
04-12 21:44:22.711 18418 18505 I cr_VariationsUtils: Failed reading seed file "/data/user/0/com.panviravindra.comparez/app_webview/variations_seed"
04-12 21:44:22.739 18418 18508 D TrafficStats: tagSocket(137) with statsTag=0xffffffff, statsUid=-1
04-12 21:44:22.766 18418 18492 D Detox.RNMarker: NATIVE_MODULE_SETUP_END (UIManager)
04-12 21:44:22.777 18418 18492 D Detox.RNMarker: NATIVE_MODULE_SETUP_START (SoundManager)
04-12 21:44:22.777 18418 18492 D Detox.RNMarker: CREATE_MODULE_START (SoundManager)
04-12 21:44:22.777 18418 18492 D Detox.RNMarker: CREATE_MODULE_END (SoundManager)
04-12 21:44:22.777 18418 18492 D Detox.RNMarker: NATIVE_MODULE_SETUP_END (SoundManager)
04-12 21:44:22.784 18418 18492 D Detox.RNMarker: NATIVE_MODULE_SETUP_START (ImageLoader)
04-12 21:44:22.784 18418 18492 D Detox.RNMarker: CREATE_MODULE_START (ImageLoader)
04-12 21:44:22.784 18418 18492 D Detox.RNMarker: CREATE_MODULE_END (ImageLoader)
04-12 21:44:22.785 18418 18492 D Detox.RNMarker: NATIVE_MODULE_SETUP_END (ImageLoader)
04-12 21:44:22.786 18418 18492 D Detox.RNMarker: NATIVE_MODULE_SETUP_START (IntentAndroid)
04-12 21:44:22.786 18418 18492 D Detox.RNMarker: CREATE_MODULE_START (IntentAndroid)
04-12 21:44:22.786 18418 18492 D Detox.RNMarker: CREATE_MODULE_END (IntentAndroid)
04-12 21:44:22.786 18418 18492 D Detox.RNMarker: NATIVE_MODULE_SETUP_END (IntentAndroid)
04-12 21:44:22.787 18418 18492 D Detox.RNMarker: NATIVE_MODULE_SETUP_START (LinkingManager)
04-12 21:44:22.788 18418 18492 D Detox.RNMarker: NATIVE_MODULE_SETUP_START (DeviceEventManager)
04-12 21:44:22.788 18418 18492 D Detox.RNMarker: CREATE_MODULE_START (DeviceEventManager)
04-12 21:44:22.788 18418 18492 D Detox.RNMarker: CREATE_MODULE_END (DeviceEventManager)
04-12 21:44:22.788 18418 18492 D Detox.RNMarker: NATIVE_MODULE_SETUP_END (DeviceEventManager)
04-12 21:44:22.794 18418 18492 D Detox.RNMarker: NATIVE_MODULE_SETUP_START (NativeUnimoduleProxy)
04-12 21:44:22.799 18418 18492 I ExpoModulesCore: ✅ JSI interop was installed
04-12 21:44:22.801 18418 18492 I ExpoModulesCore: ✅ Constants were exported
04-12 21:44:22.802 18418 18492 D Detox.RNMarker: NATIVE_MODULE_SETUP_END (NativeUnimoduleProxy)
04-12 21:44:22.806 18418 18492 D Detox.RNMarker: NATIVE_MODULE_SETUP_START (ExpoUpdates)
04-12 21:44:22.807 18418 18492 D Detox.RNMarker: NATIVE_MODULE_SETUP_START (EXDevLauncher)
04-12 21:44:22.808 18418 18492 D Detox.RNMarker: NATIVE_MODULE_SETUP_START (ExpoUpdates)
04-12 21:44:22.808 18418 18492 D Detox.RNMarker: NATIVE_MODULE_SETUP_START (ExpoGo)
04-12 21:44:22.809 18418 18492 D Detox.RNMarker: NATIVE_MODULE_SETUP_START (ExpoGo)
04-12 21:44:22.820 18418 18492 D Detox.RNMarker: NATIVE_MODULE_SETUP_START (EXDevLauncher)
04-12 21:44:22.828 18418 18509 D TrafficStats: tagSocket(137) with statsTag=0xffffffff, statsUid=-1
04-12 21:44:22.856 18418 18492 D Detox.RNMarker: NATIVE_MODULE_SETUP_START (NativeAnimatedModule)
04-12 21:44:22.856 18418 18492 D Detox.RNMarker: CREATE_MODULE_START (NativeAnimatedModule)
04-12 21:44:22.856 18418 18492 D Detox.RNMarker: CREATE_MODULE_END (NativeAnimatedModule)
04-12 21:44:22.857 18418 18492 D Detox.RNMarker: NATIVE_MODULE_SETUP_END (NativeAnimatedModule)
04-12 21:44:22.869 18418 18492 D Detox.RNMarker: NATIVE_MODULE_SETUP_START (RNCSafeAreaContext)
04-12 21:44:22.869 18418 18492 D Detox.RNMarker: CREATE_MODULE_START (RNCSafeAreaContext)
04-12 21:44:22.869 18418 18492 D Detox.RNMarker: CREATE_MODULE_END (RNCSafeAreaContext)
04-12 21:44:22.870 18418 18492 D Detox.RNMarker: NATIVE_MODULE_SETUP_END (RNCSafeAreaContext)
04-12 21:44:22.874 18418 18492 D Detox.RNMarker: NATIVE_MODULE_SETUP_START (RNSModule)
04-12 21:44:22.874 18418 18492 D Detox.RNMarker: CREATE_MODULE_START (RNSModule)
04-12 21:44:22.875 18418 18492 D Detox.RNMarker: CREATE_MODULE_END (RNSModule)
04-12 21:44:22.877 18418 18492 D Detox.RNMarker: NATIVE_MODULE_SETUP_START (RNEdgeToEdge)
04-12 21:44:22.886 18418 18492 D Detox.RNMarker: NATIVE_MODULE_SETUP_START (RNVectorIconsManager)
04-12 21:44:22.886 18418 18492 D Detox.RNMarker: NATIVE_MODULE_SETUP_START (RNVectorIconsModule)
04-12 21:44:22.887 18418 18492 D Detox.RNMarker: NATIVE_MODULE_SETUP_START (RNVectorIconsManager)
04-12 21:44:22.887 18418 18492 D Detox.RNMarker: NATIVE_MODULE_SETUP_START (RNVectorIconsModule)
04-12 21:44:22.968 18418 18492 D Detox.RNMarker: NATIVE_MODULE_SETUP_START (PlatformLocalStorage)
04-12 21:44:22.968 18418 18492 D Detox.RNMarker: NATIVE_MODULE_SETUP_START (RNC_AsyncSQLiteDBStorage)
04-12 21:44:22.968 18418 18492 D Detox.RNMarker: NATIVE_MODULE_SETUP_START (RNCAsyncStorage)
04-12 21:44:22.968 18418 18492 D Detox.RNMarker: CREATE_MODULE_START (RNCAsyncStorage)
04-12 21:44:22.969 18418 18492 V AsyncStorageExpoMigration: No scoped database found
04-12 21:44:22.969 18418 18492 D Detox.RNMarker: CREATE_MODULE_END (RNCAsyncStorage)
04-12 21:44:22.969 18418 18492 D Detox.RNMarker: NATIVE_MODULE_SETUP_END (RNCAsyncStorage)
04-12 21:44:22.971 18418 18492 D Detox.RNMarker: NATIVE_MODULE_SETUP_START (RNCWebViewModule)
04-12 21:44:22.971 18418 18492 D Detox.RNMarker: CREATE_MODULE_START (RNCWebViewModule)
04-12 21:44:22.972 18418 18492 D Detox.RNMarker: CREATE_MODULE_END (RNCWebViewModule)
04-12 21:44:22.972 18418 18492 D Detox.RNMarker: NATIVE_MODULE_SETUP_END (RNCWebViewModule)
04-12 21:44:22.989 18418 18492 D Detox.RNMarker: RUN_JS_BUNDLE_END (/.virtual-metro-entry.bundle?platform=android&dev=true&lazy=true&minify=false&app=com.panviravindra.comparez&modulesOnly=false&runModule=true&excludeSource=true&sourcePaths=url-server)
04-12 21:44:22.993 18418 18492 I ReactNativeJS: Running "main" with {"rootTag":11}
04-12 21:44:23.001 18418 18510 D TrafficStats: tagSocket(126) with statsTag=0xffffffff, statsUid=-1
04-12 21:44:23.098 18418 18492 W ReactNativeJS: The app is running using the Legacy Architecture. The Legacy Architecture is deprecated and will be removed in a future version of React Native. Please consider migrating to the New Architecture. For more information, please see https://reactnative.dev/blog/2024/10/23/the-new-architecture-is-here
04-12 21:44:23.142 18418 18493 D CompatibilityChangeReporter: Compat change id reported: 289878283; UID 10213; state: ENABLED
04-12 21:44:23.153 18418 18418 D Detox.RNMarker: CONTENT_APPEARED (main)
04-12 21:44:23.184 18418 18418 I Detox   : Wait is over: App is now idle!
04-12 21:44:23.184 18418 18450 I DetoxWSClient: Sending out action 'ready' (ID #-1000)
04-12 21:44:23.184 18418 18450 I DetoxDispatcher: Done with action 'isReady'
04-12 21:44:23.193 18418 18454 D DetoxWSClient: Received action 'invoke' (ID #7, params={"target":{"type":"Class","value":"com.wix.detox.espresso.DetoxAssertion"},"method":"waitForAssertMatcher","args":[{"type":"Invocation","value":{"target":{"type":"Class","value":"androidx.test.espresso.Espresso"},"method":"onView","args":[{"type":"Invocation","value":{"target":{"type":"Class","value":"com.wix.detox.espresso.DetoxMatcher"},"method":"matcherForTestId","args":["loginEmail",{"type":"boolean","value":false}]}}]}},{"type":"Invocation","value":{"target":{"type":"Class","value":"com.wix.detox.espresso.DetoxMatcher"},"method":"matcherForSufficientlyVisible","args":[{"type":"Integer","value":25}]}},{"type":"Double","value":3}]})
04-12 21:44:23.194 18418 18450 I DetoxDispatcher: Handling action 'invoke' (ID #7)...
04-12 21:44:23.195 18418 18450 D Detox   : class com.wix.detox.espresso.DetoxMatcher, matcherForTestId, [loginEmail, false]
04-12 21:44:23.197 18418 18450 D Detox   : class androidx.test.espresso.Espresso, onView, [(view.getTag() is "loginEmail" and view has effective visibility <VISIBLE>)]
04-12 21:44:23.200 18418 18511 D TrafficStats: tagSocket(141) with statsTag=0xffffffff, statsUid=-1
04-12 21:44:23.204 18418 18450 D CompatibilityChangeReporter: Compat change id reported: 247079863; UID 10213; state: ENABLED
04-12 21:44:23.204 18418 18450 D Detox   : class com.wix.detox.espresso.DetoxMatcher, matcherForSufficientlyVisible, [25]
04-12 21:44:23.211 18418 18450 D Detox   : class com.wix.detox.espresso.DetoxAssertion, waitForAssertMatcher, [androidx.test.espresso.ViewInteraction@116d86a, (view has effective visibility <VISIBLE> and view.getGlobalVisibleRect() covers at least <25> percent of the view's area), 3.0]
04-12 21:44:23.226 18418 18418 I ViewInteraction: Checking 'MatchesViewAssertion(Detox){viewMatcher=(view has effective visibility <VISIBLE> and view.getGlobalVisibleRect() covers at least <25> percent of the view's area)}' assertion on view (view.getTag() is "loginEmail" and view has effective visibility <VISIBLE>)
04-12 21:44:23.238 18418 18492 D Detox.RNMarker: NATIVE_MODULE_SETUP_START (FileReaderModule)
04-12 21:44:23.238 18418 18492 D Detox.RNMarker: CREATE_MODULE_START (FileReaderModule)
04-12 21:44:23.238 18418 18492 D Detox.RNMarker: CREATE_MODULE_END (FileReaderModule)
04-12 21:44:23.239 18418 18492 D Detox.RNMarker: NATIVE_MODULE_SETUP_END (FileReaderModule)
04-12 21:44:23.261 18418 18418 I ViewInteraction: Checking 'MatchesViewAssertion(Detox){viewMatcher=(view has effective visibility <VISIBLE> and view.getGlobalVisibleRect() covers at least <25> percent of the view's area)}' assertion on view (view.getTag() is "loginEmail" and view has effective visibility <VISIBLE>)
04-12 21:44:23.292 18418 18418 I ViewInteraction: Checking 'MatchesViewAssertion(Detox){viewMatcher=(view has effective visibility <VISIBLE> and view.getGlobalVisibleRect() covers at least <25> percent of the view's area)}' assertion on view (view.getTag() is "loginEmail" and view has effective visibility <VISIBLE>)
04-12 21:44:23.321 18418 18418 I ViewInteraction: Checking 'MatchesViewAssertion(Detox){viewMatcher=(view has effective visibility <VISIBLE> and view.getGlobalVisibleRect() covers at least <25> percent of the view's area)}' assertion on view (view.getTag() is "loginEmail" and view has effective visibility <VISIBLE>)
04-12 21:44:23.329 18418 18425 I vindra.comparez: NativeAlloc concurrent copying GC freed 281064(21MB) AllocSpace objects, 7(140KB) LOS objects, 49% free, 10191KB/19MB, paused 29us,12us total 165.675ms
04-12 21:44:23.367 18418 18418 I ViewInteraction: Checking 'MatchesViewAssertion(Detox){viewMatcher=(view has effective visibility <VISIBLE> and view.getGlobalVisibleRect() covers at least <25> percent of the view's area)}' assertion on view (view.getTag() is "loginEmail" and view has effective visibility <VISIBLE>)
04-12 21:44:23.392 18418 18492 D Detox.RNMarker: NATIVE_MODULE_SETUP_START (I18nManager)
04-12 21:44:23.393 18418 18492 D Detox.RNMarker: CREATE_MODULE_START (I18nManager)
04-12 21:44:23.393 18418 18492 D Detox.RNMarker: CREATE_MODULE_END (I18nManager)
04-12 21:44:23.393 18418 18492 D Detox.RNMarker: NATIVE_MODULE_SETUP_END (I18nManager)
04-12 21:44:23.402 18418 18461 D EGL_emulation: app_time_stats: avg=253.09ms min=1.57ms max=977.82ms count=5
04-12 21:44:23.407 18418 18492 D Detox.RNMarker: NATIVE_MODULE_SETUP_START (StatusBarManager)
04-12 21:44:23.408 18418 18492 D Detox.RNMarker: CREATE_MODULE_START (StatusBarManager)
04-12 21:44:23.408 18418 18492 D Detox.RNMarker: CREATE_MODULE_END (StatusBarManager)
04-12 21:44:23.408 18418 18492 D Detox.RNMarker: NATIVE_MODULE_SETUP_END (StatusBarManager)
04-12 21:44:23.412 18418 18492 D Detox.RNMarker: NATIVE_MODULE_SETUP_START (RNEdgeToEdge)
04-12 21:44:23.428 18418 18492 D Detox.RNMarker: NATIVE_MODULE_SETUP_START (AccessibilityInfo)
04-12 21:44:23.428 18418 18492 D Detox.RNMarker: CREATE_MODULE_START (AccessibilityInfo)
04-12 21:44:23.429 18418 18492 D Detox.RNMarker: CREATE_MODULE_END (AccessibilityInfo)
04-12 21:44:23.430 18418 18492 D Detox.RNMarker: NATIVE_MODULE_SETUP_END (AccessibilityInfo)
04-12 21:44:23.430 18418 18492 D Detox.RNMarker: NATIVE_MODULE_SETUP_START (AccessibilityManager)
04-12 21:44:23.432 18418 18492 D Detox.RNMarker: NATIVE_MODULE_SETUP_START (KeyboardObserver)
04-12 21:44:23.484 18418 18493 W unknown:ViewManagerPropertyUpdater: Could not find generated setter for class com.swmansion.rnscreens.ScreenStackHeaderConfigShadowNode
04-12 21:44:23.496 18418 18493 W unknown:ReactNative: Attempt to set local data for view with unknown tag: -1
04-12 21:44:23.497 18418 18493 W unknown:ReactNative: Attempt to set local data for view with unknown tag: -1
04-12 21:44:23.497 18418 18493 W unknown:ReactNative: Attempt to set local data for view with unknown tag: -1
04-12 21:44:23.497 18418 18493 W unknown:ReactNative: Attempt to set local data for view with unknown tag: -1
04-12 21:44:23.497 18418 18493 W unknown:ReactNative: Attempt to set local data for view with unknown tag: -1
04-12 21:44:23.497 18418 18493 W unknown:ReactNative: Attempt to set local data for view with unknown tag: -1
04-12 21:44:23.511 18418 18493 W unknown:ViewManagerPropertyUpdater: Could not find generated setter for class com.swmansion.rnscreens.ScreensShadowNode
04-12 21:44:23.523 18418 18490 D TrafficStats: tagSocket(125) with statsTag=0xffffffff, statsUid=-1
04-12 21:44:23.549 18418 18493 W unknown:ReactNative: StatusBarModule: Ignored status bar change, current activity is edge-to-edge.
04-12 21:44:23.549 18418 18493 W unknown:ReactNative: StatusBarModule: Ignored status bar change, current activity is edge-to-edge.
04-12 21:44:23.621 18418 18418 D AutofillManager: notifyViewEnteredForFillDialog:1073741824
04-12 21:44:23.622 18418 18418 D AutofillManager: notifyViewEnteredForFillDialog:1073741825
04-12 21:44:23.622 18418 18418 D AutofillManager: Triggering pre-emptive request for fill dialog.
04-12 21:44:23.643 18418 18418 D CompatibilityChangeReporter: Compat change id reported: 163400105; UID 10213; state: ENABLED
04-12 21:44:23.649 18418 18418 I AssistStructure: Flattened final assist data: 3132 bytes, containing 1 windows, 18 views
04-12 21:44:23.673 18418 18492 D Detox.RNMarker: NATIVE_MODULE_SETUP_START (RNEdgeToEdge)
04-12 21:44:23.705 18418 18418 I ViewInteraction: Checking 'MatchesViewAssertion(Detox){viewMatcher=(view has effective visibility <VISIBLE> and view.getGlobalVisibleRect() covers at least <25> percent of the view's area)}' assertion on view (view.getTag() is "loginEmail" and view has effective visibility <VISIBLE>)
04-12 21:44:23.709 18418 18450 I DetoxWSClient: Sending out action 'invokeResult' (ID #7)
04-12 21:44:23.709 18418 18450 I DetoxDispatcher: Done with action 'invoke'
04-12 21:44:23.711 18418 18454 D DetoxWSClient: Received action 'invoke' (ID #8, params={"target":{"type":"Class","value":"com.wix.detox.espresso.EspressoDetox"},"method":"perform","args":[{"type":"Invocation","value":{"target":{"type":"Class","value":"com.wix.detox.espresso.DetoxMatcher"},"method":"matcherForTestId","args":["loginEmail",{"type":"boolean","value":false}]}},{"type":"Invocation","value":{"target":{"type":"Class","value":"com.wix.detox.espresso.DetoxViewActions"},"method":"typeText","args":["test@example.com"]}}]})
04-12 21:44:23.712 18418 18450 I DetoxDispatcher: Handling action 'invoke' (ID #8)...
04-12 21:44:23.712 18418 18450 D Detox   : class com.wix.detox.espresso.DetoxMatcher, matcherForTestId, [loginEmail, false]
04-12 21:44:23.712 18418 18450 D Detox   : class com.wix.detox.espresso.DetoxViewActions, typeText, [test@example.com]
04-12 21:44:23.713 18418 18450 W vindra.comparez: Accessing hidden method Landroid/view/ViewConfiguration;->getDoubleTapMinTime()I (unsupported, reflection, allowed)
04-12 21:44:23.713 18418 18450 D Detox   : class com.wix.detox.espresso.EspressoDetox, perform, [(view.getTag() is "loginEmail" and view has effective visibility <VISIBLE>), com.wix.detox.espresso.action.DetoxTypeTextAction@95fa3d]
04-12 21:44:23.715 18418 18418 I ViewInteraction: Performing 'Click to focus & type text (test@example.com)' action on view (view.getTag() is "loginEmail" and view has effective visibility <VISIBLE>)
04-12 21:44:23.757 18418 18418 I ImeTracker: com.panviravindra.comparez:f81f948f: onRequestShow at ORIGIN_CLIENT_SHOW_SOFT_INPUT reason SHOW_SOFT_INPUT
04-12 21:44:23.757 18418 18418 D InputMethodManager: showSoftInput() view=com.facebook.react.views.textinput.ReactEditText{855f412 VFED..CL. .F.P..ID 116,28-772,126 #59 aid=1073741824} flags=0 reason=SHOW_SOFT_INPUT
04-12 21:44:23.817 18418 18418 D InsetsController: show(ime(), fromIme=true)
04-12 21:44:23.836 18418 18418 I ImeTracker: com.panviravindra.comparez:af7b16fc: onRequestShow at ORIGIN_CLIENT_SHOW_SOFT_INPUT reason SHOW_SOFT_INPUT
04-12 21:44:23.836 18418 18418 D InputMethodManager: showSoftInput() view=com.facebook.react.views.textinput.ReactEditText{855f412 VFED..CL. .F...... 116,28-772,126 #59 aid=1073741824} flags=0 reason=SHOW_SOFT_INPUT
04-12 21:44:23.838 18418 18418 D InsetsController: show(ime(), fromIme=true)
04-12 21:44:23.838 18418 18418 I ImeTracker: com.panviravindra.comparez:af7b16fc: onCancelled at PHASE_CLIENT_APPLY_ANIMATION
04-12 21:44:23.840 18418 18519 D InteractionJankMonitor: Build configuration failed!
04-12 21:44:23.840 18418 18519 D InteractionJankMonitor: java.lang.IllegalArgumentException: Must pass in a valid surface control if only instrument surface; 
04-12 21:44:23.840 18418 18519 D InteractionJankMonitor: 	at com.android.internal.jank.InteractionJankMonitor$Configuration.validate(InteractionJankMonitor.java:1259)
04-12 21:44:23.840 18418 18519 D InteractionJankMonitor: 	at com.android.internal.jank.InteractionJankMonitor$Configuration.<init>(InteractionJankMonitor.java:1217)
04-12 21:44:23.840 18418 18519 D InteractionJankMonitor: 	at com.android.internal.jank.InteractionJankMonitor$Configuration.<init>(Unknown Source:0)
04-12 21:44:23.840 18418 18519 D InteractionJankMonitor: 	at com.android.internal.jank.InteractionJankMonitor$Configuration$Builder.build(InteractionJankMonitor.java:1197)
04-12 21:44:23.840 18418 18519 D InteractionJankMonitor: 	at com.android.internal.jank.InteractionJankMonitor.begin(InteractionJankMonitor.java:611)
04-12 21:44:23.840 18418 18519 D InteractionJankMonitor: 	at android.view.inputmethod.ImeTracker$ImeJankTracker.onRequestAnimation(ImeTracker.java:717)
04-12 21:44:23.840 18418 18519 D InteractionJankMonitor: 	at android.view.InsetsController$InternalAnimationControlListener$2.onAnimationStart(InsetsController.java:448)
04-12 21:44:23.840 18418 18519 D InteractionJankMonitor: 	at android.animation.Animator$AnimatorListener.onAnimationStart(Animator.java:695)
04-12 21:44:23.840 18418 18519 D InteractionJankMonitor: 	at android.animation.Animator$AnimatorCaller$$ExternalSyntheticLambda0.call(Unknown Source:4)
04-12 21:44:23.840 18418 18519 D InteractionJankMonitor: 	at android.animation.Animator.callOnList(Animator.java:669)
04-12 21:44:23.840 18418 18519 D InteractionJankMonitor: 	at android.animation.Animator.notifyListeners(Animator.java:608)
04-12 21:44:23.840 18418 18519 D InteractionJankMonitor: 	at android.animation.Animator.notifyStartListeners(Animator.java:625)
04-12 21:44:23.840 18418 18519 D InteractionJankMonitor: 	at android.animation.ValueAnimator.startAnimation(ValueAnimator.java:1334)
04-12 21:44:23.840 18418 18519 D InteractionJankMonitor: 	at android.animation.ValueAnimator.start(ValueAnimator.java:1149)
04-12 21:44:23.840 18418 18519 D InteractionJankMonitor: 	at android.animation.ValueAnimator.start(ValueAnimator.java:1173)
04-12 21:44:23.840 18418 18519 D InteractionJankMonitor: 	at android.view.InsetsController$InternalAnimationControlListener.onReady(InsetsController.java:470)
04-12 21:44:23.840 18418 18519 D InteractionJankMonitor: 	at android.view.InsetsAnimationThreadControlRunner.lambda$new$0(InsetsAnimationThreadControlRunner.java:129)
04-12 21:44:23.840 18418 18519 D InteractionJankMonitor: 	at android.view.InsetsAnimationThreadControlRunner.$r8$lambda$3zGKYd3XPzPnvMO2hiF8a88M6T0(Unknown Source:0)
04-12 21:44:23.840 18418 18519 D InteractionJankMonitor: 	at android.view.InsetsAnimationThreadControlRunner$$ExternalSyntheticLambda2.run(Unknown Source:6)
04-12 21:44:23.840 18418 18519 D InteractionJankMonitor: 	at android.os.Handler.handleCallback(Handler.java:958)
04-12 21:44:23.840 18418 18519 D InteractionJankMonitor: 	at android.os.Handler.dispatchMessage(Handler.java:99)
04-12 21:44:23.840 18418 18519 D InteractionJankMonitor: 	at android.os.Looper.loopOnce(Looper.java:205)
04-12 21:44:23.840 18418 18519 D InteractionJankMonitor: 	at android.os.Looper.loop(Looper.java:294)
04-12 21:44:23.840 18418 18519 D InteractionJankMonitor: 	at android.os.HandlerThread.run(HandlerThread.java:67)
04-12 21:44:23.842 18418 18418 I ImeTracker: com.panviravindra.comparez:f81f948f: onShown
04-12 21:44:24.208 18418 18418 D UiControllerImpl: Injecting string: "test@example.com"
04-12 21:44:24.233 18418 18493 W unknown:ReactNative: StatusBarModule: Ignored status bar change, current activity is edge-to-edge.
04-12 21:44:24.264 18418 18493 W unknown:ReactNative: StatusBarModule: Ignored status bar change, current activity is edge-to-edge.
04-12 21:44:24.284 18418 18493 W unknown:ReactNative: StatusBarModule: Ignored status bar change, current activity is edge-to-edge.
04-12 21:44:24.316 18418 18493 W unknown:ReactNative: StatusBarModule: Ignored status bar change, current activity is edge-to-edge.
04-12 21:44:24.377 18418 18493 W unknown:ReactNative: StatusBarModule: Ignored status bar change, current activity is edge-to-edge.
04-12 21:44:24.408 18418 18461 D EGL_emulation: app_time_stats: avg=33.40ms min=5.62ms max=365.96ms count=30
04-12 21:44:24.421 18418 18493 W unknown:ReactNative: StatusBarModule: Ignored status bar change, current activity is edge-to-edge.
04-12 21:44:24.445 18418 18493 W unknown:ReactNative: StatusBarModule: Ignored status bar change, current activity is edge-to-edge.
04-12 21:44:24.465 18418 18493 W unknown:ReactNative: StatusBarModule: Ignored status bar change, current activity is edge-to-edge.
04-12 21:44:24.498 18418 18493 W unknown:ReactNative: StatusBarModule: Ignored status bar change, current activity is edge-to-edge.
04-12 21:44:24.542 18418 18493 W unknown:ReactNative: StatusBarModule: Ignored status bar change, current activity is edge-to-edge.
04-12 21:44:24.560 18418 18493 W unknown:ReactNative: StatusBarModule: Ignored status bar change, current activity is edge-to-edge.
04-12 21:44:24.578 18418 18493 W unknown:ReactNative: StatusBarModule: Ignored status bar change, current activity is edge-to-edge.
04-12 21:44:24.597 18418 18493 W unknown:ReactNative: StatusBarModule: Ignored status bar change, current activity is edge-to-edge.
04-12 21:44:24.616 18418 18493 W unknown:ReactNative: StatusBarModule: Ignored status bar change, current activity is edge-to-edge.
04-12 21:44:24.644 18418 18493 W unknown:ReactNative: StatusBarModule: Ignored status bar change, current activity is edge-to-edge.
04-12 21:44:24.663 18418 18493 W unknown:ReactNative: StatusBarModule: Ignored status bar change, current activity is edge-to-edge.
04-12 21:44:24.666 18418 18450 I DetoxWSClient: Sending out action 'invokeResult' (ID #8)
04-12 21:44:24.666 18418 18450 I DetoxDispatcher: Done with action 'invoke'
04-12 21:44:24.670 18418 18454 D DetoxWSClient: Received action 'invoke' (ID #9, params={"target":{"type":"Class","value":"com.wix.detox.espresso.EspressoDetox"},"method":"perform","args":[{"type":"Invocation","value":{"target":{"type":"Class","value":"com.wix.detox.espresso.DetoxMatcher"},"method":"matcherForTestId","args":["loginPassword",{"type":"boolean","value":false}]}},{"type":"Invocation","value":{"target":{"type":"Class","value":"com.wix.detox.espresso.DetoxViewActions"},"method":"typeText","args":["password123\n"]}}]})
04-12 21:44:24.677 18418 18450 I DetoxDispatcher: Handling action 'invoke' (ID #9)...
04-12 21:44:24.678 18418 18450 D Detox   : class com.wix.detox.espresso.DetoxMatcher, matcherForTestId, [loginPassword, false]
04-12 21:44:24.678 18418 18450 D Detox   : class com.wix.detox.espresso.DetoxViewActions, typeText, [password123
04-12 21:44:24.678 18418 18450 D Detox   : ]
04-12 21:44:24.678 18418 18450 D Detox   : class com.wix.detox.espresso.EspressoDetox, perform, [(view.getTag() is "loginPassword" and view has effective visibility <VISIBLE>), com.wix.detox.espresso.action.DetoxTypeTextAction@6f6856b]
04-12 21:44:24.681 18418 18418 I ViewInteraction: Performing 'Click to focus & type text (password123
04-12 21:44:24.681 18418 18418 I ViewInteraction: )' action on view (view.getTag() is "loginPassword" and view has effective visibility <VISIBLE>)
04-12 21:44:24.725 18418 18418 I ImeTracker: com.panviravindra.comparez:a7718567: onRequestShow at ORIGIN_CLIENT_SHOW_SOFT_INPUT reason SHOW_SOFT_INPUT
04-12 21:44:24.725 18418 18418 D InputMethodManager: showSoftInput() view=com.facebook.react.views.textinput.ReactEditText{7d0f099 VFED..CL. .F.P..ID 116,28-700,126 #61 aid=1073741825} flags=0 reason=SHOW_SOFT_INPUT
04-12 21:44:24.728 18418 18418 W WindowOnBackDispatcher: sendCancelIfRunning: isInProgress=falsecallback=ImeCallback=ImeOnBackInvokedCallback@12596647 Callback=android.window.IOnBackInvokedCallback$Stub$Proxy@3760d47
04-12 21:44:24.749 18418 18418 D InsetsController: show(ime(), fromIme=true)
04-12 21:44:24.749 18418 18418 I ImeTracker: com.panviravindra.comparez:4bc29912: onCancelled at PHASE_CLIENT_APPLY_ANIMATION
04-12 21:44:24.750 18418 18418 D InsetsController: show(ime(), fromIme=true)
04-12 21:44:24.750 18418 18418 I ImeTracker: com.panviravindra.comparez:a7718567: onCancelled at PHASE_CLIENT_APPLY_ANIMATION
04-12 21:44:24.770 18418 18418 I ImeTracker: com.panviravindra.comparez:6828f86c: onRequestShow at ORIGIN_CLIENT_SHOW_SOFT_INPUT reason SHOW_SOFT_INPUT
04-12 21:44:24.770 18418 18418 D InputMethodManager: showSoftInput() view=com.facebook.react.views.textinput.ReactEditText{7d0f099 VFED..CL. .F.P.... 116,28-700,126 #61 aid=1073741825} flags=0 reason=SHOW_SOFT_INPUT
04-12 21:44:24.771 18418 18418 D InsetsController: show(ime(), fromIme=true)
04-12 21:44:24.771 18418 18418 I ImeTracker: com.panviravindra.comparez:6828f86c: onCancelled at PHASE_CLIENT_APPLY_ANIMATION
04-12 21:44:25.124 18418 18418 D UiControllerImpl: Injecting string: "password123
04-12 21:44:25.124 18418 18418 D UiControllerImpl: "
04-12 21:44:25.166 18418 18493 W unknown:ReactNative: StatusBarModule: Ignored status bar change, current activity is edge-to-edge.
04-12 21:44:25.201 18418 18493 W unknown:ReactNative: StatusBarModule: Ignored status bar change, current activity is edge-to-edge.
04-12 21:44:25.227 18418 18493 W unknown:ReactNative: StatusBarModule: Ignored status bar change, current activity is edge-to-edge.
04-12 21:44:25.247 18418 18493 W unknown:ReactNative: StatusBarModule: Ignored status bar change, current activity is edge-to-edge.
04-12 21:44:25.268 18418 18493 W unknown:ReactNative: StatusBarModule: Ignored status bar change, current activity is edge-to-edge.
04-12 21:44:25.292 18418 18493 W unknown:ReactNative: StatusBarModule: Ignored status bar change, current activity is edge-to-edge.
04-12 21:44:25.325 18418 18493 W unknown:ReactNative: StatusBarModule: Ignored status bar change, current activity is edge-to-edge.
04-12 21:44:25.347 18418 18493 W unknown:ReactNative: StatusBarModule: Ignored status bar change, current activity is edge-to-edge.
04-12 21:44:25.373 18418 18493 W unknown:ReactNative: StatusBarModule: Ignored status bar change, current activity is edge-to-edge.
04-12 21:44:25.394 18418 18493 W unknown:ReactNative: StatusBarModule: Ignored status bar change, current activity is edge-to-edge.
04-12 21:44:25.408 18418 18461 D EGL_emulation: app_time_stats: avg=37.03ms min=12.48ms max=429.47ms count=27
04-12 21:44:25.416 18418 18493 W unknown:ReactNative: StatusBarModule: Ignored status bar change, current activity is edge-to-edge.
04-12 21:44:25.432 18418 18418 I ImeTracker: com.panviravindra.comparez:2fe434a8: onRequestHide at ORIGIN_CLIENT_HIDE_SOFT_INPUT reason HIDE_SOFT_INPUT
04-12 21:44:25.455 18418 18418 W WindowOnBackDispatcher: sendCancelIfRunning: isInProgress=falsecallback=ImeCallback=ImeOnBackInvokedCallback@12596647 Callback=android.window.IOnBackInvokedCallback$Stub$Proxy@fc964eb
04-12 21:44:25.458 18418 18418 D InsetsController: show(ime(), fromIme=true)
04-12 21:44:25.458 18418 18418 I ImeTracker: com.panviravindra.comparez:8d4054c1: onCancelled at PHASE_CLIENT_APPLY_ANIMATION
04-12 21:44:25.475 18418 18418 I ImeTracker: com.panviravindra.comparez:6d95befa: onRequestHide at ORIGIN_CLIENT_HIDE_SOFT_INPUT reason HIDE_SOFT_INPUT_BY_INSETS_API
04-12 21:44:25.476 18418 18418 I ImeTracker: com.panviravindra.comparez:2fe434a8: onHidden
04-12 21:44:25.479 18418 18418 W WindowOnBackDispatcher: sendCancelIfRunning: isInProgress=falsecallback=ImeCallback=ImeOnBackInvokedCallback@12596647 Callback=android.window.IOnBackInvokedCallback$Stub$Proxy@942221d
04-12 21:44:25.494 18418 18418 I ImeTracker: com.panviravindra.comparez:eaa60402: onRequestHide at ORIGIN_CLIENT_HIDE_SOFT_INPUT reason HIDE_SOFT_INPUT
04-12 21:44:25.495 18418 18450 I DetoxWSClient: Sending out action 'invokeResult' (ID #9)
04-12 21:44:25.495 18418 18450 I DetoxDispatcher: Done with action 'invoke'
04-12 21:44:25.498 18418 18454 D DetoxWSClient: Received action 'invoke' (ID #10, params={"target":{"type":"Class","value":"com.wix.detox.espresso.EspressoDetox"},"method":"perform","args":[{"type":"Invocation","value":{"target":{"type":"Class","value":"com.wix.detox.espresso.DetoxMatcher"},"method":"matcherForTestId","args":["loginBtn",{"type":"boolean","value":false}]}},{"type":"Invocation","value":{"target":{"type":"Class","value":"com.wix.detox.espresso.DetoxViewActions"},"method":"click","args":[]}}]})
04-12 21:44:25.498 18418 18450 I DetoxDispatcher: Handling action 'invoke' (ID #10)...
04-12 21:44:25.498 18418 18450 D Detox   : class com.wix.detox.espresso.DetoxMatcher, matcherForTestId, [loginBtn, false]
04-12 21:44:25.499 18418 18450 D Detox   : class com.wix.detox.espresso.DetoxViewActions, click, []
04-12 21:44:25.499 18418 18450 D Detox   : class com.wix.detox.espresso.EspressoDetox, perform, [(view.getTag() is "loginBtn" and view has effective visibility <VISIBLE>), com.wix.detox.espresso.action.RNClickAction@563c319]
04-12 21:44:25.500 18418 18418 I ViewInteraction: Performing 'com.wix.detox.espresso.action.detoxsingletap@f41dfde click' action on view (view.getTag() is "loginBtn" and view has effective visibility <VISIBLE>)
04-12 21:44:25.905 18418 18450 I DetoxWSClient: Sending out action 'invokeResult' (ID #10)
04-12 21:44:25.913 18418 18450 I DetoxDispatcher: Done with action 'invoke'
04-12 21:44:25.921 18418 18454 D DetoxWSClient: Received action 'invoke' (ID #11, params={"target":{"type":"Class","value":"com.wix.detox.espresso.DetoxAssertion"},"method":"waitForAssertMatcher","args":[{"type":"Invocation","value":{"target":{"type":"Class","value":"androidx.test.espresso.Espresso"},"method":"onView","args":[{"type":"Invocation","value":{"target":{"type":"Class","value":"com.wix.detox.espresso.DetoxMatcher"},"method":"matcherForTestId","args":["homeSearchCta",{"type":"boolean","value":false}]}}]}},{"type":"Invocation","value":{"target":{"type":"Class","value":"com.wix.detox.espresso.DetoxMatcher"},"method":"matcherForSufficientlyVisible","args":[{"type":"Integer","value":25}]}},{"type":"Double","value":5}]})
04-12 21:44:25.922 18418 18450 I DetoxDispatcher: Handling action 'invoke' (ID #11)...
04-12 21:44:25.923 18418 18450 D Detox   : class com.wix.detox.espresso.DetoxMatcher, matcherForTestId, [homeSearchCta, false]
04-12 21:44:25.923 18418 18450 D Detox   : class androidx.test.espresso.Espresso, onView, [(view.getTag() is "homeSearchCta" and view has effective visibility <VISIBLE>)]
04-12 21:44:25.924 18418 18450 D Detox   : class com.wix.detox.espresso.DetoxMatcher, matcherForSufficientlyVisible, [25]
04-12 21:44:25.925 18418 18450 D Detox   : class com.wix.detox.espresso.DetoxAssertion, waitForAssertMatcher, [androidx.test.espresso.ViewInteraction@d08748c, (view has effective visibility <VISIBLE> and view.getGlobalVisibleRect() covers at least <25> percent of the view's area), 5.0]
04-12 21:44:25.975 18418 18418 I ViewInteraction: Checking 'MatchesViewAssertion(Detox){viewMatcher=(view has effective visibility <VISIBLE> and view.getGlobalVisibleRect() covers at least <25> percent of the view's area)}' assertion on view (view.getTag() is "homeSearchCta" and view has effective visibility <VISIBLE>)
04-12 21:44:26.018 18418 18418 I ViewInteraction: Checking 'MatchesViewAssertion(Detox){viewMatcher=(view has effective visibility <VISIBLE> and view.getGlobalVisibleRect() covers at least <25> percent of the view's area)}' assertion on view (view.getTag() is "homeSearchCta" and view has effective visibility <VISIBLE>)
04-12 21:44:26.061 18418 18418 I ViewInteraction: Checking 'MatchesViewAssertion(Detox){viewMatcher=(view has effective visibility <VISIBLE> and view.getGlobalVisibleRect() covers at least <25> percent of the view's area)}' assertion on view (view.getTag() is "homeSearchCta" and view has effective visibility <VISIBLE>)
04-12 21:44:26.098 18418 18418 I ViewInteraction: Checking 'MatchesViewAssertion(Detox){viewMatcher=(view has effective visibility <VISIBLE> and view.getGlobalVisibleRect() covers at least <25> percent of the view's area)}' assertion on view (view.getTag() is "homeSearchCta" and view has effective visibility <VISIBLE>)
04-12 21:44:26.134 18418 18418 I ViewInteraction: Checking 'MatchesViewAssertion(Detox){viewMatcher=(view has effective visibility <VISIBLE> and view.getGlobalVisibleRect() covers at least <25> percent of the view's area)}' assertion on view (view.getTag() is "homeSearchCta" and view has effective visibility <VISIBLE>)
04-12 21:44:26.171 18418 18418 I ViewInteraction: Checking 'MatchesViewAssertion(Detox){viewMatcher=(view has effective visibility <VISIBLE> and view.getGlobalVisibleRect() covers at least <25> percent of the view's area)}' assertion on view (view.getTag() is "homeSearchCta" and view has effective visibility <VISIBLE>)
04-12 21:44:26.208 18418 18418 I ViewInteraction: Checking 'MatchesViewAssertion(Detox){viewMatcher=(view has effective visibility <VISIBLE> and view.getGlobalVisibleRect() covers at least <25> percent of the view's area)}' assertion on view (view.getTag() is "homeSearchCta" and view has effective visibility <VISIBLE>)
04-12 21:44:26.245 18418 18418 I ViewInteraction: Checking 'MatchesViewAssertion(Detox){viewMatcher=(view has effective visibility <VISIBLE> and view.getGlobalVisibleRect() covers at least <25> percent of the view's area)}' assertion on view (view.getTag() is "homeSearchCta" and view has effective visibility <VISIBLE>)
04-12 21:44:26.282 18418 18418 I ViewInteraction: Checking 'MatchesViewAssertion(Detox){viewMatcher=(view has effective visibility <VISIBLE> and view.getGlobalVisibleRect() covers at least <25> percent of the view's area)}' assertion on view (view.getTag() is "homeSearchCta" and view has effective visibility <VISIBLE>)
04-12 21:44:26.318 18418 18418 I ViewInteraction: Checking 'MatchesViewAssertion(Detox){viewMatcher=(view has effective visibility <VISIBLE> and view.getGlobalVisibleRect() covers at least <25> percent of the view's area)}' assertion on view (view.getTag() is "homeSearchCta" and view has effective visibility <VISIBLE>)
04-12 21:44:26.353 18418 18418 I ViewInteraction: Checking 'MatchesViewAssertion(Detox){viewMatcher=(view has effective visibility <VISIBLE> and view.getGlobalVisibleRect() covers at least <25> percent of the view's area)}' assertion on view (view.getTag() is "homeSearchCta" and view has effective visibility <VISIBLE>)
04-12 21:44:26.390 18418 18418 I ViewInteraction: Checking 'MatchesViewAssertion(Detox){viewMatcher=(view has effective visibility <VISIBLE> and view.getGlobalVisibleRect() covers at least <25> percent of the view's area)}' assertion on view (view.getTag() is "homeSearchCta" and view has effective visibility <VISIBLE>)
04-12 21:44:26.428 18418 18418 I ViewInteraction: Checking 'MatchesViewAssertion(Detox){viewMatcher=(view has effective visibility <VISIBLE> and view.getGlobalVisibleRect() covers at least <25> percent of the view's area)}' assertion on view (view.getTag() is "homeSearchCta" and view has effective visibility <VISIBLE>)
04-12 21:44:26.436 18418 18461 D EGL_emulation: app_time_stats: avg=205.51ms min=18.84ms max=490.98ms count=5
04-12 21:44:26.465 18418 18418 I ViewInteraction: Checking 'MatchesViewAssertion(Detox){viewMatcher=(view has effective visibility <VISIBLE> and view.getGlobalVisibleRect() covers at least <25> percent of the view's area)}' assertion on view (view.getTag() is "homeSearchCta" and view has effective visibility <VISIBLE>)
04-12 21:44:26.501 18418 18418 I ViewInteraction: Checking 'MatchesViewAssertion(Detox){viewMatcher=(view has effective visibility <VISIBLE> and view.getGlobalVisibleRect() covers at least <25> percent of the view's area)}' assertion on view (view.getTag() is "homeSearchCta" and view has effective visibility <VISIBLE>)
04-12 21:44:26.537 18418 18418 I ViewInteraction: Checking 'MatchesViewAssertion(Detox){viewMatcher=(view has effective visibility <VISIBLE> and view.getGlobalVisibleRect() covers at least <25> percent of the view's area)}' assertion on view (view.getTag() is "homeSearchCta" and view has effective visibility <VISIBLE>)
04-12 21:44:26.574 18418 18418 I ViewInteraction: Checking 'MatchesViewAssertion(Detox){viewMatcher=(view has effective visibility <VISIBLE> and view.getGlobalVisibleRect() covers at least <25> percent of the view's area)}' assertion on view (view.getTag() is "homeSearchCta" and view has effective visibility <VISIBLE>)
04-12 21:44:26.611 18418 18418 I ViewInteraction: Checking 'MatchesViewAssertion(Detox){viewMatcher=(view has effective visibility <VISIBLE> and view.getGlobalVisibleRect() covers at least <25> percent of the view's area)}' assertion on view (view.getTag() is "homeSearchCta" and view has effective visibility <VISIBLE>)
04-12 21:44:26.660 18418 18418 I ViewInteraction: Checking 'MatchesViewAssertion(Detox){viewMatcher=(view has effective visibility <VISIBLE> and view.getGlobalVisibleRect() covers at least <25> percent of the view's area)}' assertion on view (view.getTag() is "homeSearchCta" and view has effective visibility <VISIBLE>)
04-12 21:44:26.702 18418 18418 I ViewInteraction: Checking 'MatchesViewAssertion(Detox){viewMatcher=(view has effective visibility <VISIBLE> and view.getGlobalVisibleRect() covers at least <25> percent of the view's area)}' assertion on view (view.getTag() is "homeSearchCta" and view has effective visibility <VISIBLE>)
04-12 21:44:26.751 18418 18418 I ViewInteraction: Checking 'MatchesViewAssertion(Detox){viewMatcher=(view has effective visibility <VISIBLE> and view.getGlobalVisibleRect() covers at least <25> percent of the view's area)}' assertion on view (view.getTag() is "homeSearchCta" and view has effective visibility <VISIBLE>)
04-12 21:44:26.790 18418 18418 I ViewInteraction: Checking 'MatchesViewAssertion(Detox){viewMatcher=(view has effective visibility <VISIBLE> and view.getGlobalVisibleRect() covers at least <25> percent of the view's area)}' assertion on view (view.getTag() is "homeSearchCta" and view has effective visibility <VISIBLE>)
04-12 21:44:26.826 18418 18418 I ViewInteraction: Checking 'MatchesViewAssertion(Detox){viewMatcher=(view has effective visibility <VISIBLE> and view.getGlobalVisibleRect() covers at least <25> percent of the view's area)}' assertion on view (view.getTag() is "homeSearchCta" and view has effective visibility <VISIBLE>)
04-12 21:44:26.874 18418 18418 I ViewInteraction: Checking 'MatchesViewAssertion(Detox){viewMatcher=(view has effective visibility <VISIBLE> and view.getGlobalVisibleRect() covers at least <25> percent of the view's area)}' assertion on view (view.getTag() is "homeSearchCta" and view has effective visibility <VISIBLE>)
04-12 21:44:26.916 18418 18418 I ViewInteraction: Checking 'MatchesViewAssertion(Detox){viewMatcher=(view has effective visibility <VISIBLE> and view.getGlobalVisibleRect() covers at least <25> percent of the view's area)}' assertion on view (view.getTag() is "homeSearchCta" and view has effective visibility <VISIBLE>)
04-12 21:44:26.954 18418 18418 I ViewInteraction: Checking 'MatchesViewAssertion(Detox){viewMatcher=(view has effective visibility <VISIBLE> and view.getGlobalVisibleRect() covers at least <25> percent of the view's area)}' assertion on view (view.getTag() is "homeSearchCta" and view has effective visibility <VISIBLE>)
04-12 21:44:26.990 18418 18418 I ViewInteraction: Checking 'MatchesViewAssertion(Detox){viewMatcher=(view has effective visibility <VISIBLE> and view.getGlobalVisibleRect() covers at least <25> percent of the view's area)}' assertion on view (view.getTag() is "homeSearchCta" and view has effective visibility <VISIBLE>)
04-12 21:44:27.028 18418 18418 I ViewInteraction: Checking 'MatchesViewAssertion(Detox){viewMatcher=(view has effective visibility <VISIBLE> and view.getGlobalVisibleRect() covers at least <25> percent of the view's area)}' assertion on view (view.getTag() is "homeSearchCta" and view has effective visibility <VISIBLE>)
04-12 21:44:27.064 18418 18418 I ViewInteraction: Checking 'MatchesViewAssertion(Detox){viewMatcher=(view has effective visibility <VISIBLE> and view.getGlobalVisibleRect() covers at least <25> percent of the view's area)}' assertion on view (view.getTag() is "homeSearchCta" and view has effective visibility <VISIBLE>)
04-12 21:44:27.099 18418 18418 I ViewInteraction: Checking 'MatchesViewAssertion(Detox){viewMatcher=(view has effective visibility <VISIBLE> and view.getGlobalVisibleRect() covers at least <25> percent of the view's area)}' assertion on view (view.getTag() is "homeSearchCta" and view has effective visibility <VISIBLE>)
04-12 21:44:27.138 18418 18418 I ViewInteraction: Checking 'MatchesViewAssertion(Detox){viewMatcher=(view has effective visibility <VISIBLE> and view.getGlobalVisibleRect() covers at least <25> percent of the view's area)}' assertion on view (view.getTag() is "homeSearchCta" and view has effective visibility <VISIBLE>)
04-12 21:44:27.173 18418 18418 I ViewInteraction: Checking 'MatchesViewAssertion(Detox){viewMatcher=(view has effective visibility <VISIBLE> and view.getGlobalVisibleRect() covers at least <25> percent of the view's area)}' assertion on view (view.getTag() is "homeSearchCta" and view has effective visibility <VISIBLE>)
04-12 21:44:27.209 18418 18418 I ViewInteraction: Checking 'MatchesViewAssertion(Detox){viewMatcher=(view has effective visibility <VISIBLE> and view.getGlobalVisibleRect() covers at least <25> percent of the view's area)}' assertion on view (view.getTag() is "homeSearchCta" and view has effective visibility <VISIBLE>)
04-12 21:44:27.239 18418 18523 D ProfileInstaller: Installing profile for com.panviravindra.comparez
04-12 21:44:27.250 18418 18418 I ViewInteraction: Checking 'MatchesViewAssertion(Detox){viewMatcher=(view has effective visibility <VISIBLE> and view.getGlobalVisibleRect() covers at least <25> percent of the view's area)}' assertion on view (view.getTag() is "homeSearchCta" and view has effective visibility <VISIBLE>)
04-12 21:44:27.286 18418 18418 I ViewInteraction: Checking 'MatchesViewAssertion(Detox){viewMatcher=(view has effective visibility <VISIBLE> and view.getGlobalVisibleRect() covers at least <25> percent of the view's area)}' assertion on view (view.getTag() is "homeSearchCta" and view has effective visibility <VISIBLE>)
04-12 21:44:27.321 18418 18418 I ViewInteraction: Checking 'MatchesViewAssertion(Detox){viewMatcher=(view has effective visibility <VISIBLE> and view.getGlobalVisibleRect() covers at least <25> percent of the view's area)}' assertion on view (view.getTag() is "homeSearchCta" and view has effective visibility <VISIBLE>)
04-12 21:44:27.356 18418 18418 I ViewInteraction: Checking 'MatchesViewAssertion(Detox){viewMatcher=(view has effective visibility <VISIBLE> and view.getGlobalVisibleRect() covers at least <25> percent of the view's area)}' assertion on view (view.getTag() is "homeSearchCta" and view has effective visibility <VISIBLE>)
04-12 21:44:27.391 18418 18418 I ViewInteraction: Checking 'MatchesViewAssertion(Detox){viewMatcher=(view has effective visibility <VISIBLE> and view.getGlobalVisibleRect() covers at least <25> percent of the view's area)}' assertion on view (view.getTag() is "homeSearchCta" and view has effective visibility <VISIBLE>)
04-12 21:44:27.426 18418 18418 I ViewInteraction: Checking 'MatchesViewAssertion(Detox){viewMatcher=(view has effective visibility <VISIBLE> and view.getGlobalVisibleRect() covers at least <25> percent of the view's area)}' assertion on view (view.getTag() is "homeSearchCta" and view has effective visibility <VISIBLE>)
04-12 21:44:27.437 18418 18461 D EGL_emulation: app_time_stats: avg=500.21ms min=499.75ms max=500.66ms count=2
04-12 21:44:27.468 18418 18418 I ViewInteraction: Checking 'MatchesViewAssertion(Detox){viewMatcher=(view has effective visibility <VISIBLE> and view.getGlobalVisibleRect() covers at least <25> percent of the view's area)}' assertion on view (view.getTag() is "homeSearchCta" and view has effective visibility <VISIBLE>)
