04-12 18:44:36.491  7556  7630 D Detox.RNMarker: NATIVE_MODULE_SETUP_START (RNVectorIconsModule)
04-12 18:44:36.495  7556  7630 D Detox.RNMarker: NATIVE_MODULE_SETUP_START (RNVectorIconsManager)
04-12 18:44:36.496  7556  7630 D Detox.RNMarker: NATIVE_MODULE_SETUP_START (RNVectorIconsModule)
04-12 18:44:37.307  7556  7630 D Detox.RNMarker: NATIVE_MODULE_SETUP_START (PlatformLocalStorage)
04-12 18:44:37.309  7556  7630 D Detox.RNMarker: NATIVE_MODULE_SETUP_START (RNC_AsyncSQLiteDBStorage)
04-12 18:44:37.310  7556  7630 D Detox.RNMarker: NATIVE_MODULE_SETUP_START (RNCAsyncStorage)
04-12 18:44:37.310  7556  7630 D Detox.RNMarker: CREATE_MODULE_START (RNCAsyncStorage)
04-12 18:44:37.313  7556  7630 V AsyncStorageExpoMigration: No scoped database found
04-12 18:44:37.315  7556  7630 D Detox.RNMarker: CREATE_MODULE_END (RNCAsyncStorage)
04-12 18:44:37.320  7556  7630 D Detox.RNMarker: NATIVE_MODULE_SETUP_END (RNCAsyncStorage)
04-12 18:44:37.341  7556  7630 D Detox.RNMarker: NATIVE_MODULE_SETUP_START (RNCWebViewModule)
04-12 18:44:37.343  7556  7630 D Detox.RNMarker: CREATE_MODULE_START (RNCWebViewModule)
04-12 18:44:37.346  7556  7630 D Detox.RNMarker: CREATE_MODULE_END (RNCWebViewModule)
04-12 18:44:37.349  7556  7630 D Detox.RNMarker: NATIVE_MODULE_SETUP_END (RNCWebViewModule)
04-12 18:44:37.353  7556  7556 W UiControllerImpl: Waiting for: DYNAMIC_TASKS_HAVE_IDLED for 200 iterations.
04-12 18:44:37.497  7556  7630 D Detox.RNMarker: RUN_JS_BUNDLE_END (/.virtual-metro-entry.bundle?platform=android&dev=true&lazy=true&minify=false&app=com.panviravindra.comparez&modulesOnly=false&runModule=true&excludeSource=true&sourcePaths=url-server)
04-12 18:44:37.520  7556  7630 I ReactNativeJS: Running "main" with {"rootTag":11}
04-12 18:44:37.560  7556  7647 D TrafficStats: tagSocket(121) with statsTag=0xffffffff, statsUid=-1
04-12 18:44:38.413  7556  7630 W ReactNativeJS: The app is running using the Legacy Architecture. The Legacy Architecture is deprecated and will be removed in a future version of React Native. Please consider migrating to the New Architecture. For more information, please see https://reactnative.dev/blog/2024/10/23/the-new-architecture-is-here
04-12 18:44:38.528  7556  7593 D DetoxWSClient: Received action 'currentStatus' (ID #2, params={})
04-12 18:44:38.529  7556  7590 I DetoxDispatcher: Handling action 'currentStatus' (ID #2)...
04-12 18:44:38.773  7556  7556 D Detox.RNMarker: CONTENT_APPEARED (main)
04-12 18:44:38.919  7556  7648 W vindra.comparez: Verification of void com.facebook.imagepipeline.producers.MultiplexProducer$Multiplexer.addCallbacks(android.util.Pair, com.facebook.imagepipeline.producers.ProducerContext) took 111.325ms (80.84 bytecodes/s) (1640B approximate peak alloc)
04-12 18:44:38.967  7556  7601 D EGL_emulation: app_time_stats: avg=4573.19ms min=726.59ms max=8419.78ms count=2
04-12 18:44:38.983  7556  7556 W IdlingPolicy: These resources are not idle: [LooperIdlingResource-100-mqt_js]
04-12 18:44:38.998  7556  7649 D TrafficStats: tagSocket(139) with statsTag=0xffffffff, statsUid=-1
04-12 18:44:39.015  7556  7631 D CompatibilityChangeReporter: Compat change id reported: 289878283; UID 10203; state: ENABLED
04-12 18:44:39.074  7556  7556 I Detox   : Wait is over: App is now idle!
04-12 18:44:39.075  7556  7589 I DetoxWSClient: Sending out action 'ready' (ID #-1000)
04-12 18:44:39.076  7556  7589 I DetoxDispatcher: Done with action 'isReady'
04-12 18:44:39.099  7556  7590 W vindra.comparez: Long monitor contention with owner detox.primary (7589) at void com.wix.detox.DetoxMain$setupActionHandlers$SynchronizedActionHandler.handle(java.lang.String, long)(DetoxMain.kt:77) waiters=0 in void com.wix.detox.DetoxMain$setupActionHandlers$SynchronizedActionHandler.handle(java.lang.String, long) for 569ms
04-12 18:44:39.104  7556  7590 I DetoxWSClient: Sending out action 'currentStatusResult' (ID #2)
04-12 18:44:39.105  7556  7590 I DetoxDispatcher: Done with action 'currentStatus'
04-12 18:44:39.108  7556  7593 D DetoxWSClient: Received action 'invoke' (ID #3, params={"target":{"type":"Class","value":"com.wix.detox.espresso.DetoxAssertion"},"method":"assertMatcher","args":[{"type":"Invocation","value":{"target":{"type":"Class","value":"androidx.test.espresso.Espresso"},"method":"onView","args":[{"type":"Invocation","value":{"target":{"type":"Class","value":"com.wix.detox.espresso.DetoxMatcher"},"method":"matcherForTestId","args":["homeSearchCta",{"type":"boolean","value":false}]}}]}},{"type":"Invocation","value":{"target":{"type":"Class","value":"com.wix.detox.espresso.DetoxMatcher"},"method":"matcherForSufficientlyVisible","args":[{"type":"Integer","value":75}]}}]})
04-12 18:44:39.110  7556  7589 I DetoxDispatcher: Handling action 'invoke' (ID #3)...
04-12 18:44:39.113  7556  7589 D Detox   : class com.wix.detox.espresso.DetoxMatcher, matcherForTestId, [homeSearchCta, false]
04-12 18:44:39.131  7556  7589 D Detox   : class androidx.test.espresso.Espresso, onView, [(view.getTag() is "homeSearchCta" and view has effective visibility <VISIBLE>)]
04-12 18:44:39.137  7556  7589 D CompatibilityChangeReporter: Compat change id reported: 247079863; UID 10203; state: ENABLED
04-12 18:44:39.139  7556  7589 D Detox   : class com.wix.detox.espresso.DetoxMatcher, matcherForSufficientlyVisible, [75]
04-12 18:44:39.163  7556  7648 W vindra.comparez: Verification of void com.facebook.imagepipeline.producers.BitmapMemoryCacheProducer$1.onNewResultImpl(com.facebook.common.references.CloseableReference, int) took 156.403ms (1476.95 bytecodes/s) (6160B approximate peak alloc)
04-12 18:44:39.167  7556  7589 D Detox   : class com.wix.detox.espresso.DetoxAssertion, assertMatcher, [androidx.test.espresso.ViewInteraction@8a4403f, (view has effective visibility <VISIBLE> and view.getGlobalVisibleRect() covers at least <75> percent of the view's area)]
04-12 18:44:39.196  7556  7630 D Detox.RNMarker: NATIVE_MODULE_SETUP_START (FileReaderModule)
04-12 18:44:39.201  7556  7630 D Detox.RNMarker: CREATE_MODULE_START (FileReaderModule)
04-12 18:44:39.204  7556  7630 D Detox.RNMarker: CREATE_MODULE_END (FileReaderModule)
04-12 18:44:39.206  7556  7630 D Detox.RNMarker: NATIVE_MODULE_SETUP_END (FileReaderModule)
04-12 18:44:39.318  7556  7648 W vindra.comparez: Verification of void com.facebook.imagepipeline.cache.BufferedDiskCache.<init>(com.facebook.cache.disk.FileCache, com.facebook.common.memory.PooledByteBufferFactory, com.facebook.common.memory.PooledByteStreams, java.util.concurrent.Executor, java.util.concurrent.Executor, com.facebook.imagepipeline.cache.ImageCacheStatsTracker) took 150.844ms (404.39 bytecodes/s) (2224B approximate peak alloc)
04-12 18:44:39.336  7556  7556 I ViewInteraction: Checking 'MatchesViewAssertion(Detox){viewMatcher=(view has effective visibility <VISIBLE> and view.getGlobalVisibleRect() covers at least <75> percent of the view's area)}' assertion on view (view.getTag() is "homeSearchCta" and view has effective visibility <VISIBLE>)
04-12 18:44:39.359  7556  7589 I DetoxActionHandlers: Test exception
04-12 18:44:39.359  7556  7589 I DetoxActionHandlers: java.lang.reflect.InvocationTargetException
04-12 18:44:39.359  7556  7589 I DetoxActionHandlers: 	at java.lang.reflect.Method.invoke(Native Method)
04-12 18:44:39.359  7556  7589 I DetoxActionHandlers: 	at org.apache.commons.lang3.reflect.MethodUtils.invokeStaticMethod(MethodUtils.java:443)
04-12 18:44:39.359  7556  7589 I DetoxActionHandlers: 	at org.apache.commons.lang3.reflect.MethodUtils.invokeStaticMethod(MethodUtils.java:405)
04-12 18:44:39.359  7556  7589 I DetoxActionHandlers: 	at com.wix.invoke.types.ClassTarget.execute(ClassTarget.java:23)
04-12 18:44:39.359  7556  7589 I DetoxActionHandlers: 	at com.wix.invoke.types.Target.invoke(Target.java:59)
04-12 18:44:39.359  7556  7589 I DetoxActionHandlers: 	at com.wix.invoke.MethodInvocation.invoke(MethodInvocation.java:35)
04-12 18:44:39.359  7556  7589 I DetoxActionHandlers: 	at com.wix.invoke.MethodInvocation.invoke(MethodInvocation.java:26)
04-12 18:44:39.359  7556  7589 I DetoxActionHandlers: 	at com.wix.invoke.MethodInvocation.invoke(MethodInvocation.java:20)
04-12 18:44:39.359  7556  7589 I DetoxActionHandlers: 	at com.wix.detox.adapters.server.InvokeActionHandler.handle(DetoxActionHandlers.kt:54)
04-12 18:44:39.359  7556  7589 I DetoxActionHandlers: 	at com.wix.detox.adapters.server.ActionsExecutor.executeAction$lambda$2$lambda$1(DetoxActionsDispatcher.kt:76)
04-12 18:44:39.359  7556  7589 I DetoxActionHandlers: 	at com.wix.detox.adapters.server.ActionsExecutor.$r8$lambda$GVbB7LHtBHxNHGbgYnHJ6YrwCqs(Unknown Source:0)
04-12 18:44:39.359  7556  7589 I DetoxActionHandlers: 	at com.wix.detox.adapters.server.ActionsExecutor$$ExternalSyntheticLambda0.run(D8$$SyntheticClass:0)
04-12 18:44:39.359  7556  7589 I DetoxActionHandlers: 	at android.os.Handler.handleCallback(Handler.java:958)
04-12 18:44:39.359  7556  7589 I DetoxActionHandlers: 	at android.os.Handler.dispatchMessage(Handler.java:99)
04-12 18:44:39.359  7556  7589 I DetoxActionHandlers: 	at android.os.Looper.loopOnce(Looper.java:205)
04-12 18:44:39.359  7556  7589 I DetoxActionHandlers: 	at android.os.Looper.loop(Looper.java:294)
04-12 18:44:39.359  7556  7589 I DetoxActionHandlers: 	at com.wix.detox.adapters.server.ActionsExecutor._init_$lambda$0(DetoxActionsDispatcher.kt:62)
04-12 18:44:39.359  7556  7589 I DetoxActionHandlers: 	at com.wix.detox.adapters.server.ActionsExecutor.$r8$lambda$xlgL0CQim6vNM0wWEqM8JIDgZUE(Unknown Source:0)
04-12 18:44:39.359  7556  7589 I DetoxActionHandlers: 	at com.wix.detox.adapters.server.ActionsExecutor$$ExternalSyntheticLambda1.run(D8$$SyntheticClass:0)
04-12 18:44:39.359  7556  7589 I DetoxActionHandlers: 	at java.lang.Thread.run(Thread.java:1012)
04-12 18:44:39.359  7556  7589 I DetoxActionHandlers: Caused by: junit.framework.AssertionFailedError: '(view has effective visibility <VISIBLE> and view.getGlobalVisibleRect() covers at least <75> percent of the view's area)' doesn't match the selected view.
04-12 18:44:39.359  7556  7589 I DetoxActionHandlers: Expected: (view has effective visibility <VISIBLE> and view.getGlobalVisibleRect() covers at least <75> percent of the view's area)
04-12 18:44:39.359  7556  7589 I DetoxActionHandlers:      Got: was null
04-12 18:44:39.359  7556  7589 I DetoxActionHandlers: 
04-12 18:44:39.359  7556  7589 I DetoxActionHandlers: 	at androidx.test.espresso.matcher.ViewMatchers.assertThat(ViewMatchers.java:620)
04-12 18:44:39.359  7556  7589 I DetoxActionHandlers: 	at com.wix.detox.espresso.assertion.ViewAssertions$MatchesViewAssertion.check(ViewAssertions.java:51)
04-12 18:44:39.359  7556  7589 I DetoxActionHandlers: 	at androidx.test.espresso.ViewInteraction$SingleExecutionViewAssertion.check(ViewInteraction.java:488)
04-12 18:44:39.359  7556  7589 I DetoxActionHandlers: 	at androidx.test.espresso.ViewInteraction$2.call(ViewInteraction.java:346)
04-12 18:44:39.359  7556  7589 I DetoxActionHandlers: 	at androidx.test.espresso.ViewInteraction$2.call(ViewInteraction.java:319)
04-12 18:44:39.359  7556  7589 I DetoxActionHandlers: 	at java.util.concurrent.FutureTask.run(FutureTask.java:264)
04-12 18:44:39.359  7556  7589 I DetoxActionHandlers: 	at android.os.Handler.handleCallback(Handler.java:958)
04-12 18:44:39.359  7556  7589 I DetoxActionHandlers: 	at android.os.Handler.dispatchMessage(Handler.java:99)
04-12 18:44:39.359  7556  7589 I DetoxActionHandlers: 	at android.os.Looper.loopOnce(Looper.java:205)
04-12 18:44:39.359  7556  7589 I DetoxActionHandl